/root/miniconda3/lib/python3.12/site-packages/torch_geometric/__init__.py:4: UserWarning: An issue occurred while importing 'torch-scatter'. Disabling its usage. Stacktrace: Could not load this library: /root/miniconda3/lib/python3.12/site-packages/torch_scatter/_version_cuda.so
  import torch_geometric.typing
/root/miniconda3/lib/python3.12/site-packages/torch_geometric/__init__.py:4: UserWarning: An issue occurred while importing 'torch-cluster'. Disabling its usage. Stacktrace: Could not load this library: /root/miniconda3/lib/python3.12/site-packages/torch_cluster/_version_cuda.so
  import torch_geometric.typing
/root/miniconda3/lib/python3.12/site-packages/torch_geometric/__init__.py:4: UserWarning: An issue occurred while importing 'torch-spline-conv'. Disabling its usage. Stacktrace: Could not load this library: /root/miniconda3/lib/python3.12/site-packages/torch_spline_conv/_version_cuda.so
  import torch_geometric.typing
/root/miniconda3/lib/python3.12/site-packages/torch_geometric/__init__.py:4: UserWarning: An issue occurred while importing 'torch-sparse'. Disabling its usage. Stacktrace: Could not load this library: /root/miniconda3/lib/python3.12/site-packages/torch_sparse/_version_cuda.so
  import torch_geometric.typing
使用保存的最佳模型配置

======================================================================
recap 异常检测模型训练
======================================================================

📋 训练配置:
  device: cuda:0
  epochs: 200
  trials: 3
  seed: 0
  output_dir: /autodl-fs/data/recap/tuning_hyperparams/sensitivity_results/sensitivity_paper_final/checkpoints/beta__0p08
  save_checkpoint: True
  early_stop: False
  patience: 30
  log_diagnostics: True
  diagnostics_interval: 10

🔧 模型配置:
  model: recap
  lr: 5e-05
  dropout_rate: 0.2
  h_feats: 256
  num_hops: 3
  weight_decay: 5e-05
  dims: 32
  num_layers: 2
  activation: ELU
  num_views: 1
  num_clusters: 4
  knn_k: 4
  cluster_lr_multiplier: 10.0
  tau_s: 0.15
  sim_block_size: 256
  knn_cache_enabled: True
  knn_cache_dir: /autodl-fs/data/recap/knn_cache
  knn_search_dtype: auto
  lambda_H: 0.5
  lambda_bal: 0.05
  lambda_E: 0.1
  gamma: 0.1
  tau_e: 1.0
  beta: 0.08
  eps: 1e-08
  lambda_ortho: 0.5
  lambda_min_usage: 0.05
  lambda_diversity: 0.1
  min_cluster_ratio: 0.1

💾 保存设置:
  保存目录：/autodl-fs/data/recap/tuning_hyperparams/sensitivity_results/sensitivity_paper_final/checkpoints/beta__0p08
  保存检查点：True
======================================================================


📊 使用指定的训练数据集: ['pubmed', 'Flickr', 'questions', 'YelpChi']

📊 使用指定的测试数据集: ['Facebook', 'cora', 'citeseer', 'ACM', 'BlogCatalog', 'weibo', 'Reddit', 'Amazon']
加载 4 个训练数据集: ['pubmed', 'Flickr', 'questions', 'YelpChi']
加载 8 个测试数据集: ['Facebook', 'cora', 'citeseer', 'ACM', 'BlogCatalog', 'weibo', 'Reddit', 'Amazon']
进行 3 跳特征传播...

======================================================================
Trial 0 开始训练 (seed=0)
======================================================================
🔧 模型初始化视图数: 1 (单视图模式)

--- 训练阶段 ---
开始训练，共 200 个epochs...
关闭early stopping，训练将跑满设定epochs
🔧 Assignment layer LR multiplier: 10 (base_lr=5e-05, assignment_lr=0.0005)
Epoch [1/200], Average Loss: 0.664018
  Diagnostics: H_ent_norm=0.9972, H_maxp=0.2691, pi_ent_norm=1.0000, pi_std=0.001398, effC=4.00, Lvar=0.000000, Lvar_active=0.0000, scale/adh_std=1
Epoch [10/200], Average Loss: 0.659389
  Diagnostics: H_ent_norm=0.9986, H_maxp=0.2619, pi_ent_norm=1.0000, pi_std=0.000524, effC=4.00, Lvar=0.000000, Lvar_active=0.0000, scale/adh_std=1
Epoch [20/200], Average Loss: 0.658694
  Diagnostics: H_ent_norm=0.9976, H_maxp=0.2652, pi_ent_norm=1.0000, pi_std=0.000774, effC=4.00, Lvar=0.000000, Lvar_active=0.0000, scale/adh_std=1
Epoch [30/200], Average Loss: 0.658336
  Diagnostics: H_ent_norm=0.9957, H_maxp=0.2706, pi_ent_norm=1.0000, pi_std=0.000979, effC=4.00, Lvar=0.000000, Lvar_active=0.0000, scale/adh_std=1
Epoch [40/200], Average Loss: 0.657799
  Diagnostics: H_ent_norm=0.9909, H_maxp=0.2800, pi_ent_norm=1.0000, pi_std=0.001836, effC=4.00, Lvar=0.000000, Lvar_active=0.0000, scale/adh_std=1
Epoch [50/200], Average Loss: 0.646849
  Diagnostics: H_ent_norm=0.9355, H_maxp=0.3310, pi_ent_norm=0.9996, pi_std=0.006787, effC=4.00, Lvar=0.000000, Lvar_active=0.0000, scale/adh_std=1
Epoch [60/200], Average Loss: 0.544122
  Diagnostics: H_ent_norm=0.7047, H_maxp=0.5019, pi_ent_norm=0.9795, pi_std=0.058366, effC=3.89, Lvar=0.000000, Lvar_active=0.0000, scale/adh_std=1
Epoch [70/200], Average Loss: 0.294637
  Diagnostics: H_ent_norm=0.3286, H_maxp=0.8238, pi_ent_norm=0.7533, pi_std=0.196046, effC=2.86, Lvar=0.000000, Lvar_active=0.0000, scale/adh_std=1
Epoch [80/200], Average Loss: 0.183703
  Diagnostics: H_ent_norm=0.1870, H_maxp=0.9074, pi_ent_norm=0.6466, pi_std=0.236955, effC=2.45, Lvar=0.000000, Lvar_active=0.0000, scale/adh_std=1
Epoch [90/200], Average Loss: 0.135646
  Diagnostics: H_ent_norm=0.1295, H_maxp=0.9362, pi_ent_norm=0.5971, pi_std=0.250889, effC=2.30, Lvar=0.000000, Lvar_active=0.0000, scale/adh_std=1
Epoch [100/200], Average Loss: 0.113715
  Diagnostics: H_ent_norm=0.1026, H_maxp=0.9495, pi_ent_norm=0.5716, pi_std=0.256972, effC=2.22, Lvar=0.000000, Lvar_active=0.0000, scale/adh_std=1
Epoch [110/200], Average Loss: 0.098097
  Diagnostics: H_ent_norm=0.0867, H_maxp=0.9572, pi_ent_norm=0.5555, pi_std=0.260491, effC=2.17, Lvar=0.000000, Lvar_active=0.0000, scale/adh_std=1
Epoch [120/200], Average Loss: 0.088512
  Diagnostics: H_ent_norm=0.0757, H_maxp=0.9627, pi_ent_norm=0.5442, pi_std=0.262819, effC=2.14, Lvar=0.000000, Lvar_active=0.0000, scale/adh_std=1
Epoch [130/200], Average Loss: 0.081582
  Diagnostics: H_ent_norm=0.0675, H_maxp=0.9667, pi_ent_norm=0.5354, pi_std=0.264538, effC=2.11, Lvar=0.000000, Lvar_active=0.0000, scale/adh_std=1
Epoch [140/200], Average Loss: 0.075022
  Diagnostics: H_ent_norm=0.0610, H_maxp=0.9700, pi_ent_norm=0.5283, pi_std=0.265847, effC=2.09, Lvar=0.000000, Lvar_active=0.0000, scale/adh_std=1
Epoch [150/200], Average Loss: 0.069948
  Diagnostics: H_ent_norm=0.0559, H_maxp=0.9725, pi_ent_norm=0.5226, pi_std=0.266893, effC=2.08, Lvar=0.000000, Lvar_active=0.0000, scale/adh_std=1
Epoch [160/200], Average Loss: 0.066293
  Diagnostics: H_ent_norm=0.0516, H_maxp=0.9746, pi_ent_norm=0.5176, pi_std=0.267762, effC=2.06, Lvar=0.000000, Lvar_active=0.0000, scale/adh_std=1
Epoch [170/200], Average Loss: 0.062222
  Diagnostics: H_ent_norm=0.0480, H_maxp=0.9764, pi_ent_norm=0.5135, pi_std=0.268489, effC=2.05, Lvar=0.000000, Lvar_active=0.0000, scale/adh_std=1
Epoch [180/200], Average Loss: 0.058468
  Diagnostics: H_ent_norm=0.0450, H_maxp=0.9778, pi_ent_norm=0.5100, pi_std=0.269088, effC=2.04, Lvar=0.000001, Lvar_active=0.0003, scale/adh_std=1
Epoch [190/200], Average Loss: 0.055979
  Diagnostics: H_ent_norm=0.0423, H_maxp=0.9791, pi_ent_norm=0.5068, pi_std=0.269605, effC=2.03, Lvar=0.000001, Lvar_active=0.0003, scale/adh_std=1
Epoch [200/200], Average Loss: 0.055234
  Diagnostics: H_ent_norm=0.0399, H_maxp=0.9803, pi_ent_norm=0.5041, pi_std=0.270057, effC=2.02, Lvar=0.000002, Lvar_active=0.0007, scale/adh_std=1
训练完成！实际训练 200 个epochs

--- 评估阶段 ---
  Facebook: AUROC=0.5309, AUPRC=0.0696
  cora: AUROC=0.6303, AUPRC=0.1736
  citeseer: AUROC=0.7266, AUPRC=0.2002
  ACM: AUROC=0.6899, AUPRC=0.2408
  BlogCatalog: AUROC=0.6984, AUPRC=0.2752
  weibo: AUROC=0.7373, AUPRC=0.2376
  Reddit: AUROC=0.5276, AUPRC=0.0352
  Amazon: AUROC=0.6138, AUPRC=0.1056

--- 保存模型 ---
检查点已保存到: /autodl-fs/data/recap/tuning_hyperparams/sensitivity_results/sensitivity_paper_final/checkpoints/beta__0p08/recap/trial_0/model.pt
模型已保存到: /autodl-fs/data/recap/tuning_hyperparams/sensitivity_results/sensitivity_paper_final/checkpoints/beta__0p08/recap/trial_0/model.pt

======================================================================
Trial 1 开始训练 (seed=1)
======================================================================
🔧 模型初始化视图数: 1 (单视图模式)

--- 训练阶段 ---
开始训练，共 200 个epochs...
关闭early stopping，训练将跑满设定epochs
🔧 Assignment layer LR multiplier: 10 (base_lr=5e-05, assignment_lr=0.0005)
Epoch [1/200], Average Loss: 0.663892
  Diagnostics: H_ent_norm=0.9982, H_maxp=0.2653, pi_ent_norm=1.0000, pi_std=0.000959, effC=4.00, Lvar=0.000001, Lvar_active=0.0003, scale/adh_std=1
Epoch [10/200], Average Loss: 0.659369
  Diagnostics: H_ent_norm=0.9995, H_maxp=0.2573, pi_ent_norm=1.0000, pi_std=0.000463, effC=4.00, Lvar=0.000001, Lvar_active=0.0003, scale/adh_std=1
Epoch [20/200], Average Loss: 0.658747
  Diagnostics: H_ent_norm=0.9989, H_maxp=0.2602, pi_ent_norm=1.0000, pi_std=0.000749, effC=4.00, Lvar=0.000002, Lvar_active=0.0003, scale/adh_std=1
Epoch [30/200], Average Loss: 0.658386
  Diagnostics: H_ent_norm=0.9970, H_maxp=0.2669, pi_ent_norm=1.0000, pi_std=0.000957, effC=4.00, Lvar=0.000002, Lvar_active=0.0003, scale/adh_std=1
Epoch [40/200], Average Loss: 0.658102
  Diagnostics: H_ent_norm=0.9945, H_maxp=0.2738, pi_ent_norm=1.0000, pi_std=0.001619, effC=4.00, Lvar=0.000003, Lvar_active=0.0003, scale/adh_std=1
Epoch [50/200], Average Loss: 0.657633
  Diagnostics: H_ent_norm=0.9895, H_maxp=0.2838, pi_ent_norm=1.0000, pi_std=0.002509, effC=4.00, Lvar=0.000003, Lvar_active=0.0007, scale/adh_std=1
Epoch [60/200], Average Loss: 0.638916
  Diagnostics: H_ent_norm=0.9103, H_maxp=0.3482, pi_ent_norm=0.9997, pi_std=0.006814, effC=4.00, Lvar=0.000003, Lvar_active=0.0007, scale/adh_std=1
Epoch [70/200], Average Loss: 0.479986
  Diagnostics: H_ent_norm=0.5853, H_maxp=0.6372, pi_ent_norm=0.9128, pi_std=0.108366, effC=3.55, Lvar=0.000000, Lvar_active=0.0000, scale/adh_std=1
Epoch [80/200], Average Loss: 0.299203
  Diagnostics: H_ent_norm=0.3375, H_maxp=0.8136, pi_ent_norm=0.7699, pi_std=0.181104, effC=2.94, Lvar=0.000000, Lvar_active=0.0000, scale/adh_std=1
Epoch [90/200], Average Loss: 0.204541
  Diagnostics: H_ent_norm=0.2126, H_maxp=0.8927, pi_ent_norm=0.6785, pi_std=0.222203, effC=2.57, Lvar=0.000000, Lvar_active=0.0000, scale/adh_std=1
Epoch [100/200], Average Loss: 0.146963
  Diagnostics: H_ent_norm=0.1421, H_maxp=0.9299, pi_ent_norm=0.6178, pi_std=0.242393, effC=2.36, Lvar=0.000000, Lvar_active=0.0000, scale/adh_std=1
Epoch [110/200], Average Loss: 0.120032
  Diagnostics: H_ent_norm=0.1095, H_maxp=0.9461, pi_ent_norm=0.5870, pi_std=0.250696, effC=2.26, Lvar=0.000000, Lvar_active=0.0000, scale/adh_std=1
Epoch [120/200], Average Loss: 0.105538
  Diagnostics: H_ent_norm=0.0913, H_maxp=0.9551, pi_ent_norm=0.5684, pi_std=0.255200, effC=2.21, Lvar=0.000000, Lvar_active=0.0000, scale/adh_std=1
Epoch [130/200], Average Loss: 0.094930
  Diagnostics: H_ent_norm=0.0794, H_maxp=0.9609, pi_ent_norm=0.5556, pi_std=0.258118, effC=2.17, Lvar=0.000000, Lvar_active=0.0000, scale/adh_std=1
Epoch [140/200], Average Loss: 0.087169
  Diagnostics: H_ent_norm=0.0707, H_maxp=0.9653, pi_ent_norm=0.5458, pi_std=0.260248, effC=2.14, Lvar=0.000000, Lvar_active=0.0000, scale/adh_std=1
Epoch [150/200], Average Loss: 0.080353
  Diagnostics: H_ent_norm=0.0637, H_maxp=0.9689, pi_ent_norm=0.5377, pi_std=0.261953, effC=2.12, Lvar=0.000000, Lvar_active=0.0000, scale/adh_std=1
Epoch [160/200], Average Loss: 0.075443
  Diagnostics: H_ent_norm=0.0581, H_maxp=0.9717, pi_ent_norm=0.5311, pi_std=0.263299, effC=2.10, Lvar=0.000000, Lvar_active=0.0000, scale/adh_std=1
Epoch [170/200], Average Loss: 0.070321
  Diagnostics: H_ent_norm=0.0534, H_maxp=0.9742, pi_ent_norm=0.5255, pi_std=0.264404, effC=2.08, Lvar=0.000000, Lvar_active=0.0000, scale/adh_std=1
Epoch [180/200], Average Loss: 0.066424
  Diagnostics: H_ent_norm=0.0495, H_maxp=0.9761, pi_ent_norm=0.5210, pi_std=0.265306, effC=2.07, Lvar=0.000000, Lvar_active=0.0000, scale/adh_std=1
Epoch [190/200], Average Loss: 0.063347
  Diagnostics: H_ent_norm=0.0462, H_maxp=0.9777, pi_ent_norm=0.5170, pi_std=0.266080, effC=2.06, Lvar=0.000000, Lvar_active=0.0000, scale/adh_std=1
Epoch [200/200], Average Loss: 0.061836
  Diagnostics: H_ent_norm=0.0434, H_maxp=0.9791, pi_ent_norm=0.5136, pi_std=0.266728, effC=2.05, Lvar=0.000000, Lvar_active=0.0000, scale/adh_std=1
训练完成！实际训练 200 个epochs

--- 评估阶段 ---
  Facebook: AUROC=0.5186, AUPRC=0.1126
  cora: AUROC=0.6827, AUPRC=0.1478
  citeseer: AUROC=0.6837, AUPRC=0.1418
  ACM: AUROC=0.7140, AUPRC=0.2614
  BlogCatalog: AUROC=0.6789, AUPRC=0.2886
  weibo: AUROC=0.7036, AUPRC=0.2880
  Reddit: AUROC=0.5388, AUPRC=0.0360
  Amazon: AUROC=0.5284, AUPRC=0.0812

--- 保存模型 ---
检查点已保存到: /autodl-fs/data/recap/tuning_hyperparams/sensitivity_results/sensitivity_paper_final/checkpoints/beta__0p08/recap/trial_1/model.pt
模型已保存到: /autodl-fs/data/recap/tuning_hyperparams/sensitivity_results/sensitivity_paper_final/checkpoints/beta__0p08/recap/trial_1/model.pt

======================================================================
Trial 2 开始训练 (seed=2)
======================================================================
🔧 模型初始化视图数: 1 (单视图模式)

--- 训练阶段 ---
开始训练，共 200 个epochs...
关闭early stopping，训练将跑满设定epochs
🔧 Assignment layer LR multiplier: 10 (base_lr=5e-05, assignment_lr=0.0005)
Epoch [1/200], Average Loss: 0.664498
  Diagnostics: H_ent_norm=0.9978, H_maxp=0.2672, pi_ent_norm=1.0000, pi_std=0.000849, effC=4.00, Lvar=0.000000, Lvar_active=0.0000, scale/adh_std=1
Epoch [10/200], Average Loss: 0.659367
  Diagnostics: H_ent_norm=0.9991, H_maxp=0.2598, pi_ent_norm=1.0000, pi_std=0.000577, effC=4.00, Lvar=0.000000, Lvar_active=0.0000, scale/adh_std=1
Epoch [20/200], Average Loss: 0.658649
  Diagnostics: H_ent_norm=0.9978, H_maxp=0.2644, pi_ent_norm=1.0000, pi_std=0.001138, effC=4.00, Lvar=0.000000, Lvar_active=0.0000, scale/adh_std=1
Epoch [30/200], Average Loss: 0.658350
  Diagnostics: H_ent_norm=0.9959, H_maxp=0.2702, pi_ent_norm=1.0000, pi_std=0.001324, effC=4.00, Lvar=0.000000, Lvar_active=0.0000, scale/adh_std=1
Epoch [40/200], Average Loss: 0.657782
  Diagnostics: H_ent_norm=0.9907, H_maxp=0.2812, pi_ent_norm=1.0000, pi_std=0.002480, effC=4.00, Lvar=0.000000, Lvar_active=0.0000, scale/adh_std=1
Epoch [50/200], Average Loss: 0.649260
  Diagnostics: H_ent_norm=0.9426, H_maxp=0.3378, pi_ent_norm=0.9993, pi_std=0.010197, effC=4.00, Lvar=0.000000, Lvar_active=0.0000, scale/adh_std=1
Epoch [60/200], Average Loss: 0.558767
  Diagnostics: H_ent_norm=0.7149, H_maxp=0.5383, pi_ent_norm=0.9629, pi_std=0.073646, effC=3.80, Lvar=0.000000, Lvar_active=0.0000, scale/adh_std=1
Epoch [70/200], Average Loss: 0.341122
  Diagnostics: H_ent_norm=0.3870, H_maxp=0.7874, pi_ent_norm=0.7932, pi_std=0.178083, effC=3.02, Lvar=0.000000, Lvar_active=0.0000, scale/adh_std=1
Epoch [80/200], Average Loss: 0.215994
  Diagnostics: H_ent_norm=0.2244, H_maxp=0.8869, pi_ent_norm=0.6796, pi_std=0.225493, effC=2.57, Lvar=0.000000, Lvar_active=0.0000, scale/adh_std=1
Epoch [90/200], Average Loss: 0.154966
  Diagnostics: H_ent_norm=0.1512, H_maxp=0.9241, pi_ent_norm=0.6207, pi_std=0.243032, effC=2.37, Lvar=0.000000, Lvar_active=0.0000, scale/adh_std=1
Epoch [100/200], Average Loss: 0.127503
  Diagnostics: H_ent_norm=0.1191, H_maxp=0.9400, pi_ent_norm=0.5925, pi_std=0.250082, effC=2.29, Lvar=0.000000, Lvar_active=0.0000, scale/adh_std=1
Epoch [110/200], Average Loss: 0.111210
  Diagnostics: H_ent_norm=0.1003, H_maxp=0.9494, pi_ent_norm=0.5752, pi_std=0.253989, effC=2.23, Lvar=0.000000, Lvar_active=0.0000, scale/adh_std=1
Epoch [120/200], Average Loss: 0.099340
  Diagnostics: H_ent_norm=0.0875, H_maxp=0.9558, pi_ent_norm=0.5625, pi_std=0.256740, effC=2.20, Lvar=0.000001, Lvar_active=0.0003, scale/adh_std=1
Epoch [130/200], Average Loss: 0.089571
  Diagnostics: H_ent_norm=0.0782, H_maxp=0.9606, pi_ent_norm=0.5531, pi_std=0.258672, effC=2.17, Lvar=0.000001, Lvar_active=0.0003, scale/adh_std=1
Epoch [140/200], Average Loss: 0.083666
  Diagnostics: H_ent_norm=0.0710, H_maxp=0.9642, pi_ent_norm=0.5454, pi_std=0.260233, effC=2.14, Lvar=0.000002, Lvar_active=0.0003, scale/adh_std=1
Epoch [150/200], Average Loss: 0.078967
  Diagnostics: H_ent_norm=0.0653, H_maxp=0.9670, pi_ent_norm=0.5393, pi_std=0.261442, effC=2.13, Lvar=0.000002, Lvar_active=0.0003, scale/adh_std=1
Epoch [160/200], Average Loss: 0.074160
  Diagnostics: H_ent_norm=0.0608, H_maxp=0.9693, pi_ent_norm=0.5342, pi_std=0.262439, effC=2.11, Lvar=0.000003, Lvar_active=0.0016, scale/adh_std=1
Epoch [170/200], Average Loss: 0.068819
  Diagnostics: H_ent_norm=0.0567, H_maxp=0.9714, pi_ent_norm=0.5295, pi_std=0.263350, effC=2.10, Lvar=0.000005, Lvar_active=0.0016, scale/adh_std=1
Epoch [180/200], Average Loss: 0.066071
  Diagnostics: H_ent_norm=0.0532, H_maxp=0.9732, pi_ent_norm=0.5255, pi_std=0.264105, effC=2.09, Lvar=0.000005, Lvar_active=0.0016, scale/adh_std=1
Epoch [190/200], Average Loss: 0.063165
  Diagnostics: H_ent_norm=0.0501, H_maxp=0.9748, pi_ent_norm=0.5218, pi_std=0.264774, effC=2.08, Lvar=0.000006, Lvar_active=0.0016, scale/adh_std=1
Epoch [200/200], Average Loss: 0.058866
  Diagnostics: H_ent_norm=0.0472, H_maxp=0.9763, pi_ent_norm=0.5185, pi_std=0.265379, effC=2.07, Lvar=0.000006, Lvar_active=0.0016, scale/adh_std=1
训练完成！实际训练 200 个epochs

--- 评估阶段 ---
  Facebook: AUROC=0.5092, AUPRC=0.0853
  cora: AUROC=0.6712, AUPRC=0.1601
  citeseer: AUROC=0.6580, AUPRC=0.1546
  ACM: AUROC=0.7157, AUPRC=0.2677
  BlogCatalog: AUROC=0.6953, AUPRC=0.2646
  weibo: AUROC=0.7097, AUPRC=0.2920
  Reddit: AUROC=0.5703, AUPRC=0.0444
  Amazon: AUROC=0.5775, AUPRC=0.0813

--- 保存模型 ---
检查点已保存到: /autodl-fs/data/recap/tuning_hyperparams/sensitivity_results/sensitivity_paper_final/checkpoints/beta__0p08/recap/trial_2/model.pt
模型已保存到: /autodl-fs/data/recap/tuning_hyperparams/sensitivity_results/sensitivity_paper_final/checkpoints/beta__0p08/recap/trial_2/model.pt

======================================================================
聚合 3 次试验的结果
======================================================================

------------------------- Facebook -------------------------
AUROC: 0.5196 ± 0.0089
AUPRC: 0.0892 ± 0.0178

------------------------- cora -------------------------
AUROC: 0.6614 ± 0.0225
AUPRC: 0.1605 ± 0.0105

------------------------- citeseer -------------------------
AUROC: 0.6895 ± 0.0283
AUPRC: 0.1655 ± 0.0251

------------------------- ACM -------------------------
AUROC: 0.7065 ± 0.0118
AUPRC: 0.2566 ± 0.0115

------------------------- BlogCatalog -------------------------
AUROC: 0.6909 ± 0.0085
AUPRC: 0.2761 ± 0.0098

------------------------- weibo -------------------------
AUROC: 0.7169 ± 0.0147
AUPRC: 0.2725 ± 0.0248

------------------------- Reddit -------------------------
AUROC: 0.5456 ± 0.0181
AUPRC: 0.0385 ± 0.0042

------------------------- Amazon -------------------------
AUROC: 0.5732 ± 0.0350
AUPRC: 0.0894 ± 0.0115


======================================================================
训练完成！
所有模型已保存到: /autodl-fs/data/recap/tuning_hyperparams/sensitivity_results/sensitivity_paper_final/checkpoints/beta__0p08/recap/
======================================================================

