/root/miniconda3/lib/python3.12/site-packages/torch_geometric/__init__.py:4: UserWarning: An issue occurred while importing 'torch-scatter'. Disabling its usage. Stacktrace: Could not load this library: /root/miniconda3/lib/python3.12/site-packages/torch_scatter/_version_cuda.so
  import torch_geometric.typing
/root/miniconda3/lib/python3.12/site-packages/torch_geometric/__init__.py:4: UserWarning: An issue occurred while importing 'torch-cluster'. Disabling its usage. Stacktrace: Could not load this library: /root/miniconda3/lib/python3.12/site-packages/torch_cluster/_version_cuda.so
  import torch_geometric.typing
/root/miniconda3/lib/python3.12/site-packages/torch_geometric/__init__.py:4: UserWarning: An issue occurred while importing 'torch-spline-conv'. Disabling its usage. Stacktrace: Could not load this library: /root/miniconda3/lib/python3.12/site-packages/torch_spline_conv/_version_cuda.so
  import torch_geometric.typing
/root/miniconda3/lib/python3.12/site-packages/torch_geometric/__init__.py:4: UserWarning: An issue occurred while importing 'torch-sparse'. Disabling its usage. Stacktrace: Could not load this library: /root/miniconda3/lib/python3.12/site-packages/torch_sparse/_version_cuda.so
  import torch_geometric.typing
使用保存的最佳模型配置

======================================================================
recap 异常检测模型训练
======================================================================

📋 训练配置:
  device: cuda:0
  epochs: 200
  trials: 3
  seed: 0
  output_dir: /autodl-fs/data/recap/tuning_hyperparams/sensitivity_results/sensitivity_paper_final/checkpoints/knn_k__10
  save_checkpoint: True
  early_stop: False
  patience: 30
  log_diagnostics: True
  diagnostics_interval: 10

🔧 模型配置:
  model: recap
  lr: 5e-05
  dropout_rate: 0.2
  h_feats: 256
  num_hops: 3
  weight_decay: 5e-05
  dims: 32
  num_layers: 2
  activation: ELU
  num_views: 1
  num_clusters: 4
  knn_k: 10
  cluster_lr_multiplier: 10.0
  tau_s: 0.15
  sim_block_size: 256
  knn_cache_enabled: True
  knn_cache_dir: /autodl-fs/data/recap/knn_cache
  knn_search_dtype: auto
  lambda_H: 0.5
  lambda_bal: 0.05
  lambda_E: 0.1
  gamma: 0.1
  tau_e: 1.0
  beta: 0.03
  eps: 1e-08
  lambda_ortho: 0.5
  lambda_min_usage: 0.05
  lambda_diversity: 0.1
  min_cluster_ratio: 0.1

💾 保存设置:
  保存目录：/autodl-fs/data/recap/tuning_hyperparams/sensitivity_results/sensitivity_paper_final/checkpoints/knn_k__10
  保存检查点：True
======================================================================


📊 使用指定的训练数据集: ['pubmed', 'Flickr', 'questions', 'YelpChi']

📊 使用指定的测试数据集: ['Facebook', 'cora', 'citeseer', 'ACM', 'BlogCatalog', 'weibo', 'Reddit', 'Amazon']
加载 4 个训练数据集: ['pubmed', 'Flickr', 'questions', 'YelpChi']
加载 8 个测试数据集: ['Facebook', 'cora', 'citeseer', 'ACM', 'BlogCatalog', 'weibo', 'Reddit', 'Amazon']
进行 3 跳特征传播...

======================================================================
Trial 0 开始训练 (seed=0)
======================================================================
🔧 模型初始化视图数: 1 (单视图模式)

--- 训练阶段 ---
开始训练，共 200 个epochs...
关闭early stopping，训练将跑满设定epochs
🔧 Assignment layer LR multiplier: 10 (base_lr=5e-05, assignment_lr=0.0005)
Epoch [1/200], Average Loss: 0.664737
  Diagnostics: H_ent_norm=0.9975, H_maxp=0.2680, pi_ent_norm=1.0000, pi_std=0.001048, effC=4.00, Lvar=0.000000, Lvar_active=0.0000, scale/adh_std=1
Epoch [10/200], Average Loss: 0.659553
  Diagnostics: H_ent_norm=0.9993, H_maxp=0.2584, pi_ent_norm=1.0000, pi_std=0.000321, effC=4.00, Lvar=0.000000, Lvar_active=0.0000, scale/adh_std=1
Epoch [20/200], Average Loss: 0.658904
  Diagnostics: H_ent_norm=0.9994, H_maxp=0.2573, pi_ent_norm=1.0000, pi_std=0.000223, effC=4.00, Lvar=0.000000, Lvar_active=0.0000, scale/adh_std=1
Epoch [30/200], Average Loss: 0.658698
  Diagnostics: H_ent_norm=0.9992, H_maxp=0.2583, pi_ent_norm=1.0000, pi_std=0.000317, effC=4.00, Lvar=0.000000, Lvar_active=0.0000, scale/adh_std=1
Epoch [40/200], Average Loss: 0.658563
  Diagnostics: H_ent_norm=0.9988, H_maxp=0.2603, pi_ent_norm=1.0000, pi_std=0.000449, effC=4.00, Lvar=0.000000, Lvar_active=0.0000, scale/adh_std=1
Epoch [50/200], Average Loss: 0.658478
  Diagnostics: H_ent_norm=0.9982, H_maxp=0.2630, pi_ent_norm=1.0000, pi_std=0.000613, effC=4.00, Lvar=0.000000, Lvar_active=0.0000, scale/adh_std=1
Epoch [60/200], Average Loss: 0.658406
  Diagnostics: H_ent_norm=0.9974, H_maxp=0.2660, pi_ent_norm=1.0000, pi_std=0.000734, effC=4.00, Lvar=0.000000, Lvar_active=0.0000, scale/adh_std=1
Epoch [70/200], Average Loss: 0.658374
  Diagnostics: H_ent_norm=0.9967, H_maxp=0.2682, pi_ent_norm=1.0000, pi_std=0.000662, effC=4.00, Lvar=0.000000, Lvar_active=0.0000, scale/adh_std=1
Epoch [80/200], Average Loss: 0.658287
  Diagnostics: H_ent_norm=0.9960, H_maxp=0.2702, pi_ent_norm=1.0000, pi_std=0.000724, effC=4.00, Lvar=0.000000, Lvar_active=0.0000, scale/adh_std=1
Epoch [90/200], Average Loss: 0.658172
  Diagnostics: H_ent_norm=0.9952, H_maxp=0.2724, pi_ent_norm=1.0000, pi_std=0.000881, effC=4.00, Lvar=0.000000, Lvar_active=0.0000, scale/adh_std=1
Epoch [100/200], Average Loss: 0.658105
  Diagnostics: H_ent_norm=0.9940, H_maxp=0.2752, pi_ent_norm=1.0000, pi_std=0.001142, effC=4.00, Lvar=0.000000, Lvar_active=0.0003, scale/adh_std=1
Epoch [110/200], Average Loss: 0.657825
  Diagnostics: H_ent_norm=0.9906, H_maxp=0.2816, pi_ent_norm=1.0000, pi_std=0.001785, effC=4.00, Lvar=0.000001, Lvar_active=0.0007, scale/adh_std=1
Epoch [120/200], Average Loss: 0.648435
  Diagnostics: H_ent_norm=0.9367, H_maxp=0.3325, pi_ent_norm=0.9991, pi_std=0.011489, effC=3.99, Lvar=0.000000, Lvar_active=0.0003, scale/adh_std=1
Epoch [130/200], Average Loss: 0.505453
  Diagnostics: H_ent_norm=0.6403, H_maxp=0.5566, pi_ent_norm=0.9533, pi_std=0.086265, effC=3.75, Lvar=0.000003, Lvar_active=0.0007, scale/adh_std=1
Epoch [140/200], Average Loss: 0.165838
  Diagnostics: H_ent_norm=0.1749, H_maxp=0.9134, pi_ent_norm=0.6236, pi_std=0.247472, effC=2.39, Lvar=0.000000, Lvar_active=0.0000, scale/adh_std=1
Epoch [150/200], Average Loss: 0.105658
  Diagnostics: H_ent_norm=0.1102, H_maxp=0.9450, pi_ent_norm=0.5667, pi_std=0.261260, effC=2.22, Lvar=0.000000, Lvar_active=0.0000, scale/adh_std=1
Epoch [160/200], Average Loss: 0.084220
  Diagnostics: H_ent_norm=0.0872, H_maxp=0.9566, pi_ent_norm=0.5442, pi_std=0.265898, effC=2.15, Lvar=0.000000, Lvar_active=0.0000, scale/adh_std=1
Epoch [170/200], Average Loss: 0.071233
  Diagnostics: H_ent_norm=0.0737, H_maxp=0.9635, pi_ent_norm=0.5301, pi_std=0.268574, effC=2.11, Lvar=0.000000, Lvar_active=0.0000, scale/adh_std=1
Epoch [180/200], Average Loss: 0.062221
  Diagnostics: H_ent_norm=0.0642, H_maxp=0.9684, pi_ent_norm=0.5199, pi_std=0.270434, effC=2.08, Lvar=0.000000, Lvar_active=0.0000, scale/adh_std=1
Epoch [190/200], Average Loss: 0.054693
  Diagnostics: H_ent_norm=0.0573, H_maxp=0.9718, pi_ent_norm=0.5123, pi_std=0.271756, effC=2.06, Lvar=0.000000, Lvar_active=0.0000, scale/adh_std=1
Epoch [200/200], Average Loss: 0.050236
  Diagnostics: H_ent_norm=0.0519, H_maxp=0.9746, pi_ent_norm=0.5061, pi_std=0.272810, effC=2.04, Lvar=0.000000, Lvar_active=0.0000, scale/adh_std=1
训练完成！实际训练 200 个epochs

--- 评估阶段 ---
  Facebook: AUROC=0.6154, AUPRC=0.0751
  cora: AUROC=0.6378, AUPRC=0.1262
  citeseer: AUROC=0.7003, AUPRC=0.1831
  ACM: AUROC=0.7269, AUPRC=0.2838
  BlogCatalog: AUROC=0.6994, AUPRC=0.3054
  weibo: AUROC=0.7564, AUPRC=0.2714
  Reddit: AUROC=0.5508, AUPRC=0.0378
  Amazon: AUROC=0.5947, AUPRC=0.0982

--- 保存模型 ---
检查点已保存到: /autodl-fs/data/recap/tuning_hyperparams/sensitivity_results/sensitivity_paper_final/checkpoints/knn_k__10/recap/trial_0/model.pt
模型已保存到: /autodl-fs/data/recap/tuning_hyperparams/sensitivity_results/sensitivity_paper_final/checkpoints/knn_k__10/recap/trial_0/model.pt

======================================================================
Trial 1 开始训练 (seed=1)
======================================================================
🔧 模型初始化视图数: 1 (单视图模式)

--- 训练阶段 ---
开始训练，共 200 个epochs...
关闭early stopping，训练将跑满设定epochs
🔧 Assignment layer LR multiplier: 10 (base_lr=5e-05, assignment_lr=0.0005)
Epoch [1/200], Average Loss: 0.664422
  Diagnostics: H_ent_norm=0.9984, H_maxp=0.2646, pi_ent_norm=1.0000, pi_std=0.000940, effC=4.00, Lvar=0.000001, Lvar_active=0.0003, scale/adh_std=1
Epoch [10/200], Average Loss: 0.659474
  Diagnostics: H_ent_norm=0.9998, H_maxp=0.2549, pi_ent_norm=1.0000, pi_std=0.000261, effC=4.00, Lvar=0.000001, Lvar_active=0.0003, scale/adh_std=1
Epoch [20/200], Average Loss: 0.658865
  Diagnostics: H_ent_norm=0.9998, H_maxp=0.2541, pi_ent_norm=1.0000, pi_std=0.000339, effC=4.00, Lvar=0.000002, Lvar_active=0.0003, scale/adh_std=1
Epoch [30/200], Average Loss: 0.658666
  Diagnostics: H_ent_norm=0.9996, H_maxp=0.2554, pi_ent_norm=1.0000, pi_std=0.000325, effC=4.00, Lvar=0.000002, Lvar_active=0.0003, scale/adh_std=1
Epoch [40/200], Average Loss: 0.658557
  Diagnostics: H_ent_norm=0.9993, H_maxp=0.2578, pi_ent_norm=1.0000, pi_std=0.000576, effC=4.00, Lvar=0.000002, Lvar_active=0.0003, scale/adh_std=1
Epoch [50/200], Average Loss: 0.658489
  Diagnostics: H_ent_norm=0.9988, H_maxp=0.2603, pi_ent_norm=1.0000, pi_std=0.000862, effC=4.00, Lvar=0.000003, Lvar_active=0.0007, scale/adh_std=1
Epoch [60/200], Average Loss: 0.658426
  Diagnostics: H_ent_norm=0.9982, H_maxp=0.2627, pi_ent_norm=1.0000, pi_std=0.000730, effC=4.00, Lvar=0.000004, Lvar_active=0.0007, scale/adh_std=1
Epoch [70/200], Average Loss: 0.658362
  Diagnostics: H_ent_norm=0.9974, H_maxp=0.2655, pi_ent_norm=1.0000, pi_std=0.001018, effC=4.00, Lvar=0.000005, Lvar_active=0.0010, scale/adh_std=1
Epoch [80/200], Average Loss: 0.658304
  Diagnostics: H_ent_norm=0.9968, H_maxp=0.2672, pi_ent_norm=1.0000, pi_std=0.000951, effC=4.00, Lvar=0.000006, Lvar_active=0.0010, scale/adh_std=1
Epoch [90/200], Average Loss: 0.658251
  Diagnostics: H_ent_norm=0.9958, H_maxp=0.2701, pi_ent_norm=1.0000, pi_std=0.001266, effC=4.00, Lvar=0.000007, Lvar_active=0.0010, scale/adh_std=1
Epoch [100/200], Average Loss: 0.658151
  Diagnostics: H_ent_norm=0.9943, H_maxp=0.2735, pi_ent_norm=1.0000, pi_std=0.001431, effC=4.00, Lvar=0.000009, Lvar_active=0.0013, scale/adh_std=1
Epoch [110/200], Average Loss: 0.657801
  Diagnostics: H_ent_norm=0.9892, H_maxp=0.2832, pi_ent_norm=1.0000, pi_std=0.002336, effC=4.00, Lvar=0.000011, Lvar_active=0.0016, scale/adh_std=1
Epoch [120/200], Average Loss: 0.637384
  Diagnostics: H_ent_norm=0.8967, H_maxp=0.3756, pi_ent_norm=0.9968, pi_std=0.020927, effC=3.98, Lvar=0.000014, Lvar_active=0.0016, scale/adh_std=1
Epoch [130/200], Average Loss: 0.458639
  Diagnostics: H_ent_norm=0.5539, H_maxp=0.6591, pi_ent_norm=0.9034, pi_std=0.120951, effC=3.51, Lvar=0.000000, Lvar_active=0.0000, scale/adh_std=1
Epoch [140/200], Average Loss: 0.207181
  Diagnostics: H_ent_norm=0.2272, H_maxp=0.8855, pi_ent_norm=0.6871, pi_std=0.222812, effC=2.60, Lvar=0.000000, Lvar_active=0.0000, scale/adh_std=1
Epoch [150/200], Average Loss: 0.128012
  Diagnostics: H_ent_norm=0.1370, H_maxp=0.9315, pi_ent_norm=0.6124, pi_std=0.245009, effC=2.35, Lvar=0.000000, Lvar_active=0.0000, scale/adh_std=1
Epoch [160/200], Average Loss: 0.099114
  Diagnostics: H_ent_norm=0.1050, H_maxp=0.9476, pi_ent_norm=0.5822, pi_std=0.252326, effC=2.25, Lvar=0.000000, Lvar_active=0.0000, scale/adh_std=1
Epoch [170/200], Average Loss: 0.083676
  Diagnostics: H_ent_norm=0.0872, H_maxp=0.9566, pi_ent_norm=0.5640, pi_std=0.256327, effC=2.20, Lvar=0.000000, Lvar_active=0.0000, scale/adh_std=1
Epoch [180/200], Average Loss: 0.071348
  Diagnostics: H_ent_norm=0.0758, H_maxp=0.9624, pi_ent_norm=0.5519, pi_std=0.258846, effC=2.16, Lvar=0.000000, Lvar_active=0.0000, scale/adh_std=1
Epoch [190/200], Average Loss: 0.063714
  Diagnostics: H_ent_norm=0.0676, H_maxp=0.9665, pi_ent_norm=0.5428, pi_std=0.260658, effC=2.14, Lvar=0.000000, Lvar_active=0.0000, scale/adh_std=1
Epoch [200/200], Average Loss: 0.057850
  Diagnostics: H_ent_norm=0.0613, H_maxp=0.9697, pi_ent_norm=0.5357, pi_std=0.262029, effC=2.11, Lvar=0.000000, Lvar_active=0.0000, scale/adh_std=1
训练完成！实际训练 200 个epochs

--- 评估阶段 ---
  Facebook: AUROC=0.4940, AUPRC=0.0514
  cora: AUROC=0.6754, AUPRC=0.1541
  citeseer: AUROC=0.6980, AUPRC=0.1329
  ACM: AUROC=0.7244, AUPRC=0.2784
  BlogCatalog: AUROC=0.6774, AUPRC=0.2830
  weibo: AUROC=0.7652, AUPRC=0.3072
  Reddit: AUROC=0.5957, AUPRC=0.0461
  Amazon: AUROC=0.5098, AUPRC=0.0707

--- 保存模型 ---
检查点已保存到: /autodl-fs/data/recap/tuning_hyperparams/sensitivity_results/sensitivity_paper_final/checkpoints/knn_k__10/recap/trial_1/model.pt
模型已保存到: /autodl-fs/data/recap/tuning_hyperparams/sensitivity_results/sensitivity_paper_final/checkpoints/knn_k__10/recap/trial_1/model.pt

======================================================================
Trial 2 开始训练 (seed=2)
======================================================================
🔧 模型初始化视图数: 1 (单视图模式)

--- 训练阶段 ---
开始训练，共 200 个epochs...
关闭early stopping，训练将跑满设定epochs
🔧 Assignment layer LR multiplier: 10 (base_lr=5e-05, assignment_lr=0.0005)
Epoch [1/200], Average Loss: 0.664933
  Diagnostics: H_ent_norm=0.9980, H_maxp=0.2663, pi_ent_norm=1.0000, pi_std=0.000858, effC=4.00, Lvar=0.000000, Lvar_active=0.0000, scale/adh_std=1
Epoch [10/200], Average Loss: 0.659491
  Diagnostics: H_ent_norm=0.9996, H_maxp=0.2567, pi_ent_norm=1.0000, pi_std=0.000329, effC=4.00, Lvar=0.000000, Lvar_active=0.0000, scale/adh_std=1
Epoch [20/200], Average Loss: 0.658870
  Diagnostics: H_ent_norm=0.9995, H_maxp=0.2568, pi_ent_norm=1.0000, pi_std=0.000465, effC=4.00, Lvar=0.000000, Lvar_active=0.0000, scale/adh_std=1
Epoch [30/200], Average Loss: 0.658660
  Diagnostics: H_ent_norm=0.9991, H_maxp=0.2589, pi_ent_norm=1.0000, pi_std=0.000513, effC=4.00, Lvar=0.000000, Lvar_active=0.0000, scale/adh_std=1
Epoch [40/200], Average Loss: 0.658544
  Diagnostics: H_ent_norm=0.9986, H_maxp=0.2611, pi_ent_norm=1.0000, pi_std=0.000881, effC=4.00, Lvar=0.000000, Lvar_active=0.0000, scale/adh_std=1
Epoch [50/200], Average Loss: 0.658456
  Diagnostics: H_ent_norm=0.9980, H_maxp=0.2633, pi_ent_norm=1.0000, pi_std=0.000777, effC=4.00, Lvar=0.000000, Lvar_active=0.0000, scale/adh_std=1
Epoch [60/200], Average Loss: 0.658366
  Diagnostics: H_ent_norm=0.9972, H_maxp=0.2661, pi_ent_norm=1.0000, pi_std=0.000925, effC=4.00, Lvar=0.000000, Lvar_active=0.0003, scale/adh_std=1
Epoch [70/200], Average Loss: 0.658291
  Diagnostics: H_ent_norm=0.9959, H_maxp=0.2698, pi_ent_norm=1.0000, pi_std=0.001204, effC=4.00, Lvar=0.000000, Lvar_active=0.0003, scale/adh_std=1
Epoch [80/200], Average Loss: 0.658066
  Diagnostics: H_ent_norm=0.9932, H_maxp=0.2760, pi_ent_norm=1.0000, pi_std=0.001210, effC=4.00, Lvar=0.000000, Lvar_active=0.0003, scale/adh_std=1
Epoch [90/200], Average Loss: 0.656550
  Diagnostics: H_ent_norm=0.9769, H_maxp=0.3003, pi_ent_norm=0.9999, pi_std=0.004425, effC=4.00, Lvar=0.000000, Lvar_active=0.0000, scale/adh_std=1
Epoch [100/200], Average Loss: 0.595554
  Diagnostics: H_ent_norm=0.7892, H_maxp=0.4582, pi_ent_norm=0.9826, pi_std=0.049310, effC=3.90, Lvar=0.000000, Lvar_active=0.0000, scale/adh_std=1
Epoch [110/200], Average Loss: 0.354774
  Diagnostics: H_ent_norm=0.4091, H_maxp=0.7723, pi_ent_norm=0.8097, pi_std=0.170467, effC=3.09, Lvar=0.000000, Lvar_active=0.0000, scale/adh_std=1
Epoch [120/200], Average Loss: 0.183457
  Diagnostics: H_ent_norm=0.1987, H_maxp=0.9004, pi_ent_norm=0.6618, pi_std=0.231066, effC=2.51, Lvar=0.000000, Lvar_active=0.0000, scale/adh_std=1
Epoch [130/200], Average Loss: 0.123213
  Diagnostics: H_ent_norm=0.1297, H_maxp=0.9350, pi_ent_norm=0.6037, pi_std=0.247280, effC=2.32, Lvar=0.000003, Lvar_active=0.0007, scale/adh_std=1
Epoch [140/200], Average Loss: 0.097943
  Diagnostics: H_ent_norm=0.1020, H_maxp=0.9489, pi_ent_norm=0.5781, pi_std=0.253220, effC=2.24, Lvar=0.000008, Lvar_active=0.0010, scale/adh_std=1
Epoch [150/200], Average Loss: 0.082406
  Diagnostics: H_ent_norm=0.0861, H_maxp=0.9568, pi_ent_norm=0.5624, pi_std=0.256637, effC=2.19, Lvar=0.000011, Lvar_active=0.0010, scale/adh_std=1
Epoch [160/200], Average Loss: 0.071741
  Diagnostics: H_ent_norm=0.0754, H_maxp=0.9623, pi_ent_norm=0.5510, pi_std=0.258969, effC=2.16, Lvar=0.000011, Lvar_active=0.0010, scale/adh_std=1
Epoch [170/200], Average Loss: 0.064204
  Diagnostics: H_ent_norm=0.0674, H_maxp=0.9664, pi_ent_norm=0.5423, pi_std=0.260718, effC=2.13, Lvar=0.000009, Lvar_active=0.0010, scale/adh_std=1
Epoch [180/200], Average Loss: 0.058736
  Diagnostics: H_ent_norm=0.0614, H_maxp=0.9693, pi_ent_norm=0.5355, pi_std=0.262048, effC=2.11, Lvar=0.000004, Lvar_active=0.0010, scale/adh_std=1
Epoch [190/200], Average Loss: 0.054079
  Diagnostics: H_ent_norm=0.0566, H_maxp=0.9717, pi_ent_norm=0.5303, pi_std=0.263011, effC=2.10, Lvar=0.000000, Lvar_active=0.0003, scale/adh_std=1
Epoch [200/200], Average Loss: 0.048873
  Diagnostics: H_ent_norm=0.0525, H_maxp=0.9737, pi_ent_norm=0.5257, pi_std=0.263860, effC=2.09, Lvar=0.000000, Lvar_active=0.0000, scale/adh_std=1
训练完成！实际训练 200 个epochs

--- 评估阶段 ---
  Facebook: AUROC=0.5280, AUPRC=0.0760
  cora: AUROC=0.6611, AUPRC=0.1506
  citeseer: AUROC=0.6980, AUPRC=0.1630
  ACM: AUROC=0.7249, AUPRC=0.2864
  BlogCatalog: AUROC=0.7076, AUPRC=0.2918
  weibo: AUROC=0.7178, AUPRC=0.2903
  Reddit: AUROC=0.5678, AUPRC=0.0420
  Amazon: AUROC=0.5644, AUPRC=0.0800

--- 保存模型 ---
检查点已保存到: /autodl-fs/data/recap/tuning_hyperparams/sensitivity_results/sensitivity_paper_final/checkpoints/knn_k__10/recap/trial_2/model.pt
模型已保存到: /autodl-fs/data/recap/tuning_hyperparams/sensitivity_results/sensitivity_paper_final/checkpoints/knn_k__10/recap/trial_2/model.pt

======================================================================
聚合 3 次试验的结果
======================================================================

------------------------- Facebook -------------------------
AUROC: 0.5458 ± 0.0511
AUPRC: 0.0675 ± 0.0114

------------------------- cora -------------------------
AUROC: 0.6581 ± 0.0155
AUPRC: 0.1437 ± 0.0124

------------------------- citeseer -------------------------
AUROC: 0.6987 ± 0.0011
AUPRC: 0.1597 ± 0.0206

------------------------- ACM -------------------------
AUROC: 0.7254 ± 0.0011
AUPRC: 0.2829 ± 0.0033

------------------------- BlogCatalog -------------------------
AUROC: 0.6948 ± 0.0128
AUPRC: 0.2934 ± 0.0092

------------------------- weibo -------------------------
AUROC: 0.7465 ± 0.0206
AUPRC: 0.2896 ± 0.0146

------------------------- Reddit -------------------------
AUROC: 0.5714 ± 0.0185
AUPRC: 0.0420 ± 0.0034

------------------------- Amazon -------------------------
AUROC: 0.5563 ± 0.0351
AUPRC: 0.0830 ± 0.0114


======================================================================
训练完成！
所有模型已保存到: /autodl-fs/data/recap/tuning_hyperparams/sensitivity_results/sensitivity_paper_final/checkpoints/knn_k__10/recap/
======================================================================

