/root/miniconda3/lib/python3.12/site-packages/torch_geometric/__init__.py:4: UserWarning: An issue occurred while importing 'torch-scatter'. Disabling its usage. Stacktrace: Could not load this library: /root/miniconda3/lib/python3.12/site-packages/torch_scatter/_version_cuda.so
  import torch_geometric.typing
/root/miniconda3/lib/python3.12/site-packages/torch_geometric/__init__.py:4: UserWarning: An issue occurred while importing 'torch-cluster'. Disabling its usage. Stacktrace: Could not load this library: /root/miniconda3/lib/python3.12/site-packages/torch_cluster/_version_cuda.so
  import torch_geometric.typing
/root/miniconda3/lib/python3.12/site-packages/torch_geometric/__init__.py:4: UserWarning: An issue occurred while importing 'torch-spline-conv'. Disabling its usage. Stacktrace: Could not load this library: /root/miniconda3/lib/python3.12/site-packages/torch_spline_conv/_version_cuda.so
  import torch_geometric.typing
/root/miniconda3/lib/python3.12/site-packages/torch_geometric/__init__.py:4: UserWarning: An issue occurred while importing 'torch-sparse'. Disabling its usage. Stacktrace: Could not load this library: /root/miniconda3/lib/python3.12/site-packages/torch_sparse/_version_cuda.so
  import torch_geometric.typing
使用保存的最佳模型配置

======================================================================
recap 异常检测模型训练
======================================================================

📋 训练配置:
  device: cuda:0
  epochs: 200
  trials: 3
  seed: 0
  output_dir: /autodl-fs/data/recap/tuning_hyperparams/sensitivity_results/sensitivity_paper_final/checkpoints/lambda_H__0p65
  save_checkpoint: True
  early_stop: False
  patience: 30
  log_diagnostics: True
  diagnostics_interval: 10

🔧 模型配置:
  model: recap
  lr: 5e-05
  dropout_rate: 0.2
  h_feats: 256
  num_hops: 3
  weight_decay: 5e-05
  dims: 32
  num_layers: 2
  activation: ELU
  num_views: 1
  num_clusters: 4
  knn_k: 4
  cluster_lr_multiplier: 10.0
  tau_s: 0.15
  sim_block_size: 256
  knn_cache_enabled: True
  knn_cache_dir: /autodl-fs/data/recap/knn_cache
  knn_search_dtype: auto
  lambda_H: 0.65
  lambda_bal: 0.05
  lambda_E: 0.1
  gamma: 0.1
  tau_e: 1.0
  beta: 0.03
  eps: 1e-08
  lambda_ortho: 0.65
  lambda_min_usage: 0.05
  lambda_diversity: 0.1
  min_cluster_ratio: 0.1

💾 保存设置:
  保存目录：/autodl-fs/data/recap/tuning_hyperparams/sensitivity_results/sensitivity_paper_final/checkpoints/lambda_H__0p65
  保存检查点：True
======================================================================


📊 使用指定的训练数据集: ['pubmed', 'Flickr', 'questions', 'YelpChi']

📊 使用指定的测试数据集: ['Facebook', 'cora', 'citeseer', 'ACM', 'BlogCatalog', 'weibo', 'Reddit', 'Amazon']
加载 4 个训练数据集: ['pubmed', 'Flickr', 'questions', 'YelpChi']
加载 8 个测试数据集: ['Facebook', 'cora', 'citeseer', 'ACM', 'BlogCatalog', 'weibo', 'Reddit', 'Amazon']
进行 3 跳特征传播...

======================================================================
Trial 0 开始训练 (seed=0)
======================================================================
🔧 模型初始化视图数: 1 (单视图模式)

--- 训练阶段 ---
开始训练，共 200 个epochs...
关闭early stopping，训练将跑满设定epochs
🔧 Assignment layer LR multiplier: 10 (base_lr=5e-05, assignment_lr=0.0005)
Epoch [1/200], Average Loss: 0.860495
  Diagnostics: H_ent_norm=0.9965, H_maxp=0.2715, pi_ent_norm=1.0000, pi_std=0.001681, effC=4.00, Lvar=0.000000, Lvar_active=0.0000, scale/adh_std=1
Epoch [10/200], Average Loss: 0.855703
  Diagnostics: H_ent_norm=0.9915, H_maxp=0.2828, pi_ent_norm=1.0000, pi_std=0.001092, effC=4.00, Lvar=0.000000, Lvar_active=0.0000, scale/adh_std=1
Epoch [20/200], Average Loss: 0.832173
  Diagnostics: H_ent_norm=0.9264, H_maxp=0.3524, pi_ent_norm=0.9996, pi_std=0.008211, effC=4.00, Lvar=0.000000, Lvar_active=0.0000, scale/adh_std=1
Epoch [30/200], Average Loss: 0.700052
  Diagnostics: H_ent_norm=0.7209, H_maxp=0.5041, pi_ent_norm=0.9766, pi_std=0.061969, effC=3.87, Lvar=0.000000, Lvar_active=0.0000, scale/adh_std=1
Epoch [40/200], Average Loss: 0.462151
  Diagnostics: H_ent_norm=0.4342, H_maxp=0.7538, pi_ent_norm=0.8294, pi_std=0.165138, effC=3.16, Lvar=0.000000, Lvar_active=0.0000, scale/adh_std=1
Epoch [50/200], Average Loss: 0.277601
  Diagnostics: H_ent_norm=0.2426, H_maxp=0.8774, pi_ent_norm=0.6873, pi_std=0.224754, effC=2.60, Lvar=0.000000, Lvar_active=0.0000, scale/adh_std=1
Epoch [60/200], Average Loss: 0.197444
  Diagnostics: H_ent_norm=0.1648, H_maxp=0.9173, pi_ent_norm=0.6236, pi_std=0.243761, effC=2.39, Lvar=0.000000, Lvar_active=0.0000, scale/adh_std=1
Epoch [70/200], Average Loss: 0.161171
  Diagnostics: H_ent_norm=0.1296, H_maxp=0.9347, pi_ent_norm=0.5928, pi_std=0.251505, effC=2.30, Lvar=0.000000, Lvar_active=0.0000, scale/adh_std=1
Epoch [80/200], Average Loss: 0.138560
  Diagnostics: H_ent_norm=0.1092, H_maxp=0.9449, pi_ent_norm=0.5740, pi_std=0.255841, effC=2.24, Lvar=0.000000, Lvar_active=0.0000, scale/adh_std=1
Epoch [90/200], Average Loss: 0.123565
  Diagnostics: H_ent_norm=0.0953, H_maxp=0.9519, pi_ent_norm=0.5607, pi_std=0.258761, effC=2.20, Lvar=0.000000, Lvar_active=0.0000, scale/adh_std=1
Epoch [100/200], Average Loss: 0.112918
  Diagnostics: H_ent_norm=0.0851, H_maxp=0.9571, pi_ent_norm=0.5505, pi_std=0.260923, effC=2.17, Lvar=0.000000, Lvar_active=0.0000, scale/adh_std=1
Epoch [110/200], Average Loss: 0.102815
  Diagnostics: H_ent_norm=0.0771, H_maxp=0.9611, pi_ent_norm=0.5424, pi_std=0.262571, effC=2.14, Lvar=0.000000, Lvar_active=0.0000, scale/adh_std=1
Epoch [120/200], Average Loss: 0.095006
  Diagnostics: H_ent_norm=0.0708, H_maxp=0.9643, pi_ent_norm=0.5357, pi_std=0.263914, effC=2.12, Lvar=0.000000, Lvar_active=0.0000, scale/adh_std=1
Epoch [130/200], Average Loss: 0.088930
  Diagnostics: H_ent_norm=0.0653, H_maxp=0.9671, pi_ent_norm=0.5298, pi_std=0.265052, effC=2.11, Lvar=0.000000, Lvar_active=0.0000, scale/adh_std=1
Epoch [140/200], Average Loss: 0.083554
  Diagnostics: H_ent_norm=0.0607, H_maxp=0.9695, pi_ent_norm=0.5248, pi_std=0.265999, effC=2.09, Lvar=0.000000, Lvar_active=0.0000, scale/adh_std=1
Epoch [150/200], Average Loss: 0.079052
  Diagnostics: H_ent_norm=0.0568, H_maxp=0.9714, pi_ent_norm=0.5207, pi_std=0.266734, effC=2.08, Lvar=0.000000, Lvar_active=0.0000, scale/adh_std=1
Epoch [160/200], Average Loss: 0.074353
  Diagnostics: H_ent_norm=0.0532, H_maxp=0.9733, pi_ent_norm=0.5169, pi_std=0.267421, effC=2.07, Lvar=0.000000, Lvar_active=0.0000, scale/adh_std=1
Epoch [170/200], Average Loss: 0.071903
  Diagnostics: H_ent_norm=0.0501, H_maxp=0.9749, pi_ent_norm=0.5134, pi_std=0.268070, effC=2.06, Lvar=0.000000, Lvar_active=0.0000, scale/adh_std=1
Epoch [180/200], Average Loss: 0.066614
  Diagnostics: H_ent_norm=0.0474, H_maxp=0.9762, pi_ent_norm=0.5102, pi_std=0.268651, effC=2.05, Lvar=0.000000, Lvar_active=0.0000, scale/adh_std=1
Epoch [190/200], Average Loss: 0.063684
  Diagnostics: H_ent_norm=0.0450, H_maxp=0.9775, pi_ent_norm=0.5073, pi_std=0.269181, effC=2.04, Lvar=0.000000, Lvar_active=0.0000, scale/adh_std=1
Epoch [200/200], Average Loss: 0.061500
  Diagnostics: H_ent_norm=0.0428, H_maxp=0.9786, pi_ent_norm=0.5047, pi_std=0.269659, effC=2.03, Lvar=0.000000, Lvar_active=0.0000, scale/adh_std=1
训练完成！实际训练 200 个epochs

--- 评估阶段 ---
  Facebook: AUROC=0.5991, AUPRC=0.1400
  cora: AUROC=0.6499, AUPRC=0.1208
  citeseer: AUROC=0.7048, AUPRC=0.1546
  ACM: AUROC=0.7193, AUPRC=0.2884
  BlogCatalog: AUROC=0.6932, AUPRC=0.3039
  weibo: AUROC=0.7387, AUPRC=0.2894
  Reddit: AUROC=0.5724, AUPRC=0.0404
  Amazon: AUROC=0.6041, AUPRC=0.1072

--- 保存模型 ---
检查点已保存到: /autodl-fs/data/recap/tuning_hyperparams/sensitivity_results/sensitivity_paper_final/checkpoints/lambda_H__0p65/recap/trial_0/model.pt
模型已保存到: /autodl-fs/data/recap/tuning_hyperparams/sensitivity_results/sensitivity_paper_final/checkpoints/lambda_H__0p65/recap/trial_0/model.pt

======================================================================
Trial 1 开始训练 (seed=1)
======================================================================
🔧 模型初始化视图数: 1 (单视图模式)

--- 训练阶段 ---
开始训练，共 200 个epochs...
关闭early stopping，训练将跑满设定epochs
🔧 Assignment layer LR multiplier: 10 (base_lr=5e-05, assignment_lr=0.0005)
Epoch [1/200], Average Loss: 0.860585
  Diagnostics: H_ent_norm=0.9978, H_maxp=0.2673, pi_ent_norm=1.0000, pi_std=0.001106, effC=4.00, Lvar=0.000001, Lvar_active=0.0003, scale/adh_std=1
Epoch [10/200], Average Loss: 0.856156
  Diagnostics: H_ent_norm=0.9955, H_maxp=0.2733, pi_ent_norm=1.0000, pi_std=0.001347, effC=4.00, Lvar=0.000001, Lvar_active=0.0003, scale/adh_std=1
Epoch [20/200], Average Loss: 0.849936
  Diagnostics: H_ent_norm=0.9674, H_maxp=0.3232, pi_ent_norm=0.9999, pi_std=0.003739, effC=4.00, Lvar=0.000002, Lvar_active=0.0003, scale/adh_std=1
Epoch [30/200], Average Loss: 0.741901
  Diagnostics: H_ent_norm=0.7554, H_maxp=0.5150, pi_ent_norm=0.9948, pi_std=0.028275, effC=3.97, Lvar=0.000001, Lvar_active=0.0003, scale/adh_std=1
Epoch [40/200], Average Loss: 0.557994
  Diagnostics: H_ent_norm=0.5139, H_maxp=0.6866, pi_ent_norm=0.9479, pi_std=0.083032, effC=3.72, Lvar=0.000000, Lvar_active=0.0000, scale/adh_std=1
Epoch [50/200], Average Loss: 0.443775
  Diagnostics: H_ent_norm=0.3793, H_maxp=0.7824, pi_ent_norm=0.8942, pi_std=0.116637, effC=3.46, Lvar=0.000000, Lvar_active=0.0000, scale/adh_std=1
Epoch [60/200], Average Loss: 0.365945
  Diagnostics: H_ent_norm=0.2863, H_maxp=0.8464, pi_ent_norm=0.8516, pi_std=0.142559, effC=3.26, Lvar=0.000000, Lvar_active=0.0000, scale/adh_std=1
Epoch [70/200], Average Loss: 0.286691
  Diagnostics: H_ent_norm=0.1989, H_maxp=0.8989, pi_ent_norm=0.7959, pi_std=0.169377, effC=3.03, Lvar=0.000000, Lvar_active=0.0000, scale/adh_std=1
Epoch [80/200], Average Loss: 0.235840
  Diagnostics: H_ent_norm=0.1472, H_maxp=0.9248, pi_ent_norm=0.7594, pi_std=0.183305, effC=2.90, Lvar=0.000000, Lvar_active=0.0000, scale/adh_std=1
Epoch [90/200], Average Loss: 0.207999
  Diagnostics: H_ent_norm=0.1207, H_maxp=0.9374, pi_ent_norm=0.7404, pi_std=0.189910, effC=2.84, Lvar=0.000000, Lvar_active=0.0000, scale/adh_std=1
Epoch [100/200], Average Loss: 0.193257
  Diagnostics: H_ent_norm=0.1046, H_maxp=0.9453, pi_ent_norm=0.7283, pi_std=0.194186, effC=2.79, Lvar=0.000000, Lvar_active=0.0000, scale/adh_std=1
Epoch [110/200], Average Loss: 0.178738
  Diagnostics: H_ent_norm=0.0933, H_maxp=0.9510, pi_ent_norm=0.7190, pi_std=0.197704, effC=2.76, Lvar=0.000000, Lvar_active=0.0000, scale/adh_std=1
Epoch [120/200], Average Loss: 0.169746
  Diagnostics: H_ent_norm=0.0847, H_maxp=0.9554, pi_ent_norm=0.7109, pi_std=0.200968, effC=2.73, Lvar=0.000000, Lvar_active=0.0000, scale/adh_std=1
Epoch [130/200], Average Loss: 0.162110
  Diagnostics: H_ent_norm=0.0778, H_maxp=0.9590, pi_ent_norm=0.7034, pi_std=0.204136, effC=2.71, Lvar=0.000000, Lvar_active=0.0000, scale/adh_std=1
Epoch [140/200], Average Loss: 0.153811
  Diagnostics: H_ent_norm=0.0721, H_maxp=0.9621, pi_ent_norm=0.6959, pi_std=0.207496, effC=2.68, Lvar=0.000000, Lvar_active=0.0000, scale/adh_std=1
Epoch [150/200], Average Loss: 0.147607
  Diagnostics: H_ent_norm=0.0670, H_maxp=0.9650, pi_ent_norm=0.6882, pi_std=0.210960, effC=2.65, Lvar=0.000000, Lvar_active=0.0000, scale/adh_std=1
Epoch [160/200], Average Loss: 0.140575
  Diagnostics: H_ent_norm=0.0626, H_maxp=0.9674, pi_ent_norm=0.6797, pi_std=0.214768, effC=2.62, Lvar=0.000000, Lvar_active=0.0000, scale/adh_std=1
Epoch [170/200], Average Loss: 0.134222
  Diagnostics: H_ent_norm=0.0589, H_maxp=0.9693, pi_ent_norm=0.6706, pi_std=0.218837, effC=2.58, Lvar=0.000000, Lvar_active=0.0000, scale/adh_std=1
Epoch [180/200], Average Loss: 0.128592
  Diagnostics: H_ent_norm=0.0555, H_maxp=0.9712, pi_ent_norm=0.6600, pi_std=0.223330, effC=2.54, Lvar=0.000000, Lvar_active=0.0000, scale/adh_std=1
Epoch [190/200], Average Loss: 0.121588
  Diagnostics: H_ent_norm=0.0527, H_maxp=0.9727, pi_ent_norm=0.6480, pi_std=0.228277, effC=2.50, Lvar=0.000000, Lvar_active=0.0000, scale/adh_std=1
Epoch [200/200], Average Loss: 0.115036
  Diagnostics: H_ent_norm=0.0502, H_maxp=0.9739, pi_ent_norm=0.6329, pi_std=0.234142, effC=2.45, Lvar=0.000000, Lvar_active=0.0000, scale/adh_std=1
训练完成！实际训练 200 个epochs

--- 评估阶段 ---
  Facebook: AUROC=0.4964, AUPRC=0.0684
  cora: AUROC=0.6937, AUPRC=0.1985
  citeseer: AUROC=0.7563, AUPRC=0.1805
  ACM: AUROC=0.7422, AUPRC=0.3064
  BlogCatalog: AUROC=0.7076, AUPRC=0.3109
  weibo: AUROC=0.7270, AUPRC=0.3406
  Reddit: AUROC=0.5695, AUPRC=0.0406
  Amazon: AUROC=0.5600, AUPRC=0.0817

--- 保存模型 ---
检查点已保存到: /autodl-fs/data/recap/tuning_hyperparams/sensitivity_results/sensitivity_paper_final/checkpoints/lambda_H__0p65/recap/trial_1/model.pt
模型已保存到: /autodl-fs/data/recap/tuning_hyperparams/sensitivity_results/sensitivity_paper_final/checkpoints/lambda_H__0p65/recap/trial_1/model.pt

======================================================================
Trial 2 开始训练 (seed=2)
======================================================================
🔧 模型初始化视图数: 1 (单视图模式)

--- 训练阶段 ---
开始训练，共 200 个epochs...
关闭early stopping，训练将跑满设定epochs
🔧 Assignment layer LR multiplier: 10 (base_lr=5e-05, assignment_lr=0.0005)
Epoch [1/200], Average Loss: 0.861061
  Diagnostics: H_ent_norm=0.9973, H_maxp=0.2693, pi_ent_norm=1.0000, pi_std=0.001030, effC=4.00, Lvar=0.000000, Lvar_active=0.0000, scale/adh_std=1
Epoch [10/200], Average Loss: 0.855615
  Diagnostics: H_ent_norm=0.9928, H_maxp=0.2815, pi_ent_norm=1.0000, pi_std=0.001879, effC=4.00, Lvar=0.000000, Lvar_active=0.0000, scale/adh_std=1
Epoch [20/200], Average Loss: 0.844373
  Diagnostics: H_ent_norm=0.9510, H_maxp=0.3451, pi_ent_norm=0.9997, pi_std=0.006300, effC=4.00, Lvar=0.000000, Lvar_active=0.0000, scale/adh_std=1
Epoch [30/200], Average Loss: 0.709008
  Diagnostics: H_ent_norm=0.7091, H_maxp=0.5532, pi_ent_norm=0.9849, pi_std=0.046099, effC=3.92, Lvar=0.000000, Lvar_active=0.0000, scale/adh_std=1
Epoch [40/200], Average Loss: 0.501163
  Diagnostics: H_ent_norm=0.4567, H_maxp=0.7318, pi_ent_norm=0.9034, pi_std=0.113686, effC=3.51, Lvar=0.000000, Lvar_active=0.0000, scale/adh_std=1
Epoch [50/200], Average Loss: 0.398272
  Diagnostics: H_ent_norm=0.3456, H_maxp=0.8056, pi_ent_norm=0.8442, pi_std=0.147233, effC=3.24, Lvar=0.000000, Lvar_active=0.0000, scale/adh_std=1
Epoch [60/200], Average Loss: 0.319142
  Diagnostics: H_ent_norm=0.2670, H_maxp=0.8587, pi_ent_norm=0.7869, pi_std=0.177361, effC=2.99, Lvar=0.000000, Lvar_active=0.0000, scale/adh_std=1
Epoch [70/200], Average Loss: 0.245157
  Diagnostics: H_ent_norm=0.1924, H_maxp=0.9032, pi_ent_norm=0.7231, pi_std=0.205709, effC=2.74, Lvar=0.000000, Lvar_active=0.0000, scale/adh_std=1
Epoch [80/200], Average Loss: 0.189598
  Diagnostics: H_ent_norm=0.1425, H_maxp=0.9292, pi_ent_norm=0.6756, pi_std=0.222686, effC=2.57, Lvar=0.000000, Lvar_active=0.0000, scale/adh_std=1
Epoch [90/200], Average Loss: 0.158877
  Diagnostics: H_ent_norm=0.1146, H_maxp=0.9428, pi_ent_norm=0.6470, pi_std=0.231472, effC=2.47, Lvar=0.000000, Lvar_active=0.0000, scale/adh_std=1
Epoch [100/200], Average Loss: 0.139062
  Diagnostics: H_ent_norm=0.0973, H_maxp=0.9513, pi_ent_norm=0.6279, pi_std=0.236804, effC=2.41, Lvar=0.000000, Lvar_active=0.0000, scale/adh_std=1
Epoch [110/200], Average Loss: 0.123697
  Diagnostics: H_ent_norm=0.0856, H_maxp=0.9570, pi_ent_norm=0.6143, pi_std=0.240384, effC=2.37, Lvar=0.000000, Lvar_active=0.0000, scale/adh_std=1
Epoch [120/200], Average Loss: 0.113218
  Diagnostics: H_ent_norm=0.0770, H_maxp=0.9612, pi_ent_norm=0.6038, pi_std=0.243054, effC=2.34, Lvar=0.000000, Lvar_active=0.0000, scale/adh_std=1
Epoch [130/200], Average Loss: 0.102632
  Diagnostics: H_ent_norm=0.0703, H_maxp=0.9646, pi_ent_norm=0.5953, pi_std=0.245122, effC=2.31, Lvar=0.000000, Lvar_active=0.0000, scale/adh_std=1
Epoch [140/200], Average Loss: 0.096248
  Diagnostics: H_ent_norm=0.0647, H_maxp=0.9675, pi_ent_norm=0.5866, pi_std=0.247116, effC=2.29, Lvar=0.000000, Lvar_active=0.0000, scale/adh_std=1
Epoch [150/200], Average Loss: 0.089897
  Diagnostics: H_ent_norm=0.0601, H_maxp=0.9698, pi_ent_norm=0.5806, pi_std=0.248478, effC=2.27, Lvar=0.000000, Lvar_active=0.0000, scale/adh_std=1
Epoch [160/200], Average Loss: 0.084522
  Diagnostics: H_ent_norm=0.0559, H_maxp=0.9719, pi_ent_norm=0.5742, pi_std=0.249952, effC=2.25, Lvar=0.000000, Lvar_active=0.0000, scale/adh_std=1
Epoch [170/200], Average Loss: 0.079700
  Diagnostics: H_ent_norm=0.0522, H_maxp=0.9738, pi_ent_norm=0.5688, pi_std=0.251161, effC=2.23, Lvar=0.000000, Lvar_active=0.0000, scale/adh_std=1
Epoch [180/200], Average Loss: 0.074873
  Diagnostics: H_ent_norm=0.0491, H_maxp=0.9755, pi_ent_norm=0.5646, pi_std=0.252093, effC=2.22, Lvar=0.000000, Lvar_active=0.0000, scale/adh_std=1
Epoch [190/200], Average Loss: 0.071094
  Diagnostics: H_ent_norm=0.0463, H_maxp=0.9769, pi_ent_norm=0.5609, pi_std=0.252869, effC=2.21, Lvar=0.000000, Lvar_active=0.0000, scale/adh_std=1
Epoch [200/200], Average Loss: 0.068146
  Diagnostics: H_ent_norm=0.0436, H_maxp=0.9783, pi_ent_norm=0.5573, pi_std=0.253644, effC=2.20, Lvar=0.000000, Lvar_active=0.0000, scale/adh_std=1
训练完成！实际训练 200 个epochs

--- 评估阶段 ---
  Facebook: AUROC=0.5220, AUPRC=0.0337
  cora: AUROC=0.6613, AUPRC=0.1327
  citeseer: AUROC=0.7244, AUPRC=0.1705
  ACM: AUROC=0.7253, AUPRC=0.2933
  BlogCatalog: AUROC=0.7107, AUPRC=0.3085
  weibo: AUROC=0.7411, AUPRC=0.2235
  Reddit: AUROC=0.5220, AUPRC=0.0362
  Amazon: AUROC=0.6762, AUPRC=0.1209

--- 保存模型 ---
检查点已保存到: /autodl-fs/data/recap/tuning_hyperparams/sensitivity_results/sensitivity_paper_final/checkpoints/lambda_H__0p65/recap/trial_2/model.pt
模型已保存到: /autodl-fs/data/recap/tuning_hyperparams/sensitivity_results/sensitivity_paper_final/checkpoints/lambda_H__0p65/recap/trial_2/model.pt

======================================================================
聚合 3 次试验的结果
======================================================================

------------------------- Facebook -------------------------
AUROC: 0.5392 ± 0.0437
AUPRC: 0.0807 ± 0.0443

------------------------- cora -------------------------
AUROC: 0.6683 ± 0.0186
AUPRC: 0.1507 ± 0.0342

------------------------- citeseer -------------------------
AUROC: 0.7285 ± 0.0212
AUPRC: 0.1686 ± 0.0107

------------------------- ACM -------------------------
AUROC: 0.7289 ± 0.0097
AUPRC: 0.2960 ± 0.0076

------------------------- BlogCatalog -------------------------
AUROC: 0.7038 ± 0.0076
AUPRC: 0.3078 ± 0.0029

------------------------- weibo -------------------------
AUROC: 0.7356 ± 0.0062
AUPRC: 0.2845 ± 0.0479

------------------------- Reddit -------------------------
AUROC: 0.5546 ± 0.0231
AUPRC: 0.0391 ± 0.0020

------------------------- Amazon -------------------------
AUROC: 0.6134 ± 0.0479
AUPRC: 0.1033 ± 0.0163


======================================================================
训练完成！
所有模型已保存到: /autodl-fs/data/recap/tuning_hyperparams/sensitivity_results/sensitivity_paper_final/checkpoints/lambda_H__0p65/recap/
======================================================================

