/root/miniconda3/lib/python3.12/site-packages/torch_geometric/__init__.py:4: UserWarning: An issue occurred while importing 'torch-scatter'. Disabling its usage. Stacktrace: Could not load this library: /root/miniconda3/lib/python3.12/site-packages/torch_scatter/_version_cuda.so
  import torch_geometric.typing
/root/miniconda3/lib/python3.12/site-packages/torch_geometric/__init__.py:4: UserWarning: An issue occurred while importing 'torch-cluster'. Disabling its usage. Stacktrace: Could not load this library: /root/miniconda3/lib/python3.12/site-packages/torch_cluster/_version_cuda.so
  import torch_geometric.typing
/root/miniconda3/lib/python3.12/site-packages/torch_geometric/__init__.py:4: UserWarning: An issue occurred while importing 'torch-spline-conv'. Disabling its usage. Stacktrace: Could not load this library: /root/miniconda3/lib/python3.12/site-packages/torch_spline_conv/_version_cuda.so
  import torch_geometric.typing
/root/miniconda3/lib/python3.12/site-packages/torch_geometric/__init__.py:4: UserWarning: An issue occurred while importing 'torch-sparse'. Disabling its usage. Stacktrace: Could not load this library: /root/miniconda3/lib/python3.12/site-packages/torch_sparse/_version_cuda.so
  import torch_geometric.typing
使用保存的最佳模型配置

======================================================================
recap 异常检测模型训练
======================================================================

📋 训练配置:
  device: cuda:0
  epochs: 200
  trials: 3
  seed: 0
  output_dir: /autodl-fs/data/recap/tuning_hyperparams/sensitivity_results/sensitivity_paper_final/checkpoints/lambda_H__1p2
  save_checkpoint: True
  early_stop: False
  patience: 30
  log_diagnostics: True
  diagnostics_interval: 10

🔧 模型配置:
  model: recap
  lr: 5e-05
  dropout_rate: 0.2
  h_feats: 256
  num_hops: 3
  weight_decay: 5e-05
  dims: 32
  num_layers: 2
  activation: ELU
  num_views: 1
  num_clusters: 28
  knn_k: 20
  cluster_lr_multiplier: 10.0
  tau_s: 0.05
  sim_block_size: 256
  knn_cache_enabled: True
  knn_cache_dir: /autodl-fs/data/recap/knn_cache
  knn_search_dtype: auto
  lambda_H: 1.2
  lambda_bal: 0.01
  lambda_E: 0.1
  gamma: 0.1
  tau_e: 1.0
  beta: 0.005
  eps: 1e-08
  lambda_ortho: 1.2
  lambda_min_usage: 0.01
  lambda_diversity: 0.1
  min_cluster_ratio: 0.1

💾 保存设置:
  保存目录：/autodl-fs/data/recap/tuning_hyperparams/sensitivity_results/sensitivity_paper_final/checkpoints/lambda_H__1p2
  保存检查点：True
======================================================================


📊 使用指定的训练数据集: ['pubmed', 'Flickr', 'questions', 'YelpChi']

📊 使用指定的测试数据集: ['Facebook', 'cora', 'citeseer', 'ACM', 'BlogCatalog', 'weibo', 'Reddit', 'Amazon']
加载 4 个训练数据集: ['pubmed', 'Flickr', 'questions', 'YelpChi']
加载 8 个测试数据集: ['Facebook', 'cora', 'citeseer', 'ACM', 'BlogCatalog', 'weibo', 'Reddit', 'Amazon']
进行 3 跳特征传播...

======================================================================
Trial 0 开始训练 (seed=0)
======================================================================
🔧 模型初始化视图数: 1 (单视图模式)

--- 训练阶段 ---
开始训练，共 200 个epochs...
关闭early stopping，训练将跑满设定epochs
🔧 Assignment layer LR multiplier: 10 (base_lr=5e-05, assignment_lr=0.0005)
Epoch [1/200], Average Loss: 3.963542
  Diagnostics: H_ent_norm=0.9976, H_maxp=0.0432, pi_ent_norm=1.0000, pi_std=0.000321, effC=28.00, Lvar=0.000000, Lvar_active=0.0000, scale/adh_std=1
Epoch [10/200], Average Loss: 3.953611
  Diagnostics: H_ent_norm=0.9934, H_maxp=0.0499, pi_ent_norm=1.0000, pi_std=0.000503, effC=28.00, Lvar=0.000000, Lvar_active=0.0000, scale/adh_std=1
Epoch [20/200], Average Loss: 3.921180
  Diagnostics: H_ent_norm=0.9753, H_maxp=0.0690, pi_ent_norm=0.9999, pi_std=0.001023, effC=27.99, Lvar=0.000000, Lvar_active=0.0000, scale/adh_std=1
Epoch [30/200], Average Loss: 3.619717
  Diagnostics: H_ent_norm=0.8725, H_maxp=0.1415, pi_ent_norm=0.9901, pi_std=0.008659, effC=27.09, Lvar=0.000000, Lvar_active=0.0000, scale/adh_std=1
Epoch [40/200], Average Loss: 2.646027
  Diagnostics: H_ent_norm=0.6224, H_maxp=0.3703, pi_ent_norm=0.8661, pi_std=0.036801, effC=18.58, Lvar=0.000000, Lvar_active=0.0000, scale/adh_std=1
Epoch [50/200], Average Loss: 1.759657
  Diagnostics: H_ent_norm=0.4136, H_maxp=0.6204, pi_ent_norm=0.7044, pi_std=0.062950, effC=12.26, Lvar=0.000000, Lvar_active=0.0000, scale/adh_std=1
Epoch [60/200], Average Loss: 1.373369
  Diagnostics: H_ent_norm=0.3236, H_maxp=0.7100, pi_ent_norm=0.6277, pi_std=0.072758, effC=9.92, Lvar=0.000000, Lvar_active=0.0000, scale/adh_std=1
Epoch [70/200], Average Loss: 1.124089
  Diagnostics: H_ent_norm=0.2652, H_maxp=0.7660, pi_ent_norm=0.5791, pi_std=0.079105, effC=8.23, Lvar=0.000000, Lvar_active=0.0000, scale/adh_std=1
Epoch [80/200], Average Loss: 0.903998
  Diagnostics: H_ent_norm=0.2097, H_maxp=0.8157, pi_ent_norm=0.5313, pi_std=0.085763, effC=6.51, Lvar=0.000000, Lvar_active=0.0000, scale/adh_std=1
Epoch [90/200], Average Loss: 0.687755
  Diagnostics: H_ent_norm=0.1534, H_maxp=0.8645, pi_ent_norm=0.4806, pi_std=0.093252, effC=5.17, Lvar=0.000000, Lvar_active=0.0000, scale/adh_std=1
Epoch [100/200], Average Loss: 0.510123
  Diagnostics: H_ent_norm=0.1103, H_maxp=0.9042, pi_ent_norm=0.4381, pi_std=0.100924, effC=4.41, Lvar=0.000000, Lvar_active=0.0000, scale/adh_std=1
Epoch [110/200], Average Loss: 0.406643
  Diagnostics: H_ent_norm=0.0870, H_maxp=0.9244, pi_ent_norm=0.4118, pi_std=0.105663, effC=4.04, Lvar=0.000000, Lvar_active=0.0000, scale/adh_std=1
Epoch [120/200], Average Loss: 0.347654
  Diagnostics: H_ent_norm=0.0741, H_maxp=0.9353, pi_ent_norm=0.3960, pi_std=0.108247, effC=3.85, Lvar=0.000000, Lvar_active=0.0000, scale/adh_std=1
Epoch [130/200], Average Loss: 0.312451
  Diagnostics: H_ent_norm=0.0657, H_maxp=0.9424, pi_ent_norm=0.3850, pi_std=0.109940, effC=3.72, Lvar=0.000000, Lvar_active=0.0000, scale/adh_std=1
Epoch [140/200], Average Loss: 0.282830
  Diagnostics: H_ent_norm=0.0594, H_maxp=0.9477, pi_ent_norm=0.3764, pi_std=0.111207, effC=3.62, Lvar=0.000000, Lvar_active=0.0000, scale/adh_std=1
Epoch [150/200], Average Loss: 0.262734
  Diagnostics: H_ent_norm=0.0544, H_maxp=0.9519, pi_ent_norm=0.3694, pi_std=0.112219, effC=3.53, Lvar=0.000000, Lvar_active=0.0000, scale/adh_std=1
Epoch [160/200], Average Loss: 0.241111
  Diagnostics: H_ent_norm=0.0503, H_maxp=0.9555, pi_ent_norm=0.3634, pi_std=0.113083, effC=3.47, Lvar=0.000000, Lvar_active=0.0000, scale/adh_std=1
Epoch [170/200], Average Loss: 0.228957
  Diagnostics: H_ent_norm=0.0468, H_maxp=0.9583, pi_ent_norm=0.3582, pi_std=0.113811, effC=3.41, Lvar=0.000000, Lvar_active=0.0000, scale/adh_std=1
Epoch [180/200], Average Loss: 0.220282
  Diagnostics: H_ent_norm=0.0439, H_maxp=0.9607, pi_ent_norm=0.3536, pi_std=0.114467, effC=3.36, Lvar=0.000000, Lvar_active=0.0000, scale/adh_std=1
Epoch [190/200], Average Loss: 0.206744
  Diagnostics: H_ent_norm=0.0413, H_maxp=0.9628, pi_ent_norm=0.3493, pi_std=0.115108, effC=3.31, Lvar=0.000000, Lvar_active=0.0000, scale/adh_std=1
Epoch [200/200], Average Loss: 0.196302
  Diagnostics: H_ent_norm=0.0390, H_maxp=0.9648, pi_ent_norm=0.3454, pi_std=0.115663, effC=3.27, Lvar=0.000000, Lvar_active=0.0000, scale/adh_std=1
训练完成！实际训练 200 个epochs

--- 评估阶段 ---
  Facebook: AUROC=0.5650, AUPRC=0.0431
  cora: AUROC=0.7483, AUPRC=0.2013
  citeseer: AUROC=0.8042, AUPRC=0.2339
  ACM: AUROC=0.7516, AUPRC=0.3261
  BlogCatalog: AUROC=0.7200, AUPRC=0.3229
  weibo: AUROC=0.7873, AUPRC=0.3066
  Reddit: AUROC=0.5698, AUPRC=0.0414
  Amazon: AUROC=0.6599, AUPRC=0.1139

--- 保存模型 ---
检查点已保存到: /autodl-fs/data/recap/tuning_hyperparams/sensitivity_results/sensitivity_paper_final/checkpoints/lambda_H__1p2/recap/trial_0/model.pt
模型已保存到: /autodl-fs/data/recap/tuning_hyperparams/sensitivity_results/sensitivity_paper_final/checkpoints/lambda_H__1p2/recap/trial_0/model.pt

======================================================================
Trial 1 开始训练 (seed=1)
======================================================================
🔧 模型初始化视图数: 1 (单视图模式)

--- 训练阶段 ---
开始训练，共 200 个epochs...
关闭early stopping，训练将跑满设定epochs
🔧 Assignment layer LR multiplier: 10 (base_lr=5e-05, assignment_lr=0.0005)
Epoch [1/200], Average Loss: 3.963934
  Diagnostics: H_ent_norm=0.9976, H_maxp=0.0434, pi_ent_norm=1.0000, pi_std=0.000290, effC=28.00, Lvar=0.000001, Lvar_active=0.0003, scale/adh_std=1
Epoch [10/200], Average Loss: 3.951590
  Diagnostics: H_ent_norm=0.9927, H_maxp=0.0512, pi_ent_norm=1.0000, pi_std=0.000545, effC=28.00, Lvar=0.000001, Lvar_active=0.0003, scale/adh_std=1
Epoch [20/200], Average Loss: 3.914241
  Diagnostics: H_ent_norm=0.9723, H_maxp=0.0714, pi_ent_norm=0.9998, pi_std=0.001342, effC=27.98, Lvar=0.000000, Lvar_active=0.0000, scale/adh_std=1
Epoch [30/200], Average Loss: 3.577070
  Diagnostics: H_ent_norm=0.8613, H_maxp=0.1478, pi_ent_norm=0.9881, pi_std=0.010160, effC=26.92, Lvar=0.000000, Lvar_active=0.0000, scale/adh_std=1
Epoch [40/200], Average Loss: 2.597268
  Diagnostics: H_ent_norm=0.6036, H_maxp=0.4260, pi_ent_norm=0.8583, pi_std=0.043909, effC=17.79, Lvar=0.000000, Lvar_active=0.0000, scale/adh_std=1
Epoch [50/200], Average Loss: 1.319585
  Diagnostics: H_ent_norm=0.3004, H_maxp=0.7462, pi_ent_norm=0.6075, pi_std=0.084562, effC=7.75, Lvar=0.000000, Lvar_active=0.0000, scale/adh_std=1
Epoch [60/200], Average Loss: 0.803263
  Diagnostics: H_ent_norm=0.1836, H_maxp=0.8439, pi_ent_norm=0.5018, pi_std=0.098446, effC=5.52, Lvar=0.000000, Lvar_active=0.0000, scale/adh_std=1
Epoch [70/200], Average Loss: 0.611466
  Diagnostics: H_ent_norm=0.1399, H_maxp=0.8793, pi_ent_norm=0.4608, pi_std=0.102878, effC=4.85, Lvar=0.000000, Lvar_active=0.0000, scale/adh_std=1
Epoch [80/200], Average Loss: 0.509759
  Diagnostics: H_ent_norm=0.1163, H_maxp=0.8984, pi_ent_norm=0.4386, pi_std=0.105065, effC=4.52, Lvar=0.000000, Lvar_active=0.0000, scale/adh_std=1
Epoch [90/200], Average Loss: 0.442108
  Diagnostics: H_ent_norm=0.1007, H_maxp=0.9113, pi_ent_norm=0.4235, pi_std=0.106513, effC=4.30, Lvar=0.000000, Lvar_active=0.0000, scale/adh_std=1
Epoch [100/200], Average Loss: 0.394854
  Diagnostics: H_ent_norm=0.0894, H_maxp=0.9207, pi_ent_norm=0.4120, pi_std=0.107621, effC=4.14, Lvar=0.000000, Lvar_active=0.0000, scale/adh_std=1
Epoch [110/200], Average Loss: 0.356760
  Diagnostics: H_ent_norm=0.0806, H_maxp=0.9282, pi_ent_norm=0.4028, pi_std=0.108535, effC=4.01, Lvar=0.000000, Lvar_active=0.0000, scale/adh_std=1
Epoch [120/200], Average Loss: 0.328656
  Diagnostics: H_ent_norm=0.0735, H_maxp=0.9341, pi_ent_norm=0.3949, pi_std=0.109365, effC=3.91, Lvar=0.000000, Lvar_active=0.0000, scale/adh_std=1
Epoch [130/200], Average Loss: 0.305326
  Diagnostics: H_ent_norm=0.0678, H_maxp=0.9390, pi_ent_norm=0.3878, pi_std=0.110226, effC=3.81, Lvar=0.000000, Lvar_active=0.0000, scale/adh_std=1
Epoch [140/200], Average Loss: 0.282947
  Diagnostics: H_ent_norm=0.0628, H_maxp=0.9433, pi_ent_norm=0.3815, pi_std=0.111027, effC=3.73, Lvar=0.000000, Lvar_active=0.0000, scale/adh_std=1
Epoch [150/200], Average Loss: 0.263250
  Diagnostics: H_ent_norm=0.0586, H_maxp=0.9471, pi_ent_norm=0.3757, pi_std=0.111778, effC=3.65, Lvar=0.000000, Lvar_active=0.0000, scale/adh_std=1
Epoch [160/200], Average Loss: 0.248354
  Diagnostics: H_ent_norm=0.0548, H_maxp=0.9504, pi_ent_norm=0.3704, pi_std=0.112492, effC=3.58, Lvar=0.000000, Lvar_active=0.0000, scale/adh_std=1
Epoch [170/200], Average Loss: 0.238162
  Diagnostics: H_ent_norm=0.0515, H_maxp=0.9534, pi_ent_norm=0.3651, pi_std=0.113244, effC=3.52, Lvar=0.000000, Lvar_active=0.0000, scale/adh_std=1
Epoch [180/200], Average Loss: 0.225224
  Diagnostics: H_ent_norm=0.0486, H_maxp=0.9558, pi_ent_norm=0.3600, pi_std=0.114011, effC=3.46, Lvar=0.000000, Lvar_active=0.0000, scale/adh_std=1
Epoch [190/200], Average Loss: 0.214514
  Diagnostics: H_ent_norm=0.0460, H_maxp=0.9581, pi_ent_norm=0.3552, pi_std=0.114745, effC=3.40, Lvar=0.000000, Lvar_active=0.0000, scale/adh_std=1
Epoch [200/200], Average Loss: 0.203573
  Diagnostics: H_ent_norm=0.0437, H_maxp=0.9601, pi_ent_norm=0.3505, pi_std=0.115469, effC=3.34, Lvar=0.000000, Lvar_active=0.0000, scale/adh_std=1
训练完成！实际训练 200 个epochs

--- 评估阶段 ---
  Facebook: AUROC=0.5502, AUPRC=0.0604
  cora: AUROC=0.6884, AUPRC=0.1409
  citeseer: AUROC=0.7671, AUPRC=0.2251
  ACM: AUROC=0.7411, AUPRC=0.3230
  BlogCatalog: AUROC=0.7206, AUPRC=0.3180
  weibo: AUROC=0.7676, AUPRC=0.2893
  Reddit: AUROC=0.5571, AUPRC=0.0413
  Amazon: AUROC=0.6496, AUPRC=0.1055

--- 保存模型 ---
检查点已保存到: /autodl-fs/data/recap/tuning_hyperparams/sensitivity_results/sensitivity_paper_final/checkpoints/lambda_H__1p2/recap/trial_1/model.pt
模型已保存到: /autodl-fs/data/recap/tuning_hyperparams/sensitivity_results/sensitivity_paper_final/checkpoints/lambda_H__1p2/recap/trial_1/model.pt

======================================================================
Trial 2 开始训练 (seed=2)
======================================================================
🔧 模型初始化视图数: 1 (单视图模式)

--- 训练阶段 ---
开始训练，共 200 个epochs...
关闭early stopping，训练将跑满设定epochs
🔧 Assignment layer LR multiplier: 10 (base_lr=5e-05, assignment_lr=0.0005)
Epoch [1/200], Average Loss: 3.964226
  Diagnostics: H_ent_norm=0.9975, H_maxp=0.0434, pi_ent_norm=1.0000, pi_std=0.000329, effC=28.00, Lvar=0.000000, Lvar_active=0.0000, scale/adh_std=1
Epoch [10/200], Average Loss: 3.954237
  Diagnostics: H_ent_norm=0.9938, H_maxp=0.0493, pi_ent_norm=1.0000, pi_std=0.000535, effC=28.00, Lvar=0.000000, Lvar_active=0.0000, scale/adh_std=1
Epoch [20/200], Average Loss: 3.923463
  Diagnostics: H_ent_norm=0.9772, H_maxp=0.0679, pi_ent_norm=0.9998, pi_std=0.001110, effC=27.99, Lvar=0.000000, Lvar_active=0.0000, scale/adh_std=1
Epoch [30/200], Average Loss: 3.660911
  Diagnostics: H_ent_norm=0.8838, H_maxp=0.1382, pi_ent_norm=0.9930, pi_std=0.007443, effC=27.36, Lvar=0.000000, Lvar_active=0.0000, scale/adh_std=1
Epoch [40/200], Average Loss: 2.764841
  Diagnostics: H_ent_norm=0.6443, H_maxp=0.3733, pi_ent_norm=0.8967, pi_std=0.032445, effC=20.21, Lvar=0.000000, Lvar_active=0.0000, scale/adh_std=1
Epoch [50/200], Average Loss: 1.795074
  Diagnostics: H_ent_norm=0.4156, H_maxp=0.6243, pi_ent_norm=0.7220, pi_std=0.064411, effC=12.09, Lvar=0.000000, Lvar_active=0.0000, scale/adh_std=1
Epoch [60/200], Average Loss: 1.152628
  Diagnostics: H_ent_norm=0.2626, H_maxp=0.7748, pi_ent_norm=0.5852, pi_std=0.088055, effC=7.23, Lvar=0.000000, Lvar_active=0.0000, scale/adh_std=1
Epoch [70/200], Average Loss: 0.773949
  Diagnostics: H_ent_norm=0.1747, H_maxp=0.8490, pi_ent_norm=0.5022, pi_std=0.099778, effC=5.45, Lvar=0.000000, Lvar_active=0.0000, scale/adh_std=1
Epoch [80/200], Average Loss: 0.602876
  Diagnostics: H_ent_norm=0.1354, H_maxp=0.8815, pi_ent_norm=0.4613, pi_std=0.104753, effC=4.78, Lvar=0.000000, Lvar_active=0.0000, scale/adh_std=1
Epoch [90/200], Average Loss: 0.503776
  Diagnostics: H_ent_norm=0.1127, H_maxp=0.9010, pi_ent_norm=0.4355, pi_std=0.107802, effC=4.40, Lvar=0.000000, Lvar_active=0.0000, scale/adh_std=1
Epoch [100/200], Average Loss: 0.437149
  Diagnostics: H_ent_norm=0.0973, H_maxp=0.9144, pi_ent_norm=0.4166, pi_std=0.110058, effC=4.13, Lvar=0.000000, Lvar_active=0.0000, scale/adh_std=1
Epoch [110/200], Average Loss: 0.388606
  Diagnostics: H_ent_norm=0.0859, H_maxp=0.9243, pi_ent_norm=0.4013, pi_std=0.111917, effC=3.93, Lvar=0.000000, Lvar_active=0.0000, scale/adh_std=1
Epoch [120/200], Average Loss: 0.348401
  Diagnostics: H_ent_norm=0.0769, H_maxp=0.9324, pi_ent_norm=0.3881, pi_std=0.113583, effC=3.76, Lvar=0.000000, Lvar_active=0.0000, scale/adh_std=1
Epoch [130/200], Average Loss: 0.319461
  Diagnostics: H_ent_norm=0.0696, H_maxp=0.9389, pi_ent_norm=0.3772, pi_std=0.114955, effC=3.62, Lvar=0.000000, Lvar_active=0.0000, scale/adh_std=1
Epoch [140/200], Average Loss: 0.296495
  Diagnostics: H_ent_norm=0.0638, H_maxp=0.9438, pi_ent_norm=0.3677, pi_std=0.116159, effC=3.51, Lvar=0.000000, Lvar_active=0.0000, scale/adh_std=1
Epoch [150/200], Average Loss: 0.272206
  Diagnostics: H_ent_norm=0.0589, H_maxp=0.9481, pi_ent_norm=0.3590, pi_std=0.117230, effC=3.41, Lvar=0.000000, Lvar_active=0.0000, scale/adh_std=1
Epoch [160/200], Average Loss: 0.255615
  Diagnostics: H_ent_norm=0.0547, H_maxp=0.9518, pi_ent_norm=0.3515, pi_std=0.118190, effC=3.32, Lvar=0.000000, Lvar_active=0.0000, scale/adh_std=1
Epoch [170/200], Average Loss: 0.241264
  Diagnostics: H_ent_norm=0.0510, H_maxp=0.9551, pi_ent_norm=0.3445, pi_std=0.119093, effC=3.24, Lvar=0.000000, Lvar_active=0.0000, scale/adh_std=1
Epoch [180/200], Average Loss: 0.225276
  Diagnostics: H_ent_norm=0.0478, H_maxp=0.9579, pi_ent_norm=0.3380, pi_std=0.119936, effC=3.17, Lvar=0.000000, Lvar_active=0.0000, scale/adh_std=1
Epoch [190/200], Average Loss: 0.213060
  Diagnostics: H_ent_norm=0.0450, H_maxp=0.9603, pi_ent_norm=0.3319, pi_std=0.120720, effC=3.10, Lvar=0.000000, Lvar_active=0.0000, scale/adh_std=1
Epoch [200/200], Average Loss: 0.204611
  Diagnostics: H_ent_norm=0.0425, H_maxp=0.9625, pi_ent_norm=0.3261, pi_std=0.121452, effC=3.04, Lvar=0.000000, Lvar_active=0.0000, scale/adh_std=1
训练完成！实际训练 200 个epochs

--- 评估阶段 ---
  Facebook: AUROC=0.5634, AUPRC=0.0352
  cora: AUROC=0.7306, AUPRC=0.1787
  citeseer: AUROC=0.7819, AUPRC=0.2312
  ACM: AUROC=0.7463, AUPRC=0.3277
  BlogCatalog: AUROC=0.7277, AUPRC=0.3071
  weibo: AUROC=0.7608, AUPRC=0.3261
  Reddit: AUROC=0.5579, AUPRC=0.0400
  Amazon: AUROC=0.6278, AUPRC=0.0980

--- 保存模型 ---
检查点已保存到: /autodl-fs/data/recap/tuning_hyperparams/sensitivity_results/sensitivity_paper_final/checkpoints/lambda_H__1p2/recap/trial_2/model.pt
模型已保存到: /autodl-fs/data/recap/tuning_hyperparams/sensitivity_results/sensitivity_paper_final/checkpoints/lambda_H__1p2/recap/trial_2/model.pt

======================================================================
聚合 3 次试验的结果
======================================================================

------------------------- Facebook -------------------------
AUROC: 0.5595 ± 0.0066
AUPRC: 0.0462 ± 0.0106

------------------------- cora -------------------------
AUROC: 0.7224 ± 0.0251
AUPRC: 0.1736 ± 0.0249

------------------------- citeseer -------------------------
AUROC: 0.7844 ± 0.0153
AUPRC: 0.2300 ± 0.0037

------------------------- ACM -------------------------
AUROC: 0.7463 ± 0.0043
AUPRC: 0.3256 ± 0.0019

------------------------- BlogCatalog -------------------------
AUROC: 0.7228 ± 0.0035
AUPRC: 0.3160 ± 0.0066

------------------------- weibo -------------------------
AUROC: 0.7719 ± 0.0113
AUPRC: 0.3073 ± 0.0150

------------------------- Reddit -------------------------
AUROC: 0.5616 ± 0.0058
AUPRC: 0.0409 ± 0.0006

------------------------- Amazon -------------------------
AUROC: 0.6458 ± 0.0134
AUPRC: 0.1058 ± 0.0065


======================================================================
训练完成！
所有模型已保存到: /autodl-fs/data/recap/tuning_hyperparams/sensitivity_results/sensitivity_paper_final/checkpoints/lambda_H__1p2/recap/
======================================================================

