/root/miniconda3/lib/python3.12/site-packages/torch_geometric/__init__.py:4: UserWarning: An issue occurred while importing 'torch-scatter'. Disabling its usage. Stacktrace: Could not load this library: /root/miniconda3/lib/python3.12/site-packages/torch_scatter/_version_cuda.so
  import torch_geometric.typing
/root/miniconda3/lib/python3.12/site-packages/torch_geometric/__init__.py:4: UserWarning: An issue occurred while importing 'torch-cluster'. Disabling its usage. Stacktrace: Could not load this library: /root/miniconda3/lib/python3.12/site-packages/torch_cluster/_version_cuda.so
  import torch_geometric.typing
/root/miniconda3/lib/python3.12/site-packages/torch_geometric/__init__.py:4: UserWarning: An issue occurred while importing 'torch-spline-conv'. Disabling its usage. Stacktrace: Could not load this library: /root/miniconda3/lib/python3.12/site-packages/torch_spline_conv/_version_cuda.so
  import torch_geometric.typing
/root/miniconda3/lib/python3.12/site-packages/torch_geometric/__init__.py:4: UserWarning: An issue occurred while importing 'torch-sparse'. Disabling its usage. Stacktrace: Could not load this library: /root/miniconda3/lib/python3.12/site-packages/torch_sparse/_version_cuda.so
  import torch_geometric.typing
使用保存的最佳模型配置

======================================================================
recap 异常检测模型训练
======================================================================

📋 训练配置:
  device: cuda:0
  epochs: 200
  trials: 3
  seed: 0
  output_dir: /autodl-fs/data/recap/tuning_hyperparams/sensitivity_results/sensitivity_paper_final/checkpoints/lambda_H__1p5
  save_checkpoint: True
  early_stop: False
  patience: 30
  log_diagnostics: True
  diagnostics_interval: 10

🔧 模型配置:
  model: recap
  lr: 5e-05
  dropout_rate: 0.2
  h_feats: 256
  num_hops: 3
  weight_decay: 5e-05
  dims: 32
  num_layers: 2
  activation: ELU
  num_views: 1
  num_clusters: 28
  knn_k: 20
  cluster_lr_multiplier: 10.0
  tau_s: 0.05
  sim_block_size: 256
  knn_cache_enabled: True
  knn_cache_dir: /autodl-fs/data/recap/knn_cache
  knn_search_dtype: auto
  lambda_H: 1.5
  lambda_bal: 0.01
  lambda_E: 0.1
  gamma: 0.1
  tau_e: 1.0
  beta: 0.005
  eps: 1e-08
  lambda_ortho: 1.5
  lambda_min_usage: 0.01
  lambda_diversity: 0.1
  min_cluster_ratio: 0.1

💾 保存设置:
  保存目录：/autodl-fs/data/recap/tuning_hyperparams/sensitivity_results/sensitivity_paper_final/checkpoints/lambda_H__1p5
  保存检查点：True
======================================================================


📊 使用指定的训练数据集: ['pubmed', 'Flickr', 'questions', 'YelpChi']

📊 使用指定的测试数据集: ['Facebook', 'cora', 'citeseer', 'ACM', 'BlogCatalog', 'weibo', 'Reddit', 'Amazon']
加载 4 个训练数据集: ['pubmed', 'Flickr', 'questions', 'YelpChi']
加载 8 个测试数据集: ['Facebook', 'cora', 'citeseer', 'ACM', 'BlogCatalog', 'weibo', 'Reddit', 'Amazon']
进行 3 跳特征传播...

======================================================================
Trial 0 开始训练 (seed=0)
======================================================================
🔧 模型初始化视图数: 1 (单视图模式)

--- 训练阶段 ---
开始训练，共 200 个epochs...
关闭early stopping，训练将跑满设定epochs
🔧 Assignment layer LR multiplier: 10 (base_lr=5e-05, assignment_lr=0.0005)
Epoch [1/200], Average Loss: 4.949819
  Diagnostics: H_ent_norm=0.9974, H_maxp=0.0436, pi_ent_norm=1.0000, pi_std=0.000363, effC=28.00, Lvar=0.000000, Lvar_active=0.0000, scale/adh_std=1
Epoch [10/200], Average Loss: 4.925051
  Diagnostics: H_ent_norm=0.9877, H_maxp=0.0571, pi_ent_norm=0.9999, pi_std=0.000656, effC=28.00, Lvar=0.000000, Lvar_active=0.0000, scale/adh_std=1
Epoch [20/200], Average Loss: 4.772329
  Diagnostics: H_ent_norm=0.9383, H_maxp=0.1000, pi_ent_norm=0.9987, pi_std=0.002998, effC=27.88, Lvar=0.000000, Lvar_active=0.0000, scale/adh_std=1
Epoch [30/200], Average Loss: 3.953380
  Diagnostics: H_ent_norm=0.7530, H_maxp=0.2559, pi_ent_norm=0.9544, pi_std=0.019429, effC=24.17, Lvar=0.000000, Lvar_active=0.0000, scale/adh_std=1
Epoch [40/200], Average Loss: 2.694634
  Diagnostics: H_ent_norm=0.5085, H_maxp=0.5163, pi_ent_norm=0.8054, pi_std=0.047543, effC=15.82, Lvar=0.000000, Lvar_active=0.0000, scale/adh_std=1
Epoch [50/200], Average Loss: 1.941437
  Diagnostics: H_ent_norm=0.3713, H_maxp=0.6628, pi_ent_norm=0.6845, pi_std=0.065966, effC=11.65, Lvar=0.000000, Lvar_active=0.0000, scale/adh_std=1
Epoch [60/200], Average Loss: 1.565954
  Diagnostics: H_ent_norm=0.3017, H_maxp=0.7334, pi_ent_norm=0.6204, pi_std=0.075761, effC=9.52, Lvar=0.000000, Lvar_active=0.0000, scale/adh_std=1
Epoch [70/200], Average Loss: 1.229951
  Diagnostics: H_ent_norm=0.2368, H_maxp=0.7988, pi_ent_norm=0.5585, pi_std=0.086668, effC=7.25, Lvar=0.000000, Lvar_active=0.0000, scale/adh_std=1
Epoch [80/200], Average Loss: 0.881219
  Diagnostics: H_ent_norm=0.1647, H_maxp=0.8633, pi_ent_norm=0.4867, pi_std=0.098908, effC=5.26, Lvar=0.000000, Lvar_active=0.0000, scale/adh_std=1
Epoch [90/200], Average Loss: 0.651149
  Diagnostics: H_ent_norm=0.1209, H_maxp=0.8986, pi_ent_norm=0.4406, pi_std=0.105682, effC=4.45, Lvar=0.000000, Lvar_active=0.0000, scale/adh_std=1
Epoch [100/200], Average Loss: 0.530133
  Diagnostics: H_ent_norm=0.0987, H_maxp=0.9163, pi_ent_norm=0.4146, pi_std=0.109042, effC=4.10, Lvar=0.000000, Lvar_active=0.0000, scale/adh_std=1
Epoch [110/200], Average Loss: 0.450765
  Diagnostics: H_ent_norm=0.0850, H_maxp=0.9274, pi_ent_norm=0.3977, pi_std=0.111012, effC=3.88, Lvar=0.000000, Lvar_active=0.0000, scale/adh_std=1
Epoch [120/200], Average Loss: 0.401506
  Diagnostics: H_ent_norm=0.0751, H_maxp=0.9355, pi_ent_norm=0.3855, pi_std=0.112332, effC=3.73, Lvar=0.000000, Lvar_active=0.0000, scale/adh_std=1
Epoch [130/200], Average Loss: 0.362993
  Diagnostics: H_ent_norm=0.0676, H_maxp=0.9417, pi_ent_norm=0.3762, pi_std=0.113260, effC=3.62, Lvar=0.000000, Lvar_active=0.0000, scale/adh_std=1
Epoch [140/200], Average Loss: 0.327001
  Diagnostics: H_ent_norm=0.0615, H_maxp=0.9467, pi_ent_norm=0.3690, pi_std=0.113952, effC=3.54, Lvar=0.000000, Lvar_active=0.0000, scale/adh_std=1
Epoch [150/200], Average Loss: 0.306326
  Diagnostics: H_ent_norm=0.0565, H_maxp=0.9508, pi_ent_norm=0.3629, pi_std=0.114548, effC=3.47, Lvar=0.000000, Lvar_active=0.0000, scale/adh_std=1
Epoch [160/200], Average Loss: 0.281973
  Diagnostics: H_ent_norm=0.0524, H_maxp=0.9541, pi_ent_norm=0.3579, pi_std=0.115020, effC=3.41, Lvar=0.000000, Lvar_active=0.0000, scale/adh_std=1
Epoch [170/200], Average Loss: 0.264442
  Diagnostics: H_ent_norm=0.0488, H_maxp=0.9571, pi_ent_norm=0.3535, pi_std=0.115438, effC=3.36, Lvar=0.000000, Lvar_active=0.0000, scale/adh_std=1
Epoch [180/200], Average Loss: 0.254950
  Diagnostics: H_ent_norm=0.0457, H_maxp=0.9597, pi_ent_norm=0.3499, pi_std=0.115774, effC=3.32, Lvar=0.000000, Lvar_active=0.0000, scale/adh_std=1
Epoch [190/200], Average Loss: 0.235102
  Diagnostics: H_ent_norm=0.0430, H_maxp=0.9619, pi_ent_norm=0.3463, pi_std=0.116144, effC=3.28, Lvar=0.000000, Lvar_active=0.0000, scale/adh_std=1
Epoch [200/200], Average Loss: 0.225292
  Diagnostics: H_ent_norm=0.0406, H_maxp=0.9638, pi_ent_norm=0.3432, pi_std=0.116458, effC=3.25, Lvar=0.000000, Lvar_active=0.0000, scale/adh_std=1
训练完成！实际训练 200 个epochs

--- 评估阶段 ---
  Facebook: AUROC=0.5747, AUPRC=0.0440
  cora: AUROC=0.7554, AUPRC=0.2133
  citeseer: AUROC=0.8125, AUPRC=0.2398
  ACM: AUROC=0.7553, AUPRC=0.3270
  BlogCatalog: AUROC=0.7213, AUPRC=0.3262
  weibo: AUROC=0.7873, AUPRC=0.3100
  Reddit: AUROC=0.5702, AUPRC=0.0416
  Amazon: AUROC=0.6433, AUPRC=0.1069

--- 保存模型 ---
检查点已保存到: /autodl-fs/data/recap/tuning_hyperparams/sensitivity_results/sensitivity_paper_final/checkpoints/lambda_H__1p5/recap/trial_0/model.pt
模型已保存到: /autodl-fs/data/recap/tuning_hyperparams/sensitivity_results/sensitivity_paper_final/checkpoints/lambda_H__1p5/recap/trial_0/model.pt

======================================================================
Trial 1 开始训练 (seed=1)
======================================================================
🔧 模型初始化视图数: 1 (单视图模式)

--- 训练阶段 ---
开始训练，共 200 个epochs...
关闭early stopping，训练将跑满设定epochs
🔧 Assignment layer LR multiplier: 10 (base_lr=5e-05, assignment_lr=0.0005)
Epoch [1/200], Average Loss: 4.950223
  Diagnostics: H_ent_norm=0.9973, H_maxp=0.0439, pi_ent_norm=1.0000, pi_std=0.000325, effC=28.00, Lvar=0.000001, Lvar_active=0.0003, scale/adh_std=1
Epoch [10/200], Average Loss: 4.922426
  Diagnostics: H_ent_norm=0.9872, H_maxp=0.0580, pi_ent_norm=0.9999, pi_std=0.000757, effC=27.99, Lvar=0.000000, Lvar_active=0.0003, scale/adh_std=1
Epoch [20/200], Average Loss: 4.765245
  Diagnostics: H_ent_norm=0.9366, H_maxp=0.1012, pi_ent_norm=0.9987, pi_std=0.003265, effC=27.88, Lvar=0.000000, Lvar_active=0.0000, scale/adh_std=1
Epoch [30/200], Average Loss: 3.990305
  Diagnostics: H_ent_norm=0.7604, H_maxp=0.2536, pi_ent_norm=0.9642, pi_std=0.018176, effC=24.90, Lvar=0.000000, Lvar_active=0.0000, scale/adh_std=1
Epoch [40/200], Average Loss: 2.667417
  Diagnostics: H_ent_norm=0.4978, H_maxp=0.5227, pi_ent_norm=0.8133, pi_std=0.048081, effC=15.46, Lvar=0.000000, Lvar_active=0.0000, scale/adh_std=1
Epoch [50/200], Average Loss: 1.579661
  Diagnostics: H_ent_norm=0.2894, H_maxp=0.7356, pi_ent_norm=0.6402, pi_std=0.076063, effC=8.61, Lvar=0.000000, Lvar_active=0.0000, scale/adh_std=1
Epoch [60/200], Average Loss: 0.963586
  Diagnostics: H_ent_norm=0.1777, H_maxp=0.8410, pi_ent_norm=0.5243, pi_std=0.093145, effC=6.01, Lvar=0.000000, Lvar_active=0.0000, scale/adh_std=1
Epoch [70/200], Average Loss: 0.724403
  Diagnostics: H_ent_norm=0.1347, H_maxp=0.8793, pi_ent_norm=0.4771, pi_std=0.098492, effC=5.18, Lvar=0.000000, Lvar_active=0.0000, scale/adh_std=1
Epoch [80/200], Average Loss: 0.598543
  Diagnostics: H_ent_norm=0.1122, H_maxp=0.8990, pi_ent_norm=0.4523, pi_std=0.101008, effC=4.79, Lvar=0.000000, Lvar_active=0.0000, scale/adh_std=1
Epoch [90/200], Average Loss: 0.518969
  Diagnostics: H_ent_norm=0.0976, H_maxp=0.9116, pi_ent_norm=0.4358, pi_std=0.102711, effC=4.53, Lvar=0.000000, Lvar_active=0.0000, scale/adh_std=1
Epoch [100/200], Average Loss: 0.463990
  Diagnostics: H_ent_norm=0.0869, H_maxp=0.9211, pi_ent_norm=0.4231, pi_std=0.104056, effC=4.35, Lvar=0.000000, Lvar_active=0.0000, scale/adh_std=1
Epoch [110/200], Average Loss: 0.417184
  Diagnostics: H_ent_norm=0.0786, H_maxp=0.9285, pi_ent_norm=0.4132, pi_std=0.105172, effC=4.20, Lvar=0.000000, Lvar_active=0.0000, scale/adh_std=1
Epoch [120/200], Average Loss: 0.385361
  Diagnostics: H_ent_norm=0.0721, H_maxp=0.9342, pi_ent_norm=0.4049, pi_std=0.106116, effC=4.08, Lvar=0.000000, Lvar_active=0.0000, scale/adh_std=1
Epoch [130/200], Average Loss: 0.357025
  Diagnostics: H_ent_norm=0.0667, H_maxp=0.9389, pi_ent_norm=0.3977, pi_std=0.107002, effC=3.98, Lvar=0.000000, Lvar_active=0.0000, scale/adh_std=1
Epoch [140/200], Average Loss: 0.335527
  Diagnostics: H_ent_norm=0.0620, H_maxp=0.9433, pi_ent_norm=0.3910, pi_std=0.107873, effC=3.89, Lvar=0.000000, Lvar_active=0.0000, scale/adh_std=1
Epoch [150/200], Average Loss: 0.309345
  Diagnostics: H_ent_norm=0.0578, H_maxp=0.9472, pi_ent_norm=0.3849, pi_std=0.108713, effC=3.81, Lvar=0.000000, Lvar_active=0.0000, scale/adh_std=1
Epoch [160/200], Average Loss: 0.291534
  Diagnostics: H_ent_norm=0.0543, H_maxp=0.9504, pi_ent_norm=0.3792, pi_std=0.109517, effC=3.73, Lvar=0.000000, Lvar_active=0.0000, scale/adh_std=1
Epoch [170/200], Average Loss: 0.279868
  Diagnostics: H_ent_norm=0.0512, H_maxp=0.9532, pi_ent_norm=0.3740, pi_std=0.110258, effC=3.67, Lvar=0.000000, Lvar_active=0.0000, scale/adh_std=1
Epoch [180/200], Average Loss: 0.266456
  Diagnostics: H_ent_norm=0.0483, H_maxp=0.9559, pi_ent_norm=0.3689, pi_std=0.111020, effC=3.60, Lvar=0.000000, Lvar_active=0.0000, scale/adh_std=1
Epoch [190/200], Average Loss: 0.251446
  Diagnostics: H_ent_norm=0.0457, H_maxp=0.9584, pi_ent_norm=0.3640, pi_std=0.111747, effC=3.54, Lvar=0.000000, Lvar_active=0.0000, scale/adh_std=1
Epoch [200/200], Average Loss: 0.237044
  Diagnostics: H_ent_norm=0.0433, H_maxp=0.9605, pi_ent_norm=0.3595, pi_std=0.112446, effC=3.48, Lvar=0.000000, Lvar_active=0.0000, scale/adh_std=1
训练完成！实际训练 200 个epochs

--- 评估阶段 ---
  Facebook: AUROC=0.5508, AUPRC=0.0507
  cora: AUROC=0.7133, AUPRC=0.1743
  citeseer: AUROC=0.7860, AUPRC=0.2248
  ACM: AUROC=0.7572, AUPRC=0.3340
  BlogCatalog: AUROC=0.7283, AUPRC=0.3151
  weibo: AUROC=0.7732, AUPRC=0.2999
  Reddit: AUROC=0.5380, AUPRC=0.0415
  Amazon: AUROC=0.6648, AUPRC=0.1176

--- 保存模型 ---
检查点已保存到: /autodl-fs/data/recap/tuning_hyperparams/sensitivity_results/sensitivity_paper_final/checkpoints/lambda_H__1p5/recap/trial_1/model.pt
模型已保存到: /autodl-fs/data/recap/tuning_hyperparams/sensitivity_results/sensitivity_paper_final/checkpoints/lambda_H__1p5/recap/trial_1/model.pt

======================================================================
Trial 2 开始训练 (seed=2)
======================================================================
🔧 模型初始化视图数: 1 (单视图模式)

--- 训练阶段 ---
开始训练，共 200 个epochs...
关闭early stopping，训练将跑满设定epochs
🔧 Assignment layer LR multiplier: 10 (base_lr=5e-05, assignment_lr=0.0005)
Epoch [1/200], Average Loss: 4.950389
  Diagnostics: H_ent_norm=0.9973, H_maxp=0.0439, pi_ent_norm=1.0000, pi_std=0.000360, effC=28.00, Lvar=0.000000, Lvar_active=0.0000, scale/adh_std=1
Epoch [10/200], Average Loss: 4.925812
  Diagnostics: H_ent_norm=0.9886, H_maxp=0.0560, pi_ent_norm=0.9999, pi_std=0.000761, effC=27.99, Lvar=0.000000, Lvar_active=0.0000, scale/adh_std=1
Epoch [20/200], Average Loss: 4.792672
  Diagnostics: H_ent_norm=0.9444, H_maxp=0.0965, pi_ent_norm=0.9991, pi_std=0.002631, effC=27.92, Lvar=0.000000, Lvar_active=0.0000, scale/adh_std=1
Epoch [30/200], Average Loss: 4.062402
  Diagnostics: H_ent_norm=0.7750, H_maxp=0.2496, pi_ent_norm=0.9697, pi_std=0.015862, effC=25.35, Lvar=0.000000, Lvar_active=0.0000, scale/adh_std=1
Epoch [40/200], Average Loss: 2.779371
  Diagnostics: H_ent_norm=0.5222, H_maxp=0.5103, pi_ent_norm=0.8320, pi_std=0.042051, effC=16.89, Lvar=0.000000, Lvar_active=0.0000, scale/adh_std=1
Epoch [50/200], Average Loss: 1.989306
  Diagnostics: H_ent_norm=0.3722, H_maxp=0.6646, pi_ent_norm=0.7182, pi_std=0.060835, effC=11.91, Lvar=0.000000, Lvar_active=0.0000, scale/adh_std=1
Epoch [60/200], Average Loss: 1.313106
  Diagnostics: H_ent_norm=0.2404, H_maxp=0.7924, pi_ent_norm=0.5999, pi_std=0.082091, effC=7.54, Lvar=0.000000, Lvar_active=0.0000, scale/adh_std=1
Epoch [70/200], Average Loss: 0.882810
  Diagnostics: H_ent_norm=0.1609, H_maxp=0.8592, pi_ent_norm=0.5195, pi_std=0.094340, effC=5.80, Lvar=0.000000, Lvar_active=0.0000, scale/adh_std=1
Epoch [80/200], Average Loss: 0.692728
  Diagnostics: H_ent_norm=0.1264, H_maxp=0.8878, pi_ent_norm=0.4800, pi_std=0.099744, effC=5.13, Lvar=0.000000, Lvar_active=0.0000, scale/adh_std=1
Epoch [90/200], Average Loss: 0.584591
  Diagnostics: H_ent_norm=0.1068, H_maxp=0.9044, pi_ent_norm=0.4557, pi_std=0.102911, effC=4.74, Lvar=0.000000, Lvar_active=0.0000, scale/adh_std=1
Epoch [100/200], Average Loss: 0.509785
  Diagnostics: H_ent_norm=0.0935, H_maxp=0.9159, pi_ent_norm=0.4379, pi_std=0.105158, effC=4.48, Lvar=0.000000, Lvar_active=0.0000, scale/adh_std=1
Epoch [110/200], Average Loss: 0.456213
  Diagnostics: H_ent_norm=0.0836, H_maxp=0.9247, pi_ent_norm=0.4241, pi_std=0.106910, effC=4.27, Lvar=0.000000, Lvar_active=0.0000, scale/adh_std=1
Epoch [120/200], Average Loss: 0.411290
  Diagnostics: H_ent_norm=0.0757, H_maxp=0.9316, pi_ent_norm=0.4123, pi_std=0.108406, effC=4.11, Lvar=0.000000, Lvar_active=0.0000, scale/adh_std=1
Epoch [130/200], Average Loss: 0.380234
  Diagnostics: H_ent_norm=0.0691, H_maxp=0.9374, pi_ent_norm=0.4021, pi_std=0.109735, effC=3.97, Lvar=0.000000, Lvar_active=0.0000, scale/adh_std=1
Epoch [140/200], Average Loss: 0.351520
  Diagnostics: H_ent_norm=0.0636, H_maxp=0.9423, pi_ent_norm=0.3933, pi_std=0.110891, effC=3.85, Lvar=0.000000, Lvar_active=0.0000, scale/adh_std=1
Epoch [150/200], Average Loss: 0.326777
  Diagnostics: H_ent_norm=0.0589, H_maxp=0.9465, pi_ent_norm=0.3855, pi_std=0.111923, effC=3.75, Lvar=0.000000, Lvar_active=0.0000, scale/adh_std=1
Epoch [160/200], Average Loss: 0.308711
  Diagnostics: H_ent_norm=0.0549, H_maxp=0.9501, pi_ent_norm=0.3786, pi_std=0.112862, effC=3.66, Lvar=0.000000, Lvar_active=0.0000, scale/adh_std=1
Epoch [170/200], Average Loss: 0.288905
  Diagnostics: H_ent_norm=0.0514, H_maxp=0.9532, pi_ent_norm=0.3721, pi_std=0.113736, effC=3.58, Lvar=0.000000, Lvar_active=0.0000, scale/adh_std=1
Epoch [180/200], Average Loss: 0.271625
  Diagnostics: H_ent_norm=0.0482, H_maxp=0.9561, pi_ent_norm=0.3662, pi_std=0.114552, effC=3.51, Lvar=0.000000, Lvar_active=0.0000, scale/adh_std=1
Epoch [190/200], Average Loss: 0.260236
  Diagnostics: H_ent_norm=0.0454, H_maxp=0.9586, pi_ent_norm=0.3609, pi_std=0.115280, effC=3.45, Lvar=0.000000, Lvar_active=0.0000, scale/adh_std=1
Epoch [200/200], Average Loss: 0.247768
  Diagnostics: H_ent_norm=0.0430, H_maxp=0.9607, pi_ent_norm=0.3560, pi_std=0.115957, effC=3.39, Lvar=0.000000, Lvar_active=0.0000, scale/adh_std=1
训练完成！实际训练 200 个epochs

--- 评估阶段 ---
  Facebook: AUROC=0.5679, AUPRC=0.0353
  cora: AUROC=0.7309, AUPRC=0.1797
  citeseer: AUROC=0.7901, AUPRC=0.2425
  ACM: AUROC=0.7583, AUPRC=0.3377
  BlogCatalog: AUROC=0.7222, AUPRC=0.3045
  weibo: AUROC=0.7616, AUPRC=0.3265
  Reddit: AUROC=0.5709, AUPRC=0.0419
  Amazon: AUROC=0.6636, AUPRC=0.1049

--- 保存模型 ---
检查点已保存到: /autodl-fs/data/recap/tuning_hyperparams/sensitivity_results/sensitivity_paper_final/checkpoints/lambda_H__1p5/recap/trial_2/model.pt
模型已保存到: /autodl-fs/data/recap/tuning_hyperparams/sensitivity_results/sensitivity_paper_final/checkpoints/lambda_H__1p5/recap/trial_2/model.pt

======================================================================
聚合 3 次试验的结果
======================================================================

------------------------- Facebook -------------------------
AUROC: 0.5644 ± 0.0101
AUPRC: 0.0433 ± 0.0063

------------------------- cora -------------------------
AUROC: 0.7332 ± 0.0172
AUPRC: 0.1891 ± 0.0172

------------------------- citeseer -------------------------
AUROC: 0.7962 ± 0.0117
AUPRC: 0.2357 ± 0.0078

------------------------- ACM -------------------------
AUROC: 0.7569 ± 0.0012
AUPRC: 0.3329 ± 0.0045

------------------------- BlogCatalog -------------------------
AUROC: 0.7240 ± 0.0031
AUPRC: 0.3153 ± 0.0089

------------------------- weibo -------------------------
AUROC: 0.7741 ± 0.0105
AUPRC: 0.3121 ± 0.0110

------------------------- Reddit -------------------------
AUROC: 0.5597 ± 0.0153
AUPRC: 0.0417 ± 0.0002

------------------------- Amazon -------------------------
AUROC: 0.6573 ± 0.0099
AUPRC: 0.1098 ± 0.0056


======================================================================
训练完成！
所有模型已保存到: /autodl-fs/data/recap/tuning_hyperparams/sensitivity_results/sensitivity_paper_final/checkpoints/lambda_H__1p5/recap/
======================================================================

