/root/miniconda3/lib/python3.12/site-packages/torch_geometric/__init__.py:4: UserWarning: An issue occurred while importing 'torch-scatter'. Disabling its usage. Stacktrace: Could not load this library: /root/miniconda3/lib/python3.12/site-packages/torch_scatter/_version_cuda.so
  import torch_geometric.typing
/root/miniconda3/lib/python3.12/site-packages/torch_geometric/__init__.py:4: UserWarning: An issue occurred while importing 'torch-cluster'. Disabling its usage. Stacktrace: Could not load this library: /root/miniconda3/lib/python3.12/site-packages/torch_cluster/_version_cuda.so
  import torch_geometric.typing
/root/miniconda3/lib/python3.12/site-packages/torch_geometric/__init__.py:4: UserWarning: An issue occurred while importing 'torch-spline-conv'. Disabling its usage. Stacktrace: Could not load this library: /root/miniconda3/lib/python3.12/site-packages/torch_spline_conv/_version_cuda.so
  import torch_geometric.typing
/root/miniconda3/lib/python3.12/site-packages/torch_geometric/__init__.py:4: UserWarning: An issue occurred while importing 'torch-sparse'. Disabling its usage. Stacktrace: Could not load this library: /root/miniconda3/lib/python3.12/site-packages/torch_sparse/_version_cuda.so
  import torch_geometric.typing
使用保存的最佳模型配置

======================================================================
recap 异常检测模型训练
======================================================================

📋 训练配置:
  device: cuda:0
  epochs: 200
  trials: 3
  seed: 0
  output_dir: /autodl-fs/data/recap/tuning_hyperparams/sensitivity_results/sensitivity_paper_final/checkpoints/num_clusters__12
  save_checkpoint: True
  early_stop: False
  patience: 30
  log_diagnostics: True
  diagnostics_interval: 10

🔧 模型配置:
  model: recap
  lr: 5e-05
  dropout_rate: 0.2
  h_feats: 256
  num_hops: 3
  weight_decay: 5e-05
  dims: 32
  num_layers: 2
  activation: ELU
  num_views: 1
  num_clusters: 12
  knn_k: 20
  cluster_lr_multiplier: 10.0
  tau_s: 0.05
  sim_block_size: 256
  knn_cache_enabled: True
  knn_cache_dir: /autodl-fs/data/recap/knn_cache
  knn_search_dtype: auto
  lambda_H: 0.35
  lambda_bal: 0.01
  lambda_E: 0.1
  gamma: 0.1
  tau_e: 1.0
  beta: 0.005
  eps: 1e-08
  lambda_ortho: 0.35
  lambda_min_usage: 0.01
  lambda_diversity: 0.1
  min_cluster_ratio: 0.1

💾 保存设置:
  保存目录：/autodl-fs/data/recap/tuning_hyperparams/sensitivity_results/sensitivity_paper_final/checkpoints/num_clusters__12
  保存检查点：True
======================================================================


📊 使用指定的训练数据集: ['pubmed', 'Flickr', 'questions', 'YelpChi']

📊 使用指定的测试数据集: ['Facebook', 'cora', 'citeseer', 'ACM', 'BlogCatalog', 'weibo', 'Reddit', 'Amazon']
加载 4 个训练数据集: ['pubmed', 'Flickr', 'questions', 'YelpChi']
加载 8 个测试数据集: ['Facebook', 'cora', 'citeseer', 'ACM', 'BlogCatalog', 'weibo', 'Reddit', 'Amazon']
进行 3 跳特征传播...

======================================================================
Trial 0 开始训练 (seed=0)
======================================================================
🔧 模型初始化视图数: 1 (单视图模式)

--- 训练阶段 ---
开始训练，共 200 个epochs...
关闭early stopping，训练将跑满设定epochs
🔧 Assignment layer LR multiplier: 10 (base_lr=5e-05, assignment_lr=0.0005)
Epoch [1/200], Average Loss: 0.871826
  Diagnostics: H_ent_norm=0.9982, H_maxp=0.0935, pi_ent_norm=1.0000, pi_std=0.000433, effC=12.00, Lvar=0.000000, Lvar_active=0.0000, scale/adh_std=1
Epoch [10/200], Average Loss: 0.863603
  Diagnostics: H_ent_norm=0.9998, H_maxp=0.0866, pi_ent_norm=1.0000, pi_std=0.000180, effC=12.00, Lvar=0.000000, Lvar_active=0.0000, scale/adh_std=1
Epoch [20/200], Average Loss: 0.862225
  Diagnostics: H_ent_norm=0.9999, H_maxp=0.0852, pi_ent_norm=1.0000, pi_std=0.000083, effC=12.00, Lvar=0.000000, Lvar_active=0.0000, scale/adh_std=1
Epoch [30/200], Average Loss: 0.861761
  Diagnostics: H_ent_norm=1.0000, H_maxp=0.0846, pi_ent_norm=1.0000, pi_std=0.000070, effC=12.00, Lvar=0.000000, Lvar_active=0.0000, scale/adh_std=1
Epoch [40/200], Average Loss: 0.861517
  Diagnostics: H_ent_norm=1.0000, H_maxp=0.0843, pi_ent_norm=1.0000, pi_std=0.000049, effC=12.00, Lvar=0.000000, Lvar_active=0.0000, scale/adh_std=1
Epoch [50/200], Average Loss: 0.861361
  Diagnostics: H_ent_norm=1.0000, H_maxp=0.0841, pi_ent_norm=1.0000, pi_std=0.000045, effC=12.00, Lvar=0.000000, Lvar_active=0.0000, scale/adh_std=1
Epoch [60/200], Average Loss: 0.861265
  Diagnostics: H_ent_norm=1.0000, H_maxp=0.0840, pi_ent_norm=1.0000, pi_std=0.000037, effC=12.00, Lvar=0.000000, Lvar_active=0.0000, scale/adh_std=1
Epoch [70/200], Average Loss: 0.861198
  Diagnostics: H_ent_norm=1.0000, H_maxp=0.0838, pi_ent_norm=1.0000, pi_std=0.000026, effC=12.00, Lvar=0.000000, Lvar_active=0.0000, scale/adh_std=1
Epoch [80/200], Average Loss: 0.861156
  Diagnostics: H_ent_norm=1.0000, H_maxp=0.0838, pi_ent_norm=1.0000, pi_std=0.000016, effC=12.00, Lvar=0.000000, Lvar_active=0.0000, scale/adh_std=1
Epoch [90/200], Average Loss: 0.861123
  Diagnostics: H_ent_norm=1.0000, H_maxp=0.0837, pi_ent_norm=1.0000, pi_std=0.000014, effC=12.00, Lvar=0.000000, Lvar_active=0.0000, scale/adh_std=1
Epoch [100/200], Average Loss: 0.861100
  Diagnostics: H_ent_norm=1.0000, H_maxp=0.0837, pi_ent_norm=1.0000, pi_std=0.000011, effC=12.00, Lvar=0.000000, Lvar_active=0.0000, scale/adh_std=1
Epoch [110/200], Average Loss: 0.861083
  Diagnostics: H_ent_norm=1.0000, H_maxp=0.0836, pi_ent_norm=1.0000, pi_std=0.000018, effC=12.00, Lvar=0.000000, Lvar_active=0.0000, scale/adh_std=1
Epoch [120/200], Average Loss: 0.861071
  Diagnostics: H_ent_norm=1.0000, H_maxp=0.0836, pi_ent_norm=1.0000, pi_std=0.000016, effC=12.00, Lvar=0.000000, Lvar_active=0.0003, scale/adh_std=1
Epoch [130/200], Average Loss: 0.861061
  Diagnostics: H_ent_norm=1.0000, H_maxp=0.0836, pi_ent_norm=1.0000, pi_std=0.000013, effC=12.00, Lvar=0.000000, Lvar_active=0.0003, scale/adh_std=1
Epoch [140/200], Average Loss: 0.861054
  Diagnostics: H_ent_norm=1.0000, H_maxp=0.0835, pi_ent_norm=1.0000, pi_std=0.000012, effC=12.00, Lvar=0.000001, Lvar_active=0.0010, scale/adh_std=1
Epoch [150/200], Average Loss: 0.861048
  Diagnostics: H_ent_norm=1.0000, H_maxp=0.0835, pi_ent_norm=1.0000, pi_std=0.000007, effC=12.00, Lvar=0.000003, Lvar_active=0.0020, scale/adh_std=1
Epoch [160/200], Average Loss: 0.861044
  Diagnostics: H_ent_norm=1.0000, H_maxp=0.0835, pi_ent_norm=1.0000, pi_std=0.000006, effC=12.00, Lvar=0.000006, Lvar_active=0.0020, scale/adh_std=1
Epoch [170/200], Average Loss: 0.861040
  Diagnostics: H_ent_norm=1.0000, H_maxp=0.0835, pi_ent_norm=1.0000, pi_std=0.000006, effC=12.00, Lvar=0.000008, Lvar_active=0.0020, scale/adh_std=1
Epoch [180/200], Average Loss: 0.861037
  Diagnostics: H_ent_norm=1.0000, H_maxp=0.0835, pi_ent_norm=1.0000, pi_std=0.000006, effC=12.00, Lvar=0.000012, Lvar_active=0.0026, scale/adh_std=1
Epoch [190/200], Average Loss: 0.861034
  Diagnostics: H_ent_norm=1.0000, H_maxp=0.0835, pi_ent_norm=1.0000, pi_std=0.000005, effC=12.00, Lvar=0.000017, Lvar_active=0.0036, scale/adh_std=1
Epoch [200/200], Average Loss: 0.861032
  Diagnostics: H_ent_norm=1.0000, H_maxp=0.0834, pi_ent_norm=1.0000, pi_std=0.000006, effC=12.00, Lvar=0.000023, Lvar_active=0.0049, scale/adh_std=1
训练完成！实际训练 200 个epochs

--- 评估阶段 ---
  Facebook: AUROC=0.5818, AUPRC=0.0493
  cora: AUROC=0.8321, AUPRC=0.4288
  citeseer: AUROC=0.9039, AUPRC=0.4378
  ACM: AUROC=0.7968, AUPRC=0.3730
  BlogCatalog: AUROC=0.7235, AUPRC=0.3344
  weibo: AUROC=0.7603, AUPRC=0.3096
  Reddit: AUROC=0.5973, AUPRC=0.0477
  Amazon: AUROC=0.7241, AUPRC=0.1298

--- 保存模型 ---
检查点已保存到: /autodl-fs/data/recap/tuning_hyperparams/sensitivity_results/sensitivity_paper_final/checkpoints/num_clusters__12/recap/trial_0/model.pt
模型已保存到: /autodl-fs/data/recap/tuning_hyperparams/sensitivity_results/sensitivity_paper_final/checkpoints/num_clusters__12/recap/trial_0/model.pt

======================================================================
Trial 1 开始训练 (seed=1)
======================================================================
🔧 模型初始化视图数: 1 (单视图模式)

--- 训练阶段 ---
开始训练，共 200 个epochs...
关闭early stopping，训练将跑满设定epochs
🔧 Assignment layer LR multiplier: 10 (base_lr=5e-05, assignment_lr=0.0005)
Epoch [1/200], Average Loss: 0.871881
  Diagnostics: H_ent_norm=0.9986, H_maxp=0.0924, pi_ent_norm=1.0000, pi_std=0.000379, effC=12.00, Lvar=0.000001, Lvar_active=0.0003, scale/adh_std=1
Epoch [10/200], Average Loss: 0.863320
  Diagnostics: H_ent_norm=0.9998, H_maxp=0.0861, pi_ent_norm=1.0000, pi_std=0.000148, effC=12.00, Lvar=0.000002, Lvar_active=0.0003, scale/adh_std=1
Epoch [20/200], Average Loss: 0.862071
  Diagnostics: H_ent_norm=0.9999, H_maxp=0.0850, pi_ent_norm=1.0000, pi_std=0.000068, effC=12.00, Lvar=0.000002, Lvar_active=0.0003, scale/adh_std=1
Epoch [30/200], Average Loss: 0.861648
  Diagnostics: H_ent_norm=1.0000, H_maxp=0.0845, pi_ent_norm=1.0000, pi_std=0.000051, effC=12.00, Lvar=0.000002, Lvar_active=0.0003, scale/adh_std=1
Epoch [40/200], Average Loss: 0.861428
  Diagnostics: H_ent_norm=1.0000, H_maxp=0.0842, pi_ent_norm=1.0000, pi_std=0.000033, effC=12.00, Lvar=0.000002, Lvar_active=0.0003, scale/adh_std=1
Epoch [50/200], Average Loss: 0.861298
  Diagnostics: H_ent_norm=1.0000, H_maxp=0.0840, pi_ent_norm=1.0000, pi_std=0.000023, effC=12.00, Lvar=0.000002, Lvar_active=0.0003, scale/adh_std=1
Epoch [60/200], Average Loss: 0.861218
  Diagnostics: H_ent_norm=1.0000, H_maxp=0.0839, pi_ent_norm=1.0000, pi_std=0.000020, effC=12.00, Lvar=0.000002, Lvar_active=0.0003, scale/adh_std=1
Epoch [70/200], Average Loss: 0.861166
  Diagnostics: H_ent_norm=1.0000, H_maxp=0.0838, pi_ent_norm=1.0000, pi_std=0.000019, effC=12.00, Lvar=0.000003, Lvar_active=0.0003, scale/adh_std=1
Epoch [80/200], Average Loss: 0.861128
  Diagnostics: H_ent_norm=1.0000, H_maxp=0.0837, pi_ent_norm=1.0000, pi_std=0.000012, effC=12.00, Lvar=0.000003, Lvar_active=0.0007, scale/adh_std=1
Epoch [90/200], Average Loss: 0.861102
  Diagnostics: H_ent_norm=1.0000, H_maxp=0.0837, pi_ent_norm=1.0000, pi_std=0.000013, effC=12.00, Lvar=0.000003, Lvar_active=0.0007, scale/adh_std=1
Epoch [100/200], Average Loss: 0.861085
  Diagnostics: H_ent_norm=1.0000, H_maxp=0.0836, pi_ent_norm=1.0000, pi_std=0.000010, effC=12.00, Lvar=0.000004, Lvar_active=0.0007, scale/adh_std=1
Epoch [110/200], Average Loss: 0.861070
  Diagnostics: H_ent_norm=1.0000, H_maxp=0.0836, pi_ent_norm=1.0000, pi_std=0.000009, effC=12.00, Lvar=0.000005, Lvar_active=0.0010, scale/adh_std=1
Epoch [120/200], Average Loss: 0.861061
  Diagnostics: H_ent_norm=1.0000, H_maxp=0.0836, pi_ent_norm=1.0000, pi_std=0.000008, effC=12.00, Lvar=0.000006, Lvar_active=0.0010, scale/adh_std=1
Epoch [130/200], Average Loss: 0.861053
  Diagnostics: H_ent_norm=1.0000, H_maxp=0.0835, pi_ent_norm=1.0000, pi_std=0.000007, effC=12.00, Lvar=0.000007, Lvar_active=0.0010, scale/adh_std=1
Epoch [140/200], Average Loss: 0.861047
  Diagnostics: H_ent_norm=1.0000, H_maxp=0.0835, pi_ent_norm=1.0000, pi_std=0.000007, effC=12.00, Lvar=0.000008, Lvar_active=0.0010, scale/adh_std=1
Epoch [150/200], Average Loss: 0.861042
  Diagnostics: H_ent_norm=1.0000, H_maxp=0.0835, pi_ent_norm=1.0000, pi_std=0.000005, effC=12.00, Lvar=0.000010, Lvar_active=0.0016, scale/adh_std=1
Epoch [160/200], Average Loss: 0.861039
  Diagnostics: H_ent_norm=1.0000, H_maxp=0.0835, pi_ent_norm=1.0000, pi_std=0.000005, effC=12.00, Lvar=0.000012, Lvar_active=0.0016, scale/adh_std=1
Epoch [170/200], Average Loss: 0.861036
  Diagnostics: H_ent_norm=1.0000, H_maxp=0.0835, pi_ent_norm=1.0000, pi_std=0.000005, effC=12.00, Lvar=0.000014, Lvar_active=0.0023, scale/adh_std=1
Epoch [180/200], Average Loss: 0.861033
  Diagnostics: H_ent_norm=1.0000, H_maxp=0.0835, pi_ent_norm=1.0000, pi_std=0.000005, effC=12.00, Lvar=0.000018, Lvar_active=0.0029, scale/adh_std=1
Epoch [190/200], Average Loss: 0.861031
  Diagnostics: H_ent_norm=1.0000, H_maxp=0.0834, pi_ent_norm=1.0000, pi_std=0.000004, effC=12.00, Lvar=0.000023, Lvar_active=0.0033, scale/adh_std=1
Epoch [200/200], Average Loss: 0.861029
  Diagnostics: H_ent_norm=1.0000, H_maxp=0.0834, pi_ent_norm=1.0000, pi_std=0.000005, effC=12.00, Lvar=0.000028, Lvar_active=0.0039, scale/adh_std=1
训练完成！实际训练 200 个epochs

--- 评估阶段 ---
  Facebook: AUROC=0.5801, AUPRC=0.0435
  cora: AUROC=0.8320, AUPRC=0.4257
  citeseer: AUROC=0.8999, AUPRC=0.4582
  ACM: AUROC=0.7924, AUPRC=0.3720
  BlogCatalog: AUROC=0.7235, AUPRC=0.3362
  weibo: AUROC=0.7575, AUPRC=0.3055
  Reddit: AUROC=0.5957, AUPRC=0.0460
  Amazon: AUROC=0.7442, AUPRC=0.1389

--- 保存模型 ---
检查点已保存到: /autodl-fs/data/recap/tuning_hyperparams/sensitivity_results/sensitivity_paper_final/checkpoints/num_clusters__12/recap/trial_1/model.pt
模型已保存到: /autodl-fs/data/recap/tuning_hyperparams/sensitivity_results/sensitivity_paper_final/checkpoints/num_clusters__12/recap/trial_1/model.pt

======================================================================
Trial 2 开始训练 (seed=2)
======================================================================
🔧 模型初始化视图数: 1 (单视图模式)

--- 训练阶段 ---
开始训练，共 200 个epochs...
关闭early stopping，训练将跑满设定epochs
🔧 Assignment layer LR multiplier: 10 (base_lr=5e-05, assignment_lr=0.0005)
Epoch [1/200], Average Loss: 0.871925
  Diagnostics: H_ent_norm=0.9982, H_maxp=0.0939, pi_ent_norm=1.0000, pi_std=0.000480, effC=12.00, Lvar=0.000000, Lvar_active=0.0000, scale/adh_std=1
Epoch [10/200], Average Loss: 0.863396
  Diagnostics: H_ent_norm=0.9998, H_maxp=0.0865, pi_ent_norm=1.0000, pi_std=0.000106, effC=12.00, Lvar=0.000000, Lvar_active=0.0000, scale/adh_std=1
Epoch [20/200], Average Loss: 0.862133
  Diagnostics: H_ent_norm=1.0000, H_maxp=0.0850, pi_ent_norm=1.0000, pi_std=0.000065, effC=12.00, Lvar=0.000000, Lvar_active=0.0000, scale/adh_std=1
Epoch [30/200], Average Loss: 0.861694
  Diagnostics: H_ent_norm=1.0000, H_maxp=0.0845, pi_ent_norm=1.0000, pi_std=0.000046, effC=12.00, Lvar=0.000000, Lvar_active=0.0000, scale/adh_std=1
Epoch [40/200], Average Loss: 0.861471
  Diagnostics: H_ent_norm=1.0000, H_maxp=0.0842, pi_ent_norm=1.0000, pi_std=0.000037, effC=12.00, Lvar=0.000000, Lvar_active=0.0000, scale/adh_std=1
Epoch [50/200], Average Loss: 0.861327
  Diagnostics: H_ent_norm=1.0000, H_maxp=0.0840, pi_ent_norm=1.0000, pi_std=0.000025, effC=12.00, Lvar=0.000000, Lvar_active=0.0000, scale/adh_std=1
Epoch [60/200], Average Loss: 0.861240
  Diagnostics: H_ent_norm=1.0000, H_maxp=0.0839, pi_ent_norm=1.0000, pi_std=0.000024, effC=12.00, Lvar=0.000000, Lvar_active=0.0000, scale/adh_std=1
Epoch [70/200], Average Loss: 0.861180
  Diagnostics: H_ent_norm=1.0000, H_maxp=0.0838, pi_ent_norm=1.0000, pi_std=0.000022, effC=12.00, Lvar=0.000000, Lvar_active=0.0003, scale/adh_std=1
Epoch [80/200], Average Loss: 0.861139
  Diagnostics: H_ent_norm=1.0000, H_maxp=0.0837, pi_ent_norm=1.0000, pi_std=0.000019, effC=12.00, Lvar=0.000001, Lvar_active=0.0003, scale/adh_std=1
Epoch [90/200], Average Loss: 0.861111
  Diagnostics: H_ent_norm=1.0000, H_maxp=0.0837, pi_ent_norm=1.0000, pi_std=0.000016, effC=12.00, Lvar=0.000001, Lvar_active=0.0003, scale/adh_std=1
Epoch [100/200], Average Loss: 0.861092
  Diagnostics: H_ent_norm=1.0000, H_maxp=0.0836, pi_ent_norm=1.0000, pi_std=0.000015, effC=12.00, Lvar=0.000002, Lvar_active=0.0007, scale/adh_std=1
Epoch [110/200], Average Loss: 0.861077
  Diagnostics: H_ent_norm=1.0000, H_maxp=0.0836, pi_ent_norm=1.0000, pi_std=0.000013, effC=12.00, Lvar=0.000002, Lvar_active=0.0007, scale/adh_std=1
Epoch [120/200], Average Loss: 0.861065
  Diagnostics: H_ent_norm=1.0000, H_maxp=0.0836, pi_ent_norm=1.0000, pi_std=0.000010, effC=12.00, Lvar=0.000003, Lvar_active=0.0007, scale/adh_std=1
Epoch [130/200], Average Loss: 0.861057
  Diagnostics: H_ent_norm=1.0000, H_maxp=0.0835, pi_ent_norm=1.0000, pi_std=0.000007, effC=12.00, Lvar=0.000004, Lvar_active=0.0007, scale/adh_std=1
Epoch [140/200], Average Loss: 0.861050
  Diagnostics: H_ent_norm=1.0000, H_maxp=0.0835, pi_ent_norm=1.0000, pi_std=0.000010, effC=12.00, Lvar=0.000005, Lvar_active=0.0007, scale/adh_std=1
Epoch [150/200], Average Loss: 0.861045
  Diagnostics: H_ent_norm=1.0000, H_maxp=0.0835, pi_ent_norm=1.0000, pi_std=0.000007, effC=12.00, Lvar=0.000006, Lvar_active=0.0010, scale/adh_std=1
Epoch [160/200], Average Loss: 0.861041
  Diagnostics: H_ent_norm=1.0000, H_maxp=0.0835, pi_ent_norm=1.0000, pi_std=0.000008, effC=12.00, Lvar=0.000008, Lvar_active=0.0016, scale/adh_std=1
Epoch [170/200], Average Loss: 0.861037
  Diagnostics: H_ent_norm=1.0000, H_maxp=0.0835, pi_ent_norm=1.0000, pi_std=0.000006, effC=12.00, Lvar=0.000010, Lvar_active=0.0020, scale/adh_std=1
Epoch [180/200], Average Loss: 0.861035
  Diagnostics: H_ent_norm=1.0000, H_maxp=0.0835, pi_ent_norm=1.0000, pi_std=0.000005, effC=12.00, Lvar=0.000013, Lvar_active=0.0020, scale/adh_std=1
Epoch [190/200], Average Loss: 0.861033
  Diagnostics: H_ent_norm=1.0000, H_maxp=0.0834, pi_ent_norm=1.0000, pi_std=0.000005, effC=12.00, Lvar=0.000015, Lvar_active=0.0020, scale/adh_std=1
Epoch [200/200], Average Loss: 0.861031
  Diagnostics: H_ent_norm=1.0000, H_maxp=0.0834, pi_ent_norm=1.0000, pi_std=0.000005, effC=12.00, Lvar=0.000018, Lvar_active=0.0029, scale/adh_std=1
训练完成！实际训练 200 个epochs

--- 评估阶段 ---
  Facebook: AUROC=0.5785, AUPRC=0.0363
  cora: AUROC=0.8255, AUPRC=0.4076
  citeseer: AUROC=0.9015, AUPRC=0.4387
  ACM: AUROC=0.7956, AUPRC=0.3746
  BlogCatalog: AUROC=0.7312, AUPRC=0.3375
  weibo: AUROC=0.7443, AUPRC=0.2975
  Reddit: AUROC=0.5914, AUPRC=0.0450
  Amazon: AUROC=0.7258, AUPRC=0.1306

--- 保存模型 ---
检查点已保存到: /autodl-fs/data/recap/tuning_hyperparams/sensitivity_results/sensitivity_paper_final/checkpoints/num_clusters__12/recap/trial_2/model.pt
模型已保存到: /autodl-fs/data/recap/tuning_hyperparams/sensitivity_results/sensitivity_paper_final/checkpoints/num_clusters__12/recap/trial_2/model.pt

======================================================================
聚合 3 次试验的结果
======================================================================

------------------------- Facebook -------------------------
AUROC: 0.5801 ± 0.0013
AUPRC: 0.0431 ± 0.0053

------------------------- cora -------------------------
AUROC: 0.8298 ± 0.0031
AUPRC: 0.4207 ± 0.0093

------------------------- citeseer -------------------------
AUROC: 0.9018 ± 0.0016
AUPRC: 0.4449 ± 0.0094

------------------------- ACM -------------------------
AUROC: 0.7950 ± 0.0019
AUPRC: 0.3732 ± 0.0011

------------------------- BlogCatalog -------------------------
AUROC: 0.7261 ± 0.0036
AUPRC: 0.3361 ± 0.0013

------------------------- weibo -------------------------
AUROC: 0.7540 ± 0.0070
AUPRC: 0.3042 ± 0.0050

------------------------- Reddit -------------------------
AUROC: 0.5948 ± 0.0025
AUPRC: 0.0462 ± 0.0011

------------------------- Amazon -------------------------
AUROC: 0.7313 ± 0.0091
AUPRC: 0.1331 ± 0.0041


======================================================================
训练完成！
所有模型已保存到: /autodl-fs/data/recap/tuning_hyperparams/sensitivity_results/sensitivity_paper_final/checkpoints/num_clusters__12/recap/
======================================================================

