/root/miniconda3/lib/python3.12/site-packages/torch_geometric/__init__.py:4: UserWarning: An issue occurred while importing 'torch-scatter'. Disabling its usage. Stacktrace: Could not load this library: /root/miniconda3/lib/python3.12/site-packages/torch_scatter/_version_cuda.so
  import torch_geometric.typing
/root/miniconda3/lib/python3.12/site-packages/torch_geometric/__init__.py:4: UserWarning: An issue occurred while importing 'torch-cluster'. Disabling its usage. Stacktrace: Could not load this library: /root/miniconda3/lib/python3.12/site-packages/torch_cluster/_version_cuda.so
  import torch_geometric.typing
/root/miniconda3/lib/python3.12/site-packages/torch_geometric/__init__.py:4: UserWarning: An issue occurred while importing 'torch-spline-conv'. Disabling its usage. Stacktrace: Could not load this library: /root/miniconda3/lib/python3.12/site-packages/torch_spline_conv/_version_cuda.so
  import torch_geometric.typing
/root/miniconda3/lib/python3.12/site-packages/torch_geometric/__init__.py:4: UserWarning: An issue occurred while importing 'torch-sparse'. Disabling its usage. Stacktrace: Could not load this library: /root/miniconda3/lib/python3.12/site-packages/torch_sparse/_version_cuda.so
  import torch_geometric.typing
使用保存的最佳模型配置

======================================================================
recap 异常检测模型训练
======================================================================

📋 训练配置:
  device: cuda:0
  epochs: 200
  trials: 3
  seed: 0
  output_dir: /autodl-fs/data/recap/tuning_hyperparams/sensitivity_results/sensitivity_paper_final/checkpoints/num_hops__6
  save_checkpoint: True
  early_stop: False
  patience: 30
  log_diagnostics: True
  diagnostics_interval: 10

🔧 模型配置:
  model: recap
  lr: 5e-05
  dropout_rate: 0.2
  h_feats: 256
  num_hops: 6
  weight_decay: 5e-05
  dims: 32
  num_layers: 2
  activation: ELU
  num_views: 1
  num_clusters: 28
  knn_k: 20
  cluster_lr_multiplier: 10.0
  tau_s: 0.05
  sim_block_size: 256
  knn_cache_enabled: True
  knn_cache_dir: /autodl-fs/data/recap/knn_cache
  knn_search_dtype: auto
  lambda_H: 0.35
  lambda_bal: 0.01
  lambda_E: 0.1
  gamma: 0.1
  tau_e: 1.0
  beta: 0.005
  eps: 1e-08
  lambda_ortho: 0.35
  lambda_min_usage: 0.01
  lambda_diversity: 0.1
  min_cluster_ratio: 0.1

💾 保存设置:
  保存目录：/autodl-fs/data/recap/tuning_hyperparams/sensitivity_results/sensitivity_paper_final/checkpoints/num_hops__6
  保存检查点：True
======================================================================


📊 使用指定的训练数据集: ['pubmed', 'Flickr', 'questions', 'YelpChi']

📊 使用指定的测试数据集: ['Facebook', 'cora', 'citeseer', 'ACM', 'BlogCatalog', 'weibo', 'Reddit', 'Amazon']
加载 4 个训练数据集: ['pubmed', 'Flickr', 'questions', 'YelpChi']
加载 8 个测试数据集: ['Facebook', 'cora', 'citeseer', 'ACM', 'BlogCatalog', 'weibo', 'Reddit', 'Amazon']
进行 6 跳特征传播...

======================================================================
Trial 0 开始训练 (seed=0)
======================================================================
🔧 模型初始化视图数: 1 (单视图模式)

--- 训练阶段 ---
开始训练，共 200 个epochs...
关闭early stopping，训练将跑满设定epochs
🔧 Assignment layer LR multiplier: 10 (base_lr=5e-05, assignment_lr=0.0005)
Epoch [1/200], Average Loss: 1.166738
  Diagnostics: H_ent_norm=0.9987, H_maxp=0.0411, pi_ent_norm=1.0000, pi_std=0.000241, effC=28.00, Lvar=0.000000, Lvar_active=0.0000, scale/adh_std=1
Epoch [10/200], Average Loss: 1.159852
  Diagnostics: H_ent_norm=0.9993, H_maxp=0.0393, pi_ent_norm=1.0000, pi_std=0.000254, effC=28.00, Lvar=0.000000, Lvar_active=0.0000, scale/adh_std=1
Epoch [20/200], Average Loss: 1.157590
  Diagnostics: H_ent_norm=0.9997, H_maxp=0.0378, pi_ent_norm=1.0000, pi_std=0.000134, effC=28.00, Lvar=0.000000, Lvar_active=0.0000, scale/adh_std=1
Epoch [30/200], Average Loss: 1.157273
  Diagnostics: H_ent_norm=0.9998, H_maxp=0.0378, pi_ent_norm=1.0000, pi_std=0.000116, effC=28.00, Lvar=0.000000, Lvar_active=0.0000, scale/adh_std=1
Epoch [40/200], Average Loss: 1.156237
  Diagnostics: H_ent_norm=0.9999, H_maxp=0.0372, pi_ent_norm=1.0000, pi_std=0.000074, effC=28.00, Lvar=0.000000, Lvar_active=0.0000, scale/adh_std=1
Epoch [50/200], Average Loss: 1.156052
  Diagnostics: H_ent_norm=0.9999, H_maxp=0.0370, pi_ent_norm=1.0000, pi_std=0.000079, effC=28.00, Lvar=0.000000, Lvar_active=0.0000, scale/adh_std=1
Epoch [60/200], Average Loss: 1.155762
  Diagnostics: H_ent_norm=0.9999, H_maxp=0.0368, pi_ent_norm=1.0000, pi_std=0.000058, effC=28.00, Lvar=0.000000, Lvar_active=0.0000, scale/adh_std=1
Epoch [70/200], Average Loss: 1.155501
  Diagnostics: H_ent_norm=1.0000, H_maxp=0.0365, pi_ent_norm=1.0000, pi_std=0.000050, effC=28.00, Lvar=0.000000, Lvar_active=0.0000, scale/adh_std=1
Epoch [80/200], Average Loss: 1.155396
  Diagnostics: H_ent_norm=1.0000, H_maxp=0.0367, pi_ent_norm=1.0000, pi_std=0.000043, effC=28.00, Lvar=0.000000, Lvar_active=0.0000, scale/adh_std=1
Epoch [90/200], Average Loss: 1.155294
  Diagnostics: H_ent_norm=1.0000, H_maxp=0.0365, pi_ent_norm=1.0000, pi_std=0.000037, effC=28.00, Lvar=0.000000, Lvar_active=0.0000, scale/adh_std=1
Epoch [100/200], Average Loss: 1.155183
  Diagnostics: H_ent_norm=1.0000, H_maxp=0.0365, pi_ent_norm=1.0000, pi_std=0.000031, effC=28.00, Lvar=0.000000, Lvar_active=0.0000, scale/adh_std=1
Epoch [110/200], Average Loss: 1.155103
  Diagnostics: H_ent_norm=1.0000, H_maxp=0.0362, pi_ent_norm=1.0000, pi_std=0.000027, effC=28.00, Lvar=0.000000, Lvar_active=0.0000, scale/adh_std=1
Epoch [120/200], Average Loss: 1.155073
  Diagnostics: H_ent_norm=1.0000, H_maxp=0.0362, pi_ent_norm=1.0000, pi_std=0.000023, effC=28.00, Lvar=0.000000, Lvar_active=0.0002, scale/adh_std=1
Epoch [130/200], Average Loss: 1.154974
  Diagnostics: H_ent_norm=1.0000, H_maxp=0.0361, pi_ent_norm=1.0000, pi_std=0.000017, effC=28.00, Lvar=0.000000, Lvar_active=0.0002, scale/adh_std=1
Epoch [140/200], Average Loss: 1.154919
  Diagnostics: H_ent_norm=1.0000, H_maxp=0.0360, pi_ent_norm=1.0000, pi_std=0.000012, effC=28.00, Lvar=0.000000, Lvar_active=0.0002, scale/adh_std=1
Epoch [150/200], Average Loss: 1.154890
  Diagnostics: H_ent_norm=1.0000, H_maxp=0.0360, pi_ent_norm=1.0000, pi_std=0.000015, effC=28.00, Lvar=0.000000, Lvar_active=0.0002, scale/adh_std=1
Epoch [160/200], Average Loss: 1.154855
  Diagnostics: H_ent_norm=1.0000, H_maxp=0.0360, pi_ent_norm=1.0000, pi_std=0.000013, effC=28.00, Lvar=0.000000, Lvar_active=0.0002, scale/adh_std=1
Epoch [170/200], Average Loss: 1.154824
  Diagnostics: H_ent_norm=1.0000, H_maxp=0.0359, pi_ent_norm=1.0000, pi_std=0.000010, effC=28.00, Lvar=0.000001, Lvar_active=0.0002, scale/adh_std=1
Epoch [180/200], Average Loss: 1.154799
  Diagnostics: H_ent_norm=1.0000, H_maxp=0.0359, pi_ent_norm=1.0000, pi_std=0.000009, effC=28.00, Lvar=0.000001, Lvar_active=0.0002, scale/adh_std=1
Epoch [190/200], Average Loss: 1.154782
  Diagnostics: H_ent_norm=1.0000, H_maxp=0.0359, pi_ent_norm=1.0000, pi_std=0.000008, effC=28.00, Lvar=0.000001, Lvar_active=0.0002, scale/adh_std=1
Epoch [200/200], Average Loss: 1.154761
  Diagnostics: H_ent_norm=1.0000, H_maxp=0.0359, pi_ent_norm=1.0000, pi_std=0.000009, effC=28.00, Lvar=0.000001, Lvar_active=0.0003, scale/adh_std=1
训练完成！实际训练 200 个epochs

--- 评估阶段 ---
  Facebook: AUROC=0.6002, AUPRC=0.0526
  cora: AUROC=0.8124, AUPRC=0.4125
  citeseer: AUROC=0.8956, AUPRC=0.4508
  ACM: AUROC=0.7887, AUPRC=0.3725
  BlogCatalog: AUROC=0.7280, AUPRC=0.3363
  weibo: AUROC=0.7560, AUPRC=0.3098
  Reddit: AUROC=0.5857, AUPRC=0.0475
  Amazon: AUROC=0.7351, AUPRC=0.1342

--- 保存模型 ---
检查点已保存到: /autodl-fs/data/recap/tuning_hyperparams/sensitivity_results/sensitivity_paper_final/checkpoints/num_hops__6/recap/trial_0/model.pt
模型已保存到: /autodl-fs/data/recap/tuning_hyperparams/sensitivity_results/sensitivity_paper_final/checkpoints/num_hops__6/recap/trial_0/model.pt

======================================================================
Trial 1 开始训练 (seed=1)
======================================================================
🔧 模型初始化视图数: 1 (单视图模式)

--- 训练阶段 ---
开始训练，共 200 个epochs...
关闭early stopping，训练将跑满设定epochs
🔧 Assignment layer LR multiplier: 10 (base_lr=5e-05, assignment_lr=0.0005)
Epoch [1/200], Average Loss: 1.167156
  Diagnostics: H_ent_norm=0.9986, H_maxp=0.0411, pi_ent_norm=1.0000, pi_std=0.000287, effC=28.00, Lvar=0.000001, Lvar_active=0.0002, scale/adh_std=1
Epoch [10/200], Average Loss: 1.158985
  Diagnostics: H_ent_norm=0.9995, H_maxp=0.0387, pi_ent_norm=1.0000, pi_std=0.000231, effC=28.00, Lvar=0.000001, Lvar_active=0.0002, scale/adh_std=1
Epoch [20/200], Average Loss: 1.157234
  Diagnostics: H_ent_norm=0.9998, H_maxp=0.0376, pi_ent_norm=1.0000, pi_std=0.000108, effC=28.00, Lvar=0.000001, Lvar_active=0.0002, scale/adh_std=1
Epoch [30/200], Average Loss: 1.156729
  Diagnostics: H_ent_norm=0.9999, H_maxp=0.0373, pi_ent_norm=1.0000, pi_std=0.000092, effC=28.00, Lvar=0.000001, Lvar_active=0.0002, scale/adh_std=1
Epoch [40/200], Average Loss: 1.155949
  Diagnostics: H_ent_norm=0.9999, H_maxp=0.0369, pi_ent_norm=1.0000, pi_std=0.000057, effC=28.00, Lvar=0.000001, Lvar_active=0.0002, scale/adh_std=1
Epoch [50/200], Average Loss: 1.155731
  Diagnostics: H_ent_norm=0.9999, H_maxp=0.0368, pi_ent_norm=1.0000, pi_std=0.000057, effC=28.00, Lvar=0.000001, Lvar_active=0.0002, scale/adh_std=1
Epoch [60/200], Average Loss: 1.155517
  Diagnostics: H_ent_norm=1.0000, H_maxp=0.0366, pi_ent_norm=1.0000, pi_std=0.000042, effC=28.00, Lvar=0.000001, Lvar_active=0.0002, scale/adh_std=1
Epoch [70/200], Average Loss: 1.155353
  Diagnostics: H_ent_norm=1.0000, H_maxp=0.0365, pi_ent_norm=1.0000, pi_std=0.000040, effC=28.00, Lvar=0.000001, Lvar_active=0.0002, scale/adh_std=1
Epoch [80/200], Average Loss: 1.155234
  Diagnostics: H_ent_norm=1.0000, H_maxp=0.0362, pi_ent_norm=1.0000, pi_std=0.000021, effC=28.00, Lvar=0.000001, Lvar_active=0.0002, scale/adh_std=1
Epoch [90/200], Average Loss: 1.155128
  Diagnostics: H_ent_norm=1.0000, H_maxp=0.0362, pi_ent_norm=1.0000, pi_std=0.000026, effC=28.00, Lvar=0.000001, Lvar_active=0.0003, scale/adh_std=1
Epoch [100/200], Average Loss: 1.155055
  Diagnostics: H_ent_norm=1.0000, H_maxp=0.0362, pi_ent_norm=1.0000, pi_std=0.000025, effC=28.00, Lvar=0.000001, Lvar_active=0.0003, scale/adh_std=1
Epoch [110/200], Average Loss: 1.154990
  Diagnostics: H_ent_norm=1.0000, H_maxp=0.0361, pi_ent_norm=1.0000, pi_std=0.000016, effC=28.00, Lvar=0.000002, Lvar_active=0.0003, scale/adh_std=1
Epoch [120/200], Average Loss: 1.154942
  Diagnostics: H_ent_norm=1.0000, H_maxp=0.0361, pi_ent_norm=1.0000, pi_std=0.000018, effC=28.00, Lvar=0.000002, Lvar_active=0.0005, scale/adh_std=1
Epoch [130/200], Average Loss: 1.154891
  Diagnostics: H_ent_norm=1.0000, H_maxp=0.0360, pi_ent_norm=1.0000, pi_std=0.000013, effC=28.00, Lvar=0.000002, Lvar_active=0.0005, scale/adh_std=1
Epoch [140/200], Average Loss: 1.154855
  Diagnostics: H_ent_norm=1.0000, H_maxp=0.0360, pi_ent_norm=1.0000, pi_std=0.000011, effC=28.00, Lvar=0.000002, Lvar_active=0.0005, scale/adh_std=1
Epoch [150/200], Average Loss: 1.154821
  Diagnostics: H_ent_norm=1.0000, H_maxp=0.0360, pi_ent_norm=1.0000, pi_std=0.000009, effC=28.00, Lvar=0.000003, Lvar_active=0.0005, scale/adh_std=1
Epoch [160/200], Average Loss: 1.154794
  Diagnostics: H_ent_norm=1.0000, H_maxp=0.0359, pi_ent_norm=1.0000, pi_std=0.000007, effC=28.00, Lvar=0.000003, Lvar_active=0.0005, scale/adh_std=1
Epoch [170/200], Average Loss: 1.154774
  Diagnostics: H_ent_norm=1.0000, H_maxp=0.0359, pi_ent_norm=1.0000, pi_std=0.000008, effC=28.00, Lvar=0.000003, Lvar_active=0.0005, scale/adh_std=1
Epoch [180/200], Average Loss: 1.154752
  Diagnostics: H_ent_norm=1.0000, H_maxp=0.0359, pi_ent_norm=1.0000, pi_std=0.000007, effC=28.00, Lvar=0.000004, Lvar_active=0.0005, scale/adh_std=1
Epoch [190/200], Average Loss: 1.154737
  Diagnostics: H_ent_norm=1.0000, H_maxp=0.0359, pi_ent_norm=1.0000, pi_std=0.000007, effC=28.00, Lvar=0.000004, Lvar_active=0.0005, scale/adh_std=1
Epoch [200/200], Average Loss: 1.154723
  Diagnostics: H_ent_norm=1.0000, H_maxp=0.0359, pi_ent_norm=1.0000, pi_std=0.000006, effC=28.00, Lvar=0.000004, Lvar_active=0.0007, scale/adh_std=1
训练完成！实际训练 200 个epochs

--- 评估阶段 ---
  Facebook: AUROC=0.5989, AUPRC=0.0576
  cora: AUROC=0.8129, AUPRC=0.4081
  citeseer: AUROC=0.8927, AUPRC=0.4669
  ACM: AUROC=0.7851, AUPRC=0.3715
  BlogCatalog: AUROC=0.7264, AUPRC=0.3366
  weibo: AUROC=0.7575, AUPRC=0.3061
  Reddit: AUROC=0.5853, AUPRC=0.0460
  Amazon: AUROC=0.7505, AUPRC=0.1413

--- 保存模型 ---
检查点已保存到: /autodl-fs/data/recap/tuning_hyperparams/sensitivity_results/sensitivity_paper_final/checkpoints/num_hops__6/recap/trial_1/model.pt
模型已保存到: /autodl-fs/data/recap/tuning_hyperparams/sensitivity_results/sensitivity_paper_final/checkpoints/num_hops__6/recap/trial_1/model.pt

======================================================================
Trial 2 开始训练 (seed=2)
======================================================================
🔧 模型初始化视图数: 1 (单视图模式)

--- 训练阶段 ---
开始训练，共 200 个epochs...
关闭early stopping，训练将跑满设定epochs
🔧 Assignment layer LR multiplier: 10 (base_lr=5e-05, assignment_lr=0.0005)
Epoch [1/200], Average Loss: 1.165797
  Diagnostics: H_ent_norm=0.9988, H_maxp=0.0410, pi_ent_norm=1.0000, pi_std=0.000221, effC=28.00, Lvar=0.000000, Lvar_active=0.0000, scale/adh_std=1
Epoch [10/200], Average Loss: 1.157983
  Diagnostics: H_ent_norm=0.9997, H_maxp=0.0380, pi_ent_norm=1.0000, pi_std=0.000099, effC=28.00, Lvar=0.000000, Lvar_active=0.0000, scale/adh_std=1
Epoch [20/200], Average Loss: 1.156642
  Diagnostics: H_ent_norm=0.9999, H_maxp=0.0373, pi_ent_norm=1.0000, pi_std=0.000101, effC=28.00, Lvar=0.000000, Lvar_active=0.0000, scale/adh_std=1
Epoch [30/200], Average Loss: 1.156246
  Diagnostics: H_ent_norm=0.9999, H_maxp=0.0371, pi_ent_norm=1.0000, pi_std=0.000084, effC=28.00, Lvar=0.000000, Lvar_active=0.0000, scale/adh_std=1
Epoch [40/200], Average Loss: 1.155898
  Diagnostics: H_ent_norm=0.9999, H_maxp=0.0368, pi_ent_norm=1.0000, pi_std=0.000069, effC=28.00, Lvar=0.000000, Lvar_active=0.0000, scale/adh_std=1
Epoch [50/200], Average Loss: 1.155550
  Diagnostics: H_ent_norm=0.9999, H_maxp=0.0368, pi_ent_norm=1.0000, pi_std=0.000050, effC=28.00, Lvar=0.000000, Lvar_active=0.0000, scale/adh_std=1
Epoch [60/200], Average Loss: 1.155449
  Diagnostics: H_ent_norm=1.0000, H_maxp=0.0366, pi_ent_norm=1.0000, pi_std=0.000044, effC=28.00, Lvar=0.000000, Lvar_active=0.0000, scale/adh_std=1
Epoch [70/200], Average Loss: 1.155206
  Diagnostics: H_ent_norm=1.0000, H_maxp=0.0363, pi_ent_norm=1.0000, pi_std=0.000030, effC=28.00, Lvar=0.000000, Lvar_active=0.0000, scale/adh_std=1
Epoch [80/200], Average Loss: 1.155126
  Diagnostics: H_ent_norm=1.0000, H_maxp=0.0363, pi_ent_norm=1.0000, pi_std=0.000037, effC=28.00, Lvar=0.000000, Lvar_active=0.0000, scale/adh_std=1
Epoch [90/200], Average Loss: 1.155015
  Diagnostics: H_ent_norm=1.0000, H_maxp=0.0361, pi_ent_norm=1.0000, pi_std=0.000021, effC=28.00, Lvar=0.000000, Lvar_active=0.0000, scale/adh_std=1
Epoch [100/200], Average Loss: 1.154950
  Diagnostics: H_ent_norm=1.0000, H_maxp=0.0360, pi_ent_norm=1.0000, pi_std=0.000013, effC=28.00, Lvar=0.000000, Lvar_active=0.0002, scale/adh_std=1
Epoch [110/200], Average Loss: 1.154894
  Diagnostics: H_ent_norm=1.0000, H_maxp=0.0360, pi_ent_norm=1.0000, pi_std=0.000014, effC=28.00, Lvar=0.000000, Lvar_active=0.0002, scale/adh_std=1
Epoch [120/200], Average Loss: 1.154845
  Diagnostics: H_ent_norm=1.0000, H_maxp=0.0360, pi_ent_norm=1.0000, pi_std=0.000012, effC=28.00, Lvar=0.000000, Lvar_active=0.0002, scale/adh_std=1
Epoch [130/200], Average Loss: 1.154809
  Diagnostics: H_ent_norm=1.0000, H_maxp=0.0359, pi_ent_norm=1.0000, pi_std=0.000008, effC=28.00, Lvar=0.000000, Lvar_active=0.0002, scale/adh_std=1
Epoch [140/200], Average Loss: 1.154779
  Diagnostics: H_ent_norm=1.0000, H_maxp=0.0359, pi_ent_norm=1.0000, pi_std=0.000010, effC=28.00, Lvar=0.000000, Lvar_active=0.0002, scale/adh_std=1
Epoch [150/200], Average Loss: 1.154757
  Diagnostics: H_ent_norm=1.0000, H_maxp=0.0359, pi_ent_norm=1.0000, pi_std=0.000007, effC=28.00, Lvar=0.000001, Lvar_active=0.0003, scale/adh_std=1
Epoch [160/200], Average Loss: 1.154736
  Diagnostics: H_ent_norm=1.0000, H_maxp=0.0359, pi_ent_norm=1.0000, pi_std=0.000006, effC=28.00, Lvar=0.000001, Lvar_active=0.0003, scale/adh_std=1
Epoch [170/200], Average Loss: 1.154720
  Diagnostics: H_ent_norm=1.0000, H_maxp=0.0359, pi_ent_norm=1.0000, pi_std=0.000008, effC=28.00, Lvar=0.000001, Lvar_active=0.0003, scale/adh_std=1
Epoch [180/200], Average Loss: 1.154706
  Diagnostics: H_ent_norm=1.0000, H_maxp=0.0358, pi_ent_norm=1.0000, pi_std=0.000005, effC=28.00, Lvar=0.000002, Lvar_active=0.0007, scale/adh_std=1
Epoch [190/200], Average Loss: 1.154694
  Diagnostics: H_ent_norm=1.0000, H_maxp=0.0358, pi_ent_norm=1.0000, pi_std=0.000005, effC=28.00, Lvar=0.000002, Lvar_active=0.0007, scale/adh_std=1
Epoch [200/200], Average Loss: 1.154684
  Diagnostics: H_ent_norm=1.0000, H_maxp=0.0358, pi_ent_norm=1.0000, pi_std=0.000004, effC=28.00, Lvar=0.000003, Lvar_active=0.0007, scale/adh_std=1
训练完成！实际训练 200 个epochs

--- 评估阶段 ---
  Facebook: AUROC=0.6025, AUPRC=0.0387
  cora: AUROC=0.8031, AUPRC=0.3919
  citeseer: AUROC=0.8931, AUPRC=0.4499
  ACM: AUROC=0.7886, AUPRC=0.3747
  BlogCatalog: AUROC=0.7323, AUPRC=0.3383
  weibo: AUROC=0.7505, AUPRC=0.3012
  Reddit: AUROC=0.5793, AUPRC=0.0447
  Amazon: AUROC=0.7356, AUPRC=0.1339

--- 保存模型 ---
检查点已保存到: /autodl-fs/data/recap/tuning_hyperparams/sensitivity_results/sensitivity_paper_final/checkpoints/num_hops__6/recap/trial_2/model.pt
模型已保存到: /autodl-fs/data/recap/tuning_hyperparams/sensitivity_results/sensitivity_paper_final/checkpoints/num_hops__6/recap/trial_2/model.pt

======================================================================
聚合 3 次试验的结果
======================================================================

------------------------- Facebook -------------------------
AUROC: 0.6005 ± 0.0015
AUPRC: 0.0496 ± 0.0080

------------------------- cora -------------------------
AUROC: 0.8094 ± 0.0045
AUPRC: 0.4042 ± 0.0089

------------------------- citeseer -------------------------
AUROC: 0.8938 ± 0.0013
AUPRC: 0.4559 ± 0.0078

------------------------- ACM -------------------------
AUROC: 0.7875 ± 0.0017
AUPRC: 0.3729 ± 0.0013

------------------------- BlogCatalog -------------------------
AUROC: 0.7289 ± 0.0025
AUPRC: 0.3371 ± 0.0009

------------------------- weibo -------------------------
AUROC: 0.7547 ± 0.0030
AUPRC: 0.3057 ± 0.0035

------------------------- Reddit -------------------------
AUROC: 0.5834 ± 0.0029
AUPRC: 0.0461 ± 0.0012

------------------------- Amazon -------------------------
AUROC: 0.7404 ± 0.0072
AUPRC: 0.1365 ± 0.0034


======================================================================
训练完成！
所有模型已保存到: /autodl-fs/data/recap/tuning_hyperparams/sensitivity_results/sensitivity_paper_final/checkpoints/num_hops__6/recap/
======================================================================

