/root/miniconda3/lib/python3.12/site-packages/torch_geometric/__init__.py:4: UserWarning: An issue occurred while importing 'torch-scatter'. Disabling its usage. Stacktrace: Could not load this library: /root/miniconda3/lib/python3.12/site-packages/torch_scatter/_version_cuda.so
  import torch_geometric.typing
/root/miniconda3/lib/python3.12/site-packages/torch_geometric/__init__.py:4: UserWarning: An issue occurred while importing 'torch-cluster'. Disabling its usage. Stacktrace: Could not load this library: /root/miniconda3/lib/python3.12/site-packages/torch_cluster/_version_cuda.so
  import torch_geometric.typing
/root/miniconda3/lib/python3.12/site-packages/torch_geometric/__init__.py:4: UserWarning: An issue occurred while importing 'torch-spline-conv'. Disabling its usage. Stacktrace: Could not load this library: /root/miniconda3/lib/python3.12/site-packages/torch_spline_conv/_version_cuda.so
  import torch_geometric.typing
/root/miniconda3/lib/python3.12/site-packages/torch_geometric/__init__.py:4: UserWarning: An issue occurred while importing 'torch-sparse'. Disabling its usage. Stacktrace: Could not load this library: /root/miniconda3/lib/python3.12/site-packages/torch_sparse/_version_cuda.so
  import torch_geometric.typing
使用保存的最佳模型配置

======================================================================
recap 异常检测模型训练
======================================================================

📋 训练配置:
  device: cuda:0
  epochs: 200
  trials: 3
  seed: 0
  output_dir: /autodl-fs/data/recap/tuning_hyperparams/sensitivity_results/sensitivity_paper_final/checkpoints/num_hops__8
  save_checkpoint: True
  early_stop: False
  patience: 30
  log_diagnostics: True
  diagnostics_interval: 10

🔧 模型配置:
  model: recap
  lr: 5e-05
  dropout_rate: 0.2
  h_feats: 256
  num_hops: 8
  weight_decay: 5e-05
  dims: 32
  num_layers: 2
  activation: ELU
  num_views: 1
  num_clusters: 4
  knn_k: 4
  cluster_lr_multiplier: 10.0
  tau_s: 0.15
  sim_block_size: 256
  knn_cache_enabled: True
  knn_cache_dir: /autodl-fs/data/recap/knn_cache
  knn_search_dtype: auto
  lambda_H: 0.5
  lambda_bal: 0.05
  lambda_E: 0.1
  gamma: 0.1
  tau_e: 1.0
  beta: 0.03
  eps: 1e-08
  lambda_ortho: 0.5
  lambda_min_usage: 0.05
  lambda_diversity: 0.1
  min_cluster_ratio: 0.1

💾 保存设置:
  保存目录：/autodl-fs/data/recap/tuning_hyperparams/sensitivity_results/sensitivity_paper_final/checkpoints/num_hops__8
  保存检查点：True
======================================================================


📊 使用指定的训练数据集: ['pubmed', 'Flickr', 'questions', 'YelpChi']

📊 使用指定的测试数据集: ['Facebook', 'cora', 'citeseer', 'ACM', 'BlogCatalog', 'weibo', 'Reddit', 'Amazon']
加载 4 个训练数据集: ['pubmed', 'Flickr', 'questions', 'YelpChi']
加载 8 个测试数据集: ['Facebook', 'cora', 'citeseer', 'ACM', 'BlogCatalog', 'weibo', 'Reddit', 'Amazon']
进行 8 跳特征传播...

======================================================================
Trial 0 开始训练 (seed=0)
======================================================================
🔧 模型初始化视图数: 1 (单视图模式)

--- 训练阶段 ---
开始训练，共 200 个epochs...
关闭early stopping，训练将跑满设定epochs
🔧 Assignment layer LR multiplier: 10 (base_lr=5e-05, assignment_lr=0.0005)
Epoch [1/200], Average Loss: 0.663093
  Diagnostics: H_ent_norm=0.9969, H_maxp=0.2696, pi_ent_norm=0.9999, pi_std=0.002814, effC=4.00, Lvar=0.000000, Lvar_active=0.0000, scale/adh_std=1
Epoch [10/200], Average Loss: 0.658503
  Diagnostics: H_ent_norm=0.9897, H_maxp=0.2858, pi_ent_norm=0.9999, pi_std=0.002746, effC=4.00, Lvar=0.000000, Lvar_active=0.0000, scale/adh_std=1
Epoch [20/200], Average Loss: 0.635515
  Diagnostics: H_ent_norm=0.8950, H_maxp=0.3832, pi_ent_norm=0.9980, pi_std=0.018415, effC=3.99, Lvar=0.000000, Lvar_active=0.0000, scale/adh_std=1
Epoch [30/200], Average Loss: 0.451352
  Diagnostics: H_ent_norm=0.5189, H_maxp=0.6925, pi_ent_norm=0.8789, pi_std=0.135972, effC=3.39, Lvar=0.000000, Lvar_active=0.0000, scale/adh_std=1
Epoch [40/200], Average Loss: 0.269672
  Diagnostics: H_ent_norm=0.2654, H_maxp=0.8663, pi_ent_norm=0.6974, pi_std=0.223441, effC=2.63, Lvar=0.000000, Lvar_active=0.0000, scale/adh_std=1
Epoch [50/200], Average Loss: 0.179016
  Diagnostics: H_ent_norm=0.1490, H_maxp=0.9268, pi_ent_norm=0.6021, pi_std=0.252784, effC=2.31, Lvar=0.000000, Lvar_active=0.0000, scale/adh_std=1
Epoch [60/200], Average Loss: 0.144255
  Diagnostics: H_ent_norm=0.1087, H_maxp=0.9463, pi_ent_norm=0.5662, pi_std=0.261034, effC=2.20, Lvar=0.000000, Lvar_active=0.0000, scale/adh_std=1
Epoch [70/200], Average Loss: 0.125930
  Diagnostics: H_ent_norm=0.0878, H_maxp=0.9567, pi_ent_norm=0.5467, pi_std=0.264896, effC=2.15, Lvar=0.000000, Lvar_active=0.0000, scale/adh_std=1
Epoch [80/200], Average Loss: 0.112825
  Diagnostics: H_ent_norm=0.0742, H_maxp=0.9635, pi_ent_norm=0.5335, pi_std=0.267343, effC=2.11, Lvar=0.000000, Lvar_active=0.0000, scale/adh_std=1
Epoch [90/200], Average Loss: 0.102382
  Diagnostics: H_ent_norm=0.0645, H_maxp=0.9682, pi_ent_norm=0.5238, pi_std=0.268974, effC=2.08, Lvar=0.000000, Lvar_active=0.0000, scale/adh_std=1
Epoch [100/200], Average Loss: 0.092867
  Diagnostics: H_ent_norm=0.0573, H_maxp=0.9718, pi_ent_norm=0.5165, pi_std=0.270125, effC=2.06, Lvar=0.000000, Lvar_active=0.0000, scale/adh_std=1
Epoch [110/200], Average Loss: 0.085886
  Diagnostics: H_ent_norm=0.0512, H_maxp=0.9749, pi_ent_norm=0.5108, pi_std=0.270846, effC=2.04, Lvar=0.000000, Lvar_active=0.0000, scale/adh_std=1
Epoch [120/200], Average Loss: 0.080664
  Diagnostics: H_ent_norm=0.0463, H_maxp=0.9774, pi_ent_norm=0.5059, pi_std=0.271561, effC=2.03, Lvar=0.000000, Lvar_active=0.0000, scale/adh_std=1
Epoch [130/200], Average Loss: 0.075895
  Diagnostics: H_ent_norm=0.0424, H_maxp=0.9793, pi_ent_norm=0.5017, pi_std=0.272152, effC=2.02, Lvar=0.000000, Lvar_active=0.0000, scale/adh_std=1
Epoch [140/200], Average Loss: 0.070121
  Diagnostics: H_ent_norm=0.0391, H_maxp=0.9809, pi_ent_norm=0.4984, pi_std=0.272534, effC=2.01, Lvar=0.000000, Lvar_active=0.0000, scale/adh_std=1
Epoch [150/200], Average Loss: 0.066543
  Diagnostics: H_ent_norm=0.0364, H_maxp=0.9822, pi_ent_norm=0.4955, pi_std=0.272897, effC=2.00, Lvar=0.000000, Lvar_active=0.0000, scale/adh_std=1
Epoch [160/200], Average Loss: 0.062921
  Diagnostics: H_ent_norm=0.0339, H_maxp=0.9835, pi_ent_norm=0.4928, pi_std=0.273233, effC=1.99, Lvar=0.000000, Lvar_active=0.0001, scale/adh_std=1
Epoch [170/200], Average Loss: 0.060492
  Diagnostics: H_ent_norm=0.0319, H_maxp=0.9844, pi_ent_norm=0.4905, pi_std=0.273526, effC=1.99, Lvar=0.000001, Lvar_active=0.0001, scale/adh_std=1
Epoch [180/200], Average Loss: 0.057048
  Diagnostics: H_ent_norm=0.0300, H_maxp=0.9853, pi_ent_norm=0.4884, pi_std=0.273790, effC=1.98, Lvar=0.000001, Lvar_active=0.0002, scale/adh_std=1
Epoch [190/200], Average Loss: 0.054405
  Diagnostics: H_ent_norm=0.0284, H_maxp=0.9861, pi_ent_norm=0.4867, pi_std=0.273955, effC=1.98, Lvar=0.000001, Lvar_active=0.0004, scale/adh_std=1
Epoch [200/200], Average Loss: 0.051900
  Diagnostics: H_ent_norm=0.0269, H_maxp=0.9868, pi_ent_norm=0.4850, pi_std=0.274176, effC=1.97, Lvar=0.000002, Lvar_active=0.0004, scale/adh_std=1
训练完成！实际训练 200 个epochs

--- 评估阶段 ---
  Facebook: AUROC=0.5125, AUPRC=0.0474
  cora: AUROC=0.6725, AUPRC=0.1597
  citeseer: AUROC=0.7519, AUPRC=0.1917
  ACM: AUROC=0.7279, AUPRC=0.2880
  BlogCatalog: AUROC=0.7081, AUPRC=0.2975
  weibo: AUROC=0.7398, AUPRC=0.2954
  Reddit: AUROC=0.5421, AUPRC=0.0383
  Amazon: AUROC=0.6123, AUPRC=0.0964

--- 保存模型 ---
检查点已保存到: /autodl-fs/data/recap/tuning_hyperparams/sensitivity_results/sensitivity_paper_final/checkpoints/num_hops__8/recap/trial_0/model.pt
模型已保存到: /autodl-fs/data/recap/tuning_hyperparams/sensitivity_results/sensitivity_paper_final/checkpoints/num_hops__8/recap/trial_0/model.pt

======================================================================
Trial 1 开始训练 (seed=1)
======================================================================
🔧 模型初始化视图数: 1 (单视图模式)

--- 训练阶段 ---
开始训练，共 200 个epochs...
关闭early stopping，训练将跑满设定epochs
🔧 Assignment layer LR multiplier: 10 (base_lr=5e-05, assignment_lr=0.0005)
Epoch [1/200], Average Loss: 0.663383
  Diagnostics: H_ent_norm=0.9975, H_maxp=0.2688, pi_ent_norm=1.0000, pi_std=0.001414, effC=4.00, Lvar=0.000000, Lvar_active=0.0001, scale/adh_std=1
Epoch [10/200], Average Loss: 0.658732
  Diagnostics: H_ent_norm=0.9915, H_maxp=0.2814, pi_ent_norm=1.0000, pi_std=0.002124, effC=4.00, Lvar=0.000000, Lvar_active=0.0001, scale/adh_std=1
Epoch [20/200], Average Loss: 0.620572
  Diagnostics: H_ent_norm=0.8449, H_maxp=0.4338, pi_ent_norm=0.9959, pi_std=0.023734, effC=3.98, Lvar=0.000000, Lvar_active=0.0000, scale/adh_std=1
Epoch [30/200], Average Loss: 0.437272
  Diagnostics: H_ent_norm=0.4868, H_maxp=0.7082, pi_ent_norm=0.9088, pi_std=0.111134, effC=3.53, Lvar=0.000000, Lvar_active=0.0000, scale/adh_std=1
Epoch [40/200], Average Loss: 0.329732
  Diagnostics: H_ent_norm=0.3174, H_maxp=0.8300, pi_ent_norm=0.8201, pi_std=0.167993, effC=3.12, Lvar=0.000000, Lvar_active=0.0000, scale/adh_std=1
Epoch [50/200], Average Loss: 0.225221
  Diagnostics: H_ent_norm=0.1770, H_maxp=0.9117, pi_ent_norm=0.7043, pi_std=0.219161, effC=2.67, Lvar=0.000000, Lvar_active=0.0000, scale/adh_std=1
Epoch [60/200], Average Loss: 0.176033
  Diagnostics: H_ent_norm=0.1217, H_maxp=0.9392, pi_ent_norm=0.6418, pi_std=0.239608, effC=2.46, Lvar=0.000000, Lvar_active=0.0000, scale/adh_std=1
Epoch [70/200], Average Loss: 0.147022
  Diagnostics: H_ent_norm=0.0960, H_maxp=0.9521, pi_ent_norm=0.5983, pi_std=0.251793, effC=2.31, Lvar=0.000000, Lvar_active=0.0000, scale/adh_std=1
Epoch [80/200], Average Loss: 0.126909
  Diagnostics: H_ent_norm=0.0794, H_maxp=0.9607, pi_ent_norm=0.5650, pi_std=0.259940, effC=2.21, Lvar=0.000000, Lvar_active=0.0001, scale/adh_std=1
Epoch [90/200], Average Loss: 0.111428
  Diagnostics: H_ent_norm=0.0682, H_maxp=0.9665, pi_ent_norm=0.5410, pi_std=0.265055, effC=2.13, Lvar=0.000001, Lvar_active=0.0002, scale/adh_std=1
Epoch [100/200], Average Loss: 0.102733
  Diagnostics: H_ent_norm=0.0598, H_maxp=0.9707, pi_ent_norm=0.5258, pi_std=0.267928, effC=2.09, Lvar=0.000002, Lvar_active=0.0004, scale/adh_std=1
Epoch [110/200], Average Loss: 0.092983
  Diagnostics: H_ent_norm=0.0532, H_maxp=0.9741, pi_ent_norm=0.5160, pi_std=0.269655, effC=2.06, Lvar=0.000002, Lvar_active=0.0004, scale/adh_std=1
Epoch [120/200], Average Loss: 0.086171
  Diagnostics: H_ent_norm=0.0480, H_maxp=0.9767, pi_ent_norm=0.5091, pi_std=0.270816, effC=2.04, Lvar=0.000002, Lvar_active=0.0004, scale/adh_std=1
Epoch [130/200], Average Loss: 0.080518
  Diagnostics: H_ent_norm=0.0438, H_maxp=0.9788, pi_ent_norm=0.5039, pi_std=0.271682, effC=2.02, Lvar=0.000002, Lvar_active=0.0004, scale/adh_std=1
Epoch [140/200], Average Loss: 0.076131
  Diagnostics: H_ent_norm=0.0402, H_maxp=0.9805, pi_ent_norm=0.4999, pi_std=0.272299, effC=2.01, Lvar=0.000002, Lvar_active=0.0004, scale/adh_std=1
Epoch [150/200], Average Loss: 0.072342
  Diagnostics: H_ent_norm=0.0372, H_maxp=0.9820, pi_ent_norm=0.4965, pi_std=0.272757, effC=2.00, Lvar=0.000001, Lvar_active=0.0005, scale/adh_std=1
Epoch [160/200], Average Loss: 0.068872
  Diagnostics: H_ent_norm=0.0346, H_maxp=0.9833, pi_ent_norm=0.4935, pi_std=0.273171, effC=2.00, Lvar=0.000001, Lvar_active=0.0004, scale/adh_std=1
Epoch [170/200], Average Loss: 0.065164
  Diagnostics: H_ent_norm=0.0323, H_maxp=0.9845, pi_ent_norm=0.4908, pi_std=0.273550, effC=1.99, Lvar=0.000002, Lvar_active=0.0005, scale/adh_std=1
Epoch [180/200], Average Loss: 0.061003
  Diagnostics: H_ent_norm=0.0304, H_maxp=0.9853, pi_ent_norm=0.4885, pi_std=0.273880, effC=1.98, Lvar=0.000003, Lvar_active=0.0004, scale/adh_std=1
Epoch [190/200], Average Loss: 0.060665
  Diagnostics: H_ent_norm=0.0286, H_maxp=0.9861, pi_ent_norm=0.4865, pi_std=0.274169, effC=1.98, Lvar=0.000004, Lvar_active=0.0004, scale/adh_std=1
Epoch [200/200], Average Loss: 0.056727
  Diagnostics: H_ent_norm=0.0271, H_maxp=0.9869, pi_ent_norm=0.4847, pi_std=0.274444, effC=1.97, Lvar=0.000005, Lvar_active=0.0005, scale/adh_std=1
训练完成！实际训练 200 个epochs

--- 评估阶段 ---
  Facebook: AUROC=0.5715, AUPRC=0.0435
  cora: AUROC=0.6731, AUPRC=0.1492
  citeseer: AUROC=0.7209, AUPRC=0.1711
  ACM: AUROC=0.7280, AUPRC=0.2980
  BlogCatalog: AUROC=0.7171, AUPRC=0.3112
  weibo: AUROC=0.7279, AUPRC=0.3221
  Reddit: AUROC=0.5722, AUPRC=0.0396
  Amazon: AUROC=0.5754, AUPRC=0.0845

--- 保存模型 ---
检查点已保存到: /autodl-fs/data/recap/tuning_hyperparams/sensitivity_results/sensitivity_paper_final/checkpoints/num_hops__8/recap/trial_1/model.pt
模型已保存到: /autodl-fs/data/recap/tuning_hyperparams/sensitivity_results/sensitivity_paper_final/checkpoints/num_hops__8/recap/trial_1/model.pt

======================================================================
Trial 2 开始训练 (seed=2)
======================================================================
🔧 模型初始化视图数: 1 (单视图模式)

--- 训练阶段 ---
开始训练，共 200 个epochs...
关闭early stopping，训练将跑满设定epochs
🔧 Assignment layer LR multiplier: 10 (base_lr=5e-05, assignment_lr=0.0005)
Epoch [1/200], Average Loss: 0.663276
  Diagnostics: H_ent_norm=0.9967, H_maxp=0.2698, pi_ent_norm=0.9999, pi_std=0.002950, effC=4.00, Lvar=0.000000, Lvar_active=0.0000, scale/adh_std=1
Epoch [10/200], Average Loss: 0.658848
  Diagnostics: H_ent_norm=0.9931, H_maxp=0.2798, pi_ent_norm=1.0000, pi_std=0.001206, effC=4.00, Lvar=0.000000, Lvar_active=0.0000, scale/adh_std=1
Epoch [20/200], Average Loss: 0.641350
  Diagnostics: H_ent_norm=0.9073, H_maxp=0.3851, pi_ent_norm=0.9988, pi_std=0.013875, effC=3.99, Lvar=0.000000, Lvar_active=0.0000, scale/adh_std=1
Epoch [30/200], Average Loss: 0.504730
  Diagnostics: H_ent_norm=0.5840, H_maxp=0.6420, pi_ent_norm=0.9741, pi_std=0.064337, effC=3.86, Lvar=0.000000, Lvar_active=0.0000, scale/adh_std=1
Epoch [40/200], Average Loss: 0.367176
  Diagnostics: H_ent_norm=0.3535, H_maxp=0.8060, pi_ent_norm=0.9001, pi_std=0.128446, effC=3.49, Lvar=0.000000, Lvar_active=0.0000, scale/adh_std=1
Epoch [50/200], Average Loss: 0.251458
  Diagnostics: H_ent_norm=0.1950, H_maxp=0.8964, pi_ent_norm=0.7816, pi_std=0.185710, effC=3.00, Lvar=0.000000, Lvar_active=0.0000, scale/adh_std=1
Epoch [60/200], Average Loss: 0.192882
  Diagnostics: H_ent_norm=0.1317, H_maxp=0.9304, pi_ent_norm=0.7052, pi_std=0.213857, effC=2.70, Lvar=0.000000, Lvar_active=0.0000, scale/adh_std=1
Epoch [70/200], Average Loss: 0.163287
  Diagnostics: H_ent_norm=0.1020, H_maxp=0.9464, pi_ent_norm=0.6669, pi_std=0.225717, effC=2.56, Lvar=0.000000, Lvar_active=0.0000, scale/adh_std=1
Epoch [80/200], Average Loss: 0.144467
  Diagnostics: H_ent_norm=0.0855, H_maxp=0.9552, pi_ent_norm=0.6432, pi_std=0.232815, effC=2.48, Lvar=0.000000, Lvar_active=0.0000, scale/adh_std=1
Epoch [90/200], Average Loss: 0.134120
  Diagnostics: H_ent_norm=0.0746, H_maxp=0.9610, pi_ent_norm=0.6261, pi_std=0.237728, effC=2.43, Lvar=0.000000, Lvar_active=0.0000, scale/adh_std=1
Epoch [100/200], Average Loss: 0.118372
  Diagnostics: H_ent_norm=0.0661, H_maxp=0.9657, pi_ent_norm=0.6113, pi_std=0.241852, effC=2.38, Lvar=0.000000, Lvar_active=0.0000, scale/adh_std=1
Epoch [110/200], Average Loss: 0.110143
  Diagnostics: H_ent_norm=0.0598, H_maxp=0.9689, pi_ent_norm=0.6009, pi_std=0.244489, effC=2.34, Lvar=0.000000, Lvar_active=0.0000, scale/adh_std=1
Epoch [120/200], Average Loss: 0.104833
  Diagnostics: H_ent_norm=0.0545, H_maxp=0.9717, pi_ent_norm=0.5917, pi_std=0.246775, effC=2.31, Lvar=0.000000, Lvar_active=0.0000, scale/adh_std=1
Epoch [130/200], Average Loss: 0.094450
  Diagnostics: H_ent_norm=0.0502, H_maxp=0.9740, pi_ent_norm=0.5839, pi_std=0.248664, effC=2.29, Lvar=0.000000, Lvar_active=0.0000, scale/adh_std=1
Epoch [140/200], Average Loss: 0.088421
  Diagnostics: H_ent_norm=0.0465, H_maxp=0.9759, pi_ent_norm=0.5774, pi_std=0.250173, effC=2.27, Lvar=0.000000, Lvar_active=0.0000, scale/adh_std=1
Epoch [150/200], Average Loss: 0.083449
  Diagnostics: H_ent_norm=0.0437, H_maxp=0.9773, pi_ent_norm=0.5726, pi_std=0.251236, effC=2.25, Lvar=0.000000, Lvar_active=0.0000, scale/adh_std=1
Epoch [160/200], Average Loss: 0.078262
  Diagnostics: H_ent_norm=0.0409, H_maxp=0.9788, pi_ent_norm=0.5672, pi_std=0.252504, effC=2.24, Lvar=0.000000, Lvar_active=0.0000, scale/adh_std=1
Epoch [170/200], Average Loss: 0.074128
  Diagnostics: H_ent_norm=0.0385, H_maxp=0.9800, pi_ent_norm=0.5626, pi_std=0.253564, effC=2.22, Lvar=0.000000, Lvar_active=0.0000, scale/adh_std=1
Epoch [180/200], Average Loss: 0.070283
  Diagnostics: H_ent_norm=0.0365, H_maxp=0.9811, pi_ent_norm=0.5593, pi_std=0.254264, effC=2.21, Lvar=0.000000, Lvar_active=0.0000, scale/adh_std=1
Epoch [190/200], Average Loss: 0.066725
  Diagnostics: H_ent_norm=0.0346, H_maxp=0.9821, pi_ent_norm=0.5564, pi_std=0.254848, effC=2.20, Lvar=0.000000, Lvar_active=0.0000, scale/adh_std=1
Epoch [200/200], Average Loss: 0.064461
  Diagnostics: H_ent_norm=0.0327, H_maxp=0.9831, pi_ent_norm=0.5524, pi_std=0.255749, effC=2.19, Lvar=0.000000, Lvar_active=0.0000, scale/adh_std=1
训练完成！实际训练 200 个epochs

--- 评估阶段 ---
  Facebook: AUROC=0.6247, AUPRC=0.0837
  cora: AUROC=0.6965, AUPRC=0.1475
  citeseer: AUROC=0.7527, AUPRC=0.1585
  ACM: AUROC=0.7204, AUPRC=0.2848
  BlogCatalog: AUROC=0.7136, AUPRC=0.2921
  weibo: AUROC=0.7246, AUPRC=0.3141
  Reddit: AUROC=0.5329, AUPRC=0.0442
  Amazon: AUROC=0.6488, AUPRC=0.0994

--- 保存模型 ---
检查点已保存到: /autodl-fs/data/recap/tuning_hyperparams/sensitivity_results/sensitivity_paper_final/checkpoints/num_hops__8/recap/trial_2/model.pt
模型已保存到: /autodl-fs/data/recap/tuning_hyperparams/sensitivity_results/sensitivity_paper_final/checkpoints/num_hops__8/recap/trial_2/model.pt

======================================================================
聚合 3 次试验的结果
======================================================================

------------------------- Facebook -------------------------
AUROC: 0.5696 ± 0.0459
AUPRC: 0.0582 ± 0.0181

------------------------- cora -------------------------
AUROC: 0.6807 ± 0.0112
AUPRC: 0.1521 ± 0.0054

------------------------- citeseer -------------------------
AUROC: 0.7418 ± 0.0148
AUPRC: 0.1738 ± 0.0137

------------------------- ACM -------------------------
AUROC: 0.7254 ± 0.0036
AUPRC: 0.2903 ± 0.0056

------------------------- BlogCatalog -------------------------
AUROC: 0.7129 ± 0.0037
AUPRC: 0.3003 ± 0.0080

------------------------- weibo -------------------------
AUROC: 0.7307 ± 0.0065
AUPRC: 0.3105 ± 0.0112

------------------------- Reddit -------------------------
AUROC: 0.5490 ± 0.0168
AUPRC: 0.0407 ± 0.0025

------------------------- Amazon -------------------------
AUROC: 0.6122 ± 0.0300
AUPRC: 0.0935 ± 0.0064


======================================================================
训练完成！
所有模型已保存到: /autodl-fs/data/recap/tuning_hyperparams/sensitivity_results/sensitivity_paper_final/checkpoints/num_hops__8/recap/
======================================================================

