/root/miniconda3/lib/python3.12/site-packages/torch_geometric/__init__.py:4: UserWarning: An issue occurred while importing 'torch-scatter'. Disabling its usage. Stacktrace: Could not load this library: /root/miniconda3/lib/python3.12/site-packages/torch_scatter/_version_cuda.so
  import torch_geometric.typing
/root/miniconda3/lib/python3.12/site-packages/torch_geometric/__init__.py:4: UserWarning: An issue occurred while importing 'torch-cluster'. Disabling its usage. Stacktrace: Could not load this library: /root/miniconda3/lib/python3.12/site-packages/torch_cluster/_version_cuda.so
  import torch_geometric.typing
/root/miniconda3/lib/python3.12/site-packages/torch_geometric/__init__.py:4: UserWarning: An issue occurred while importing 'torch-spline-conv'. Disabling its usage. Stacktrace: Could not load this library: /root/miniconda3/lib/python3.12/site-packages/torch_spline_conv/_version_cuda.so
  import torch_geometric.typing
/root/miniconda3/lib/python3.12/site-packages/torch_geometric/__init__.py:4: UserWarning: An issue occurred while importing 'torch-sparse'. Disabling its usage. Stacktrace: Could not load this library: /root/miniconda3/lib/python3.12/site-packages/torch_sparse/_version_cuda.so
  import torch_geometric.typing
使用保存的最佳模型配置

======================================================================
recap 异常检测模型训练
======================================================================

📋 训练配置:
  device: cuda:0
  epochs: 200
  trials: 3
  seed: 0
  output_dir: /autodl-fs/data/recap/tuning_hyperparams/sensitivity_results/sensitivity_paper_final/checkpoints/num_clusters__32
  save_checkpoint: True
  early_stop: False
  patience: 30
  log_diagnostics: True
  diagnostics_interval: 10

🔧 模型配置:
  model: recap
  lr: 5e-05
  dropout_rate: 0.2
  h_feats: 256
  num_hops: 3
  weight_decay: 5e-05
  dims: 32
  num_layers: 2
  activation: ELU
  num_views: 1
  num_clusters: 32
  knn_k: 20
  cluster_lr_multiplier: 10.0
  tau_s: 0.05
  sim_block_size: 256
  knn_cache_enabled: True
  knn_cache_dir: /autodl-fs/data/recap/knn_cache
  knn_search_dtype: auto
  lambda_H: 0.35
  lambda_bal: 0.01
  lambda_E: 0.1
  gamma: 0.1
  tau_e: 1.0
  beta: 0.005
  eps: 1e-08
  lambda_ortho: 0.35
  lambda_min_usage: 0.01
  lambda_diversity: 0.1
  min_cluster_ratio: 0.1

💾 保存设置:
  保存目录：/autodl-fs/data/recap/tuning_hyperparams/sensitivity_results/sensitivity_paper_final/checkpoints/num_clusters__32
  保存检查点：True
======================================================================


📊 使用指定的训练数据集: ['pubmed', 'Flickr', 'questions', 'YelpChi']

📊 使用指定的测试数据集: ['Facebook', 'cora', 'citeseer', 'ACM', 'BlogCatalog', 'weibo', 'Reddit', 'Amazon']
加载 4 个训练数据集: ['pubmed', 'Flickr', 'questions', 'YelpChi']
加载 8 个测试数据集: ['Facebook', 'cora', 'citeseer', 'ACM', 'BlogCatalog', 'weibo', 'Reddit', 'Amazon']
进行 3 跳特征传播...

======================================================================
Trial 0 开始训练 (seed=0)
======================================================================
🔧 模型初始化视图数: 1 (单视图模式)

--- 训练阶段 ---
开始训练，共 200 个epochs...
关闭early stopping，训练将跑满设定epochs
🔧 Assignment layer LR multiplier: 10 (base_lr=5e-05, assignment_lr=0.0005)
Epoch [1/200], Average Loss: 1.213548
  Diagnostics: H_ent_norm=0.9986, H_maxp=0.0363, pi_ent_norm=1.0000, pi_std=0.000182, effC=32.00, Lvar=0.000000, Lvar_active=0.0000, scale/adh_std=1
Epoch [10/200], Average Loss: 1.204899
  Diagnostics: H_ent_norm=0.9997, H_maxp=0.0334, pi_ent_norm=1.0000, pi_std=0.000096, effC=32.00, Lvar=0.000000, Lvar_active=0.0000, scale/adh_std=1
Epoch [20/200], Average Loss: 1.203047
  Diagnostics: H_ent_norm=0.9999, H_maxp=0.0326, pi_ent_norm=1.0000, pi_std=0.000061, effC=32.00, Lvar=0.000000, Lvar_active=0.0000, scale/adh_std=1
Epoch [30/200], Average Loss: 1.202293
  Diagnostics: H_ent_norm=0.9999, H_maxp=0.0322, pi_ent_norm=1.0000, pi_std=0.000047, effC=32.00, Lvar=0.000000, Lvar_active=0.0000, scale/adh_std=1
Epoch [40/200], Average Loss: 1.201917
  Diagnostics: H_ent_norm=1.0000, H_maxp=0.0320, pi_ent_norm=1.0000, pi_std=0.000025, effC=32.00, Lvar=0.000000, Lvar_active=0.0000, scale/adh_std=1
Epoch [50/200], Average Loss: 1.201648
  Diagnostics: H_ent_norm=1.0000, H_maxp=0.0319, pi_ent_norm=1.0000, pi_std=0.000024, effC=32.00, Lvar=0.000000, Lvar_active=0.0000, scale/adh_std=1
Epoch [60/200], Average Loss: 1.201474
  Diagnostics: H_ent_norm=1.0000, H_maxp=0.0318, pi_ent_norm=1.0000, pi_std=0.000023, effC=32.00, Lvar=0.000000, Lvar_active=0.0000, scale/adh_std=1
Epoch [70/200], Average Loss: 1.201343
  Diagnostics: H_ent_norm=1.0000, H_maxp=0.0317, pi_ent_norm=1.0000, pi_std=0.000014, effC=32.00, Lvar=0.000000, Lvar_active=0.0000, scale/adh_std=1
Epoch [80/200], Average Loss: 1.201250
  Diagnostics: H_ent_norm=1.0000, H_maxp=0.0316, pi_ent_norm=1.0000, pi_std=0.000013, effC=32.00, Lvar=0.000000, Lvar_active=0.0000, scale/adh_std=1
Epoch [90/200], Average Loss: 1.201177
  Diagnostics: H_ent_norm=1.0000, H_maxp=0.0316, pi_ent_norm=1.0000, pi_std=0.000011, effC=32.00, Lvar=0.000000, Lvar_active=0.0000, scale/adh_std=1
Epoch [100/200], Average Loss: 1.201122
  Diagnostics: H_ent_norm=1.0000, H_maxp=0.0315, pi_ent_norm=1.0000, pi_std=0.000009, effC=32.00, Lvar=0.000000, Lvar_active=0.0000, scale/adh_std=1
Epoch [110/200], Average Loss: 1.201085
  Diagnostics: H_ent_norm=1.0000, H_maxp=0.0315, pi_ent_norm=1.0000, pi_std=0.000009, effC=32.00, Lvar=0.000000, Lvar_active=0.0000, scale/adh_std=1
Epoch [120/200], Average Loss: 1.201047
  Diagnostics: H_ent_norm=1.0000, H_maxp=0.0315, pi_ent_norm=1.0000, pi_std=0.000007, effC=32.00, Lvar=0.000000, Lvar_active=0.0000, scale/adh_std=1
Epoch [130/200], Average Loss: 1.201019
  Diagnostics: H_ent_norm=1.0000, H_maxp=0.0315, pi_ent_norm=1.0000, pi_std=0.000008, effC=32.00, Lvar=0.000000, Lvar_active=0.0000, scale/adh_std=1
Epoch [140/200], Average Loss: 1.200998
  Diagnostics: H_ent_norm=1.0000, H_maxp=0.0314, pi_ent_norm=1.0000, pi_std=0.000007, effC=32.00, Lvar=0.000000, Lvar_active=0.0003, scale/adh_std=1
Epoch [150/200], Average Loss: 1.200978
  Diagnostics: H_ent_norm=1.0000, H_maxp=0.0314, pi_ent_norm=1.0000, pi_std=0.000005, effC=32.00, Lvar=0.000001, Lvar_active=0.0007, scale/adh_std=1
Epoch [160/200], Average Loss: 1.200963
  Diagnostics: H_ent_norm=1.0000, H_maxp=0.0314, pi_ent_norm=1.0000, pi_std=0.000005, effC=32.00, Lvar=0.000001, Lvar_active=0.0010, scale/adh_std=1
Epoch [170/200], Average Loss: 1.200952
  Diagnostics: H_ent_norm=1.0000, H_maxp=0.0314, pi_ent_norm=1.0000, pi_std=0.000005, effC=32.00, Lvar=0.000002, Lvar_active=0.0013, scale/adh_std=1
Epoch [180/200], Average Loss: 1.200941
  Diagnostics: H_ent_norm=1.0000, H_maxp=0.0314, pi_ent_norm=1.0000, pi_std=0.000005, effC=32.00, Lvar=0.000004, Lvar_active=0.0016, scale/adh_std=1
Epoch [190/200], Average Loss: 1.200932
  Diagnostics: H_ent_norm=1.0000, H_maxp=0.0314, pi_ent_norm=1.0000, pi_std=0.000004, effC=32.00, Lvar=0.000006, Lvar_active=0.0020, scale/adh_std=1
Epoch [200/200], Average Loss: 1.200925
  Diagnostics: H_ent_norm=1.0000, H_maxp=0.0314, pi_ent_norm=1.0000, pi_std=0.000003, effC=32.00, Lvar=0.000008, Lvar_active=0.0023, scale/adh_std=1
训练完成！实际训练 200 个epochs

--- 评估阶段 ---
  Facebook: AUROC=0.5823, AUPRC=0.0495
  cora: AUROC=0.8318, AUPRC=0.4298
  citeseer: AUROC=0.9040, AUPRC=0.4389
  ACM: AUROC=0.7967, AUPRC=0.3742
  BlogCatalog: AUROC=0.7247, AUPRC=0.3344
  weibo: AUROC=0.7549, AUPRC=0.3094
  Reddit: AUROC=0.5978, AUPRC=0.0479
  Amazon: AUROC=0.7262, AUPRC=0.1308

--- 保存模型 ---
检查点已保存到: /autodl-fs/data/recap/tuning_hyperparams/sensitivity_results/sensitivity_paper_final/checkpoints/num_clusters__32/recap/trial_0/model.pt
模型已保存到: /autodl-fs/data/recap/tuning_hyperparams/sensitivity_results/sensitivity_paper_final/checkpoints/num_clusters__32/recap/trial_0/model.pt

======================================================================
Trial 1 开始训练 (seed=1)
======================================================================
🔧 模型初始化视图数: 1 (单视图模式)

--- 训练阶段 ---
开始训练，共 200 个epochs...
关闭early stopping，训练将跑满设定epochs
🔧 Assignment layer LR multiplier: 10 (base_lr=5e-05, assignment_lr=0.0005)
Epoch [1/200], Average Loss: 1.214932
  Diagnostics: H_ent_norm=0.9986, H_maxp=0.0365, pi_ent_norm=1.0000, pi_std=0.000211, effC=32.00, Lvar=0.000001, Lvar_active=0.0003, scale/adh_std=1
Epoch [10/200], Average Loss: 1.204596
  Diagnostics: H_ent_norm=0.9997, H_maxp=0.0333, pi_ent_norm=1.0000, pi_std=0.000096, effC=32.00, Lvar=0.000002, Lvar_active=0.0003, scale/adh_std=1
Epoch [20/200], Average Loss: 1.202727
  Diagnostics: H_ent_norm=0.9999, H_maxp=0.0325, pi_ent_norm=1.0000, pi_std=0.000057, effC=32.00, Lvar=0.000002, Lvar_active=0.0003, scale/adh_std=1
Epoch [30/200], Average Loss: 1.202105
  Diagnostics: H_ent_norm=1.0000, H_maxp=0.0321, pi_ent_norm=1.0000, pi_std=0.000037, effC=32.00, Lvar=0.000002, Lvar_active=0.0003, scale/adh_std=1
Epoch [40/200], Average Loss: 1.201721
  Diagnostics: H_ent_norm=1.0000, H_maxp=0.0319, pi_ent_norm=1.0000, pi_std=0.000024, effC=32.00, Lvar=0.000002, Lvar_active=0.0003, scale/adh_std=1
Epoch [50/200], Average Loss: 1.201499
  Diagnostics: H_ent_norm=1.0000, H_maxp=0.0318, pi_ent_norm=1.0000, pi_std=0.000017, effC=32.00, Lvar=0.000003, Lvar_active=0.0003, scale/adh_std=1
Epoch [60/200], Average Loss: 1.201352
  Diagnostics: H_ent_norm=1.0000, H_maxp=0.0317, pi_ent_norm=1.0000, pi_std=0.000015, effC=32.00, Lvar=0.000003, Lvar_active=0.0003, scale/adh_std=1
Epoch [70/200], Average Loss: 1.201244
  Diagnostics: H_ent_norm=1.0000, H_maxp=0.0317, pi_ent_norm=1.0000, pi_std=0.000014, effC=32.00, Lvar=0.000003, Lvar_active=0.0003, scale/adh_std=1
Epoch [80/200], Average Loss: 1.201166
  Diagnostics: H_ent_norm=1.0000, H_maxp=0.0316, pi_ent_norm=1.0000, pi_std=0.000012, effC=32.00, Lvar=0.000003, Lvar_active=0.0003, scale/adh_std=1
Epoch [90/200], Average Loss: 1.201103
  Diagnostics: H_ent_norm=1.0000, H_maxp=0.0316, pi_ent_norm=1.0000, pi_std=0.000010, effC=32.00, Lvar=0.000003, Lvar_active=0.0003, scale/adh_std=1
Epoch [100/200], Average Loss: 1.201061
  Diagnostics: H_ent_norm=1.0000, H_maxp=0.0315, pi_ent_norm=1.0000, pi_std=0.000007, effC=32.00, Lvar=0.000004, Lvar_active=0.0003, scale/adh_std=1
Epoch [110/200], Average Loss: 1.201027
  Diagnostics: H_ent_norm=1.0000, H_maxp=0.0315, pi_ent_norm=1.0000, pi_std=0.000008, effC=32.00, Lvar=0.000004, Lvar_active=0.0007, scale/adh_std=1
Epoch [120/200], Average Loss: 1.201001
  Diagnostics: H_ent_norm=1.0000, H_maxp=0.0315, pi_ent_norm=1.0000, pi_std=0.000007, effC=32.00, Lvar=0.000005, Lvar_active=0.0007, scale/adh_std=1
Epoch [130/200], Average Loss: 1.200980
  Diagnostics: H_ent_norm=1.0000, H_maxp=0.0314, pi_ent_norm=1.0000, pi_std=0.000006, effC=32.00, Lvar=0.000005, Lvar_active=0.0007, scale/adh_std=1
Epoch [140/200], Average Loss: 1.200963
  Diagnostics: H_ent_norm=1.0000, H_maxp=0.0314, pi_ent_norm=1.0000, pi_std=0.000006, effC=32.00, Lvar=0.000006, Lvar_active=0.0010, scale/adh_std=1
Epoch [150/200], Average Loss: 1.200950
  Diagnostics: H_ent_norm=1.0000, H_maxp=0.0314, pi_ent_norm=1.0000, pi_std=0.000005, effC=32.00, Lvar=0.000007, Lvar_active=0.0013, scale/adh_std=1
Epoch [160/200], Average Loss: 1.200939
  Diagnostics: H_ent_norm=1.0000, H_maxp=0.0314, pi_ent_norm=1.0000, pi_std=0.000005, effC=32.00, Lvar=0.000008, Lvar_active=0.0013, scale/adh_std=1
Epoch [170/200], Average Loss: 1.200930
  Diagnostics: H_ent_norm=1.0000, H_maxp=0.0314, pi_ent_norm=1.0000, pi_std=0.000004, effC=32.00, Lvar=0.000009, Lvar_active=0.0013, scale/adh_std=1
Epoch [180/200], Average Loss: 1.200922
  Diagnostics: H_ent_norm=1.0000, H_maxp=0.0314, pi_ent_norm=1.0000, pi_std=0.000004, effC=32.00, Lvar=0.000010, Lvar_active=0.0013, scale/adh_std=1
Epoch [190/200], Average Loss: 1.200916
  Diagnostics: H_ent_norm=1.0000, H_maxp=0.0314, pi_ent_norm=1.0000, pi_std=0.000003, effC=32.00, Lvar=0.000011, Lvar_active=0.0013, scale/adh_std=1
Epoch [200/200], Average Loss: 1.200910
  Diagnostics: H_ent_norm=1.0000, H_maxp=0.0314, pi_ent_norm=1.0000, pi_std=0.000003, effC=32.00, Lvar=0.000013, Lvar_active=0.0016, scale/adh_std=1
训练完成！实际训练 200 个epochs

--- 评估阶段 ---
  Facebook: AUROC=0.5784, AUPRC=0.0455
  cora: AUROC=0.8324, AUPRC=0.4217
  citeseer: AUROC=0.9005, AUPRC=0.4586
  ACM: AUROC=0.7929, AUPRC=0.3720
  BlogCatalog: AUROC=0.7239, AUPRC=0.3358
  weibo: AUROC=0.7501, AUPRC=0.3041
  Reddit: AUROC=0.5965, AUPRC=0.0462
  Amazon: AUROC=0.7432, AUPRC=0.1384

--- 保存模型 ---
检查点已保存到: /autodl-fs/data/recap/tuning_hyperparams/sensitivity_results/sensitivity_paper_final/checkpoints/num_clusters__32/recap/trial_1/model.pt
模型已保存到: /autodl-fs/data/recap/tuning_hyperparams/sensitivity_results/sensitivity_paper_final/checkpoints/num_clusters__32/recap/trial_1/model.pt

======================================================================
Trial 2 开始训练 (seed=2)
======================================================================
🔧 模型初始化视图数: 1 (单视图模式)

--- 训练阶段 ---
开始训练，共 200 个epochs...
关闭early stopping，训练将跑满设定epochs
🔧 Assignment layer LR multiplier: 10 (base_lr=5e-05, assignment_lr=0.0005)
Epoch [1/200], Average Loss: 1.215516
  Diagnostics: H_ent_norm=0.9984, H_maxp=0.0367, pi_ent_norm=1.0000, pi_std=0.000221, effC=32.00, Lvar=0.000000, Lvar_active=0.0000, scale/adh_std=1
Epoch [10/200], Average Loss: 1.205022
  Diagnostics: H_ent_norm=0.9997, H_maxp=0.0336, pi_ent_norm=1.0000, pi_std=0.000116, effC=32.00, Lvar=0.000000, Lvar_active=0.0000, scale/adh_std=1
Epoch [20/200], Average Loss: 1.203034
  Diagnostics: H_ent_norm=0.9999, H_maxp=0.0326, pi_ent_norm=1.0000, pi_std=0.000066, effC=32.00, Lvar=0.000000, Lvar_active=0.0000, scale/adh_std=1
Epoch [30/200], Average Loss: 1.202292
  Diagnostics: H_ent_norm=0.9999, H_maxp=0.0322, pi_ent_norm=1.0000, pi_std=0.000047, effC=32.00, Lvar=0.000000, Lvar_active=0.0000, scale/adh_std=1
Epoch [40/200], Average Loss: 1.201909
  Diagnostics: H_ent_norm=1.0000, H_maxp=0.0321, pi_ent_norm=1.0000, pi_std=0.000032, effC=32.00, Lvar=0.000000, Lvar_active=0.0000, scale/adh_std=1
Epoch [50/200], Average Loss: 1.201661
  Diagnostics: H_ent_norm=1.0000, H_maxp=0.0319, pi_ent_norm=1.0000, pi_std=0.000028, effC=32.00, Lvar=0.000000, Lvar_active=0.0000, scale/adh_std=1
Epoch [60/200], Average Loss: 1.201483
  Diagnostics: H_ent_norm=1.0000, H_maxp=0.0318, pi_ent_norm=1.0000, pi_std=0.000019, effC=32.00, Lvar=0.000000, Lvar_active=0.0000, scale/adh_std=1
Epoch [70/200], Average Loss: 1.201353
  Diagnostics: H_ent_norm=1.0000, H_maxp=0.0317, pi_ent_norm=1.0000, pi_std=0.000015, effC=32.00, Lvar=0.000000, Lvar_active=0.0000, scale/adh_std=1
Epoch [80/200], Average Loss: 1.201261
  Diagnostics: H_ent_norm=1.0000, H_maxp=0.0317, pi_ent_norm=1.0000, pi_std=0.000014, effC=32.00, Lvar=0.000000, Lvar_active=0.0000, scale/adh_std=1
Epoch [90/200], Average Loss: 1.201186
  Diagnostics: H_ent_norm=1.0000, H_maxp=0.0316, pi_ent_norm=1.0000, pi_std=0.000012, effC=32.00, Lvar=0.000000, Lvar_active=0.0000, scale/adh_std=1
Epoch [100/200], Average Loss: 1.201134
  Diagnostics: H_ent_norm=1.0000, H_maxp=0.0316, pi_ent_norm=1.0000, pi_std=0.000011, effC=32.00, Lvar=0.000000, Lvar_active=0.0000, scale/adh_std=1
Epoch [110/200], Average Loss: 1.201088
  Diagnostics: H_ent_norm=1.0000, H_maxp=0.0315, pi_ent_norm=1.0000, pi_std=0.000009, effC=32.00, Lvar=0.000000, Lvar_active=0.0000, scale/adh_std=1
Epoch [120/200], Average Loss: 1.201052
  Diagnostics: H_ent_norm=1.0000, H_maxp=0.0315, pi_ent_norm=1.0000, pi_std=0.000008, effC=32.00, Lvar=0.000000, Lvar_active=0.0003, scale/adh_std=1
Epoch [130/200], Average Loss: 1.201026
  Diagnostics: H_ent_norm=1.0000, H_maxp=0.0315, pi_ent_norm=1.0000, pi_std=0.000007, effC=32.00, Lvar=0.000000, Lvar_active=0.0003, scale/adh_std=1
Epoch [140/200], Average Loss: 1.201002
  Diagnostics: H_ent_norm=1.0000, H_maxp=0.0315, pi_ent_norm=1.0000, pi_std=0.000007, effC=32.00, Lvar=0.000001, Lvar_active=0.0003, scale/adh_std=1
Epoch [150/200], Average Loss: 1.200984
  Diagnostics: H_ent_norm=1.0000, H_maxp=0.0314, pi_ent_norm=1.0000, pi_std=0.000005, effC=32.00, Lvar=0.000001, Lvar_active=0.0003, scale/adh_std=1
Epoch [160/200], Average Loss: 1.200968
  Diagnostics: H_ent_norm=1.0000, H_maxp=0.0314, pi_ent_norm=1.0000, pi_std=0.000006, effC=32.00, Lvar=0.000001, Lvar_active=0.0007, scale/adh_std=1
Epoch [170/200], Average Loss: 1.200956
  Diagnostics: H_ent_norm=1.0000, H_maxp=0.0314, pi_ent_norm=1.0000, pi_std=0.000005, effC=32.00, Lvar=0.000002, Lvar_active=0.0007, scale/adh_std=1
Epoch [180/200], Average Loss: 1.200945
  Diagnostics: H_ent_norm=1.0000, H_maxp=0.0314, pi_ent_norm=1.0000, pi_std=0.000005, effC=32.00, Lvar=0.000003, Lvar_active=0.0010, scale/adh_std=1
Epoch [190/200], Average Loss: 1.200936
  Diagnostics: H_ent_norm=1.0000, H_maxp=0.0314, pi_ent_norm=1.0000, pi_std=0.000004, effC=32.00, Lvar=0.000003, Lvar_active=0.0010, scale/adh_std=1
Epoch [200/200], Average Loss: 1.200928
  Diagnostics: H_ent_norm=1.0000, H_maxp=0.0314, pi_ent_norm=1.0000, pi_std=0.000004, effC=32.00, Lvar=0.000004, Lvar_active=0.0013, scale/adh_std=1
训练完成！实际训练 200 个epochs

--- 评估阶段 ---
  Facebook: AUROC=0.5794, AUPRC=0.0364
  cora: AUROC=0.8252, AUPRC=0.4079
  citeseer: AUROC=0.9019, AUPRC=0.4406
  ACM: AUROC=0.7959, AUPRC=0.3755
  BlogCatalog: AUROC=0.7296, AUPRC=0.3373
  weibo: AUROC=0.7422, AUPRC=0.2991
  Reddit: AUROC=0.5920, AUPRC=0.0451
  Amazon: AUROC=0.7293, AUPRC=0.1325

--- 保存模型 ---
检查点已保存到: /autodl-fs/data/recap/tuning_hyperparams/sensitivity_results/sensitivity_paper_final/checkpoints/num_clusters__32/recap/trial_2/model.pt
模型已保存到: /autodl-fs/data/recap/tuning_hyperparams/sensitivity_results/sensitivity_paper_final/checkpoints/num_clusters__32/recap/trial_2/model.pt

======================================================================
聚合 3 次试验的结果
======================================================================

------------------------- Facebook -------------------------
AUROC: 0.5801 ± 0.0017
AUPRC: 0.0438 ± 0.0055

------------------------- cora -------------------------
AUROC: 0.8298 ± 0.0033
AUPRC: 0.4198 ± 0.0090

------------------------- citeseer -------------------------
AUROC: 0.9021 ± 0.0014
AUPRC: 0.4460 ± 0.0089

------------------------- ACM -------------------------
AUROC: 0.7952 ± 0.0016
AUPRC: 0.3739 ± 0.0014

------------------------- BlogCatalog -------------------------
AUROC: 0.7261 ± 0.0025
AUPRC: 0.3358 ± 0.0012

------------------------- weibo -------------------------
AUROC: 0.7490 ± 0.0052
AUPRC: 0.3042 ± 0.0042

------------------------- Reddit -------------------------
AUROC: 0.5954 ± 0.0025
AUPRC: 0.0464 ± 0.0011

------------------------- Amazon -------------------------
AUROC: 0.7329 ± 0.0074
AUPRC: 0.1339 ± 0.0033


======================================================================
训练完成！
所有模型已保存到: /autodl-fs/data/recap/tuning_hyperparams/sensitivity_results/sensitivity_paper_final/checkpoints/num_clusters__32/recap/
======================================================================

