/root/miniconda3/lib/python3.12/site-packages/torch_geometric/__init__.py:4: UserWarning: An issue occurred while importing 'torch-scatter'. Disabling its usage. Stacktrace: Could not load this library: /root/miniconda3/lib/python3.12/site-packages/torch_scatter/_version_cuda.so
  import torch_geometric.typing
/root/miniconda3/lib/python3.12/site-packages/torch_geometric/__init__.py:4: UserWarning: An issue occurred while importing 'torch-cluster'. Disabling its usage. Stacktrace: Could not load this library: /root/miniconda3/lib/python3.12/site-packages/torch_cluster/_version_cuda.so
  import torch_geometric.typing
/root/miniconda3/lib/python3.12/site-packages/torch_geometric/__init__.py:4: UserWarning: An issue occurred while importing 'torch-spline-conv'. Disabling its usage. Stacktrace: Could not load this library: /root/miniconda3/lib/python3.12/site-packages/torch_spline_conv/_version_cuda.so
  import torch_geometric.typing
/root/miniconda3/lib/python3.12/site-packages/torch_geometric/__init__.py:4: UserWarning: An issue occurred while importing 'torch-sparse'. Disabling its usage. Stacktrace: Could not load this library: /root/miniconda3/lib/python3.12/site-packages/torch_sparse/_version_cuda.so
  import torch_geometric.typing
使用保存的最佳模型配置

======================================================================
recap 异常检测模型训练
======================================================================

📋 训练配置:
  device: cuda:0
  epochs: 200
  trials: 3
  seed: 0
  output_dir: /autodl-fs/data/recap/tuning_hyperparams/sensitivity_results/sensitivity_paper_final/checkpoints/num_clusters__24
  save_checkpoint: True
  early_stop: False
  patience: 30
  log_diagnostics: True
  diagnostics_interval: 10

🔧 模型配置:
  model: recap
  lr: 5e-05
  dropout_rate: 0.2
  h_feats: 256
  num_hops: 3
  weight_decay: 5e-05
  dims: 32
  num_layers: 2
  activation: ELU
  num_views: 1
  num_clusters: 24
  knn_k: 20
  cluster_lr_multiplier: 10.0
  tau_s: 0.05
  sim_block_size: 256
  knn_cache_enabled: True
  knn_cache_dir: /autodl-fs/data/recap/knn_cache
  knn_search_dtype: auto
  lambda_H: 0.35
  lambda_bal: 0.01
  lambda_E: 0.1
  gamma: 0.1
  tau_e: 1.0
  beta: 0.005
  eps: 1e-08
  lambda_ortho: 0.35
  lambda_min_usage: 0.01
  lambda_diversity: 0.1
  min_cluster_ratio: 0.1

💾 保存设置:
  保存目录：/autodl-fs/data/recap/tuning_hyperparams/sensitivity_results/sensitivity_paper_final/checkpoints/num_clusters__24
  保存检查点：True
======================================================================


📊 使用指定的训练数据集: ['pubmed', 'Flickr', 'questions', 'YelpChi']

📊 使用指定的测试数据集: ['Facebook', 'cora', 'citeseer', 'ACM', 'BlogCatalog', 'weibo', 'Reddit', 'Amazon']
加载 4 个训练数据集: ['pubmed', 'Flickr', 'questions', 'YelpChi']
加载 8 个测试数据集: ['Facebook', 'cora', 'citeseer', 'ACM', 'BlogCatalog', 'weibo', 'Reddit', 'Amazon']
进行 3 跳特征传播...

======================================================================
Trial 0 开始训练 (seed=0)
======================================================================
🔧 模型初始化视图数: 1 (单视图模式)

--- 训练阶段 ---
开始训练，共 200 个epochs...
关闭early stopping，训练将跑满设定epochs
🔧 Assignment layer LR multiplier: 10 (base_lr=5e-05, assignment_lr=0.0005)
Epoch [1/200], Average Loss: 1.113339
  Diagnostics: H_ent_norm=0.9986, H_maxp=0.0478, pi_ent_norm=1.0000, pi_std=0.000213, effC=24.00, Lvar=0.000000, Lvar_active=0.0000, scale/adh_std=1
Epoch [10/200], Average Loss: 1.104763
  Diagnostics: H_ent_norm=0.9998, H_maxp=0.0440, pi_ent_norm=1.0000, pi_std=0.000109, effC=24.00, Lvar=0.000000, Lvar_active=0.0000, scale/adh_std=1
Epoch [20/200], Average Loss: 1.102996
  Diagnostics: H_ent_norm=0.9999, H_maxp=0.0431, pi_ent_norm=1.0000, pi_std=0.000063, effC=24.00, Lvar=0.000000, Lvar_active=0.0000, scale/adh_std=1
Epoch [30/200], Average Loss: 1.102379
  Diagnostics: H_ent_norm=0.9999, H_maxp=0.0428, pi_ent_norm=1.0000, pi_std=0.000049, effC=24.00, Lvar=0.000000, Lvar_active=0.0000, scale/adh_std=1
Epoch [40/200], Average Loss: 1.102023
  Diagnostics: H_ent_norm=1.0000, H_maxp=0.0425, pi_ent_norm=1.0000, pi_std=0.000026, effC=24.00, Lvar=0.000000, Lvar_active=0.0000, scale/adh_std=1
Epoch [50/200], Average Loss: 1.101798
  Diagnostics: H_ent_norm=1.0000, H_maxp=0.0423, pi_ent_norm=1.0000, pi_std=0.000025, effC=24.00, Lvar=0.000000, Lvar_active=0.0000, scale/adh_std=1
Epoch [60/200], Average Loss: 1.101654
  Diagnostics: H_ent_norm=1.0000, H_maxp=0.0423, pi_ent_norm=1.0000, pi_std=0.000027, effC=24.00, Lvar=0.000000, Lvar_active=0.0000, scale/adh_std=1
Epoch [70/200], Average Loss: 1.101542
  Diagnostics: H_ent_norm=1.0000, H_maxp=0.0421, pi_ent_norm=1.0000, pi_std=0.000018, effC=24.00, Lvar=0.000000, Lvar_active=0.0000, scale/adh_std=1
Epoch [80/200], Average Loss: 1.101468
  Diagnostics: H_ent_norm=1.0000, H_maxp=0.0421, pi_ent_norm=1.0000, pi_std=0.000015, effC=24.00, Lvar=0.000000, Lvar_active=0.0000, scale/adh_std=1
Epoch [90/200], Average Loss: 1.101411
  Diagnostics: H_ent_norm=1.0000, H_maxp=0.0420, pi_ent_norm=1.0000, pi_std=0.000013, effC=24.00, Lvar=0.000000, Lvar_active=0.0000, scale/adh_std=1
Epoch [100/200], Average Loss: 1.101368
  Diagnostics: H_ent_norm=1.0000, H_maxp=0.0420, pi_ent_norm=1.0000, pi_std=0.000010, effC=24.00, Lvar=0.000000, Lvar_active=0.0000, scale/adh_std=1
Epoch [110/200], Average Loss: 1.101338
  Diagnostics: H_ent_norm=1.0000, H_maxp=0.0419, pi_ent_norm=1.0000, pi_std=0.000011, effC=24.00, Lvar=0.000000, Lvar_active=0.0000, scale/adh_std=1
Epoch [120/200], Average Loss: 1.101312
  Diagnostics: H_ent_norm=1.0000, H_maxp=0.0419, pi_ent_norm=1.0000, pi_std=0.000007, effC=24.00, Lvar=0.000000, Lvar_active=0.0000, scale/adh_std=1
Epoch [130/200], Average Loss: 1.101292
  Diagnostics: H_ent_norm=1.0000, H_maxp=0.0419, pi_ent_norm=1.0000, pi_std=0.000008, effC=24.00, Lvar=0.000000, Lvar_active=0.0003, scale/adh_std=1
Epoch [140/200], Average Loss: 1.101276
  Diagnostics: H_ent_norm=1.0000, H_maxp=0.0419, pi_ent_norm=1.0000, pi_std=0.000008, effC=24.00, Lvar=0.000000, Lvar_active=0.0007, scale/adh_std=1
Epoch [150/200], Average Loss: 1.101262
  Diagnostics: H_ent_norm=1.0000, H_maxp=0.0418, pi_ent_norm=1.0000, pi_std=0.000005, effC=24.00, Lvar=0.000001, Lvar_active=0.0007, scale/adh_std=1
Epoch [160/200], Average Loss: 1.101252
  Diagnostics: H_ent_norm=1.0000, H_maxp=0.0418, pi_ent_norm=1.0000, pi_std=0.000005, effC=24.00, Lvar=0.000002, Lvar_active=0.0013, scale/adh_std=1
Epoch [170/200], Average Loss: 1.101244
  Diagnostics: H_ent_norm=1.0000, H_maxp=0.0418, pi_ent_norm=1.0000, pi_std=0.000005, effC=24.00, Lvar=0.000004, Lvar_active=0.0016, scale/adh_std=1
Epoch [180/200], Average Loss: 1.101237
  Diagnostics: H_ent_norm=1.0000, H_maxp=0.0418, pi_ent_norm=1.0000, pi_std=0.000005, effC=24.00, Lvar=0.000006, Lvar_active=0.0023, scale/adh_std=1
Epoch [190/200], Average Loss: 1.101231
  Diagnostics: H_ent_norm=1.0000, H_maxp=0.0418, pi_ent_norm=1.0000, pi_std=0.000004, effC=24.00, Lvar=0.000009, Lvar_active=0.0023, scale/adh_std=1
Epoch [200/200], Average Loss: 1.101226
  Diagnostics: H_ent_norm=1.0000, H_maxp=0.0418, pi_ent_norm=1.0000, pi_std=0.000004, effC=24.00, Lvar=0.000011, Lvar_active=0.0023, scale/adh_std=1
训练完成！实际训练 200 个epochs

--- 评估阶段 ---
  Facebook: AUROC=0.5834, AUPRC=0.0496
  cora: AUROC=0.8319, AUPRC=0.4291
  citeseer: AUROC=0.9040, AUPRC=0.4384
  ACM: AUROC=0.7967, AUPRC=0.3731
  BlogCatalog: AUROC=0.7267, AUPRC=0.3349
  weibo: AUROC=0.7582, AUPRC=0.3098
  Reddit: AUROC=0.5978, AUPRC=0.0479
  Amazon: AUROC=0.7255, AUPRC=0.1304

--- 保存模型 ---
检查点已保存到: /autodl-fs/data/recap/tuning_hyperparams/sensitivity_results/sensitivity_paper_final/checkpoints/num_clusters__24/recap/trial_0/model.pt
模型已保存到: /autodl-fs/data/recap/tuning_hyperparams/sensitivity_results/sensitivity_paper_final/checkpoints/num_clusters__24/recap/trial_0/model.pt

======================================================================
Trial 1 开始训练 (seed=1)
======================================================================
🔧 模型初始化视图数: 1 (单视图模式)

--- 训练阶段 ---
开始训练，共 200 个epochs...
关闭early stopping，训练将跑满设定epochs
🔧 Assignment layer LR multiplier: 10 (base_lr=5e-05, assignment_lr=0.0005)
Epoch [1/200], Average Loss: 1.114431
  Diagnostics: H_ent_norm=0.9985, H_maxp=0.0481, pi_ent_norm=1.0000, pi_std=0.000254, effC=24.00, Lvar=0.000001, Lvar_active=0.0003, scale/adh_std=1
Epoch [10/200], Average Loss: 1.104590
  Diagnostics: H_ent_norm=0.9998, H_maxp=0.0440, pi_ent_norm=1.0000, pi_std=0.000125, effC=24.00, Lvar=0.000002, Lvar_active=0.0003, scale/adh_std=1
Epoch [20/200], Average Loss: 1.102835
  Diagnostics: H_ent_norm=0.9999, H_maxp=0.0430, pi_ent_norm=1.0000, pi_std=0.000059, effC=24.00, Lvar=0.000002, Lvar_active=0.0003, scale/adh_std=1
Epoch [30/200], Average Loss: 1.102273
  Diagnostics: H_ent_norm=1.0000, H_maxp=0.0427, pi_ent_norm=1.0000, pi_std=0.000037, effC=24.00, Lvar=0.000002, Lvar_active=0.0003, scale/adh_std=1
Epoch [40/200], Average Loss: 1.101922
  Diagnostics: H_ent_norm=1.0000, H_maxp=0.0424, pi_ent_norm=1.0000, pi_std=0.000024, effC=24.00, Lvar=0.000002, Lvar_active=0.0003, scale/adh_std=1
Epoch [50/200], Average Loss: 1.101729
  Diagnostics: H_ent_norm=1.0000, H_maxp=0.0423, pi_ent_norm=1.0000, pi_std=0.000019, effC=24.00, Lvar=0.000002, Lvar_active=0.0003, scale/adh_std=1
Epoch [60/200], Average Loss: 1.101599
  Diagnostics: H_ent_norm=1.0000, H_maxp=0.0422, pi_ent_norm=1.0000, pi_std=0.000015, effC=24.00, Lvar=0.000003, Lvar_active=0.0003, scale/adh_std=1
Epoch [70/200], Average Loss: 1.101503
  Diagnostics: H_ent_norm=1.0000, H_maxp=0.0421, pi_ent_norm=1.0000, pi_std=0.000017, effC=24.00, Lvar=0.000003, Lvar_active=0.0003, scale/adh_std=1
Epoch [80/200], Average Loss: 1.101433
  Diagnostics: H_ent_norm=1.0000, H_maxp=0.0421, pi_ent_norm=1.0000, pi_std=0.000013, effC=24.00, Lvar=0.000003, Lvar_active=0.0003, scale/adh_std=1
Epoch [90/200], Average Loss: 1.101380
  Diagnostics: H_ent_norm=1.0000, H_maxp=0.0420, pi_ent_norm=1.0000, pi_std=0.000010, effC=24.00, Lvar=0.000003, Lvar_active=0.0003, scale/adh_std=1
Epoch [100/200], Average Loss: 1.101346
  Diagnostics: H_ent_norm=1.0000, H_maxp=0.0420, pi_ent_norm=1.0000, pi_std=0.000008, effC=24.00, Lvar=0.000004, Lvar_active=0.0007, scale/adh_std=1
Epoch [110/200], Average Loss: 1.101317
  Diagnostics: H_ent_norm=1.0000, H_maxp=0.0419, pi_ent_norm=1.0000, pi_std=0.000009, effC=24.00, Lvar=0.000004, Lvar_active=0.0007, scale/adh_std=1
Epoch [120/200], Average Loss: 1.101296
  Diagnostics: H_ent_norm=1.0000, H_maxp=0.0419, pi_ent_norm=1.0000, pi_std=0.000008, effC=24.00, Lvar=0.000005, Lvar_active=0.0007, scale/adh_std=1
Epoch [130/200], Average Loss: 1.101278
  Diagnostics: H_ent_norm=1.0000, H_maxp=0.0419, pi_ent_norm=1.0000, pi_std=0.000007, effC=24.00, Lvar=0.000005, Lvar_active=0.0007, scale/adh_std=1
Epoch [140/200], Average Loss: 1.101264
  Diagnostics: H_ent_norm=1.0000, H_maxp=0.0419, pi_ent_norm=1.0000, pi_std=0.000007, effC=24.00, Lvar=0.000006, Lvar_active=0.0013, scale/adh_std=1
Epoch [150/200], Average Loss: 1.101254
  Diagnostics: H_ent_norm=1.0000, H_maxp=0.0418, pi_ent_norm=1.0000, pi_std=0.000006, effC=24.00, Lvar=0.000007, Lvar_active=0.0013, scale/adh_std=1
Epoch [160/200], Average Loss: 1.101244
  Diagnostics: H_ent_norm=1.0000, H_maxp=0.0418, pi_ent_norm=1.0000, pi_std=0.000005, effC=24.00, Lvar=0.000008, Lvar_active=0.0013, scale/adh_std=1
Epoch [170/200], Average Loss: 1.101237
  Diagnostics: H_ent_norm=1.0000, H_maxp=0.0418, pi_ent_norm=1.0000, pi_std=0.000005, effC=24.00, Lvar=0.000009, Lvar_active=0.0013, scale/adh_std=1
Epoch [180/200], Average Loss: 1.101231
  Diagnostics: H_ent_norm=1.0000, H_maxp=0.0418, pi_ent_norm=1.0000, pi_std=0.000005, effC=24.00, Lvar=0.000011, Lvar_active=0.0013, scale/adh_std=1
Epoch [190/200], Average Loss: 1.101226
  Diagnostics: H_ent_norm=1.0000, H_maxp=0.0418, pi_ent_norm=1.0000, pi_std=0.000004, effC=24.00, Lvar=0.000012, Lvar_active=0.0020, scale/adh_std=1
Epoch [200/200], Average Loss: 1.101221
  Diagnostics: H_ent_norm=1.0000, H_maxp=0.0418, pi_ent_norm=1.0000, pi_std=0.000003, effC=24.00, Lvar=0.000014, Lvar_active=0.0020, scale/adh_std=1
训练完成！实际训练 200 个epochs

--- 评估阶段 ---
  Facebook: AUROC=0.5778, AUPRC=0.0435
  cora: AUROC=0.8326, AUPRC=0.4247
  citeseer: AUROC=0.9004, AUPRC=0.4596
  ACM: AUROC=0.7929, AUPRC=0.3715
  BlogCatalog: AUROC=0.7238, AUPRC=0.3360
  weibo: AUROC=0.7527, AUPRC=0.3046
  Reddit: AUROC=0.5959, AUPRC=0.0461
  Amazon: AUROC=0.7427, AUPRC=0.1380

--- 保存模型 ---
检查点已保存到: /autodl-fs/data/recap/tuning_hyperparams/sensitivity_results/sensitivity_paper_final/checkpoints/num_clusters__24/recap/trial_1/model.pt
模型已保存到: /autodl-fs/data/recap/tuning_hyperparams/sensitivity_results/sensitivity_paper_final/checkpoints/num_clusters__24/recap/trial_1/model.pt

======================================================================
Trial 2 开始训练 (seed=2)
======================================================================
🔧 模型初始化视图数: 1 (单视图模式)

--- 训练阶段 ---
开始训练，共 200 个epochs...
关闭early stopping，训练将跑满设定epochs
🔧 Assignment layer LR multiplier: 10 (base_lr=5e-05, assignment_lr=0.0005)
Epoch [1/200], Average Loss: 1.114724
  Diagnostics: H_ent_norm=0.9984, H_maxp=0.0484, pi_ent_norm=1.0000, pi_std=0.000303, effC=24.00, Lvar=0.000000, Lvar_active=0.0000, scale/adh_std=1
Epoch [10/200], Average Loss: 1.104808
  Diagnostics: H_ent_norm=0.9997, H_maxp=0.0442, pi_ent_norm=1.0000, pi_std=0.000142, effC=24.00, Lvar=0.000000, Lvar_active=0.0000, scale/adh_std=1
Epoch [20/200], Average Loss: 1.103009
  Diagnostics: H_ent_norm=0.9999, H_maxp=0.0431, pi_ent_norm=1.0000, pi_std=0.000068, effC=24.00, Lvar=0.000000, Lvar_active=0.0000, scale/adh_std=1
Epoch [30/200], Average Loss: 1.102358
  Diagnostics: H_ent_norm=1.0000, H_maxp=0.0427, pi_ent_norm=1.0000, pi_std=0.000046, effC=24.00, Lvar=0.000000, Lvar_active=0.0000, scale/adh_std=1
Epoch [40/200], Average Loss: 1.102023
  Diagnostics: H_ent_norm=1.0000, H_maxp=0.0425, pi_ent_norm=1.0000, pi_std=0.000032, effC=24.00, Lvar=0.000000, Lvar_active=0.0000, scale/adh_std=1
Epoch [50/200], Average Loss: 1.101811
  Diagnostics: H_ent_norm=1.0000, H_maxp=0.0423, pi_ent_norm=1.0000, pi_std=0.000025, effC=24.00, Lvar=0.000000, Lvar_active=0.0000, scale/adh_std=1
Epoch [60/200], Average Loss: 1.101660
  Diagnostics: H_ent_norm=1.0000, H_maxp=0.0422, pi_ent_norm=1.0000, pi_std=0.000017, effC=24.00, Lvar=0.000000, Lvar_active=0.0000, scale/adh_std=1
Epoch [70/200], Average Loss: 1.101555
  Diagnostics: H_ent_norm=1.0000, H_maxp=0.0421, pi_ent_norm=1.0000, pi_std=0.000016, effC=24.00, Lvar=0.000000, Lvar_active=0.0000, scale/adh_std=1
Epoch [80/200], Average Loss: 1.101480
  Diagnostics: H_ent_norm=1.0000, H_maxp=0.0421, pi_ent_norm=1.0000, pi_std=0.000014, effC=24.00, Lvar=0.000000, Lvar_active=0.0000, scale/adh_std=1
Epoch [90/200], Average Loss: 1.101420
  Diagnostics: H_ent_norm=1.0000, H_maxp=0.0420, pi_ent_norm=1.0000, pi_std=0.000012, effC=24.00, Lvar=0.000000, Lvar_active=0.0000, scale/adh_std=1
Epoch [100/200], Average Loss: 1.101379
  Diagnostics: H_ent_norm=1.0000, H_maxp=0.0420, pi_ent_norm=1.0000, pi_std=0.000011, effC=24.00, Lvar=0.000000, Lvar_active=0.0000, scale/adh_std=1
Epoch [110/200], Average Loss: 1.101345
  Diagnostics: H_ent_norm=1.0000, H_maxp=0.0419, pi_ent_norm=1.0000, pi_std=0.000009, effC=24.00, Lvar=0.000000, Lvar_active=0.0003, scale/adh_std=1
Epoch [120/200], Average Loss: 1.101318
  Diagnostics: H_ent_norm=1.0000, H_maxp=0.0419, pi_ent_norm=1.0000, pi_std=0.000007, effC=24.00, Lvar=0.000000, Lvar_active=0.0003, scale/adh_std=1
Epoch [130/200], Average Loss: 1.101298
  Diagnostics: H_ent_norm=1.0000, H_maxp=0.0419, pi_ent_norm=1.0000, pi_std=0.000007, effC=24.00, Lvar=0.000001, Lvar_active=0.0003, scale/adh_std=1
Epoch [140/200], Average Loss: 1.101281
  Diagnostics: H_ent_norm=1.0000, H_maxp=0.0419, pi_ent_norm=1.0000, pi_std=0.000006, effC=24.00, Lvar=0.000001, Lvar_active=0.0003, scale/adh_std=1
Epoch [150/200], Average Loss: 1.101269
  Diagnostics: H_ent_norm=1.0000, H_maxp=0.0419, pi_ent_norm=1.0000, pi_std=0.000006, effC=24.00, Lvar=0.000001, Lvar_active=0.0007, scale/adh_std=1
Epoch [160/200], Average Loss: 1.101257
  Diagnostics: H_ent_norm=1.0000, H_maxp=0.0418, pi_ent_norm=1.0000, pi_std=0.000006, effC=24.00, Lvar=0.000002, Lvar_active=0.0010, scale/adh_std=1
Epoch [170/200], Average Loss: 1.101248
  Diagnostics: H_ent_norm=1.0000, H_maxp=0.0418, pi_ent_norm=1.0000, pi_std=0.000005, effC=24.00, Lvar=0.000003, Lvar_active=0.0013, scale/adh_std=1
Epoch [180/200], Average Loss: 1.101241
  Diagnostics: H_ent_norm=1.0000, H_maxp=0.0418, pi_ent_norm=1.0000, pi_std=0.000005, effC=24.00, Lvar=0.000004, Lvar_active=0.0013, scale/adh_std=1
Epoch [190/200], Average Loss: 1.101234
  Diagnostics: H_ent_norm=1.0000, H_maxp=0.0418, pi_ent_norm=1.0000, pi_std=0.000005, effC=24.00, Lvar=0.000005, Lvar_active=0.0013, scale/adh_std=1
Epoch [200/200], Average Loss: 1.101229
  Diagnostics: H_ent_norm=1.0000, H_maxp=0.0418, pi_ent_norm=1.0000, pi_std=0.000004, effC=24.00, Lvar=0.000007, Lvar_active=0.0013, scale/adh_std=1
训练完成！实际训练 200 个epochs

--- 评估阶段 ---
  Facebook: AUROC=0.5781, AUPRC=0.0365
  cora: AUROC=0.8251, AUPRC=0.4071
  citeseer: AUROC=0.9017, AUPRC=0.4398
  ACM: AUROC=0.7959, AUPRC=0.3752
  BlogCatalog: AUROC=0.7296, AUPRC=0.3374
  weibo: AUROC=0.7456, AUPRC=0.2995
  Reddit: AUROC=0.5922, AUPRC=0.0452
  Amazon: AUROC=0.7279, AUPRC=0.1320

--- 保存模型 ---
检查点已保存到: /autodl-fs/data/recap/tuning_hyperparams/sensitivity_results/sensitivity_paper_final/checkpoints/num_clusters__24/recap/trial_2/model.pt
模型已保存到: /autodl-fs/data/recap/tuning_hyperparams/sensitivity_results/sensitivity_paper_final/checkpoints/num_clusters__24/recap/trial_2/model.pt

======================================================================
聚合 3 次试验的结果
======================================================================

------------------------- Facebook -------------------------
AUROC: 0.5798 ± 0.0026
AUPRC: 0.0432 ± 0.0054

------------------------- cora -------------------------
AUROC: 0.8299 ± 0.0034
AUPRC: 0.4203 ± 0.0095

------------------------- citeseer -------------------------
AUROC: 0.9020 ± 0.0015
AUPRC: 0.4459 ± 0.0097

------------------------- ACM -------------------------
AUROC: 0.7952 ± 0.0016
AUPRC: 0.3733 ± 0.0015

------------------------- BlogCatalog -------------------------
AUROC: 0.7267 ± 0.0024
AUPRC: 0.3361 ± 0.0010

------------------------- weibo -------------------------
AUROC: 0.7522 ± 0.0052
AUPRC: 0.3046 ± 0.0042

------------------------- Reddit -------------------------
AUROC: 0.5953 ± 0.0023
AUPRC: 0.0464 ± 0.0011

------------------------- Amazon -------------------------
AUROC: 0.7320 ± 0.0076
AUPRC: 0.1335 ± 0.0033


======================================================================
训练完成！
所有模型已保存到: /autodl-fs/data/recap/tuning_hyperparams/sensitivity_results/sensitivity_paper_final/checkpoints/num_clusters__24/recap/
======================================================================

