/root/miniconda3/lib/python3.12/site-packages/torch_geometric/__init__.py:4: UserWarning: An issue occurred while importing 'torch-scatter'. Disabling its usage. Stacktrace: Could not load this library: /root/miniconda3/lib/python3.12/site-packages/torch_scatter/_version_cuda.so
  import torch_geometric.typing
/root/miniconda3/lib/python3.12/site-packages/torch_geometric/__init__.py:4: UserWarning: An issue occurred while importing 'torch-cluster'. Disabling its usage. Stacktrace: Could not load this library: /root/miniconda3/lib/python3.12/site-packages/torch_cluster/_version_cuda.so
  import torch_geometric.typing
/root/miniconda3/lib/python3.12/site-packages/torch_geometric/__init__.py:4: UserWarning: An issue occurred while importing 'torch-spline-conv'. Disabling its usage. Stacktrace: Could not load this library: /root/miniconda3/lib/python3.12/site-packages/torch_spline_conv/_version_cuda.so
  import torch_geometric.typing
/root/miniconda3/lib/python3.12/site-packages/torch_geometric/__init__.py:4: UserWarning: An issue occurred while importing 'torch-sparse'. Disabling its usage. Stacktrace: Could not load this library: /root/miniconda3/lib/python3.12/site-packages/torch_sparse/_version_cuda.so
  import torch_geometric.typing
使用保存的最佳模型配置

======================================================================
recap 异常检测模型训练
======================================================================

📋 训练配置:
  device: cuda:0
  epochs: 200
  trials: 3
  seed: 0
  output_dir: /autodl-fs/data/recap/tuning_hyperparams/sensitivity_results/sensitivity_paper_final/checkpoints/num_hops__12
  save_checkpoint: True
  early_stop: False
  patience: 30
  log_diagnostics: True
  diagnostics_interval: 10

🔧 模型配置:
  model: recap
  lr: 5e-05
  dropout_rate: 0.2
  h_feats: 256
  num_hops: 12
  weight_decay: 5e-05
  dims: 32
  num_layers: 2
  activation: ELU
  num_views: 1
  num_clusters: 4
  knn_k: 4
  cluster_lr_multiplier: 10.0
  tau_s: 0.15
  sim_block_size: 256
  knn_cache_enabled: True
  knn_cache_dir: /autodl-fs/data/recap/knn_cache
  knn_search_dtype: auto
  lambda_H: 0.5
  lambda_bal: 0.05
  lambda_E: 0.1
  gamma: 0.1
  tau_e: 1.0
  beta: 0.03
  eps: 1e-08
  lambda_ortho: 0.5
  lambda_min_usage: 0.05
  lambda_diversity: 0.1
  min_cluster_ratio: 0.1

💾 保存设置:
  保存目录：/autodl-fs/data/recap/tuning_hyperparams/sensitivity_results/sensitivity_paper_final/checkpoints/num_hops__12
  保存检查点：True
======================================================================


📊 使用指定的训练数据集: ['pubmed', 'Flickr', 'questions', 'YelpChi']

📊 使用指定的测试数据集: ['Facebook', 'cora', 'citeseer', 'ACM', 'BlogCatalog', 'weibo', 'Reddit', 'Amazon']
加载 4 个训练数据集: ['pubmed', 'Flickr', 'questions', 'YelpChi']
加载 8 个测试数据集: ['Facebook', 'cora', 'citeseer', 'ACM', 'BlogCatalog', 'weibo', 'Reddit', 'Amazon']
进行 12 跳特征传播...

======================================================================
Trial 0 开始训练 (seed=0)
======================================================================
🔧 模型初始化视图数: 1 (单视图模式)

--- 训练阶段 ---
开始训练，共 200 个epochs...
关闭early stopping，训练将跑满设定epochs
🔧 Assignment layer LR multiplier: 10 (base_lr=5e-05, assignment_lr=0.0005)
Epoch [1/200], Average Loss: 0.662941
  Diagnostics: H_ent_norm=0.9965, H_maxp=0.2720, pi_ent_norm=1.0000, pi_std=0.002533, effC=4.00, Lvar=0.000000, Lvar_active=0.0000, scale/adh_std=1
Epoch [10/200], Average Loss: 0.650931
  Diagnostics: H_ent_norm=0.9445, H_maxp=0.3458, pi_ent_norm=0.9994, pi_std=0.009324, effC=4.00, Lvar=0.000000, Lvar_active=0.0000, scale/adh_std=1
Epoch [20/200], Average Loss: 0.528506
  Diagnostics: H_ent_norm=0.6320, H_maxp=0.5861, pi_ent_norm=0.9884, pi_std=0.043443, effC=3.94, Lvar=0.000000, Lvar_active=0.0000, scale/adh_std=1
Epoch [30/200], Average Loss: 0.335567
  Diagnostics: H_ent_norm=0.3294, H_maxp=0.8208, pi_ent_norm=0.8125, pi_std=0.173165, effC=3.09, Lvar=0.000000, Lvar_active=0.0000, scale/adh_std=1
Epoch [40/200], Average Loss: 0.211145
  Diagnostics: H_ent_norm=0.1664, H_maxp=0.9174, pi_ent_norm=0.6727, pi_std=0.231595, effC=2.55, Lvar=0.000000, Lvar_active=0.0000, scale/adh_std=1
Epoch [50/200], Average Loss: 0.164813
  Diagnostics: H_ent_norm=0.1117, H_maxp=0.9441, pi_ent_norm=0.6119, pi_std=0.248987, effC=2.35, Lvar=0.000000, Lvar_active=0.0000, scale/adh_std=1
Epoch [60/200], Average Loss: 0.141318
  Diagnostics: H_ent_norm=0.0874, H_maxp=0.9565, pi_ent_norm=0.5783, pi_std=0.257102, effC=2.25, Lvar=0.000000, Lvar_active=0.0000, scale/adh_std=1
Epoch [70/200], Average Loss: 0.124411
  Diagnostics: H_ent_norm=0.0720, H_maxp=0.9644, pi_ent_norm=0.5523, pi_std=0.262717, effC=2.17, Lvar=0.000000, Lvar_active=0.0000, scale/adh_std=1
Epoch [80/200], Average Loss: 0.111339
  Diagnostics: H_ent_norm=0.0612, H_maxp=0.9698, pi_ent_norm=0.5336, pi_std=0.266341, effC=2.11, Lvar=0.000000, Lvar_active=0.0000, scale/adh_std=1
Epoch [90/200], Average Loss: 0.100161
  Diagnostics: H_ent_norm=0.0534, H_maxp=0.9738, pi_ent_norm=0.5198, pi_std=0.268799, effC=2.07, Lvar=0.000000, Lvar_active=0.0000, scale/adh_std=1
Epoch [100/200], Average Loss: 0.090633
  Diagnostics: H_ent_norm=0.0470, H_maxp=0.9770, pi_ent_norm=0.5099, pi_std=0.270440, effC=2.04, Lvar=0.000000, Lvar_active=0.0000, scale/adh_std=1
Epoch [110/200], Average Loss: 0.084486
  Diagnostics: H_ent_norm=0.0422, H_maxp=0.9795, pi_ent_norm=0.5036, pi_std=0.271388, effC=2.02, Lvar=0.000000, Lvar_active=0.0000, scale/adh_std=1
Epoch [120/200], Average Loss: 0.078675
  Diagnostics: H_ent_norm=0.0385, H_maxp=0.9813, pi_ent_norm=0.4990, pi_std=0.272045, effC=2.01, Lvar=0.000000, Lvar_active=0.0000, scale/adh_std=1
Epoch [130/200], Average Loss: 0.073341
  Diagnostics: H_ent_norm=0.0353, H_maxp=0.9828, pi_ent_norm=0.4955, pi_std=0.272515, effC=2.00, Lvar=0.000000, Lvar_active=0.0000, scale/adh_std=1
Epoch [140/200], Average Loss: 0.069151
  Diagnostics: H_ent_norm=0.0327, H_maxp=0.9841, pi_ent_norm=0.4927, pi_std=0.272821, effC=1.99, Lvar=0.000000, Lvar_active=0.0000, scale/adh_std=1
Epoch [150/200], Average Loss: 0.065001
  Diagnostics: H_ent_norm=0.0304, H_maxp=0.9852, pi_ent_norm=0.4901, pi_std=0.273146, effC=1.98, Lvar=0.000000, Lvar_active=0.0000, scale/adh_std=1
Epoch [160/200], Average Loss: 0.062159
  Diagnostics: H_ent_norm=0.0285, H_maxp=0.9861, pi_ent_norm=0.4878, pi_std=0.273440, effC=1.98, Lvar=0.000000, Lvar_active=0.0000, scale/adh_std=1
Epoch [170/200], Average Loss: 0.058665
  Diagnostics: H_ent_norm=0.0268, H_maxp=0.9869, pi_ent_norm=0.4859, pi_std=0.273687, effC=1.97, Lvar=0.000000, Lvar_active=0.0000, scale/adh_std=1
Epoch [180/200], Average Loss: 0.056562
  Diagnostics: H_ent_norm=0.0252, H_maxp=0.9877, pi_ent_norm=0.4841, pi_std=0.273891, effC=1.97, Lvar=0.000000, Lvar_active=0.0000, scale/adh_std=1
Epoch [190/200], Average Loss: 0.053248
  Diagnostics: H_ent_norm=0.0238, H_maxp=0.9884, pi_ent_norm=0.4824, pi_std=0.274116, effC=1.96, Lvar=0.000000, Lvar_active=0.0000, scale/adh_std=1
Epoch [200/200], Average Loss: 0.051497
  Diagnostics: H_ent_norm=0.0227, H_maxp=0.9889, pi_ent_norm=0.4811, pi_std=0.274269, effC=1.96, Lvar=0.000000, Lvar_active=0.0000, scale/adh_std=1
训练完成！实际训练 200 个epochs

--- 评估阶段 ---
  Facebook: AUROC=0.5100, AUPRC=0.0381
  cora: AUROC=0.6741, AUPRC=0.1622
  citeseer: AUROC=0.7669, AUPRC=0.2035
  ACM: AUROC=0.7281, AUPRC=0.2877
  BlogCatalog: AUROC=0.7150, AUPRC=0.3058
  weibo: AUROC=0.7289, AUPRC=0.2784
  Reddit: AUROC=0.5560, AUPRC=0.0388
  Amazon: AUROC=0.6243, AUPRC=0.1000

--- 保存模型 ---
检查点已保存到: /autodl-fs/data/recap/tuning_hyperparams/sensitivity_results/sensitivity_paper_final/checkpoints/num_hops__12/recap/trial_0/model.pt
模型已保存到: /autodl-fs/data/recap/tuning_hyperparams/sensitivity_results/sensitivity_paper_final/checkpoints/num_hops__12/recap/trial_0/model.pt

======================================================================
Trial 1 开始训练 (seed=1)
======================================================================
🔧 模型初始化视图数: 1 (单视图模式)

--- 训练阶段 ---
开始训练，共 200 个epochs...
关闭early stopping，训练将跑满设定epochs
🔧 Assignment layer LR multiplier: 10 (base_lr=5e-05, assignment_lr=0.0005)
Epoch [1/200], Average Loss: 0.662608
  Diagnostics: H_ent_norm=0.9961, H_maxp=0.2733, pi_ent_norm=1.0000, pi_std=0.001711, effC=4.00, Lvar=0.000000, Lvar_active=0.0001, scale/adh_std=1
Epoch [10/200], Average Loss: 0.658651
  Diagnostics: H_ent_norm=0.9876, H_maxp=0.2916, pi_ent_norm=1.0000, pi_std=0.002314, effC=4.00, Lvar=0.000000, Lvar_active=0.0001, scale/adh_std=1
Epoch [20/200], Average Loss: 0.593295
  Diagnostics: H_ent_norm=0.7615, H_maxp=0.5184, pi_ent_norm=0.9834, pi_std=0.048421, effC=3.91, Lvar=0.000000, Lvar_active=0.0001, scale/adh_std=1
Epoch [30/200], Average Loss: 0.392025
  Diagnostics: H_ent_norm=0.4071, H_maxp=0.7542, pi_ent_norm=0.8914, pi_std=0.112587, effC=3.45, Lvar=0.000000, Lvar_active=0.0000, scale/adh_std=1
Epoch [40/200], Average Loss: 0.342635
  Diagnostics: H_ent_norm=0.3214, H_maxp=0.8147, pi_ent_norm=0.8608, pi_std=0.131942, effC=3.31, Lvar=0.000000, Lvar_active=0.0000, scale/adh_std=1
Epoch [50/200], Average Loss: 0.272408
  Diagnostics: H_ent_norm=0.2138, H_maxp=0.8906, pi_ent_norm=0.8030, pi_std=0.168002, effC=3.05, Lvar=0.000000, Lvar_active=0.0000, scale/adh_std=1
Epoch [60/200], Average Loss: 0.206529
  Diagnostics: H_ent_norm=0.1282, H_maxp=0.9337, pi_ent_norm=0.7412, pi_std=0.192484, effC=2.82, Lvar=0.000000, Lvar_active=0.0000, scale/adh_std=1
Epoch [70/200], Average Loss: 0.179705
  Diagnostics: H_ent_norm=0.0989, H_maxp=0.9482, pi_ent_norm=0.7099, pi_std=0.204298, effC=2.72, Lvar=0.000000, Lvar_active=0.0000, scale/adh_std=1
Epoch [80/200], Average Loss: 0.160666
  Diagnostics: H_ent_norm=0.0836, H_maxp=0.9558, pi_ent_norm=0.6835, pi_std=0.214480, effC=2.62, Lvar=0.000000, Lvar_active=0.0000, scale/adh_std=1
Epoch [90/200], Average Loss: 0.144862
  Diagnostics: H_ent_norm=0.0734, H_maxp=0.9611, pi_ent_norm=0.6572, pi_std=0.224104, effC=2.53, Lvar=0.000000, Lvar_active=0.0000, scale/adh_std=1
Epoch [100/200], Average Loss: 0.131101
  Diagnostics: H_ent_norm=0.0656, H_maxp=0.9652, pi_ent_norm=0.6329, pi_std=0.232379, effC=2.45, Lvar=0.000000, Lvar_active=0.0000, scale/adh_std=1
Epoch [110/200], Average Loss: 0.116898
  Diagnostics: H_ent_norm=0.0596, H_maxp=0.9685, pi_ent_norm=0.6108, pi_std=0.239241, effC=2.37, Lvar=0.000000, Lvar_active=0.0000, scale/adh_std=1
Epoch [120/200], Average Loss: 0.105732
  Diagnostics: H_ent_norm=0.0543, H_maxp=0.9714, pi_ent_norm=0.5903, pi_std=0.244978, effC=2.31, Lvar=0.000000, Lvar_active=0.0000, scale/adh_std=1
Epoch [130/200], Average Loss: 0.096471
  Diagnostics: H_ent_norm=0.0500, H_maxp=0.9739, pi_ent_norm=0.5752, pi_std=0.248810, effC=2.26, Lvar=0.000000, Lvar_active=0.0000, scale/adh_std=1
Epoch [140/200], Average Loss: 0.089422
  Diagnostics: H_ent_norm=0.0462, H_maxp=0.9760, pi_ent_norm=0.5664, pi_std=0.250907, effC=2.23, Lvar=0.000000, Lvar_active=0.0000, scale/adh_std=1
Epoch [150/200], Average Loss: 0.082618
  Diagnostics: H_ent_norm=0.0431, H_maxp=0.9777, pi_ent_norm=0.5602, pi_std=0.252331, effC=2.21, Lvar=0.000000, Lvar_active=0.0000, scale/adh_std=1
Epoch [160/200], Average Loss: 0.078400
  Diagnostics: H_ent_norm=0.0403, H_maxp=0.9793, pi_ent_norm=0.5549, pi_std=0.253440, effC=2.20, Lvar=0.000000, Lvar_active=0.0000, scale/adh_std=1
Epoch [170/200], Average Loss: 0.072496
  Diagnostics: H_ent_norm=0.0379, H_maxp=0.9805, pi_ent_norm=0.5503, pi_std=0.254459, effC=2.18, Lvar=0.000000, Lvar_active=0.0000, scale/adh_std=1
Epoch [180/200], Average Loss: 0.069600
  Diagnostics: H_ent_norm=0.0357, H_maxp=0.9817, pi_ent_norm=0.5472, pi_std=0.255144, effC=2.17, Lvar=0.000000, Lvar_active=0.0000, scale/adh_std=1
Epoch [190/200], Average Loss: 0.066451
  Diagnostics: H_ent_norm=0.0339, H_maxp=0.9825, pi_ent_norm=0.5443, pi_std=0.255787, effC=2.16, Lvar=0.000000, Lvar_active=0.0000, scale/adh_std=1
Epoch [200/200], Average Loss: 0.062653
  Diagnostics: H_ent_norm=0.0323, H_maxp=0.9834, pi_ent_norm=0.5420, pi_std=0.256295, effC=2.16, Lvar=0.000000, Lvar_active=0.0000, scale/adh_std=1
训练完成！实际训练 200 个epochs

--- 评估阶段 ---
  Facebook: AUROC=0.5819, AUPRC=0.0604
  cora: AUROC=0.6476, AUPRC=0.1266
  citeseer: AUROC=0.7479, AUPRC=0.1790
  ACM: AUROC=0.7231, AUPRC=0.3071
  BlogCatalog: AUROC=0.7112, AUPRC=0.3043
  weibo: AUROC=0.7247, AUPRC=0.2355
  Reddit: AUROC=0.5006, AUPRC=0.0342
  Amazon: AUROC=0.6534, AUPRC=0.1051

--- 保存模型 ---
检查点已保存到: /autodl-fs/data/recap/tuning_hyperparams/sensitivity_results/sensitivity_paper_final/checkpoints/num_hops__12/recap/trial_1/model.pt
模型已保存到: /autodl-fs/data/recap/tuning_hyperparams/sensitivity_results/sensitivity_paper_final/checkpoints/num_hops__12/recap/trial_1/model.pt

======================================================================
Trial 2 开始训练 (seed=2)
======================================================================
🔧 模型初始化视图数: 1 (单视图模式)

--- 训练阶段 ---
开始训练，共 200 个epochs...
关闭early stopping，训练将跑满设定epochs
🔧 Assignment layer LR multiplier: 10 (base_lr=5e-05, assignment_lr=0.0005)
Epoch [1/200], Average Loss: 0.663121
  Diagnostics: H_ent_norm=0.9963, H_maxp=0.2716, pi_ent_norm=0.9999, pi_std=0.003054, effC=4.00, Lvar=0.000000, Lvar_active=0.0000, scale/adh_std=1
Epoch [10/200], Average Loss: 0.654995
  Diagnostics: H_ent_norm=0.9617, H_maxp=0.3292, pi_ent_norm=0.9996, pi_std=0.007860, effC=4.00, Lvar=0.000000, Lvar_active=0.0000, scale/adh_std=1
Epoch [20/200], Average Loss: 0.514254
  Diagnostics: H_ent_norm=0.6069, H_maxp=0.6243, pi_ent_norm=0.9660, pi_std=0.074336, effC=3.82, Lvar=0.000000, Lvar_active=0.0000, scale/adh_std=1
Epoch [30/200], Average Loss: 0.344404
  Diagnostics: H_ent_norm=0.3280, H_maxp=0.8249, pi_ent_norm=0.8340, pi_std=0.168708, effC=3.18, Lvar=0.000000, Lvar_active=0.0000, scale/adh_std=1
Epoch [40/200], Average Loss: 0.220489
  Diagnostics: H_ent_norm=0.1699, H_maxp=0.9124, pi_ent_norm=0.6846, pi_std=0.228541, effC=2.61, Lvar=0.000000, Lvar_active=0.0000, scale/adh_std=1
Epoch [50/200], Average Loss: 0.167858
  Diagnostics: H_ent_norm=0.1169, H_maxp=0.9399, pi_ent_norm=0.6018, pi_std=0.253375, effC=2.33, Lvar=0.000000, Lvar_active=0.0000, scale/adh_std=1
Epoch [60/200], Average Loss: 0.138097
  Diagnostics: H_ent_norm=0.0895, H_maxp=0.9546, pi_ent_norm=0.5518, pi_std=0.265309, effC=2.17, Lvar=0.000000, Lvar_active=0.0000, scale/adh_std=1
Epoch [70/200], Average Loss: 0.119851
  Diagnostics: H_ent_norm=0.0732, H_maxp=0.9636, pi_ent_norm=0.5272, pi_std=0.270228, effC=2.10, Lvar=0.000000, Lvar_active=0.0000, scale/adh_std=1
Epoch [80/200], Average Loss: 0.108578
  Diagnostics: H_ent_norm=0.0625, H_maxp=0.9691, pi_ent_norm=0.5139, pi_std=0.272772, effC=2.06, Lvar=0.000000, Lvar_active=0.0000, scale/adh_std=1
Epoch [90/200], Average Loss: 0.099897
  Diagnostics: H_ent_norm=0.0549, H_maxp=0.9729, pi_ent_norm=0.5053, pi_std=0.274258, effC=2.03, Lvar=0.000000, Lvar_active=0.0000, scale/adh_std=1
Epoch [100/200], Average Loss: 0.092379
  Diagnostics: H_ent_norm=0.0489, H_maxp=0.9760, pi_ent_norm=0.4986, pi_std=0.275415, effC=2.01, Lvar=0.000000, Lvar_active=0.0000, scale/adh_std=1
Epoch [110/200], Average Loss: 0.084820
  Diagnostics: H_ent_norm=0.0443, H_maxp=0.9782, pi_ent_norm=0.4933, pi_std=0.276304, effC=2.00, Lvar=0.000000, Lvar_active=0.0000, scale/adh_std=1
Epoch [120/200], Average Loss: 0.079812
  Diagnostics: H_ent_norm=0.0404, H_maxp=0.9801, pi_ent_norm=0.4889, pi_std=0.276980, effC=1.99, Lvar=0.000000, Lvar_active=0.0000, scale/adh_std=1
Epoch [130/200], Average Loss: 0.075540
  Diagnostics: H_ent_norm=0.0372, H_maxp=0.9817, pi_ent_norm=0.4855, pi_std=0.277453, effC=1.98, Lvar=0.000000, Lvar_active=0.0000, scale/adh_std=1
Epoch [140/200], Average Loss: 0.070885
  Diagnostics: H_ent_norm=0.0345, H_maxp=0.9830, pi_ent_norm=0.4823, pi_std=0.277908, effC=1.97, Lvar=0.000000, Lvar_active=0.0000, scale/adh_std=1
Epoch [150/200], Average Loss: 0.067340
  Diagnostics: H_ent_norm=0.0322, H_maxp=0.9841, pi_ent_norm=0.4796, pi_std=0.278330, effC=1.96, Lvar=0.000000, Lvar_active=0.0000, scale/adh_std=1
Epoch [160/200], Average Loss: 0.062995
  Diagnostics: H_ent_norm=0.0299, H_maxp=0.9853, pi_ent_norm=0.4773, pi_std=0.278608, effC=1.96, Lvar=0.000000, Lvar_active=0.0000, scale/adh_std=1
Epoch [170/200], Average Loss: 0.059822
  Diagnostics: H_ent_norm=0.0282, H_maxp=0.9861, pi_ent_norm=0.4754, pi_std=0.278815, effC=1.95, Lvar=0.000000, Lvar_active=0.0001, scale/adh_std=1
Epoch [180/200], Average Loss: 0.057397
  Diagnostics: H_ent_norm=0.0266, H_maxp=0.9869, pi_ent_norm=0.4736, pi_std=0.279063, effC=1.95, Lvar=0.000000, Lvar_active=0.0002, scale/adh_std=1
Epoch [190/200], Average Loss: 0.054600
  Diagnostics: H_ent_norm=0.0251, H_maxp=0.9876, pi_ent_norm=0.4719, pi_std=0.279276, effC=1.94, Lvar=0.000001, Lvar_active=0.0003, scale/adh_std=1
Epoch [200/200], Average Loss: 0.053300
  Diagnostics: H_ent_norm=0.0237, H_maxp=0.9884, pi_ent_norm=0.4704, pi_std=0.279421, effC=1.94, Lvar=0.000002, Lvar_active=0.0005, scale/adh_std=1
训练完成！实际训练 200 个epochs

--- 评估阶段 ---
  Facebook: AUROC=0.5788, AUPRC=0.0409
  cora: AUROC=0.6859, AUPRC=0.1300
  citeseer: AUROC=0.7345, AUPRC=0.1805
  ACM: AUROC=0.7293, AUPRC=0.2857
  BlogCatalog: AUROC=0.7254, AUPRC=0.3018
  weibo: AUROC=0.7168, AUPRC=0.2898
  Reddit: AUROC=0.5542, AUPRC=0.0452
  Amazon: AUROC=0.5194, AUPRC=0.0728

--- 保存模型 ---
检查点已保存到: /autodl-fs/data/recap/tuning_hyperparams/sensitivity_results/sensitivity_paper_final/checkpoints/num_hops__12/recap/trial_2/model.pt
模型已保存到: /autodl-fs/data/recap/tuning_hyperparams/sensitivity_results/sensitivity_paper_final/checkpoints/num_hops__12/recap/trial_2/model.pt

======================================================================
聚合 3 次试验的结果
======================================================================

------------------------- Facebook -------------------------
AUROC: 0.5569 ± 0.0332
AUPRC: 0.0465 ± 0.0099

------------------------- cora -------------------------
AUROC: 0.6692 ± 0.0160
AUPRC: 0.1396 ± 0.0160

------------------------- citeseer -------------------------
AUROC: 0.7497 ± 0.0133
AUPRC: 0.1876 ± 0.0112

------------------------- ACM -------------------------
AUROC: 0.7268 ± 0.0027
AUPRC: 0.2935 ± 0.0097

------------------------- BlogCatalog -------------------------
AUROC: 0.7172 ± 0.0060
AUPRC: 0.3040 ± 0.0016

------------------------- weibo -------------------------
AUROC: 0.7235 ± 0.0050
AUPRC: 0.2679 ± 0.0234

------------------------- Reddit -------------------------
AUROC: 0.5370 ± 0.0257
AUPRC: 0.0394 ± 0.0045

------------------------- Amazon -------------------------
AUROC: 0.5990 ± 0.0575
AUPRC: 0.0926 ± 0.0142


======================================================================
训练完成！
所有模型已保存到: /autodl-fs/data/recap/tuning_hyperparams/sensitivity_results/sensitivity_paper_final/checkpoints/num_hops__12/recap/
======================================================================

