/root/miniconda3/lib/python3.12/site-packages/torch_geometric/__init__.py:4: UserWarning: An issue occurred while importing 'torch-scatter'. Disabling its usage. Stacktrace: Could not load this library: /root/miniconda3/lib/python3.12/site-packages/torch_scatter/_version_cuda.so
  import torch_geometric.typing
/root/miniconda3/lib/python3.12/site-packages/torch_geometric/__init__.py:4: UserWarning: An issue occurred while importing 'torch-cluster'. Disabling its usage. Stacktrace: Could not load this library: /root/miniconda3/lib/python3.12/site-packages/torch_cluster/_version_cuda.so
  import torch_geometric.typing
/root/miniconda3/lib/python3.12/site-packages/torch_geometric/__init__.py:4: UserWarning: An issue occurred while importing 'torch-spline-conv'. Disabling its usage. Stacktrace: Could not load this library: /root/miniconda3/lib/python3.12/site-packages/torch_spline_conv/_version_cuda.so
  import torch_geometric.typing
/root/miniconda3/lib/python3.12/site-packages/torch_geometric/__init__.py:4: UserWarning: An issue occurred while importing 'torch-sparse'. Disabling its usage. Stacktrace: Could not load this library: /root/miniconda3/lib/python3.12/site-packages/torch_sparse/_version_cuda.so
  import torch_geometric.typing
使用保存的最佳模型配置

======================================================================
recap 异常检测模型训练
======================================================================

📋 训练配置:
  device: cuda:0
  epochs: 200
  trials: 3
  seed: 0
  output_dir: /autodl-fs/data/recap/tuning_hyperparams/sensitivity_results/sensitivity_paper_final/checkpoints/num_hops__4
  save_checkpoint: True
  early_stop: False
  patience: 30
  log_diagnostics: True
  diagnostics_interval: 10

🔧 模型配置:
  model: recap
  lr: 5e-05
  dropout_rate: 0.2
  h_feats: 256
  num_hops: 4
  weight_decay: 5e-05
  dims: 32
  num_layers: 2
  activation: ELU
  num_views: 1
  num_clusters: 28
  knn_k: 20
  cluster_lr_multiplier: 10.0
  tau_s: 0.05
  sim_block_size: 256
  knn_cache_enabled: True
  knn_cache_dir: /autodl-fs/data/recap/knn_cache
  knn_search_dtype: auto
  lambda_H: 0.35
  lambda_bal: 0.01
  lambda_E: 0.1
  gamma: 0.1
  tau_e: 1.0
  beta: 0.005
  eps: 1e-08
  lambda_ortho: 0.35
  lambda_min_usage: 0.01
  lambda_diversity: 0.1
  min_cluster_ratio: 0.1

💾 保存设置:
  保存目录：/autodl-fs/data/recap/tuning_hyperparams/sensitivity_results/sensitivity_paper_final/checkpoints/num_hops__4
  保存检查点：True
======================================================================


📊 使用指定的训练数据集: ['pubmed', 'Flickr', 'questions', 'YelpChi']

📊 使用指定的测试数据集: ['Facebook', 'cora', 'citeseer', 'ACM', 'BlogCatalog', 'weibo', 'Reddit', 'Amazon']
加载 4 个训练数据集: ['pubmed', 'Flickr', 'questions', 'YelpChi']
加载 8 个测试数据集: ['Facebook', 'cora', 'citeseer', 'ACM', 'BlogCatalog', 'weibo', 'Reddit', 'Amazon']
进行 4 跳特征传播...

======================================================================
Trial 0 开始训练 (seed=0)
======================================================================
🔧 模型初始化视图数: 1 (单视图模式)

--- 训练阶段 ---
开始训练，共 200 个epochs...
关闭early stopping，训练将跑满设定epochs
🔧 Assignment layer LR multiplier: 10 (base_lr=5e-05, assignment_lr=0.0005)
Epoch [1/200], Average Loss: 1.167426
  Diagnostics: H_ent_norm=0.9985, H_maxp=0.0414, pi_ent_norm=1.0000, pi_std=0.000237, effC=28.00, Lvar=0.000000, Lvar_active=0.0000, scale/adh_std=1
Epoch [10/200], Average Loss: 1.158382
  Diagnostics: H_ent_norm=0.9997, H_maxp=0.0381, pi_ent_norm=1.0000, pi_std=0.000116, effC=28.00, Lvar=0.000000, Lvar_active=0.0000, scale/adh_std=1
Epoch [20/200], Average Loss: 1.156846
  Diagnostics: H_ent_norm=0.9999, H_maxp=0.0373, pi_ent_norm=1.0000, pi_std=0.000093, effC=28.00, Lvar=0.000000, Lvar_active=0.0000, scale/adh_std=1
Epoch [30/200], Average Loss: 1.156078
  Diagnostics: H_ent_norm=0.9999, H_maxp=0.0369, pi_ent_norm=1.0000, pi_std=0.000071, effC=28.00, Lvar=0.000000, Lvar_active=0.0000, scale/adh_std=1
Epoch [40/200], Average Loss: 1.155741
  Diagnostics: H_ent_norm=0.9999, H_maxp=0.0368, pi_ent_norm=1.0000, pi_std=0.000058, effC=28.00, Lvar=0.000000, Lvar_active=0.0000, scale/adh_std=1
Epoch [50/200], Average Loss: 1.155474
  Diagnostics: H_ent_norm=1.0000, H_maxp=0.0365, pi_ent_norm=1.0000, pi_std=0.000034, effC=28.00, Lvar=0.000000, Lvar_active=0.0000, scale/adh_std=1
Epoch [60/200], Average Loss: 1.155278
  Diagnostics: H_ent_norm=1.0000, H_maxp=0.0364, pi_ent_norm=1.0000, pi_std=0.000026, effC=28.00, Lvar=0.000000, Lvar_active=0.0000, scale/adh_std=1
Epoch [70/200], Average Loss: 1.155147
  Diagnostics: H_ent_norm=1.0000, H_maxp=0.0363, pi_ent_norm=1.0000, pi_std=0.000027, effC=28.00, Lvar=0.000000, Lvar_active=0.0000, scale/adh_std=1
Epoch [80/200], Average Loss: 1.155042
  Diagnostics: H_ent_norm=1.0000, H_maxp=0.0361, pi_ent_norm=1.0000, pi_std=0.000013, effC=28.00, Lvar=0.000000, Lvar_active=0.0000, scale/adh_std=1
Epoch [90/200], Average Loss: 1.154966
  Diagnostics: H_ent_norm=1.0000, H_maxp=0.0361, pi_ent_norm=1.0000, pi_std=0.000012, effC=28.00, Lvar=0.000000, Lvar_active=0.0000, scale/adh_std=1
Epoch [100/200], Average Loss: 1.154906
  Diagnostics: H_ent_norm=1.0000, H_maxp=0.0360, pi_ent_norm=1.0000, pi_std=0.000012, effC=28.00, Lvar=0.000000, Lvar_active=0.0000, scale/adh_std=1
Epoch [110/200], Average Loss: 1.154857
  Diagnostics: H_ent_norm=1.0000, H_maxp=0.0360, pi_ent_norm=1.0000, pi_std=0.000010, effC=28.00, Lvar=0.000000, Lvar_active=0.0002, scale/adh_std=1
Epoch [120/200], Average Loss: 1.154820
  Diagnostics: H_ent_norm=1.0000, H_maxp=0.0360, pi_ent_norm=1.0000, pi_std=0.000012, effC=28.00, Lvar=0.000000, Lvar_active=0.0002, scale/adh_std=1
Epoch [130/200], Average Loss: 1.154789
  Diagnostics: H_ent_norm=1.0000, H_maxp=0.0360, pi_ent_norm=1.0000, pi_std=0.000008, effC=28.00, Lvar=0.000000, Lvar_active=0.0002, scale/adh_std=1
Epoch [140/200], Average Loss: 1.154761
  Diagnostics: H_ent_norm=1.0000, H_maxp=0.0359, pi_ent_norm=1.0000, pi_std=0.000008, effC=28.00, Lvar=0.000001, Lvar_active=0.0002, scale/adh_std=1
Epoch [150/200], Average Loss: 1.154740
  Diagnostics: H_ent_norm=1.0000, H_maxp=0.0359, pi_ent_norm=1.0000, pi_std=0.000008, effC=28.00, Lvar=0.000001, Lvar_active=0.0002, scale/adh_std=1
Epoch [160/200], Average Loss: 1.154723
  Diagnostics: H_ent_norm=1.0000, H_maxp=0.0359, pi_ent_norm=1.0000, pi_std=0.000007, effC=28.00, Lvar=0.000001, Lvar_active=0.0002, scale/adh_std=1
Epoch [170/200], Average Loss: 1.154706
  Diagnostics: H_ent_norm=1.0000, H_maxp=0.0359, pi_ent_norm=1.0000, pi_std=0.000006, effC=28.00, Lvar=0.000001, Lvar_active=0.0002, scale/adh_std=1
Epoch [180/200], Average Loss: 1.154693
  Diagnostics: H_ent_norm=1.0000, H_maxp=0.0359, pi_ent_norm=1.0000, pi_std=0.000005, effC=28.00, Lvar=0.000002, Lvar_active=0.0007, scale/adh_std=1
Epoch [190/200], Average Loss: 1.154683
  Diagnostics: H_ent_norm=1.0000, H_maxp=0.0359, pi_ent_norm=1.0000, pi_std=0.000005, effC=28.00, Lvar=0.000002, Lvar_active=0.0010, scale/adh_std=1
Epoch [200/200], Average Loss: 1.154674
  Diagnostics: H_ent_norm=1.0000, H_maxp=0.0358, pi_ent_norm=1.0000, pi_std=0.000004, effC=28.00, Lvar=0.000003, Lvar_active=0.0012, scale/adh_std=1
训练完成！实际训练 200 个epochs

--- 评估阶段 ---
  Facebook: AUROC=0.5880, AUPRC=0.0506
  cora: AUROC=0.8246, AUPRC=0.4249
  citeseer: AUROC=0.9022, AUPRC=0.4485
  ACM: AUROC=0.7932, AUPRC=0.3747
  BlogCatalog: AUROC=0.7267, AUPRC=0.3354
  weibo: AUROC=0.7565, AUPRC=0.3101
  Reddit: AUROC=0.5932, AUPRC=0.0479
  Amazon: AUROC=0.7314, AUPRC=0.1329

--- 保存模型 ---
检查点已保存到: /autodl-fs/data/recap/tuning_hyperparams/sensitivity_results/sensitivity_paper_final/checkpoints/num_hops__4/recap/trial_0/model.pt
模型已保存到: /autodl-fs/data/recap/tuning_hyperparams/sensitivity_results/sensitivity_paper_final/checkpoints/num_hops__4/recap/trial_0/model.pt

======================================================================
Trial 1 开始训练 (seed=1)
======================================================================
🔧 模型初始化视图数: 1 (单视图模式)

--- 训练阶段 ---
开始训练，共 200 个epochs...
关闭early stopping，训练将跑满设定epochs
🔧 Assignment layer LR multiplier: 10 (base_lr=5e-05, assignment_lr=0.0005)
Epoch [1/200], Average Loss: 1.167346
  Diagnostics: H_ent_norm=0.9987, H_maxp=0.0410, pi_ent_norm=1.0000, pi_std=0.000215, effC=28.00, Lvar=0.000001, Lvar_active=0.0002, scale/adh_std=1
Epoch [10/200], Average Loss: 1.158225
  Diagnostics: H_ent_norm=0.9997, H_maxp=0.0380, pi_ent_norm=1.0000, pi_std=0.000121, effC=28.00, Lvar=0.000001, Lvar_active=0.0002, scale/adh_std=1
Epoch [20/200], Average Loss: 1.156619
  Diagnostics: H_ent_norm=0.9999, H_maxp=0.0372, pi_ent_norm=1.0000, pi_std=0.000081, effC=28.00, Lvar=0.000001, Lvar_active=0.0002, scale/adh_std=1
Epoch [30/200], Average Loss: 1.155865
  Diagnostics: H_ent_norm=0.9999, H_maxp=0.0367, pi_ent_norm=1.0000, pi_std=0.000048, effC=28.00, Lvar=0.000001, Lvar_active=0.0002, scale/adh_std=1
Epoch [40/200], Average Loss: 1.155556
  Diagnostics: H_ent_norm=1.0000, H_maxp=0.0365, pi_ent_norm=1.0000, pi_std=0.000036, effC=28.00, Lvar=0.000001, Lvar_active=0.0002, scale/adh_std=1
Epoch [50/200], Average Loss: 1.155326
  Diagnostics: H_ent_norm=1.0000, H_maxp=0.0364, pi_ent_norm=1.0000, pi_std=0.000030, effC=28.00, Lvar=0.000001, Lvar_active=0.0002, scale/adh_std=1
Epoch [60/200], Average Loss: 1.155173
  Diagnostics: H_ent_norm=1.0000, H_maxp=0.0363, pi_ent_norm=1.0000, pi_std=0.000023, effC=28.00, Lvar=0.000001, Lvar_active=0.0002, scale/adh_std=1
Epoch [70/200], Average Loss: 1.155052
  Diagnostics: H_ent_norm=1.0000, H_maxp=0.0362, pi_ent_norm=1.0000, pi_std=0.000016, effC=28.00, Lvar=0.000002, Lvar_active=0.0002, scale/adh_std=1
Epoch [80/200], Average Loss: 1.154960
  Diagnostics: H_ent_norm=1.0000, H_maxp=0.0361, pi_ent_norm=1.0000, pi_std=0.000013, effC=28.00, Lvar=0.000002, Lvar_active=0.0002, scale/adh_std=1
Epoch [90/200], Average Loss: 1.154894
  Diagnostics: H_ent_norm=1.0000, H_maxp=0.0361, pi_ent_norm=1.0000, pi_std=0.000012, effC=28.00, Lvar=0.000002, Lvar_active=0.0002, scale/adh_std=1
Epoch [100/200], Average Loss: 1.154846
  Diagnostics: H_ent_norm=1.0000, H_maxp=0.0360, pi_ent_norm=1.0000, pi_std=0.000013, effC=28.00, Lvar=0.000002, Lvar_active=0.0005, scale/adh_std=1
Epoch [110/200], Average Loss: 1.154803
  Diagnostics: H_ent_norm=1.0000, H_maxp=0.0360, pi_ent_norm=1.0000, pi_std=0.000008, effC=28.00, Lvar=0.000002, Lvar_active=0.0005, scale/adh_std=1
Epoch [120/200], Average Loss: 1.154771
  Diagnostics: H_ent_norm=1.0000, H_maxp=0.0360, pi_ent_norm=1.0000, pi_std=0.000008, effC=28.00, Lvar=0.000003, Lvar_active=0.0005, scale/adh_std=1
Epoch [130/200], Average Loss: 1.154747
  Diagnostics: H_ent_norm=1.0000, H_maxp=0.0359, pi_ent_norm=1.0000, pi_std=0.000007, effC=28.00, Lvar=0.000003, Lvar_active=0.0005, scale/adh_std=1
Epoch [140/200], Average Loss: 1.154726
  Diagnostics: H_ent_norm=1.0000, H_maxp=0.0359, pi_ent_norm=1.0000, pi_std=0.000007, effC=28.00, Lvar=0.000004, Lvar_active=0.0007, scale/adh_std=1
Epoch [150/200], Average Loss: 1.154708
  Diagnostics: H_ent_norm=1.0000, H_maxp=0.0359, pi_ent_norm=1.0000, pi_std=0.000005, effC=28.00, Lvar=0.000004, Lvar_active=0.0007, scale/adh_std=1
Epoch [160/200], Average Loss: 1.154694
  Diagnostics: H_ent_norm=1.0000, H_maxp=0.0359, pi_ent_norm=1.0000, pi_std=0.000007, effC=28.00, Lvar=0.000005, Lvar_active=0.0007, scale/adh_std=1
Epoch [170/200], Average Loss: 1.154683
  Diagnostics: H_ent_norm=1.0000, H_maxp=0.0359, pi_ent_norm=1.0000, pi_std=0.000004, effC=28.00, Lvar=0.000005, Lvar_active=0.0007, scale/adh_std=1
Epoch [180/200], Average Loss: 1.154672
  Diagnostics: H_ent_norm=1.0000, H_maxp=0.0359, pi_ent_norm=1.0000, pi_std=0.000004, effC=28.00, Lvar=0.000006, Lvar_active=0.0007, scale/adh_std=1
Epoch [190/200], Average Loss: 1.154664
  Diagnostics: H_ent_norm=1.0000, H_maxp=0.0359, pi_ent_norm=1.0000, pi_std=0.000004, effC=28.00, Lvar=0.000006, Lvar_active=0.0012, scale/adh_std=1
Epoch [200/200], Average Loss: 1.154657
  Diagnostics: H_ent_norm=1.0000, H_maxp=0.0358, pi_ent_norm=1.0000, pi_std=0.000003, effC=28.00, Lvar=0.000007, Lvar_active=0.0012, scale/adh_std=1
训练完成！实际训练 200 个epochs

--- 评估阶段 ---
  Facebook: AUROC=0.5867, AUPRC=0.0496
  cora: AUROC=0.8256, AUPRC=0.4180
  citeseer: AUROC=0.8985, AUPRC=0.4644
  ACM: AUROC=0.7900, AUPRC=0.3734
  BlogCatalog: AUROC=0.7244, AUPRC=0.3361
  weibo: AUROC=0.7558, AUPRC=0.3058
  Reddit: AUROC=0.5920, AUPRC=0.0462
  Amazon: AUROC=0.7469, AUPRC=0.1396

--- 保存模型 ---
检查点已保存到: /autodl-fs/data/recap/tuning_hyperparams/sensitivity_results/sensitivity_paper_final/checkpoints/num_hops__4/recap/trial_1/model.pt
模型已保存到: /autodl-fs/data/recap/tuning_hyperparams/sensitivity_results/sensitivity_paper_final/checkpoints/num_hops__4/recap/trial_1/model.pt

======================================================================
Trial 2 开始训练 (seed=2)
======================================================================
🔧 模型初始化视图数: 1 (单视图模式)

--- 训练阶段 ---
开始训练，共 200 个epochs...
关闭early stopping，训练将跑满设定epochs
🔧 Assignment layer LR multiplier: 10 (base_lr=5e-05, assignment_lr=0.0005)
Epoch [1/200], Average Loss: 1.166776
  Diagnostics: H_ent_norm=0.9985, H_maxp=0.0414, pi_ent_norm=1.0000, pi_std=0.000236, effC=28.00, Lvar=0.000000, Lvar_active=0.0000, scale/adh_std=1
Epoch [10/200], Average Loss: 1.157747
  Diagnostics: H_ent_norm=0.9998, H_maxp=0.0377, pi_ent_norm=1.0000, pi_std=0.000094, effC=28.00, Lvar=0.000000, Lvar_active=0.0000, scale/adh_std=1
Epoch [20/200], Average Loss: 1.156274
  Diagnostics: H_ent_norm=0.9999, H_maxp=0.0369, pi_ent_norm=1.0000, pi_std=0.000051, effC=28.00, Lvar=0.000000, Lvar_active=0.0000, scale/adh_std=1
Epoch [30/200], Average Loss: 1.155708
  Diagnostics: H_ent_norm=1.0000, H_maxp=0.0366, pi_ent_norm=1.0000, pi_std=0.000031, effC=28.00, Lvar=0.000000, Lvar_active=0.0000, scale/adh_std=1
Epoch [40/200], Average Loss: 1.155395
  Diagnostics: H_ent_norm=1.0000, H_maxp=0.0364, pi_ent_norm=1.0000, pi_std=0.000028, effC=28.00, Lvar=0.000000, Lvar_active=0.0000, scale/adh_std=1
Epoch [50/200], Average Loss: 1.155200
  Diagnostics: H_ent_norm=1.0000, H_maxp=0.0363, pi_ent_norm=1.0000, pi_std=0.000029, effC=28.00, Lvar=0.000000, Lvar_active=0.0000, scale/adh_std=1
Epoch [60/200], Average Loss: 1.155051
  Diagnostics: H_ent_norm=1.0000, H_maxp=0.0362, pi_ent_norm=1.0000, pi_std=0.000018, effC=28.00, Lvar=0.000000, Lvar_active=0.0000, scale/adh_std=1
Epoch [70/200], Average Loss: 1.154952
  Diagnostics: H_ent_norm=1.0000, H_maxp=0.0361, pi_ent_norm=1.0000, pi_std=0.000014, effC=28.00, Lvar=0.000000, Lvar_active=0.0000, scale/adh_std=1
Epoch [80/200], Average Loss: 1.154878
  Diagnostics: H_ent_norm=1.0000, H_maxp=0.0360, pi_ent_norm=1.0000, pi_std=0.000011, effC=28.00, Lvar=0.000000, Lvar_active=0.0000, scale/adh_std=1
Epoch [90/200], Average Loss: 1.154825
  Diagnostics: H_ent_norm=1.0000, H_maxp=0.0360, pi_ent_norm=1.0000, pi_std=0.000009, effC=28.00, Lvar=0.000000, Lvar_active=0.0002, scale/adh_std=1
Epoch [100/200], Average Loss: 1.154781
  Diagnostics: H_ent_norm=1.0000, H_maxp=0.0360, pi_ent_norm=1.0000, pi_std=0.000008, effC=28.00, Lvar=0.000000, Lvar_active=0.0002, scale/adh_std=1
Epoch [110/200], Average Loss: 1.154750
  Diagnostics: H_ent_norm=1.0000, H_maxp=0.0359, pi_ent_norm=1.0000, pi_std=0.000007, effC=28.00, Lvar=0.000000, Lvar_active=0.0002, scale/adh_std=1
Epoch [120/200], Average Loss: 1.154727
  Diagnostics: H_ent_norm=1.0000, H_maxp=0.0359, pi_ent_norm=1.0000, pi_std=0.000006, effC=28.00, Lvar=0.000001, Lvar_active=0.0002, scale/adh_std=1
Epoch [130/200], Average Loss: 1.154705
  Diagnostics: H_ent_norm=1.0000, H_maxp=0.0359, pi_ent_norm=1.0000, pi_std=0.000007, effC=28.00, Lvar=0.000001, Lvar_active=0.0005, scale/adh_std=1
Epoch [140/200], Average Loss: 1.154690
  Diagnostics: H_ent_norm=1.0000, H_maxp=0.0359, pi_ent_norm=1.0000, pi_std=0.000005, effC=28.00, Lvar=0.000002, Lvar_active=0.0007, scale/adh_std=1
Epoch [150/200], Average Loss: 1.154677
  Diagnostics: H_ent_norm=1.0000, H_maxp=0.0359, pi_ent_norm=1.0000, pi_std=0.000005, effC=28.00, Lvar=0.000002, Lvar_active=0.0007, scale/adh_std=1
Epoch [160/200], Average Loss: 1.154666
  Diagnostics: H_ent_norm=1.0000, H_maxp=0.0358, pi_ent_norm=1.0000, pi_std=0.000005, effC=28.00, Lvar=0.000003, Lvar_active=0.0010, scale/adh_std=1
Epoch [170/200], Average Loss: 1.154658
  Diagnostics: H_ent_norm=1.0000, H_maxp=0.0358, pi_ent_norm=1.0000, pi_std=0.000004, effC=28.00, Lvar=0.000004, Lvar_active=0.0010, scale/adh_std=1
Epoch [180/200], Average Loss: 1.154651
  Diagnostics: H_ent_norm=1.0000, H_maxp=0.0358, pi_ent_norm=1.0000, pi_std=0.000004, effC=28.00, Lvar=0.000005, Lvar_active=0.0010, scale/adh_std=1
Epoch [190/200], Average Loss: 1.154645
  Diagnostics: H_ent_norm=1.0000, H_maxp=0.0358, pi_ent_norm=1.0000, pi_std=0.000004, effC=28.00, Lvar=0.000006, Lvar_active=0.0010, scale/adh_std=1
Epoch [200/200], Average Loss: 1.154640
  Diagnostics: H_ent_norm=1.0000, H_maxp=0.0358, pi_ent_norm=1.0000, pi_std=0.000003, effC=28.00, Lvar=0.000007, Lvar_active=0.0012, scale/adh_std=1
训练完成！实际训练 200 个epochs

--- 评估阶段 ---
  Facebook: AUROC=0.5908, AUPRC=0.0381
  cora: AUROC=0.8171, AUPRC=0.4024
  citeseer: AUROC=0.8998, AUPRC=0.4508
  ACM: AUROC=0.7925, AUPRC=0.3757
  BlogCatalog: AUROC=0.7296, AUPRC=0.3381
  weibo: AUROC=0.7499, AUPRC=0.2997
  Reddit: AUROC=0.5877, AUPRC=0.0451
  Amazon: AUROC=0.7320, AUPRC=0.1329

--- 保存模型 ---
检查点已保存到: /autodl-fs/data/recap/tuning_hyperparams/sensitivity_results/sensitivity_paper_final/checkpoints/num_hops__4/recap/trial_2/model.pt
模型已保存到: /autodl-fs/data/recap/tuning_hyperparams/sensitivity_results/sensitivity_paper_final/checkpoints/num_hops__4/recap/trial_2/model.pt

======================================================================
聚合 3 次试验的结果
======================================================================

------------------------- Facebook -------------------------
AUROC: 0.5885 ± 0.0017
AUPRC: 0.0461 ± 0.0057

------------------------- cora -------------------------
AUROC: 0.8224 ± 0.0038
AUPRC: 0.4151 ± 0.0094

------------------------- citeseer -------------------------
AUROC: 0.9002 ± 0.0015
AUPRC: 0.4546 ± 0.0070

------------------------- ACM -------------------------
AUROC: 0.7919 ± 0.0014
AUPRC: 0.3746 ± 0.0009

------------------------- BlogCatalog -------------------------
AUROC: 0.7269 ± 0.0021
AUPRC: 0.3365 ± 0.0011

------------------------- weibo -------------------------
AUROC: 0.7541 ± 0.0029
AUPRC: 0.3052 ± 0.0043

------------------------- Reddit -------------------------
AUROC: 0.5910 ± 0.0024
AUPRC: 0.0464 ± 0.0012

------------------------- Amazon -------------------------
AUROC: 0.7368 ± 0.0072
AUPRC: 0.1351 ± 0.0031


======================================================================
训练完成！
所有模型已保存到: /autodl-fs/data/recap/tuning_hyperparams/sensitivity_results/sensitivity_paper_final/checkpoints/num_hops__4/recap/
======================================================================

