/root/miniconda3/lib/python3.12/site-packages/torch_geometric/__init__.py:4: UserWarning: An issue occurred while importing 'torch-scatter'. Disabling its usage. Stacktrace: Could not load this library: /root/miniconda3/lib/python3.12/site-packages/torch_scatter/_version_cuda.so
  import torch_geometric.typing
/root/miniconda3/lib/python3.12/site-packages/torch_geometric/__init__.py:4: UserWarning: An issue occurred while importing 'torch-cluster'. Disabling its usage. Stacktrace: Could not load this library: /root/miniconda3/lib/python3.12/site-packages/torch_cluster/_version_cuda.so
  import torch_geometric.typing
/root/miniconda3/lib/python3.12/site-packages/torch_geometric/__init__.py:4: UserWarning: An issue occurred while importing 'torch-spline-conv'. Disabling its usage. Stacktrace: Could not load this library: /root/miniconda3/lib/python3.12/site-packages/torch_spline_conv/_version_cuda.so
  import torch_geometric.typing
/root/miniconda3/lib/python3.12/site-packages/torch_geometric/__init__.py:4: UserWarning: An issue occurred while importing 'torch-sparse'. Disabling its usage. Stacktrace: Could not load this library: /root/miniconda3/lib/python3.12/site-packages/torch_sparse/_version_cuda.so
  import torch_geometric.typing
使用保存的最佳模型配置

======================================================================
recap 异常检测模型训练
======================================================================

📋 训练配置:
  device: cuda:0
  epochs: 200
  trials: 3
  seed: 0
  output_dir: /autodl-fs/data/recap/tuning_hyperparams/sensitivity_results/sensitivity_paper_final/checkpoints/num_hops__5
  save_checkpoint: True
  early_stop: False
  patience: 30
  log_diagnostics: True
  diagnostics_interval: 10

🔧 模型配置:
  model: recap
  lr: 5e-05
  dropout_rate: 0.2
  h_feats: 256
  num_hops: 5
  weight_decay: 5e-05
  dims: 32
  num_layers: 2
  activation: ELU
  num_views: 1
  num_clusters: 28
  knn_k: 20
  cluster_lr_multiplier: 10.0
  tau_s: 0.05
  sim_block_size: 256
  knn_cache_enabled: True
  knn_cache_dir: /autodl-fs/data/recap/knn_cache
  knn_search_dtype: auto
  lambda_H: 0.35
  lambda_bal: 0.01
  lambda_E: 0.1
  gamma: 0.1
  tau_e: 1.0
  beta: 0.005
  eps: 1e-08
  lambda_ortho: 0.35
  lambda_min_usage: 0.01
  lambda_diversity: 0.1
  min_cluster_ratio: 0.1

💾 保存设置:
  保存目录：/autodl-fs/data/recap/tuning_hyperparams/sensitivity_results/sensitivity_paper_final/checkpoints/num_hops__5
  保存检查点：True
======================================================================


📊 使用指定的训练数据集: ['pubmed', 'Flickr', 'questions', 'YelpChi']

📊 使用指定的测试数据集: ['Facebook', 'cora', 'citeseer', 'ACM', 'BlogCatalog', 'weibo', 'Reddit', 'Amazon']
加载 4 个训练数据集: ['pubmed', 'Flickr', 'questions', 'YelpChi']
加载 8 个测试数据集: ['Facebook', 'cora', 'citeseer', 'ACM', 'BlogCatalog', 'weibo', 'Reddit', 'Amazon']
进行 5 跳特征传播...

======================================================================
Trial 0 开始训练 (seed=0)
======================================================================
🔧 模型初始化视图数: 1 (单视图模式)

--- 训练阶段 ---
开始训练，共 200 个epochs...
关闭early stopping，训练将跑满设定epochs
🔧 Assignment layer LR multiplier: 10 (base_lr=5e-05, assignment_lr=0.0005)
Epoch [1/200], Average Loss: 1.166441
  Diagnostics: H_ent_norm=0.9988, H_maxp=0.0410, pi_ent_norm=1.0000, pi_std=0.000200, effC=28.00, Lvar=0.000000, Lvar_active=0.0000, scale/adh_std=1
Epoch [10/200], Average Loss: 1.158513
  Diagnostics: H_ent_norm=0.9996, H_maxp=0.0382, pi_ent_norm=1.0000, pi_std=0.000165, effC=28.00, Lvar=0.000000, Lvar_active=0.0000, scale/adh_std=1
Epoch [20/200], Average Loss: 1.156914
  Diagnostics: H_ent_norm=0.9998, H_maxp=0.0374, pi_ent_norm=1.0000, pi_std=0.000100, effC=28.00, Lvar=0.000000, Lvar_active=0.0000, scale/adh_std=1
Epoch [30/200], Average Loss: 1.156436
  Diagnostics: H_ent_norm=0.9999, H_maxp=0.0372, pi_ent_norm=1.0000, pi_std=0.000084, effC=28.00, Lvar=0.000000, Lvar_active=0.0000, scale/adh_std=1
Epoch [40/200], Average Loss: 1.155969
  Diagnostics: H_ent_norm=0.9999, H_maxp=0.0372, pi_ent_norm=1.0000, pi_std=0.000081, effC=28.00, Lvar=0.000000, Lvar_active=0.0000, scale/adh_std=1
Epoch [50/200], Average Loss: 1.155711
  Diagnostics: H_ent_norm=1.0000, H_maxp=0.0366, pi_ent_norm=1.0000, pi_std=0.000048, effC=28.00, Lvar=0.000000, Lvar_active=0.0000, scale/adh_std=1
Epoch [60/200], Average Loss: 1.155396
  Diagnostics: H_ent_norm=1.0000, H_maxp=0.0364, pi_ent_norm=1.0000, pi_std=0.000032, effC=28.00, Lvar=0.000000, Lvar_active=0.0000, scale/adh_std=1
Epoch [70/200], Average Loss: 1.155266
  Diagnostics: H_ent_norm=1.0000, H_maxp=0.0363, pi_ent_norm=1.0000, pi_std=0.000026, effC=28.00, Lvar=0.000000, Lvar_active=0.0000, scale/adh_std=1
Epoch [80/200], Average Loss: 1.155154
  Diagnostics: H_ent_norm=1.0000, H_maxp=0.0362, pi_ent_norm=1.0000, pi_std=0.000020, effC=28.00, Lvar=0.000000, Lvar_active=0.0002, scale/adh_std=1
Epoch [90/200], Average Loss: 1.155070
  Diagnostics: H_ent_norm=1.0000, H_maxp=0.0362, pi_ent_norm=1.0000, pi_std=0.000020, effC=28.00, Lvar=0.000000, Lvar_active=0.0002, scale/adh_std=1
Epoch [100/200], Average Loss: 1.154989
  Diagnostics: H_ent_norm=1.0000, H_maxp=0.0361, pi_ent_norm=1.0000, pi_std=0.000014, effC=28.00, Lvar=0.000000, Lvar_active=0.0002, scale/adh_std=1
Epoch [110/200], Average Loss: 1.154934
  Diagnostics: H_ent_norm=1.0000, H_maxp=0.0360, pi_ent_norm=1.0000, pi_std=0.000012, effC=28.00, Lvar=0.000000, Lvar_active=0.0002, scale/adh_std=1
Epoch [120/200], Average Loss: 1.154886
  Diagnostics: H_ent_norm=1.0000, H_maxp=0.0360, pi_ent_norm=1.0000, pi_std=0.000012, effC=28.00, Lvar=0.000001, Lvar_active=0.0002, scale/adh_std=1
Epoch [130/200], Average Loss: 1.154842
  Diagnostics: H_ent_norm=1.0000, H_maxp=0.0360, pi_ent_norm=1.0000, pi_std=0.000010, effC=28.00, Lvar=0.000001, Lvar_active=0.0002, scale/adh_std=1
Epoch [140/200], Average Loss: 1.154811
  Diagnostics: H_ent_norm=1.0000, H_maxp=0.0360, pi_ent_norm=1.0000, pi_std=0.000008, effC=28.00, Lvar=0.000001, Lvar_active=0.0002, scale/adh_std=1
Epoch [150/200], Average Loss: 1.154785
  Diagnostics: H_ent_norm=1.0000, H_maxp=0.0359, pi_ent_norm=1.0000, pi_std=0.000010, effC=28.00, Lvar=0.000001, Lvar_active=0.0002, scale/adh_std=1
Epoch [160/200], Average Loss: 1.154762
  Diagnostics: H_ent_norm=1.0000, H_maxp=0.0359, pi_ent_norm=1.0000, pi_std=0.000006, effC=28.00, Lvar=0.000001, Lvar_active=0.0004, scale/adh_std=1
Epoch [170/200], Average Loss: 1.154742
  Diagnostics: H_ent_norm=1.0000, H_maxp=0.0359, pi_ent_norm=1.0000, pi_std=0.000007, effC=28.00, Lvar=0.000002, Lvar_active=0.0006, scale/adh_std=1
Epoch [180/200], Average Loss: 1.154728
  Diagnostics: H_ent_norm=1.0000, H_maxp=0.0359, pi_ent_norm=1.0000, pi_std=0.000006, effC=28.00, Lvar=0.000002, Lvar_active=0.0006, scale/adh_std=1
Epoch [190/200], Average Loss: 1.154715
  Diagnostics: H_ent_norm=1.0000, H_maxp=0.0359, pi_ent_norm=1.0000, pi_std=0.000006, effC=28.00, Lvar=0.000003, Lvar_active=0.0008, scale/adh_std=1
Epoch [200/200], Average Loss: 1.154701
  Diagnostics: H_ent_norm=1.0000, H_maxp=0.0359, pi_ent_norm=1.0000, pi_std=0.000005, effC=28.00, Lvar=0.000004, Lvar_active=0.0008, scale/adh_std=1
训练完成！实际训练 200 个epochs

--- 评估阶段 ---
  Facebook: AUROC=0.5956, AUPRC=0.0520
  cora: AUROC=0.8181, AUPRC=0.4188
  citeseer: AUROC=0.8997, AUPRC=0.4540
  ACM: AUROC=0.7905, AUPRC=0.3739
  BlogCatalog: AUROC=0.7273, AUPRC=0.3359
  weibo: AUROC=0.7577, AUPRC=0.3100
  Reddit: AUROC=0.5900, AUPRC=0.0481
  Amazon: AUROC=0.7338, AUPRC=0.1338

--- 保存模型 ---
检查点已保存到: /autodl-fs/data/recap/tuning_hyperparams/sensitivity_results/sensitivity_paper_final/checkpoints/num_hops__5/recap/trial_0/model.pt
模型已保存到: /autodl-fs/data/recap/tuning_hyperparams/sensitivity_results/sensitivity_paper_final/checkpoints/num_hops__5/recap/trial_0/model.pt

======================================================================
Trial 1 开始训练 (seed=1)
======================================================================
🔧 模型初始化视图数: 1 (单视图模式)

--- 训练阶段 ---
开始训练，共 200 个epochs...
关闭early stopping，训练将跑满设定epochs
🔧 Assignment layer LR multiplier: 10 (base_lr=5e-05, assignment_lr=0.0005)
Epoch [1/200], Average Loss: 1.167036
  Diagnostics: H_ent_norm=0.9987, H_maxp=0.0410, pi_ent_norm=1.0000, pi_std=0.000254, effC=28.00, Lvar=0.000001, Lvar_active=0.0002, scale/adh_std=1
Epoch [10/200], Average Loss: 1.157919
  Diagnostics: H_ent_norm=0.9997, H_maxp=0.0380, pi_ent_norm=1.0000, pi_std=0.000137, effC=28.00, Lvar=0.000001, Lvar_active=0.0002, scale/adh_std=1
Epoch [20/200], Average Loss: 1.156728
  Diagnostics: H_ent_norm=0.9998, H_maxp=0.0373, pi_ent_norm=1.0000, pi_std=0.000105, effC=28.00, Lvar=0.000001, Lvar_active=0.0002, scale/adh_std=1
Epoch [30/200], Average Loss: 1.156106
  Diagnostics: H_ent_norm=0.9999, H_maxp=0.0371, pi_ent_norm=1.0000, pi_std=0.000069, effC=28.00, Lvar=0.000001, Lvar_active=0.0002, scale/adh_std=1
Epoch [40/200], Average Loss: 1.155739
  Diagnostics: H_ent_norm=0.9999, H_maxp=0.0368, pi_ent_norm=1.0000, pi_std=0.000047, effC=28.00, Lvar=0.000001, Lvar_active=0.0002, scale/adh_std=1
Epoch [50/200], Average Loss: 1.155491
  Diagnostics: H_ent_norm=1.0000, H_maxp=0.0365, pi_ent_norm=1.0000, pi_std=0.000035, effC=28.00, Lvar=0.000001, Lvar_active=0.0002, scale/adh_std=1
Epoch [60/200], Average Loss: 1.155285
  Diagnostics: H_ent_norm=1.0000, H_maxp=0.0364, pi_ent_norm=1.0000, pi_std=0.000038, effC=28.00, Lvar=0.000001, Lvar_active=0.0002, scale/adh_std=1
Epoch [70/200], Average Loss: 1.155155
  Diagnostics: H_ent_norm=1.0000, H_maxp=0.0363, pi_ent_norm=1.0000, pi_std=0.000025, effC=28.00, Lvar=0.000001, Lvar_active=0.0002, scale/adh_std=1
Epoch [80/200], Average Loss: 1.155037
  Diagnostics: H_ent_norm=1.0000, H_maxp=0.0362, pi_ent_norm=1.0000, pi_std=0.000027, effC=28.00, Lvar=0.000002, Lvar_active=0.0002, scale/adh_std=1
Epoch [90/200], Average Loss: 1.154963
  Diagnostics: H_ent_norm=1.0000, H_maxp=0.0361, pi_ent_norm=1.0000, pi_std=0.000021, effC=28.00, Lvar=0.000002, Lvar_active=0.0002, scale/adh_std=1
Epoch [100/200], Average Loss: 1.154902
  Diagnostics: H_ent_norm=1.0000, H_maxp=0.0361, pi_ent_norm=1.0000, pi_std=0.000020, effC=28.00, Lvar=0.000002, Lvar_active=0.0002, scale/adh_std=1
Epoch [110/200], Average Loss: 1.154851
  Diagnostics: H_ent_norm=1.0000, H_maxp=0.0360, pi_ent_norm=1.0000, pi_std=0.000011, effC=28.00, Lvar=0.000002, Lvar_active=0.0004, scale/adh_std=1
Epoch [120/200], Average Loss: 1.154813
  Diagnostics: H_ent_norm=1.0000, H_maxp=0.0360, pi_ent_norm=1.0000, pi_std=0.000012, effC=28.00, Lvar=0.000002, Lvar_active=0.0004, scale/adh_std=1
Epoch [130/200], Average Loss: 1.154782
  Diagnostics: H_ent_norm=1.0000, H_maxp=0.0359, pi_ent_norm=1.0000, pi_std=0.000007, effC=28.00, Lvar=0.000003, Lvar_active=0.0004, scale/adh_std=1
Epoch [140/200], Average Loss: 1.154757
  Diagnostics: H_ent_norm=1.0000, H_maxp=0.0359, pi_ent_norm=1.0000, pi_std=0.000007, effC=28.00, Lvar=0.000003, Lvar_active=0.0004, scale/adh_std=1
Epoch [150/200], Average Loss: 1.154735
  Diagnostics: H_ent_norm=1.0000, H_maxp=0.0359, pi_ent_norm=1.0000, pi_std=0.000007, effC=28.00, Lvar=0.000003, Lvar_active=0.0006, scale/adh_std=1
Epoch [160/200], Average Loss: 1.154718
  Diagnostics: H_ent_norm=1.0000, H_maxp=0.0359, pi_ent_norm=1.0000, pi_std=0.000006, effC=28.00, Lvar=0.000004, Lvar_active=0.0006, scale/adh_std=1
Epoch [170/200], Average Loss: 1.154702
  Diagnostics: H_ent_norm=1.0000, H_maxp=0.0359, pi_ent_norm=1.0000, pi_std=0.000005, effC=28.00, Lvar=0.000004, Lvar_active=0.0008, scale/adh_std=1
Epoch [180/200], Average Loss: 1.154691
  Diagnostics: H_ent_norm=1.0000, H_maxp=0.0359, pi_ent_norm=1.0000, pi_std=0.000005, effC=28.00, Lvar=0.000005, Lvar_active=0.0008, scale/adh_std=1
Epoch [190/200], Average Loss: 1.154680
  Diagnostics: H_ent_norm=1.0000, H_maxp=0.0358, pi_ent_norm=1.0000, pi_std=0.000004, effC=28.00, Lvar=0.000005, Lvar_active=0.0008, scale/adh_std=1
Epoch [200/200], Average Loss: 1.154671
  Diagnostics: H_ent_norm=1.0000, H_maxp=0.0358, pi_ent_norm=1.0000, pi_std=0.000004, effC=28.00, Lvar=0.000006, Lvar_active=0.0008, scale/adh_std=1
训练完成！实际训练 200 个epochs

--- 评估阶段 ---
  Facebook: AUROC=0.5944, AUPRC=0.0503
  cora: AUROC=0.8184, AUPRC=0.4121
  citeseer: AUROC=0.8951, AUPRC=0.4638
  ACM: AUROC=0.7871, AUPRC=0.3733
  BlogCatalog: AUROC=0.7251, AUPRC=0.3377
  weibo: AUROC=0.7550, AUPRC=0.3055
  Reddit: AUROC=0.5887, AUPRC=0.0462
  Amazon: AUROC=0.7505, AUPRC=0.1415

--- 保存模型 ---
检查点已保存到: /autodl-fs/data/recap/tuning_hyperparams/sensitivity_results/sensitivity_paper_final/checkpoints/num_hops__5/recap/trial_1/model.pt
模型已保存到: /autodl-fs/data/recap/tuning_hyperparams/sensitivity_results/sensitivity_paper_final/checkpoints/num_hops__5/recap/trial_1/model.pt

======================================================================
Trial 2 开始训练 (seed=2)
======================================================================
🔧 模型初始化视图数: 1 (单视图模式)

--- 训练阶段 ---
开始训练，共 200 个epochs...
关闭early stopping，训练将跑满设定epochs
🔧 Assignment layer LR multiplier: 10 (base_lr=5e-05, assignment_lr=0.0005)
Epoch [1/200], Average Loss: 1.166594
  Diagnostics: H_ent_norm=0.9987, H_maxp=0.0411, pi_ent_norm=1.0000, pi_std=0.000205, effC=28.00, Lvar=0.000000, Lvar_active=0.0000, scale/adh_std=1
Epoch [10/200], Average Loss: 1.157943
  Diagnostics: H_ent_norm=0.9997, H_maxp=0.0380, pi_ent_norm=1.0000, pi_std=0.000098, effC=28.00, Lvar=0.000000, Lvar_active=0.0000, scale/adh_std=1
Epoch [20/200], Average Loss: 1.156490
  Diagnostics: H_ent_norm=0.9999, H_maxp=0.0371, pi_ent_norm=1.0000, pi_std=0.000061, effC=28.00, Lvar=0.000000, Lvar_active=0.0000, scale/adh_std=1
Epoch [30/200], Average Loss: 1.156065
  Diagnostics: H_ent_norm=0.9999, H_maxp=0.0371, pi_ent_norm=1.0000, pi_std=0.000056, effC=28.00, Lvar=0.000000, Lvar_active=0.0000, scale/adh_std=1
Epoch [40/200], Average Loss: 1.155658
  Diagnostics: H_ent_norm=0.9999, H_maxp=0.0367, pi_ent_norm=1.0000, pi_std=0.000059, effC=28.00, Lvar=0.000000, Lvar_active=0.0000, scale/adh_std=1
Epoch [50/200], Average Loss: 1.155391
  Diagnostics: H_ent_norm=1.0000, H_maxp=0.0365, pi_ent_norm=1.0000, pi_std=0.000043, effC=28.00, Lvar=0.000000, Lvar_active=0.0000, scale/adh_std=1
Epoch [60/200], Average Loss: 1.155215
  Diagnostics: H_ent_norm=1.0000, H_maxp=0.0362, pi_ent_norm=1.0000, pi_std=0.000024, effC=28.00, Lvar=0.000000, Lvar_active=0.0000, scale/adh_std=1
Epoch [70/200], Average Loss: 1.155091
  Diagnostics: H_ent_norm=1.0000, H_maxp=0.0362, pi_ent_norm=1.0000, pi_std=0.000016, effC=28.00, Lvar=0.000000, Lvar_active=0.0000, scale/adh_std=1
Epoch [80/200], Average Loss: 1.155000
  Diagnostics: H_ent_norm=1.0000, H_maxp=0.0361, pi_ent_norm=1.0000, pi_std=0.000015, effC=28.00, Lvar=0.000000, Lvar_active=0.0000, scale/adh_std=1
Epoch [90/200], Average Loss: 1.154931
  Diagnostics: H_ent_norm=1.0000, H_maxp=0.0361, pi_ent_norm=1.0000, pi_std=0.000015, effC=28.00, Lvar=0.000000, Lvar_active=0.0000, scale/adh_std=1
Epoch [100/200], Average Loss: 1.154876
  Diagnostics: H_ent_norm=1.0000, H_maxp=0.0360, pi_ent_norm=1.0000, pi_std=0.000012, effC=28.00, Lvar=0.000000, Lvar_active=0.0002, scale/adh_std=1
Epoch [110/200], Average Loss: 1.154826
  Diagnostics: H_ent_norm=1.0000, H_maxp=0.0360, pi_ent_norm=1.0000, pi_std=0.000008, effC=28.00, Lvar=0.000000, Lvar_active=0.0002, scale/adh_std=1
Epoch [120/200], Average Loss: 1.154794
  Diagnostics: H_ent_norm=1.0000, H_maxp=0.0359, pi_ent_norm=1.0000, pi_std=0.000008, effC=28.00, Lvar=0.000000, Lvar_active=0.0002, scale/adh_std=1
Epoch [130/200], Average Loss: 1.154765
  Diagnostics: H_ent_norm=1.0000, H_maxp=0.0359, pi_ent_norm=1.0000, pi_std=0.000008, effC=28.00, Lvar=0.000000, Lvar_active=0.0002, scale/adh_std=1
Epoch [140/200], Average Loss: 1.154742
  Diagnostics: H_ent_norm=1.0000, H_maxp=0.0359, pi_ent_norm=1.0000, pi_std=0.000006, effC=28.00, Lvar=0.000001, Lvar_active=0.0004, scale/adh_std=1
Epoch [150/200], Average Loss: 1.154722
  Diagnostics: H_ent_norm=1.0000, H_maxp=0.0359, pi_ent_norm=1.0000, pi_std=0.000006, effC=28.00, Lvar=0.000001, Lvar_active=0.0004, scale/adh_std=1
Epoch [160/200], Average Loss: 1.154706
  Diagnostics: H_ent_norm=1.0000, H_maxp=0.0359, pi_ent_norm=1.0000, pi_std=0.000005, effC=28.00, Lvar=0.000001, Lvar_active=0.0006, scale/adh_std=1
Epoch [170/200], Average Loss: 1.154693
  Diagnostics: H_ent_norm=1.0000, H_maxp=0.0359, pi_ent_norm=1.0000, pi_std=0.000005, effC=28.00, Lvar=0.000002, Lvar_active=0.0006, scale/adh_std=1
Epoch [180/200], Average Loss: 1.154683
  Diagnostics: H_ent_norm=1.0000, H_maxp=0.0358, pi_ent_norm=1.0000, pi_std=0.000004, effC=28.00, Lvar=0.000002, Lvar_active=0.0008, scale/adh_std=1
Epoch [190/200], Average Loss: 1.154672
  Diagnostics: H_ent_norm=1.0000, H_maxp=0.0358, pi_ent_norm=1.0000, pi_std=0.000004, effC=28.00, Lvar=0.000003, Lvar_active=0.0008, scale/adh_std=1
Epoch [200/200], Average Loss: 1.154664
  Diagnostics: H_ent_norm=1.0000, H_maxp=0.0358, pi_ent_norm=1.0000, pi_std=0.000004, effC=28.00, Lvar=0.000004, Lvar_active=0.0008, scale/adh_std=1
训练完成！实际训练 200 个epochs

--- 评估阶段 ---
  Facebook: AUROC=0.5954, AUPRC=0.0389
  cora: AUROC=0.8097, AUPRC=0.3989
  citeseer: AUROC=0.8964, AUPRC=0.4498
  ACM: AUROC=0.7902, AUPRC=0.3756
  BlogCatalog: AUROC=0.7301, AUPRC=0.3372
  weibo: AUROC=0.7499, AUPRC=0.3013
  Reddit: AUROC=0.5832, AUPRC=0.0449
  Amazon: AUROC=0.7350, AUPRC=0.1341

--- 保存模型 ---
检查点已保存到: /autodl-fs/data/recap/tuning_hyperparams/sensitivity_results/sensitivity_paper_final/checkpoints/num_hops__5/recap/trial_2/model.pt
模型已保存到: /autodl-fs/data/recap/tuning_hyperparams/sensitivity_results/sensitivity_paper_final/checkpoints/num_hops__5/recap/trial_2/model.pt

======================================================================
聚合 3 次试验的结果
======================================================================

------------------------- Facebook -------------------------
AUROC: 0.5951 ± 0.0005
AUPRC: 0.0471 ± 0.0058

------------------------- cora -------------------------
AUROC: 0.8154 ± 0.0041
AUPRC: 0.4099 ± 0.0083

------------------------- citeseer -------------------------
AUROC: 0.8971 ± 0.0019
AUPRC: 0.4559 ± 0.0059

------------------------- ACM -------------------------
AUROC: 0.7893 ± 0.0015
AUPRC: 0.3743 ± 0.0010

------------------------- BlogCatalog -------------------------
AUROC: 0.7275 ± 0.0020
AUPRC: 0.3370 ± 0.0008

------------------------- weibo -------------------------
AUROC: 0.7542 ± 0.0032
AUPRC: 0.3056 ± 0.0036

------------------------- Reddit -------------------------
AUROC: 0.5873 ± 0.0030
AUPRC: 0.0464 ± 0.0013

------------------------- Amazon -------------------------
AUROC: 0.7398 ± 0.0076
AUPRC: 0.1365 ± 0.0036


======================================================================
训练完成！
所有模型已保存到: /autodl-fs/data/recap/tuning_hyperparams/sensitivity_results/sensitivity_paper_final/checkpoints/num_hops__5/recap/
======================================================================

