/root/miniconda3/lib/python3.12/site-packages/torch_geometric/__init__.py:4: UserWarning: An issue occurred while importing 'torch-scatter'. Disabling its usage. Stacktrace: Could not load this library: /root/miniconda3/lib/python3.12/site-packages/torch_scatter/_version_cuda.so
  import torch_geometric.typing
/root/miniconda3/lib/python3.12/site-packages/torch_geometric/__init__.py:4: UserWarning: An issue occurred while importing 'torch-cluster'. Disabling its usage. Stacktrace: Could not load this library: /root/miniconda3/lib/python3.12/site-packages/torch_cluster/_version_cuda.so
  import torch_geometric.typing
/root/miniconda3/lib/python3.12/site-packages/torch_geometric/__init__.py:4: UserWarning: An issue occurred while importing 'torch-spline-conv'. Disabling its usage. Stacktrace: Could not load this library: /root/miniconda3/lib/python3.12/site-packages/torch_spline_conv/_version_cuda.so
  import torch_geometric.typing
/root/miniconda3/lib/python3.12/site-packages/torch_geometric/__init__.py:4: UserWarning: An issue occurred while importing 'torch-sparse'. Disabling its usage. Stacktrace: Could not load this library: /root/miniconda3/lib/python3.12/site-packages/torch_sparse/_version_cuda.so
  import torch_geometric.typing
使用保存的最佳模型配置

======================================================================
recap 异常检测模型训练
======================================================================

📋 训练配置:
  device: cuda:0
  epochs: 200
  trials: 3
  seed: 0
  output_dir: /autodl-fs/data/recap/tuning_hyperparams/sensitivity_results/sensitivity_paper_final/checkpoints/num_clusters__14
  save_checkpoint: True
  early_stop: False
  patience: 30
  log_diagnostics: True
  diagnostics_interval: 10

🔧 模型配置:
  model: recap
  lr: 5e-05
  dropout_rate: 0.2
  h_feats: 256
  num_hops: 3
  weight_decay: 5e-05
  dims: 32
  num_layers: 2
  activation: ELU
  num_views: 1
  num_clusters: 14
  knn_k: 4
  cluster_lr_multiplier: 10.0
  tau_s: 0.15
  sim_block_size: 256
  knn_cache_enabled: True
  knn_cache_dir: /autodl-fs/data/recap/knn_cache
  knn_search_dtype: auto
  lambda_H: 0.5
  lambda_bal: 0.05
  lambda_E: 0.1
  gamma: 0.1
  tau_e: 1.0
  beta: 0.03
  eps: 1e-08
  lambda_ortho: 0.5
  lambda_min_usage: 0.05
  lambda_diversity: 0.1
  min_cluster_ratio: 0.1

💾 保存设置:
  保存目录：/autodl-fs/data/recap/tuning_hyperparams/sensitivity_results/sensitivity_paper_final/checkpoints/num_clusters__14
  保存检查点：True
======================================================================


📊 使用指定的训练数据集: ['pubmed', 'Flickr', 'questions', 'YelpChi']

📊 使用指定的测试数据集: ['Facebook', 'cora', 'citeseer', 'ACM', 'BlogCatalog', 'weibo', 'Reddit', 'Amazon']
加载 4 个训练数据集: ['pubmed', 'Flickr', 'questions', 'YelpChi']
加载 8 个测试数据集: ['Facebook', 'cora', 'citeseer', 'ACM', 'BlogCatalog', 'weibo', 'Reddit', 'Amazon']
进行 3 跳特征传播...

======================================================================
Trial 0 开始训练 (seed=0)
======================================================================
🔧 模型初始化视图数: 1 (单视图模式)

--- 训练阶段 ---
开始训练，共 200 个epochs...
关闭early stopping，训练将跑满设定epochs
🔧 Assignment layer LR multiplier: 10 (base_lr=5e-05, assignment_lr=0.0005)
Epoch [1/200], Average Loss: 1.262753
  Diagnostics: H_ent_norm=0.9981, H_maxp=0.0812, pi_ent_norm=1.0000, pi_std=0.000450, effC=14.00, Lvar=0.000000, Lvar_active=0.0000, scale/adh_std=1
Epoch [10/200], Average Loss: 1.255888
  Diagnostics: H_ent_norm=0.9993, H_maxp=0.0767, pi_ent_norm=1.0000, pi_std=0.000225, effC=14.00, Lvar=0.000000, Lvar_active=0.0000, scale/adh_std=1
Epoch [20/200], Average Loss: 1.254336
  Diagnostics: H_ent_norm=0.9988, H_maxp=0.0784, pi_ent_norm=1.0000, pi_std=0.000233, effC=14.00, Lvar=0.000000, Lvar_active=0.0000, scale/adh_std=1
Epoch [30/200], Average Loss: 1.253723
  Diagnostics: H_ent_norm=0.9983, H_maxp=0.0799, pi_ent_norm=1.0000, pi_std=0.000322, effC=14.00, Lvar=0.000000, Lvar_active=0.0000, scale/adh_std=1
Epoch [40/200], Average Loss: 1.253158
  Diagnostics: H_ent_norm=0.9976, H_maxp=0.0818, pi_ent_norm=1.0000, pi_std=0.000439, effC=14.00, Lvar=0.000000, Lvar_active=0.0000, scale/adh_std=1
Epoch [50/200], Average Loss: 1.252918
  Diagnostics: H_ent_norm=0.9973, H_maxp=0.0824, pi_ent_norm=1.0000, pi_std=0.000442, effC=14.00, Lvar=0.000000, Lvar_active=0.0000, scale/adh_std=1
Epoch [60/200], Average Loss: 1.252725
  Diagnostics: H_ent_norm=0.9969, H_maxp=0.0831, pi_ent_norm=1.0000, pi_std=0.000477, effC=14.00, Lvar=0.000000, Lvar_active=0.0000, scale/adh_std=1
Epoch [70/200], Average Loss: 1.252647
  Diagnostics: H_ent_norm=0.9966, H_maxp=0.0835, pi_ent_norm=1.0000, pi_std=0.000429, effC=14.00, Lvar=0.000000, Lvar_active=0.0000, scale/adh_std=1
Epoch [80/200], Average Loss: 1.252453
  Diagnostics: H_ent_norm=0.9962, H_maxp=0.0843, pi_ent_norm=1.0000, pi_std=0.000468, effC=14.00, Lvar=0.000000, Lvar_active=0.0000, scale/adh_std=1
Epoch [90/200], Average Loss: 1.252282
  Diagnostics: H_ent_norm=0.9957, H_maxp=0.0850, pi_ent_norm=1.0000, pi_std=0.000544, effC=14.00, Lvar=0.000000, Lvar_active=0.0000, scale/adh_std=1
Epoch [100/200], Average Loss: 1.252222
  Diagnostics: H_ent_norm=0.9951, H_maxp=0.0858, pi_ent_norm=1.0000, pi_std=0.000610, effC=14.00, Lvar=0.000000, Lvar_active=0.0000, scale/adh_std=1
Epoch [110/200], Average Loss: 1.251975
  Diagnostics: H_ent_norm=0.9940, H_maxp=0.0874, pi_ent_norm=1.0000, pi_std=0.000706, effC=14.00, Lvar=0.000000, Lvar_active=0.0000, scale/adh_std=1
Epoch [120/200], Average Loss: 1.251326
  Diagnostics: H_ent_norm=0.9900, H_maxp=0.0912, pi_ent_norm=1.0000, pi_std=0.000968, effC=14.00, Lvar=0.000000, Lvar_active=0.0000, scale/adh_std=1
Epoch [130/200], Average Loss: 1.225823
  Diagnostics: H_ent_norm=0.9387, H_maxp=0.1194, pi_ent_norm=0.9988, pi_std=0.005465, effC=13.96, Lvar=0.000000, Lvar_active=0.0000, scale/adh_std=1
Epoch [140/200], Average Loss: 0.996297
  Diagnostics: H_ent_norm=0.6932, H_maxp=0.3332, pi_ent_norm=0.9037, pi_std=0.053975, effC=10.92, Lvar=0.000000, Lvar_active=0.0000, scale/adh_std=1
Epoch [150/200], Average Loss: 0.363329
  Diagnostics: H_ent_norm=0.2296, H_maxp=0.8323, pi_ent_norm=0.5091, pi_std=0.152998, effC=3.86, Lvar=0.000000, Lvar_active=0.0000, scale/adh_std=1
Epoch [160/200], Average Loss: 0.198618
  Diagnostics: H_ent_norm=0.1253, H_maxp=0.9096, pi_ent_norm=0.4009, pi_std=0.171127, effC=2.92, Lvar=0.000000, Lvar_active=0.0000, scale/adh_std=1
Epoch [170/200], Average Loss: 0.157665
  Diagnostics: H_ent_norm=0.0978, H_maxp=0.9296, pi_ent_norm=0.3686, pi_std=0.175352, effC=2.69, Lvar=0.000000, Lvar_active=0.0000, scale/adh_std=1
Epoch [180/200], Average Loss: 0.134770
  Diagnostics: H_ent_norm=0.0826, H_maxp=0.9409, pi_ent_norm=0.3496, pi_std=0.177642, effC=2.56, Lvar=0.000000, Lvar_active=0.0000, scale/adh_std=1
Epoch [190/200], Average Loss: 0.120157
  Diagnostics: H_ent_norm=0.0721, H_maxp=0.9486, pi_ent_norm=0.3360, pi_std=0.179183, effC=2.46, Lvar=0.000000, Lvar_active=0.0000, scale/adh_std=1
Epoch [200/200], Average Loss: 0.109664
  Diagnostics: H_ent_norm=0.0642, H_maxp=0.9545, pi_ent_norm=0.3255, pi_std=0.180327, effC=2.40, Lvar=0.000000, Lvar_active=0.0000, scale/adh_std=1
训练完成！实际训练 200 个epochs

--- 评估阶段 ---
  Facebook: AUROC=0.6241, AUPRC=0.0797
  cora: AUROC=0.6898, AUPRC=0.1264
  citeseer: AUROC=0.7513, AUPRC=0.2180
  ACM: AUROC=0.7238, AUPRC=0.2845
  BlogCatalog: AUROC=0.6942, AUPRC=0.2914
  weibo: AUROC=0.7496, AUPRC=0.2924
  Reddit: AUROC=0.5823, AUPRC=0.0416
  Amazon: AUROC=0.5812, AUPRC=0.0945

--- 保存模型 ---
检查点已保存到: /autodl-fs/data/recap/tuning_hyperparams/sensitivity_results/sensitivity_paper_final/checkpoints/num_clusters__14/recap/trial_0/model.pt
模型已保存到: /autodl-fs/data/recap/tuning_hyperparams/sensitivity_results/sensitivity_paper_final/checkpoints/num_clusters__14/recap/trial_0/model.pt

======================================================================
Trial 1 开始训练 (seed=1)
======================================================================
🔧 模型初始化视图数: 1 (单视图模式)

--- 训练阶段 ---
开始训练，共 200 个epochs...
关闭early stopping，训练将跑满设定epochs
🔧 Assignment layer LR multiplier: 10 (base_lr=5e-05, assignment_lr=0.0005)
Epoch [1/200], Average Loss: 1.263338
  Diagnostics: H_ent_norm=0.9983, H_maxp=0.0808, pi_ent_norm=1.0000, pi_std=0.000383, effC=14.00, Lvar=0.000001, Lvar_active=0.0003, scale/adh_std=1
Epoch [10/200], Average Loss: 1.255799
  Diagnostics: H_ent_norm=0.9996, H_maxp=0.0759, pi_ent_norm=1.0000, pi_std=0.000179, effC=14.00, Lvar=0.000002, Lvar_active=0.0003, scale/adh_std=1
Epoch [20/200], Average Loss: 1.254485
  Diagnostics: H_ent_norm=0.9994, H_maxp=0.0760, pi_ent_norm=1.0000, pi_std=0.000234, effC=14.00, Lvar=0.000002, Lvar_active=0.0003, scale/adh_std=1
Epoch [30/200], Average Loss: 1.253932
  Diagnostics: H_ent_norm=0.9991, H_maxp=0.0774, pi_ent_norm=1.0000, pi_std=0.000260, effC=14.00, Lvar=0.000002, Lvar_active=0.0003, scale/adh_std=1
Epoch [40/200], Average Loss: 1.253223
  Diagnostics: H_ent_norm=0.9978, H_maxp=0.0812, pi_ent_norm=1.0000, pi_std=0.000458, effC=14.00, Lvar=0.000002, Lvar_active=0.0003, scale/adh_std=1
Epoch [50/200], Average Loss: 1.252929
  Diagnostics: H_ent_norm=0.9974, H_maxp=0.0817, pi_ent_norm=1.0000, pi_std=0.000454, effC=14.00, Lvar=0.000002, Lvar_active=0.0003, scale/adh_std=1
Epoch [60/200], Average Loss: 1.252708
  Diagnostics: H_ent_norm=0.9971, H_maxp=0.0823, pi_ent_norm=1.0000, pi_std=0.000459, effC=14.00, Lvar=0.000003, Lvar_active=0.0003, scale/adh_std=1
Epoch [70/200], Average Loss: 1.252612
  Diagnostics: H_ent_norm=0.9967, H_maxp=0.0830, pi_ent_norm=1.0000, pi_std=0.000485, effC=14.00, Lvar=0.000003, Lvar_active=0.0003, scale/adh_std=1
Epoch [80/200], Average Loss: 1.252476
  Diagnostics: H_ent_norm=0.9964, H_maxp=0.0834, pi_ent_norm=1.0000, pi_std=0.000480, effC=14.00, Lvar=0.000003, Lvar_active=0.0003, scale/adh_std=1
Epoch [90/200], Average Loss: 1.252329
  Diagnostics: H_ent_norm=0.9960, H_maxp=0.0840, pi_ent_norm=1.0000, pi_std=0.000483, effC=14.00, Lvar=0.000003, Lvar_active=0.0007, scale/adh_std=1
Epoch [100/200], Average Loss: 1.252253
  Diagnostics: H_ent_norm=0.9954, H_maxp=0.0848, pi_ent_norm=1.0000, pi_std=0.000530, effC=14.00, Lvar=0.000004, Lvar_active=0.0007, scale/adh_std=1
Epoch [110/200], Average Loss: 1.251841
  Diagnostics: H_ent_norm=0.9935, H_maxp=0.0867, pi_ent_norm=1.0000, pi_std=0.000607, effC=14.00, Lvar=0.000004, Lvar_active=0.0007, scale/adh_std=1
Epoch [120/200], Average Loss: 1.243852
  Diagnostics: H_ent_norm=0.9706, H_maxp=0.1012, pi_ent_norm=0.9997, pi_std=0.002769, effC=13.99, Lvar=0.000004, Lvar_active=0.0007, scale/adh_std=1
Epoch [130/200], Average Loss: 1.125340
  Diagnostics: H_ent_norm=0.8189, H_maxp=0.2068, pi_ent_norm=0.9699, pi_std=0.026289, effC=12.95, Lvar=0.000000, Lvar_active=0.0000, scale/adh_std=1
Epoch [140/200], Average Loss: 0.633771
  Diagnostics: H_ent_norm=0.4194, H_maxp=0.6607, pi_ent_norm=0.6876, pi_std=0.107874, effC=6.83, Lvar=0.000000, Lvar_active=0.0000, scale/adh_std=1
Epoch [150/200], Average Loss: 0.406425
  Diagnostics: H_ent_norm=0.2683, H_maxp=0.7978, pi_ent_norm=0.5563, pi_std=0.136274, effC=4.79, Lvar=0.000000, Lvar_active=0.0000, scale/adh_std=1
Epoch [160/200], Average Loss: 0.254342
  Diagnostics: H_ent_norm=0.1610, H_maxp=0.8839, pi_ent_norm=0.4540, pi_std=0.157901, effC=3.37, Lvar=0.000000, Lvar_active=0.0000, scale/adh_std=1
Epoch [170/200], Average Loss: 0.190249
  Diagnostics: H_ent_norm=0.1178, H_maxp=0.9147, pi_ent_norm=0.4074, pi_std=0.165639, effC=2.96, Lvar=0.000000, Lvar_active=0.0000, scale/adh_std=1
Epoch [180/200], Average Loss: 0.159833
  Diagnostics: H_ent_norm=0.0984, H_maxp=0.9288, pi_ent_norm=0.3842, pi_std=0.169006, effC=2.78, Lvar=0.000000, Lvar_active=0.0000, scale/adh_std=1
Epoch [190/200], Average Loss: 0.139355
  Diagnostics: H_ent_norm=0.0862, H_maxp=0.9377, pi_ent_norm=0.3690, pi_std=0.171063, effC=2.67, Lvar=0.000000, Lvar_active=0.0000, scale/adh_std=1
Epoch [200/200], Average Loss: 0.128402
  Diagnostics: H_ent_norm=0.0773, H_maxp=0.9441, pi_ent_norm=0.3577, pi_std=0.172536, effC=2.59, Lvar=0.000000, Lvar_active=0.0000, scale/adh_std=1
训练完成！实际训练 200 个epochs

--- 评估阶段 ---
  Facebook: AUROC=0.5369, AUPRC=0.0452
  cora: AUROC=0.6942, AUPRC=0.1720
  citeseer: AUROC=0.7050, AUPRC=0.1226
  ACM: AUROC=0.7267, AUPRC=0.2850
  BlogCatalog: AUROC=0.6728, AUPRC=0.2874
  weibo: AUROC=0.7726, AUPRC=0.2880
  Reddit: AUROC=0.5532, AUPRC=0.0428
  Amazon: AUROC=0.5975, AUPRC=0.1009

--- 保存模型 ---
检查点已保存到: /autodl-fs/data/recap/tuning_hyperparams/sensitivity_results/sensitivity_paper_final/checkpoints/num_clusters__14/recap/trial_1/model.pt
模型已保存到: /autodl-fs/data/recap/tuning_hyperparams/sensitivity_results/sensitivity_paper_final/checkpoints/num_clusters__14/recap/trial_1/model.pt

======================================================================
Trial 2 开始训练 (seed=2)
======================================================================
🔧 模型初始化视图数: 1 (单视图模式)

--- 训练阶段 ---
开始训练，共 200 个epochs...
关闭early stopping，训练将跑满设定epochs
🔧 Assignment layer LR multiplier: 10 (base_lr=5e-05, assignment_lr=0.0005)
Epoch [1/200], Average Loss: 1.262834
  Diagnostics: H_ent_norm=0.9980, H_maxp=0.0815, pi_ent_norm=1.0000, pi_std=0.000533, effC=14.00, Lvar=0.000000, Lvar_active=0.0000, scale/adh_std=1
Epoch [10/200], Average Loss: 1.256010
  Diagnostics: H_ent_norm=0.9994, H_maxp=0.0764, pi_ent_norm=1.0000, pi_std=0.000242, effC=14.00, Lvar=0.000000, Lvar_active=0.0000, scale/adh_std=1
Epoch [20/200], Average Loss: 1.254628
  Diagnostics: H_ent_norm=0.9994, H_maxp=0.0763, pi_ent_norm=1.0000, pi_std=0.000264, effC=14.00, Lvar=0.000000, Lvar_active=0.0000, scale/adh_std=1
Epoch [30/200], Average Loss: 1.253979
  Diagnostics: H_ent_norm=0.9989, H_maxp=0.0782, pi_ent_norm=1.0000, pi_std=0.000334, effC=14.00, Lvar=0.000000, Lvar_active=0.0000, scale/adh_std=1
Epoch [40/200], Average Loss: 1.253422
  Diagnostics: H_ent_norm=0.9981, H_maxp=0.0804, pi_ent_norm=1.0000, pi_std=0.000479, effC=14.00, Lvar=0.000000, Lvar_active=0.0000, scale/adh_std=1
Epoch [50/200], Average Loss: 1.253188
  Diagnostics: H_ent_norm=0.9977, H_maxp=0.0814, pi_ent_norm=1.0000, pi_std=0.000532, effC=14.00, Lvar=0.000000, Lvar_active=0.0000, scale/adh_std=1
Epoch [60/200], Average Loss: 1.252930
  Diagnostics: H_ent_norm=0.9975, H_maxp=0.0820, pi_ent_norm=1.0000, pi_std=0.000528, effC=14.00, Lvar=0.000000, Lvar_active=0.0000, scale/adh_std=1
Epoch [70/200], Average Loss: 1.252784
  Diagnostics: H_ent_norm=0.9973, H_maxp=0.0825, pi_ent_norm=1.0000, pi_std=0.000542, effC=14.00, Lvar=0.000000, Lvar_active=0.0000, scale/adh_std=1
Epoch [80/200], Average Loss: 1.252584
  Diagnostics: H_ent_norm=0.9969, H_maxp=0.0835, pi_ent_norm=1.0000, pi_std=0.000591, effC=14.00, Lvar=0.000000, Lvar_active=0.0000, scale/adh_std=1
Epoch [90/200], Average Loss: 1.252510
  Diagnostics: H_ent_norm=0.9968, H_maxp=0.0838, pi_ent_norm=1.0000, pi_std=0.000608, effC=14.00, Lvar=0.000000, Lvar_active=0.0000, scale/adh_std=1
Epoch [100/200], Average Loss: 1.252419
  Diagnostics: H_ent_norm=0.9965, H_maxp=0.0842, pi_ent_norm=1.0000, pi_std=0.000619, effC=14.00, Lvar=0.000000, Lvar_active=0.0000, scale/adh_std=1
Epoch [110/200], Average Loss: 1.252289
  Diagnostics: H_ent_norm=0.9963, H_maxp=0.0845, pi_ent_norm=1.0000, pi_std=0.000631, effC=14.00, Lvar=0.000000, Lvar_active=0.0000, scale/adh_std=1
Epoch [120/200], Average Loss: 1.252237
  Diagnostics: H_ent_norm=0.9958, H_maxp=0.0853, pi_ent_norm=1.0000, pi_std=0.000644, effC=14.00, Lvar=0.000000, Lvar_active=0.0000, scale/adh_std=1
Epoch [130/200], Average Loss: 1.251941
  Diagnostics: H_ent_norm=0.9945, H_maxp=0.0866, pi_ent_norm=1.0000, pi_std=0.000710, effC=14.00, Lvar=0.000000, Lvar_active=0.0000, scale/adh_std=1
Epoch [140/200], Average Loss: 1.249784
  Diagnostics: H_ent_norm=0.9863, H_maxp=0.0927, pi_ent_norm=1.0000, pi_std=0.001042, effC=14.00, Lvar=0.000000, Lvar_active=0.0000, scale/adh_std=1
Epoch [150/200], Average Loss: 1.189146
  Diagnostics: H_ent_norm=0.8929, H_maxp=0.1379, pi_ent_norm=0.9944, pi_std=0.010769, effC=13.79, Lvar=0.000000, Lvar_active=0.0000, scale/adh_std=1
Epoch [160/200], Average Loss: 0.789080
  Diagnostics: H_ent_norm=0.5371, H_maxp=0.4799, pi_ent_norm=0.7838, pi_std=0.082906, effC=8.32, Lvar=0.000000, Lvar_active=0.0000, scale/adh_std=1
Epoch [170/200], Average Loss: 0.372890
  Diagnostics: H_ent_norm=0.2414, H_maxp=0.8205, pi_ent_norm=0.5307, pi_std=0.143626, effC=4.32, Lvar=0.000000, Lvar_active=0.0000, scale/adh_std=1
Epoch [180/200], Average Loss: 0.218162
  Diagnostics: H_ent_norm=0.1378, H_maxp=0.9005, pi_ent_norm=0.4275, pi_std=0.163122, effC=3.12, Lvar=0.000000, Lvar_active=0.0000, scale/adh_std=1
Epoch [190/200], Average Loss: 0.165829
  Diagnostics: H_ent_norm=0.1036, H_maxp=0.9255, pi_ent_norm=0.3883, pi_std=0.169052, effC=2.80, Lvar=0.000000, Lvar_active=0.0000, scale/adh_std=1
Epoch [200/200], Average Loss: 0.138964
  Diagnostics: H_ent_norm=0.0860, H_maxp=0.9384, pi_ent_norm=0.3667, pi_std=0.171986, effC=2.65, Lvar=0.000000, Lvar_active=0.0000, scale/adh_std=1
训练完成！实际训练 200 个epochs

--- 评估阶段 ---
  Facebook: AUROC=0.5698, AUPRC=0.0305
  cora: AUROC=0.6555, AUPRC=0.1616
  citeseer: AUROC=0.7311, AUPRC=0.1560
  ACM: AUROC=0.7150, AUPRC=0.3033
  BlogCatalog: AUROC=0.6920, AUPRC=0.2893
  weibo: AUROC=0.7476, AUPRC=0.2686
  Reddit: AUROC=0.5680, AUPRC=0.0452
  Amazon: AUROC=0.6709, AUPRC=0.1489

--- 保存模型 ---
检查点已保存到: /autodl-fs/data/recap/tuning_hyperparams/sensitivity_results/sensitivity_paper_final/checkpoints/num_clusters__14/recap/trial_2/model.pt
模型已保存到: /autodl-fs/data/recap/tuning_hyperparams/sensitivity_results/sensitivity_paper_final/checkpoints/num_clusters__14/recap/trial_2/model.pt

======================================================================
聚合 3 次试验的结果
======================================================================

------------------------- Facebook -------------------------
AUROC: 0.5769 ± 0.0359
AUPRC: 0.0518 ± 0.0206

------------------------- cora -------------------------
AUROC: 0.6798 ± 0.0173
AUPRC: 0.1533 ± 0.0195

------------------------- citeseer -------------------------
AUROC: 0.7291 ± 0.0189
AUPRC: 0.1655 ± 0.0396

------------------------- ACM -------------------------
AUROC: 0.7218 ± 0.0050
AUPRC: 0.2909 ± 0.0088

------------------------- BlogCatalog -------------------------
AUROC: 0.6863 ± 0.0096
AUPRC: 0.2894 ± 0.0016

------------------------- weibo -------------------------
AUROC: 0.7566 ± 0.0113
AUPRC: 0.2830 ± 0.0103

------------------------- Reddit -------------------------
AUROC: 0.5678 ± 0.0119
AUPRC: 0.0432 ± 0.0015

------------------------- Amazon -------------------------
AUROC: 0.6165 ± 0.0390
AUPRC: 0.1148 ± 0.0243


======================================================================
训练完成！
所有模型已保存到: /autodl-fs/data/recap/tuning_hyperparams/sensitivity_results/sensitivity_paper_final/checkpoints/num_clusters__14/recap/
======================================================================

