/root/miniconda3/lib/python3.12/site-packages/torch_geometric/__init__.py:4: UserWarning: An issue occurred while importing 'torch-scatter'. Disabling its usage. Stacktrace: Could not load this library: /root/miniconda3/lib/python3.12/site-packages/torch_scatter/_version_cuda.so
  import torch_geometric.typing
/root/miniconda3/lib/python3.12/site-packages/torch_geometric/__init__.py:4: UserWarning: An issue occurred while importing 'torch-cluster'. Disabling its usage. Stacktrace: Could not load this library: /root/miniconda3/lib/python3.12/site-packages/torch_cluster/_version_cuda.so
  import torch_geometric.typing
/root/miniconda3/lib/python3.12/site-packages/torch_geometric/__init__.py:4: UserWarning: An issue occurred while importing 'torch-spline-conv'. Disabling its usage. Stacktrace: Could not load this library: /root/miniconda3/lib/python3.12/site-packages/torch_spline_conv/_version_cuda.so
  import torch_geometric.typing
/root/miniconda3/lib/python3.12/site-packages/torch_geometric/__init__.py:4: UserWarning: An issue occurred while importing 'torch-sparse'. Disabling its usage. Stacktrace: Could not load this library: /root/miniconda3/lib/python3.12/site-packages/torch_sparse/_version_cuda.so
  import torch_geometric.typing
使用保存的最佳模型配置

======================================================================
recap 异常检测模型训练
======================================================================

📋 训练配置:
  device: cuda:0
  epochs: 200
  trials: 3
  seed: 0
  output_dir: /autodl-fs/data/recap/tuning_hyperparams/sensitivity_results/sensitivity_paper_final/checkpoints/tau_s__0p12
  save_checkpoint: True
  early_stop: False
  patience: 30
  log_diagnostics: True
  diagnostics_interval: 10

🔧 模型配置:
  model: recap
  lr: 5e-05
  dropout_rate: 0.2
  h_feats: 256
  num_hops: 3
  weight_decay: 5e-05
  dims: 32
  num_layers: 2
  activation: ELU
  num_views: 1
  num_clusters: 4
  knn_k: 4
  cluster_lr_multiplier: 10.0
  tau_s: 0.12
  sim_block_size: 256
  knn_cache_enabled: True
  knn_cache_dir: /autodl-fs/data/recap/knn_cache
  knn_search_dtype: auto
  lambda_H: 0.5
  lambda_bal: 0.05
  lambda_E: 0.1
  gamma: 0.1
  tau_e: 1.0
  beta: 0.03
  eps: 1e-08
  lambda_ortho: 0.5
  lambda_min_usage: 0.05
  lambda_diversity: 0.1
  min_cluster_ratio: 0.1

💾 保存设置:
  保存目录：/autodl-fs/data/recap/tuning_hyperparams/sensitivity_results/sensitivity_paper_final/checkpoints/tau_s__0p12
  保存检查点：True
======================================================================


📊 使用指定的训练数据集: ['pubmed', 'Flickr', 'questions', 'YelpChi']

📊 使用指定的测试数据集: ['Facebook', 'cora', 'citeseer', 'ACM', 'BlogCatalog', 'weibo', 'Reddit', 'Amazon']
加载 4 个训练数据集: ['pubmed', 'Flickr', 'questions', 'YelpChi']
加载 8 个测试数据集: ['Facebook', 'cora', 'citeseer', 'ACM', 'BlogCatalog', 'weibo', 'Reddit', 'Amazon']
进行 3 跳特征传播...

======================================================================
Trial 0 开始训练 (seed=0)
======================================================================
🔧 模型初始化视图数: 1 (单视图模式)

--- 训练阶段 ---
开始训练，共 200 个epochs...
关闭early stopping，训练将跑满设定epochs
🔧 Assignment layer LR multiplier: 10 (base_lr=5e-05, assignment_lr=0.0005)
Epoch [1/200], Average Loss: 0.663916
  Diagnostics: H_ent_norm=0.9972, H_maxp=0.2691, pi_ent_norm=1.0000, pi_std=0.001419, effC=4.00, Lvar=0.000000, Lvar_active=0.0000, scale/adh_std=1
Epoch [10/200], Average Loss: 0.659368
  Diagnostics: H_ent_norm=0.9985, H_maxp=0.2620, pi_ent_norm=1.0000, pi_std=0.000516, effC=4.00, Lvar=0.000000, Lvar_active=0.0000, scale/adh_std=1
Epoch [20/200], Average Loss: 0.658676
  Diagnostics: H_ent_norm=0.9975, H_maxp=0.2655, pi_ent_norm=1.0000, pi_std=0.000792, effC=4.00, Lvar=0.000000, Lvar_active=0.0000, scale/adh_std=1
Epoch [30/200], Average Loss: 0.658310
  Diagnostics: H_ent_norm=0.9955, H_maxp=0.2711, pi_ent_norm=1.0000, pi_std=0.001032, effC=4.00, Lvar=0.000000, Lvar_active=0.0000, scale/adh_std=1
Epoch [40/200], Average Loss: 0.657627
  Diagnostics: H_ent_norm=0.9893, H_maxp=0.2825, pi_ent_norm=1.0000, pi_std=0.002172, effC=4.00, Lvar=0.000000, Lvar_active=0.0000, scale/adh_std=1
Epoch [50/200], Average Loss: 0.634840
  Diagnostics: H_ent_norm=0.8996, H_maxp=0.3537, pi_ent_norm=0.9992, pi_std=0.009544, effC=4.00, Lvar=0.000000, Lvar_active=0.0000, scale/adh_std=1
Epoch [60/200], Average Loss: 0.496482
  Diagnostics: H_ent_norm=0.6284, H_maxp=0.5735, pi_ent_norm=0.9413, pi_std=0.097756, effC=3.69, Lvar=0.000000, Lvar_active=0.0000, scale/adh_std=1
Epoch [70/200], Average Loss: 0.258845
  Diagnostics: H_ent_norm=0.2901, H_maxp=0.8490, pi_ent_norm=0.7255, pi_std=0.208984, effC=2.74, Lvar=0.000000, Lvar_active=0.0000, scale/adh_std=1
Epoch [80/200], Average Loss: 0.163689
  Diagnostics: H_ent_norm=0.1700, H_maxp=0.9160, pi_ent_norm=0.6319, pi_std=0.241730, effC=2.41, Lvar=0.000005, Lvar_active=0.0010, scale/adh_std=1
Epoch [90/200], Average Loss: 0.124943
  Diagnostics: H_ent_norm=0.1230, H_maxp=0.9393, pi_ent_norm=0.5905, pi_std=0.252742, effC=2.28, Lvar=0.000003, Lvar_active=0.0010, scale/adh_std=1
Epoch [100/200], Average Loss: 0.105845
  Diagnostics: H_ent_norm=0.0996, H_maxp=0.9509, pi_ent_norm=0.5679, pi_std=0.257952, effC=2.21, Lvar=0.000000, Lvar_active=0.0000, scale/adh_std=1
Epoch [110/200], Average Loss: 0.091936
  Diagnostics: H_ent_norm=0.0850, H_maxp=0.9581, pi_ent_norm=0.5530, pi_std=0.261156, effC=2.16, Lvar=0.000000, Lvar_active=0.0000, scale/adh_std=1
Epoch [120/200], Average Loss: 0.083220
  Diagnostics: H_ent_norm=0.0747, H_maxp=0.9632, pi_ent_norm=0.5424, pi_std=0.263272, effC=2.13, Lvar=0.000000, Lvar_active=0.0000, scale/adh_std=1
Epoch [130/200], Average Loss: 0.076742
  Diagnostics: H_ent_norm=0.0668, H_maxp=0.9671, pi_ent_norm=0.5341, pi_std=0.264875, effC=2.11, Lvar=0.000000, Lvar_active=0.0000, scale/adh_std=1
Epoch [140/200], Average Loss: 0.070766
  Diagnostics: H_ent_norm=0.0607, H_maxp=0.9701, pi_ent_norm=0.5274, pi_std=0.266100, effC=2.09, Lvar=0.000000, Lvar_active=0.0000, scale/adh_std=1
Epoch [150/200], Average Loss: 0.066103
  Diagnostics: H_ent_norm=0.0558, H_maxp=0.9726, pi_ent_norm=0.5218, pi_std=0.267089, effC=2.07, Lvar=0.000000, Lvar_active=0.0000, scale/adh_std=1
Epoch [160/200], Average Loss: 0.062527
  Diagnostics: H_ent_norm=0.0516, H_maxp=0.9746, pi_ent_norm=0.5171, pi_std=0.267938, effC=2.06, Lvar=0.000000, Lvar_active=0.0000, scale/adh_std=1
Epoch [170/200], Average Loss: 0.058310
  Diagnostics: H_ent_norm=0.0481, H_maxp=0.9764, pi_ent_norm=0.5129, pi_std=0.268648, effC=2.05, Lvar=0.000001, Lvar_active=0.0003, scale/adh_std=1
Epoch [180/200], Average Loss: 0.055345
  Diagnostics: H_ent_norm=0.0451, H_maxp=0.9779, pi_ent_norm=0.5094, pi_std=0.269256, effC=2.04, Lvar=0.000001, Lvar_active=0.0003, scale/adh_std=1
Epoch [190/200], Average Loss: 0.053481
  Diagnostics: H_ent_norm=0.0424, H_maxp=0.9792, pi_ent_norm=0.5062, pi_std=0.269785, effC=2.03, Lvar=0.000002, Lvar_active=0.0007, scale/adh_std=1
Epoch [200/200], Average Loss: 0.052618
  Diagnostics: H_ent_norm=0.0400, H_maxp=0.9803, pi_ent_norm=0.5035, pi_std=0.270214, effC=2.02, Lvar=0.000006, Lvar_active=0.0016, scale/adh_std=1
训练完成！实际训练 200 个epochs

--- 评估阶段 ---
  Facebook: AUROC=0.5318, AUPRC=0.0699
  cora: AUROC=0.6306, AUPRC=0.1738
  citeseer: AUROC=0.7367, AUPRC=0.2033
  ACM: AUROC=0.7004, AUPRC=0.2596
  BlogCatalog: AUROC=0.7029, AUPRC=0.3006
  weibo: AUROC=0.7494, AUPRC=0.2551
  Reddit: AUROC=0.5349, AUPRC=0.0366
  Amazon: AUROC=0.6195, AUPRC=0.1091

--- 保存模型 ---
检查点已保存到: /autodl-fs/data/recap/tuning_hyperparams/sensitivity_results/sensitivity_paper_final/checkpoints/tau_s__0p12/recap/trial_0/model.pt
模型已保存到: /autodl-fs/data/recap/tuning_hyperparams/sensitivity_results/sensitivity_paper_final/checkpoints/tau_s__0p12/recap/trial_0/model.pt

======================================================================
Trial 1 开始训练 (seed=1)
======================================================================
🔧 模型初始化视图数: 1 (单视图模式)

--- 训练阶段 ---
开始训练，共 200 个epochs...
关闭early stopping，训练将跑满设定epochs
🔧 Assignment layer LR multiplier: 10 (base_lr=5e-05, assignment_lr=0.0005)
Epoch [1/200], Average Loss: 0.663808
  Diagnostics: H_ent_norm=0.9982, H_maxp=0.2654, pi_ent_norm=1.0000, pi_std=0.000967, effC=4.00, Lvar=0.000001, Lvar_active=0.0003, scale/adh_std=1
Epoch [10/200], Average Loss: 0.659355
  Diagnostics: H_ent_norm=0.9995, H_maxp=0.2573, pi_ent_norm=1.0000, pi_std=0.000472, effC=4.00, Lvar=0.000001, Lvar_active=0.0003, scale/adh_std=1
Epoch [20/200], Average Loss: 0.658734
  Diagnostics: H_ent_norm=0.9988, H_maxp=0.2605, pi_ent_norm=1.0000, pi_std=0.000775, effC=4.00, Lvar=0.000002, Lvar_active=0.0003, scale/adh_std=1
Epoch [30/200], Average Loss: 0.658366
  Diagnostics: H_ent_norm=0.9969, H_maxp=0.2674, pi_ent_norm=1.0000, pi_std=0.000977, effC=4.00, Lvar=0.000002, Lvar_active=0.0003, scale/adh_std=1
Epoch [40/200], Average Loss: 0.658071
  Diagnostics: H_ent_norm=0.9942, H_maxp=0.2746, pi_ent_norm=1.0000, pi_std=0.001658, effC=4.00, Lvar=0.000003, Lvar_active=0.0003, scale/adh_std=1
Epoch [50/200], Average Loss: 0.657284
  Diagnostics: H_ent_norm=0.9865, H_maxp=0.2879, pi_ent_norm=0.9999, pi_std=0.002800, effC=4.00, Lvar=0.000003, Lvar_active=0.0007, scale/adh_std=1
Epoch [60/200], Average Loss: 0.616123
  Diagnostics: H_ent_norm=0.8558, H_maxp=0.3821, pi_ent_norm=0.9993, pi_std=0.010550, effC=4.00, Lvar=0.000002, Lvar_active=0.0003, scale/adh_std=1
Epoch [70/200], Average Loss: 0.412495
  Diagnostics: H_ent_norm=0.4958, H_maxp=0.7045, pi_ent_norm=0.8639, pi_std=0.134831, effC=3.33, Lvar=0.000000, Lvar_active=0.0000, scale/adh_std=1
Epoch [80/200], Average Loss: 0.271528
  Diagnostics: H_ent_norm=0.3107, H_maxp=0.8308, pi_ent_norm=0.7527, pi_std=0.188658, effC=2.87, Lvar=0.000000, Lvar_active=0.0000, scale/adh_std=1
Epoch [90/200], Average Loss: 0.187808
  Diagnostics: H_ent_norm=0.2000, H_maxp=0.8996, pi_ent_norm=0.6694, pi_std=0.225206, effC=2.54, Lvar=0.000000, Lvar_active=0.0000, scale/adh_std=1
Epoch [100/200], Average Loss: 0.136981
  Diagnostics: H_ent_norm=0.1372, H_maxp=0.9325, pi_ent_norm=0.6145, pi_std=0.243133, effC=2.35, Lvar=0.000000, Lvar_active=0.0000, scale/adh_std=1
Epoch [110/200], Average Loss: 0.112839
  Diagnostics: H_ent_norm=0.1075, H_maxp=0.9470, pi_ent_norm=0.5860, pi_std=0.250766, effC=2.26, Lvar=0.000000, Lvar_active=0.0000, scale/adh_std=1
Epoch [120/200], Average Loss: 0.099720
  Diagnostics: H_ent_norm=0.0902, H_maxp=0.9557, pi_ent_norm=0.5681, pi_std=0.255055, effC=2.21, Lvar=0.000000, Lvar_active=0.0000, scale/adh_std=1
Epoch [130/200], Average Loss: 0.090147
  Diagnostics: H_ent_norm=0.0783, H_maxp=0.9616, pi_ent_norm=0.5550, pi_std=0.257998, effC=2.17, Lvar=0.000000, Lvar_active=0.0000, scale/adh_std=1
Epoch [140/200], Average Loss: 0.081576
  Diagnostics: H_ent_norm=0.0698, H_maxp=0.9659, pi_ent_norm=0.5455, pi_std=0.260092, effC=2.14, Lvar=0.000000, Lvar_active=0.0000, scale/adh_std=1
Epoch [150/200], Average Loss: 0.076733
  Diagnostics: H_ent_norm=0.0633, H_maxp=0.9691, pi_ent_norm=0.5381, pi_std=0.261641, effC=2.12, Lvar=0.000000, Lvar_active=0.0000, scale/adh_std=1
Epoch [160/200], Average Loss: 0.071084
  Diagnostics: H_ent_norm=0.0580, H_maxp=0.9718, pi_ent_norm=0.5319, pi_std=0.262924, effC=2.10, Lvar=0.000000, Lvar_active=0.0000, scale/adh_std=1
Epoch [170/200], Average Loss: 0.066935
  Diagnostics: H_ent_norm=0.0535, H_maxp=0.9740, pi_ent_norm=0.5265, pi_std=0.264018, effC=2.09, Lvar=0.000000, Lvar_active=0.0000, scale/adh_std=1
Epoch [180/200], Average Loss: 0.063174
  Diagnostics: H_ent_norm=0.0497, H_maxp=0.9759, pi_ent_norm=0.5219, pi_std=0.264903, effC=2.07, Lvar=0.000000, Lvar_active=0.0000, scale/adh_std=1
Epoch [190/200], Average Loss: 0.061066
  Diagnostics: H_ent_norm=0.0464, H_maxp=0.9776, pi_ent_norm=0.5179, pi_std=0.265655, effC=2.06, Lvar=0.000000, Lvar_active=0.0000, scale/adh_std=1
Epoch [200/200], Average Loss: 0.058881
  Diagnostics: H_ent_norm=0.0435, H_maxp=0.9791, pi_ent_norm=0.5144, pi_std=0.266337, effC=2.05, Lvar=0.000000, Lvar_active=0.0000, scale/adh_std=1
训练完成！实际训练 200 个epochs

--- 评估阶段 ---
  Facebook: AUROC=0.5220, AUPRC=0.0898
  cora: AUROC=0.6857, AUPRC=0.1507
  citeseer: AUROC=0.6969, AUPRC=0.1512
  ACM: AUROC=0.7237, AUPRC=0.2840
  BlogCatalog: AUROC=0.6931, AUPRC=0.3073
  weibo: AUROC=0.7015, AUPRC=0.3023
  Reddit: AUROC=0.5427, AUPRC=0.0364
  Amazon: AUROC=0.5349, AUPRC=0.0867

--- 保存模型 ---
检查点已保存到: /autodl-fs/data/recap/tuning_hyperparams/sensitivity_results/sensitivity_paper_final/checkpoints/tau_s__0p12/recap/trial_1/model.pt
模型已保存到: /autodl-fs/data/recap/tuning_hyperparams/sensitivity_results/sensitivity_paper_final/checkpoints/tau_s__0p12/recap/trial_1/model.pt

======================================================================
Trial 2 开始训练 (seed=2)
======================================================================
🔧 模型初始化视图数: 1 (单视图模式)

--- 训练阶段 ---
开始训练，共 200 个epochs...
关闭early stopping，训练将跑满设定epochs
🔧 Assignment layer LR multiplier: 10 (base_lr=5e-05, assignment_lr=0.0005)
Epoch [1/200], Average Loss: 0.664425
  Diagnostics: H_ent_norm=0.9978, H_maxp=0.2673, pi_ent_norm=1.0000, pi_std=0.000877, effC=4.00, Lvar=0.000000, Lvar_active=0.0000, scale/adh_std=1
Epoch [10/200], Average Loss: 0.659346
  Diagnostics: H_ent_norm=0.9990, H_maxp=0.2600, pi_ent_norm=1.0000, pi_std=0.000603, effC=4.00, Lvar=0.000000, Lvar_active=0.0000, scale/adh_std=1
Epoch [20/200], Average Loss: 0.658627
  Diagnostics: H_ent_norm=0.9976, H_maxp=0.2649, pi_ent_norm=1.0000, pi_std=0.001185, effC=4.00, Lvar=0.000000, Lvar_active=0.0000, scale/adh_std=1
Epoch [30/200], Average Loss: 0.658319
  Diagnostics: H_ent_norm=0.9956, H_maxp=0.2711, pi_ent_norm=1.0000, pi_std=0.001395, effC=4.00, Lvar=0.000000, Lvar_active=0.0000, scale/adh_std=1
Epoch [40/200], Average Loss: 0.657586
  Diagnostics: H_ent_norm=0.9889, H_maxp=0.2843, pi_ent_norm=1.0000, pi_std=0.002726, effC=4.00, Lvar=0.000000, Lvar_active=0.0000, scale/adh_std=1
Epoch [50/200], Average Loss: 0.643727
  Diagnostics: H_ent_norm=0.9201, H_maxp=0.3595, pi_ent_norm=0.9985, pi_std=0.014972, effC=3.99, Lvar=0.000000, Lvar_active=0.0000, scale/adh_std=1
Epoch [60/200], Average Loss: 0.510330
  Diagnostics: H_ent_norm=0.6347, H_maxp=0.6080, pi_ent_norm=0.9309, pi_std=0.100302, effC=3.64, Lvar=0.000000, Lvar_active=0.0000, scale/adh_std=1
Epoch [70/200], Average Loss: 0.308458
  Diagnostics: H_ent_norm=0.3526, H_maxp=0.8094, pi_ent_norm=0.7716, pi_std=0.187713, effC=2.93, Lvar=0.000000, Lvar_active=0.0000, scale/adh_std=1
Epoch [80/200], Average Loss: 0.198806
  Diagnostics: H_ent_norm=0.2115, H_maxp=0.8934, pi_ent_norm=0.6706, pi_std=0.228151, effC=2.54, Lvar=0.000000, Lvar_active=0.0000, scale/adh_std=1
Epoch [90/200], Average Loss: 0.146052
  Diagnostics: H_ent_norm=0.1480, H_maxp=0.9256, pi_ent_norm=0.6188, pi_std=0.243358, effC=2.37, Lvar=0.000000, Lvar_active=0.0000, scale/adh_std=1
Epoch [100/200], Average Loss: 0.120395
  Diagnostics: H_ent_norm=0.1181, H_maxp=0.9404, pi_ent_norm=0.5920, pi_std=0.250042, effC=2.28, Lvar=0.000000, Lvar_active=0.0000, scale/adh_std=1
Epoch [110/200], Average Loss: 0.105760
  Diagnostics: H_ent_norm=0.1003, H_maxp=0.9492, pi_ent_norm=0.5752, pi_std=0.253897, effC=2.23, Lvar=0.000000, Lvar_active=0.0000, scale/adh_std=1
Epoch [120/200], Average Loss: 0.094371
  Diagnostics: H_ent_norm=0.0880, H_maxp=0.9553, pi_ent_norm=0.5631, pi_std=0.256508, effC=2.20, Lvar=0.000000, Lvar_active=0.0000, scale/adh_std=1
Epoch [130/200], Average Loss: 0.085286
  Diagnostics: H_ent_norm=0.0792, H_maxp=0.9598, pi_ent_norm=0.5541, pi_std=0.258374, effC=2.17, Lvar=0.000000, Lvar_active=0.0000, scale/adh_std=1
Epoch [140/200], Average Loss: 0.079732
  Diagnostics: H_ent_norm=0.0723, H_maxp=0.9632, pi_ent_norm=0.5470, pi_std=0.259790, effC=2.15, Lvar=0.000000, Lvar_active=0.0003, scale/adh_std=1
Epoch [150/200], Average Loss: 0.074943
  Diagnostics: H_ent_norm=0.0667, H_maxp=0.9661, pi_ent_norm=0.5410, pi_std=0.260965, effC=2.13, Lvar=0.000001, Lvar_active=0.0003, scale/adh_std=1
Epoch [160/200], Average Loss: 0.070257
  Diagnostics: H_ent_norm=0.0621, H_maxp=0.9684, pi_ent_norm=0.5361, pi_std=0.261888, effC=2.12, Lvar=0.000003, Lvar_active=0.0007, scale/adh_std=1
Epoch [170/200], Average Loss: 0.065960
  Diagnostics: H_ent_norm=0.0581, H_maxp=0.9704, pi_ent_norm=0.5320, pi_std=0.262641, effC=2.11, Lvar=0.000004, Lvar_active=0.0007, scale/adh_std=1
Epoch [180/200], Average Loss: 0.063353
  Diagnostics: H_ent_norm=0.0547, H_maxp=0.9721, pi_ent_norm=0.5281, pi_std=0.263376, effC=2.09, Lvar=0.000005, Lvar_active=0.0007, scale/adh_std=1
Epoch [190/200], Average Loss: 0.061714
  Diagnostics: H_ent_norm=0.0518, H_maxp=0.9736, pi_ent_norm=0.5248, pi_std=0.263989, effC=2.09, Lvar=0.000005, Lvar_active=0.0007, scale/adh_std=1
Epoch [200/200], Average Loss: 0.056798
  Diagnostics: H_ent_norm=0.0493, H_maxp=0.9749, pi_ent_norm=0.5219, pi_std=0.264528, effC=2.08, Lvar=0.000004, Lvar_active=0.0007, scale/adh_std=1
训练完成！实际训练 200 个epochs

--- 评估阶段 ---
  Facebook: AUROC=0.5265, AUPRC=0.0844
  cora: AUROC=0.6822, AUPRC=0.1795
  citeseer: AUROC=0.6614, AUPRC=0.1461
  ACM: AUROC=0.7140, AUPRC=0.2889
  BlogCatalog: AUROC=0.7026, AUPRC=0.2862
  weibo: AUROC=0.7084, AUPRC=0.3022
  Reddit: AUROC=0.5710, AUPRC=0.0452
  Amazon: AUROC=0.5657, AUPRC=0.0792

--- 保存模型 ---
检查点已保存到: /autodl-fs/data/recap/tuning_hyperparams/sensitivity_results/sensitivity_paper_final/checkpoints/tau_s__0p12/recap/trial_2/model.pt
模型已保存到: /autodl-fs/data/recap/tuning_hyperparams/sensitivity_results/sensitivity_paper_final/checkpoints/tau_s__0p12/recap/trial_2/model.pt

======================================================================
聚合 3 次试验的结果
======================================================================

------------------------- Facebook -------------------------
AUROC: 0.5268 ± 0.0040
AUPRC: 0.0814 ± 0.0084

------------------------- cora -------------------------
AUROC: 0.6662 ± 0.0252
AUPRC: 0.1680 ± 0.0125

------------------------- citeseer -------------------------
AUROC: 0.6983 ± 0.0307
AUPRC: 0.1669 ± 0.0258

------------------------- ACM -------------------------
AUROC: 0.7127 ± 0.0096
AUPRC: 0.2775 ± 0.0128

------------------------- BlogCatalog -------------------------
AUROC: 0.6995 ± 0.0046
AUPRC: 0.2980 ± 0.0088

------------------------- weibo -------------------------
AUROC: 0.7198 ± 0.0212
AUPRC: 0.2865 ± 0.0222

------------------------- Reddit -------------------------
AUROC: 0.5495 ± 0.0155
AUPRC: 0.0394 ± 0.0041

------------------------- Amazon -------------------------
AUROC: 0.5734 ± 0.0350
AUPRC: 0.0917 ± 0.0127


======================================================================
训练完成！
所有模型已保存到: /autodl-fs/data/recap/tuning_hyperparams/sensitivity_results/sensitivity_paper_final/checkpoints/tau_s__0p12/recap/
======================================================================

