/root/miniconda3/lib/python3.12/site-packages/torch_geometric/__init__.py:4: UserWarning: An issue occurred while importing 'torch-scatter'. Disabling its usage. Stacktrace: Could not load this library: /root/miniconda3/lib/python3.12/site-packages/torch_scatter/_version_cuda.so
  import torch_geometric.typing
/root/miniconda3/lib/python3.12/site-packages/torch_geometric/__init__.py:4: UserWarning: An issue occurred while importing 'torch-cluster'. Disabling its usage. Stacktrace: Could not load this library: /root/miniconda3/lib/python3.12/site-packages/torch_cluster/_version_cuda.so
  import torch_geometric.typing
/root/miniconda3/lib/python3.12/site-packages/torch_geometric/__init__.py:4: UserWarning: An issue occurred while importing 'torch-spline-conv'. Disabling its usage. Stacktrace: Could not load this library: /root/miniconda3/lib/python3.12/site-packages/torch_spline_conv/_version_cuda.so
  import torch_geometric.typing
/root/miniconda3/lib/python3.12/site-packages/torch_geometric/__init__.py:4: UserWarning: An issue occurred while importing 'torch-sparse'. Disabling its usage. Stacktrace: Could not load this library: /root/miniconda3/lib/python3.12/site-packages/torch_sparse/_version_cuda.so
  import torch_geometric.typing
使用保存的最佳模型配置

======================================================================
recap 异常检测模型训练
======================================================================

📋 训练配置:
  device: cuda:0
  epochs: 100
  trials: 3
  seed: 0
  output_dir: /autodl-fs/data/recap/tuning_hyperparams/sensitivity_results/sensitivity_default_v2/checkpoints/baseline
  save_checkpoint: True
  early_stop: False
  patience: 30
  log_diagnostics: True
  diagnostics_interval: 10

🔧 模型配置:
  model: recap
  lr: 5e-05
  dropout_rate: 0.2
  h_feats: 256
  num_hops: 4
  weight_decay: 5e-05
  dims: 32
  num_layers: 2
  activation: ELU
  num_views: 1
  num_clusters: 28
  knn_k: 20
  cluster_lr_multiplier: 10.0
  tau_s: 0.08
  tau_c: 0.3
  cluster_init_gain: 1.5
  sim_block_size: 256
  knn_cache_enabled: True
  knn_cache_dir: /autodl-fs/data/recap/knn_cache
  knn_search_dtype: auto
  lambda_H: 0.1
  lambda_bal: 0.0
  lambda_E: 0.1
  lambda_usage_entropy: 0.1
  assignment_entropy_lower: 0.45
  assignment_entropy_upper: 0.85
  usage_entropy_lower: 0.65
  usage_entropy_upper: 0.9
  gamma: 0.1
  tau_e: 1.0
  beta: 0.02
  eps: 1e-08
  lambda_ortho: 0.1
  lambda_min_usage: 0.0
  lambda_diversity: 0.1
  min_cluster_ratio: 0.1

💾 保存设置:
  保存目录：/autodl-fs/data/recap/tuning_hyperparams/sensitivity_results/sensitivity_default_v2/checkpoints/baseline
  保存检查点：True
======================================================================


📊 使用指定的训练数据集: ['pubmed', 'Flickr', 'questions', 'YelpChi']

📊 使用指定的测试数据集: ['Facebook', 'cora', 'citeseer', 'ACM', 'BlogCatalog', 'weibo', 'Reddit', 'Amazon']
加载 4 个训练数据集: ['pubmed', 'Flickr', 'questions', 'YelpChi']
加载 8 个测试数据集: ['Facebook', 'cora', 'citeseer', 'ACM', 'BlogCatalog', 'weibo', 'Reddit', 'Amazon']
进行 4 跳特征传播...

======================================================================
Trial 0 开始训练 (seed=0)
======================================================================
🔧 模型初始化视图数: 1 (单视图模式)

--- 训练阶段 ---
开始训练，共 100 个epochs...
关闭early stopping，训练将跑满设定epochs
🔧 Assignment layer LR multiplier: 10 (base_lr=5e-05, assignment_lr=0.0005)
Epoch [1/100], Average Loss: 0.525310
  Diagnostics: H_ent_norm=0.8366, H_maxp=0.2037, pi_ent_norm=0.9929, pi_std=0.007434, effC=27.35, Lvar=0.000000, Lvar_active=0.0000, scale/adh_std=1
Epoch [10/100], Average Loss: 0.350117
  Diagnostics: H_ent_norm=0.7135, H_maxp=0.3474, pi_ent_norm=0.9326, pi_std=0.025811, effC=22.63, Lvar=0.000000, Lvar_active=0.0000, scale/adh_std=1
Epoch [20/100], Average Loss: 0.278510
  Diagnostics: H_ent_norm=0.6288, H_maxp=0.4348, pi_ent_norm=0.8772, pi_std=0.037286, effC=19.23, Lvar=0.000000, Lvar_active=0.0000, scale/adh_std=1
Epoch [30/100], Average Loss: 0.254952
  Diagnostics: H_ent_norm=0.6322, H_maxp=0.4351, pi_ent_norm=0.8701, pi_std=0.039995, effC=18.84, Lvar=0.000000, Lvar_active=0.0000, scale/adh_std=1
Epoch [40/100], Average Loss: 0.230355
  Diagnostics: H_ent_norm=0.6223, H_maxp=0.4484, pi_ent_norm=0.8512, pi_std=0.044616, effC=17.87, Lvar=0.000000, Lvar_active=0.0000, scale/adh_std=1
Epoch [50/100], Average Loss: 0.216420
  Diagnostics: H_ent_norm=0.6209, H_maxp=0.4538, pi_ent_norm=0.8406, pi_std=0.046999, effC=17.35, Lvar=0.000000, Lvar_active=0.0000, scale/adh_std=1
Epoch [60/100], Average Loss: 0.201001
  Diagnostics: H_ent_norm=0.6155, H_maxp=0.4622, pi_ent_norm=0.8301, pi_std=0.049078, effC=16.85, Lvar=0.000000, Lvar_active=0.0000, scale/adh_std=1
Epoch [70/100], Average Loss: 0.191230
  Diagnostics: H_ent_norm=0.6134, H_maxp=0.4662, pi_ent_norm=0.8244, pi_std=0.050259, effC=16.58, Lvar=0.000000, Lvar_active=0.0000, scale/adh_std=1
Epoch [80/100], Average Loss: 0.182916
  Diagnostics: H_ent_norm=0.6128, H_maxp=0.4676, pi_ent_norm=0.8209, pi_std=0.050982, effC=16.41, Lvar=0.000000, Lvar_active=0.0000, scale/adh_std=1
Epoch [90/100], Average Loss: 0.174595
  Diagnostics: H_ent_norm=0.6066, H_maxp=0.4733, pi_ent_norm=0.8154, pi_std=0.052085, effC=16.16, Lvar=0.000000, Lvar_active=0.0000, scale/adh_std=1
Epoch [100/100], Average Loss: 0.167173
  Diagnostics: H_ent_norm=0.6067, H_maxp=0.4731, pi_ent_norm=0.8146, pi_std=0.052369, effC=16.10, Lvar=0.000000, Lvar_active=0.0000, scale/adh_std=1
训练完成！实际训练 100 个epochs

--- 评估阶段 ---
  Facebook: AUROC=0.5978, AUPRC=0.0472
  cora: AUROC=0.8189, AUPRC=0.4168
  citeseer: AUROC=0.9042, AUPRC=0.4729
  ACM: AUROC=0.7858, AUPRC=0.3670
  BlogCatalog: AUROC=0.7325, AUPRC=0.3323
  weibo: AUROC=0.7669, AUPRC=0.3107
  Reddit: AUROC=0.5881, AUPRC=0.0463
  Amazon: AUROC=0.7340, AUPRC=0.1374

--- 保存模型 ---
检查点已保存到: /autodl-fs/data/recap/tuning_hyperparams/sensitivity_results/sensitivity_default_v2/checkpoints/baseline/recap/trial_0/model.pt
模型已保存到: /autodl-fs/data/recap/tuning_hyperparams/sensitivity_results/sensitivity_default_v2/checkpoints/baseline/recap/trial_0/model.pt

======================================================================
Trial 1 开始训练 (seed=1)
======================================================================
🔧 模型初始化视图数: 1 (单视图模式)

--- 训练阶段 ---
开始训练，共 100 个epochs...
关闭early stopping，训练将跑满设定epochs
🔧 Assignment layer LR multiplier: 10 (base_lr=5e-05, assignment_lr=0.0005)
Epoch [1/100], Average Loss: 0.527511
  Diagnostics: H_ent_norm=0.8348, H_maxp=0.2012, pi_ent_norm=0.9962, pi_std=0.005377, effC=27.65, Lvar=0.000001, Lvar_active=0.0002, scale/adh_std=1
Epoch [10/100], Average Loss: 0.351632
  Diagnostics: H_ent_norm=0.7251, H_maxp=0.3257, pi_ent_norm=0.9584, pi_std=0.018338, effC=24.48, Lvar=0.000001, Lvar_active=0.0002, scale/adh_std=1
Epoch [20/100], Average Loss: 0.302452
  Diagnostics: H_ent_norm=0.6802, H_maxp=0.3755, pi_ent_norm=0.9369, pi_std=0.023107, effC=22.91, Lvar=0.000002, Lvar_active=0.0002, scale/adh_std=1
Epoch [30/100], Average Loss: 0.273410
  Diagnostics: H_ent_norm=0.6588, H_maxp=0.4000, pi_ent_norm=0.9224, pi_std=0.026700, effC=21.92, Lvar=0.000002, Lvar_active=0.0002, scale/adh_std=1
Epoch [40/100], Average Loss: 0.252572
  Diagnostics: H_ent_norm=0.6424, H_maxp=0.4195, pi_ent_norm=0.9046, pi_std=0.031667, effC=20.79, Lvar=0.000002, Lvar_active=0.0002, scale/adh_std=1
Epoch [50/100], Average Loss: 0.236098
  Diagnostics: H_ent_norm=0.6313, H_maxp=0.4328, pi_ent_norm=0.8907, pi_std=0.035615, effC=19.96, Lvar=0.000002, Lvar_active=0.0002, scale/adh_std=1
Epoch [60/100], Average Loss: 0.222485
  Diagnostics: H_ent_norm=0.6275, H_maxp=0.4388, pi_ent_norm=0.8798, pi_std=0.038733, effC=19.33, Lvar=0.000002, Lvar_active=0.0002, scale/adh_std=1
Epoch [70/100], Average Loss: 0.208600
  Diagnostics: H_ent_norm=0.6236, H_maxp=0.4442, pi_ent_norm=0.8679, pi_std=0.041959, effC=18.68, Lvar=0.000002, Lvar_active=0.0002, scale/adh_std=1
Epoch [80/100], Average Loss: 0.196848
  Diagnostics: H_ent_norm=0.6196, H_maxp=0.4494, pi_ent_norm=0.8599, pi_std=0.044102, effC=18.24, Lvar=0.000002, Lvar_active=0.0002, scale/adh_std=1
Epoch [90/100], Average Loss: 0.185793
  Diagnostics: H_ent_norm=0.6121, H_maxp=0.4585, pi_ent_norm=0.8466, pi_std=0.047157, effC=17.56, Lvar=0.000002, Lvar_active=0.0002, scale/adh_std=1
Epoch [100/100], Average Loss: 0.175175
  Diagnostics: H_ent_norm=0.6098, H_maxp=0.4610, pi_ent_norm=0.8421, pi_std=0.048449, effC=17.31, Lvar=0.000002, Lvar_active=0.0002, scale/adh_std=1
训练完成！实际训练 100 个epochs

--- 评估阶段 ---
  Facebook: AUROC=0.6026, AUPRC=0.0509
  cora: AUROC=0.8232, AUPRC=0.4193
  citeseer: AUROC=0.8991, AUPRC=0.4619
  ACM: AUROC=0.7714, AUPRC=0.3682
  BlogCatalog: AUROC=0.7258, AUPRC=0.3255
  weibo: AUROC=0.7309, AUPRC=0.3068
  Reddit: AUROC=0.5913, AUPRC=0.0467
  Amazon: AUROC=0.7001, AUPRC=0.1210

--- 保存模型 ---
检查点已保存到: /autodl-fs/data/recap/tuning_hyperparams/sensitivity_results/sensitivity_default_v2/checkpoints/baseline/recap/trial_1/model.pt
模型已保存到: /autodl-fs/data/recap/tuning_hyperparams/sensitivity_results/sensitivity_default_v2/checkpoints/baseline/recap/trial_1/model.pt

======================================================================
Trial 2 开始训练 (seed=2)
======================================================================
🔧 模型初始化视图数: 1 (单视图模式)

--- 训练阶段 ---
开始训练，共 100 个epochs...
关闭early stopping，训练将跑满设定epochs
🔧 Assignment layer LR multiplier: 10 (base_lr=5e-05, assignment_lr=0.0005)
Epoch [1/100], Average Loss: 0.518017
  Diagnostics: H_ent_norm=0.8425, H_maxp=0.1982, pi_ent_norm=0.9932, pi_std=0.007192, effC=27.38, Lvar=0.000000, Lvar_active=0.0000, scale/adh_std=1
Epoch [10/100], Average Loss: 0.346720
  Diagnostics: H_ent_norm=0.7261, H_maxp=0.3316, pi_ent_norm=0.9371, pi_std=0.024448, effC=22.93, Lvar=0.000000, Lvar_active=0.0000, scale/adh_std=1
Epoch [20/100], Average Loss: 0.296521
  Diagnostics: H_ent_norm=0.6830, H_maxp=0.3786, pi_ent_norm=0.9045, pi_std=0.032275, effC=20.83, Lvar=0.000000, Lvar_active=0.0000, scale/adh_std=1
Epoch [30/100], Average Loss: 0.267438
  Diagnostics: H_ent_norm=0.6766, H_maxp=0.3873, pi_ent_norm=0.8954, pi_std=0.035270, effC=20.27, Lvar=0.000000, Lvar_active=0.0000, scale/adh_std=1
Epoch [40/100], Average Loss: 0.249911
  Diagnostics: H_ent_norm=0.6739, H_maxp=0.3917, pi_ent_norm=0.8886, pi_std=0.037513, effC=19.87, Lvar=0.000000, Lvar_active=0.0000, scale/adh_std=1
Epoch [50/100], Average Loss: 0.236144
  Diagnostics: H_ent_norm=0.6693, H_maxp=0.3990, pi_ent_norm=0.8813, pi_std=0.039394, effC=19.44, Lvar=0.000000, Lvar_active=0.0000, scale/adh_std=1
Epoch [60/100], Average Loss: 0.226439
  Diagnostics: H_ent_norm=0.6565, H_maxp=0.4136, pi_ent_norm=0.8682, pi_std=0.042208, effC=18.72, Lvar=0.000000, Lvar_active=0.0000, scale/adh_std=1
Epoch [70/100], Average Loss: 0.214607
  Diagnostics: H_ent_norm=0.6347, H_maxp=0.4364, pi_ent_norm=0.8484, pi_std=0.046276, effC=17.70, Lvar=0.000000, Lvar_active=0.0000, scale/adh_std=1
Epoch [80/100], Average Loss: 0.202426
  Diagnostics: H_ent_norm=0.6229, H_maxp=0.4500, pi_ent_norm=0.8346, pi_std=0.049324, effC=17.01, Lvar=0.000000, Lvar_active=0.0000, scale/adh_std=1
Epoch [90/100], Average Loss: 0.191129
  Diagnostics: H_ent_norm=0.6161, H_maxp=0.4591, pi_ent_norm=0.8226, pi_std=0.052087, effC=16.43, Lvar=0.000000, Lvar_active=0.0000, scale/adh_std=1
Epoch [100/100], Average Loss: 0.177661
  Diagnostics: H_ent_norm=0.6061, H_maxp=0.4696, pi_ent_norm=0.8123, pi_std=0.054793, effC=15.91, Lvar=0.000000, Lvar_active=0.0000, scale/adh_std=1
训练完成！实际训练 100 个epochs

--- 评估阶段 ---
  Facebook: AUROC=0.5751, AUPRC=0.0353
  cora: AUROC=0.8187, AUPRC=0.4000
  citeseer: AUROC=0.9072, AUPRC=0.4423
  ACM: AUROC=0.7821, AUPRC=0.3731
  BlogCatalog: AUROC=0.7405, AUPRC=0.3294
  weibo: AUROC=0.7292, AUPRC=0.3073
  Reddit: AUROC=0.5891, AUPRC=0.0457
  Amazon: AUROC=0.7186, AUPRC=0.1266

--- 保存模型 ---
检查点已保存到: /autodl-fs/data/recap/tuning_hyperparams/sensitivity_results/sensitivity_default_v2/checkpoints/baseline/recap/trial_2/model.pt
模型已保存到: /autodl-fs/data/recap/tuning_hyperparams/sensitivity_results/sensitivity_default_v2/checkpoints/baseline/recap/trial_2/model.pt

======================================================================
聚合 3 次试验的结果
======================================================================

------------------------- Facebook -------------------------
AUROC: 0.5918 ± 0.0120
AUPRC: 0.0445 ± 0.0067

------------------------- cora -------------------------
AUROC: 0.8202 ± 0.0021
AUPRC: 0.4121 ± 0.0086

------------------------- citeseer -------------------------
AUROC: 0.9035 ± 0.0033
AUPRC: 0.4591 ± 0.0127

------------------------- ACM -------------------------
AUROC: 0.7798 ± 0.0061
AUPRC: 0.3694 ± 0.0026

------------------------- BlogCatalog -------------------------
AUROC: 0.7330 ± 0.0060
AUPRC: 0.3291 ± 0.0028

------------------------- weibo -------------------------
AUROC: 0.7424 ± 0.0174
AUPRC: 0.3083 ± 0.0017

------------------------- Reddit -------------------------
AUROC: 0.5895 ± 0.0013
AUPRC: 0.0462 ± 0.0004

------------------------- Amazon -------------------------
AUROC: 0.7176 ± 0.0138
AUPRC: 0.1283 ± 0.0068


======================================================================
训练完成！
所有模型已保存到: /autodl-fs/data/recap/tuning_hyperparams/sensitivity_results/sensitivity_default_v2/checkpoints/baseline/recap/
======================================================================

