/root/miniconda3/lib/python3.12/site-packages/torch_geometric/__init__.py:4: UserWarning: An issue occurred while importing 'torch-scatter'. Disabling its usage. Stacktrace: Could not load this library: /root/miniconda3/lib/python3.12/site-packages/torch_scatter/_version_cuda.so
  import torch_geometric.typing
/root/miniconda3/lib/python3.12/site-packages/torch_geometric/__init__.py:4: UserWarning: An issue occurred while importing 'torch-cluster'. Disabling its usage. Stacktrace: Could not load this library: /root/miniconda3/lib/python3.12/site-packages/torch_cluster/_version_cuda.so
  import torch_geometric.typing
/root/miniconda3/lib/python3.12/site-packages/torch_geometric/__init__.py:4: UserWarning: An issue occurred while importing 'torch-spline-conv'. Disabling its usage. Stacktrace: Could not load this library: /root/miniconda3/lib/python3.12/site-packages/torch_spline_conv/_version_cuda.so
  import torch_geometric.typing
/root/miniconda3/lib/python3.12/site-packages/torch_geometric/__init__.py:4: UserWarning: An issue occurred while importing 'torch-sparse'. Disabling its usage. Stacktrace: Could not load this library: /root/miniconda3/lib/python3.12/site-packages/torch_sparse/_version_cuda.so
  import torch_geometric.typing
使用保存的最佳模型配置

======================================================================
recap 异常检测模型训练
======================================================================

📋 训练配置:
  device: cuda:0
  epochs: 100
  trials: 3
  seed: 0
  output_dir: /autodl-fs/data/recap/tuning_hyperparams/sensitivity_results/sensitivity_default_v2/checkpoints/beta__0
  save_checkpoint: True
  early_stop: False
  patience: 30
  log_diagnostics: True
  diagnostics_interval: 10

🔧 模型配置:
  model: recap
  lr: 5e-05
  dropout_rate: 0.2
  h_feats: 256
  num_hops: 4
  weight_decay: 5e-05
  dims: 32
  num_layers: 2
  activation: ELU
  num_views: 1
  num_clusters: 28
  knn_k: 20
  cluster_lr_multiplier: 10.0
  tau_s: 0.08
  tau_c: 0.3
  cluster_init_gain: 1.5
  sim_block_size: 256
  knn_cache_enabled: True
  knn_cache_dir: /autodl-fs/data/recap/knn_cache
  knn_search_dtype: auto
  lambda_H: 0.1
  lambda_bal: 0.0
  lambda_E: 0.1
  lambda_usage_entropy: 0.1
  assignment_entropy_lower: 0.45
  assignment_entropy_upper: 0.85
  usage_entropy_lower: 0.65
  usage_entropy_upper: 0.9
  gamma: 0.1
  tau_e: 1.0
  beta: 0
  eps: 1e-08
  lambda_ortho: 0.1
  lambda_min_usage: 0.0
  lambda_diversity: 0.1
  min_cluster_ratio: 0.1

💾 保存设置:
  保存目录：/autodl-fs/data/recap/tuning_hyperparams/sensitivity_results/sensitivity_default_v2/checkpoints/beta__0
  保存检查点：True
======================================================================


📊 使用指定的训练数据集: ['pubmed', 'Flickr', 'questions', 'YelpChi']

📊 使用指定的测试数据集: ['Facebook', 'cora', 'citeseer', 'ACM', 'BlogCatalog', 'weibo', 'Reddit', 'Amazon']
加载 4 个训练数据集: ['pubmed', 'Flickr', 'questions', 'YelpChi']
加载 8 个测试数据集: ['Facebook', 'cora', 'citeseer', 'ACM', 'BlogCatalog', 'weibo', 'Reddit', 'Amazon']
进行 4 跳特征传播...

======================================================================
Trial 0 开始训练 (seed=0)
======================================================================
🔧 模型初始化视图数: 1 (单视图模式)

--- 训练阶段 ---
开始训练，共 100 个epochs...
关闭early stopping，训练将跑满设定epochs
🔧 Assignment layer LR multiplier: 10 (base_lr=5e-05, assignment_lr=0.0005)
Epoch [1/100], Average Loss: 0.525310
  Diagnostics: H_ent_norm=0.8366, H_maxp=0.2037, pi_ent_norm=0.9929, pi_std=0.007434, effC=27.35, Lvar=0.000000, Lvar_active=0.0000, scale/adh_std=1
Epoch [10/100], Average Loss: 0.350117
  Diagnostics: H_ent_norm=0.7135, H_maxp=0.3474, pi_ent_norm=0.9326, pi_std=0.025811, effC=22.63, Lvar=0.000000, Lvar_active=0.0000, scale/adh_std=1
Epoch [20/100], Average Loss: 0.278511
  Diagnostics: H_ent_norm=0.6288, H_maxp=0.4348, pi_ent_norm=0.8772, pi_std=0.037285, effC=19.23, Lvar=0.000000, Lvar_active=0.0000, scale/adh_std=1
Epoch [30/100], Average Loss: 0.255047
  Diagnostics: H_ent_norm=0.6323, H_maxp=0.4350, pi_ent_norm=0.8702, pi_std=0.039976, effC=18.84, Lvar=0.000000, Lvar_active=0.0000, scale/adh_std=1
Epoch [40/100], Average Loss: 0.229504
  Diagnostics: H_ent_norm=0.6235, H_maxp=0.4475, pi_ent_norm=0.8509, pi_std=0.044701, effC=17.86, Lvar=0.000000, Lvar_active=0.0000, scale/adh_std=1
Epoch [50/100], Average Loss: 0.215271
  Diagnostics: H_ent_norm=0.6201, H_maxp=0.4548, pi_ent_norm=0.8402, pi_std=0.046973, effC=17.33, Lvar=0.000000, Lvar_active=0.0000, scale/adh_std=1
Epoch [60/100], Average Loss: 0.201913
  Diagnostics: H_ent_norm=0.6110, H_maxp=0.4662, pi_ent_norm=0.8275, pi_std=0.049409, effC=16.73, Lvar=0.000000, Lvar_active=0.0000, scale/adh_std=1
Epoch [70/100], Average Loss: 0.191259
  Diagnostics: H_ent_norm=0.6125, H_maxp=0.4668, pi_ent_norm=0.8257, pi_std=0.049942, effC=16.62, Lvar=0.000000, Lvar_active=0.0000, scale/adh_std=1
Epoch [80/100], Average Loss: 0.182821
  Diagnostics: H_ent_norm=0.6063, H_maxp=0.4734, pi_ent_norm=0.8174, pi_std=0.051489, effC=16.26, Lvar=0.000000, Lvar_active=0.0000, scale/adh_std=1
Epoch [90/100], Average Loss: 0.174626
  Diagnostics: H_ent_norm=0.6028, H_maxp=0.4769, pi_ent_norm=0.8119, pi_std=0.052485, effC=16.02, Lvar=0.000000, Lvar_active=0.0000, scale/adh_std=1
Epoch [100/100], Average Loss: 0.167302
  Diagnostics: H_ent_norm=0.6004, H_maxp=0.4783, pi_ent_norm=0.8098, pi_std=0.052921, effC=15.92, Lvar=0.000000, Lvar_active=0.0000, scale/adh_std=1
训练完成！实际训练 100 个epochs

--- 评估阶段 ---
  Facebook: AUROC=0.5991, AUPRC=0.0535
  cora: AUROC=0.8189, AUPRC=0.4135
  citeseer: AUROC=0.9029, AUPRC=0.4696
  ACM: AUROC=0.7946, AUPRC=0.3690
  BlogCatalog: AUROC=0.7362, AUPRC=0.3380
  weibo: AUROC=0.7297, AUPRC=0.3117
  Reddit: AUROC=0.5889, AUPRC=0.0464
  Amazon: AUROC=0.7350, AUPRC=0.1383

--- 保存模型 ---
检查点已保存到: /autodl-fs/data/recap/tuning_hyperparams/sensitivity_results/sensitivity_default_v2/checkpoints/beta__0/recap/trial_0/model.pt
模型已保存到: /autodl-fs/data/recap/tuning_hyperparams/sensitivity_results/sensitivity_default_v2/checkpoints/beta__0/recap/trial_0/model.pt

======================================================================
Trial 1 开始训练 (seed=1)
======================================================================
🔧 模型初始化视图数: 1 (单视图模式)

--- 训练阶段 ---
开始训练，共 100 个epochs...
关闭early stopping，训练将跑满设定epochs
🔧 Assignment layer LR multiplier: 10 (base_lr=5e-05, assignment_lr=0.0005)
Epoch [1/100], Average Loss: 0.527511
  Diagnostics: H_ent_norm=0.8348, H_maxp=0.2012, pi_ent_norm=0.9962, pi_std=0.005377, effC=27.65, Lvar=0.000001, Lvar_active=0.0002, scale/adh_std=1
Epoch [10/100], Average Loss: 0.351632
  Diagnostics: H_ent_norm=0.7251, H_maxp=0.3257, pi_ent_norm=0.9584, pi_std=0.018340, effC=24.48, Lvar=0.000001, Lvar_active=0.0002, scale/adh_std=1
Epoch [20/100], Average Loss: 0.302249
  Diagnostics: H_ent_norm=0.6803, H_maxp=0.3753, pi_ent_norm=0.9370, pi_std=0.023077, effC=22.92, Lvar=0.000002, Lvar_active=0.0002, scale/adh_std=1
Epoch [30/100], Average Loss: 0.273289
  Diagnostics: H_ent_norm=0.6575, H_maxp=0.4012, pi_ent_norm=0.9219, pi_std=0.026779, effC=21.89, Lvar=0.000002, Lvar_active=0.0002, scale/adh_std=1
Epoch [40/100], Average Loss: 0.251256
  Diagnostics: H_ent_norm=0.6434, H_maxp=0.4181, pi_ent_norm=0.9053, pi_std=0.031565, effC=20.83, Lvar=0.000002, Lvar_active=0.0002, scale/adh_std=1
Epoch [50/100], Average Loss: 0.236891
  Diagnostics: H_ent_norm=0.6338, H_maxp=0.4302, pi_ent_norm=0.8943, pi_std=0.034613, effC=20.15, Lvar=0.000002, Lvar_active=0.0002, scale/adh_std=1
Epoch [60/100], Average Loss: 0.222235
  Diagnostics: H_ent_norm=0.6261, H_maxp=0.4398, pi_ent_norm=0.8799, pi_std=0.038569, effC=19.34, Lvar=0.000002, Lvar_active=0.0002, scale/adh_std=1
Epoch [70/100], Average Loss: 0.209833
  Diagnostics: H_ent_norm=0.6220, H_maxp=0.4458, pi_ent_norm=0.8701, pi_std=0.041296, effC=18.79, Lvar=0.000002, Lvar_active=0.0002, scale/adh_std=1
Epoch [80/100], Average Loss: 0.198096
  Diagnostics: H_ent_norm=0.6194, H_maxp=0.4496, pi_ent_norm=0.8619, pi_std=0.043588, effC=18.34, Lvar=0.000002, Lvar_active=0.0002, scale/adh_std=1
Epoch [90/100], Average Loss: 0.187901
  Diagnostics: H_ent_norm=0.6142, H_maxp=0.4560, pi_ent_norm=0.8516, pi_std=0.046132, effC=17.79, Lvar=0.000002, Lvar_active=0.0002, scale/adh_std=1
Epoch [100/100], Average Loss: 0.176871
  Diagnostics: H_ent_norm=0.6086, H_maxp=0.4623, pi_ent_norm=0.8438, pi_std=0.047873, effC=17.39, Lvar=0.000002, Lvar_active=0.0002, scale/adh_std=1
训练完成！实际训练 100 个epochs

--- 评估阶段 ---
  Facebook: AUROC=0.6009, AUPRC=0.0520
  cora: AUROC=0.8236, AUPRC=0.4191
  citeseer: AUROC=0.8986, AUPRC=0.4619
  ACM: AUROC=0.7882, AUPRC=0.3719
  BlogCatalog: AUROC=0.7210, AUPRC=0.3356
  weibo: AUROC=0.7226, AUPRC=0.3081
  Reddit: AUROC=0.5931, AUPRC=0.0470
  Amazon: AUROC=0.7021, AUPRC=0.1218

--- 保存模型 ---
检查点已保存到: /autodl-fs/data/recap/tuning_hyperparams/sensitivity_results/sensitivity_default_v2/checkpoints/beta__0/recap/trial_1/model.pt
模型已保存到: /autodl-fs/data/recap/tuning_hyperparams/sensitivity_results/sensitivity_default_v2/checkpoints/beta__0/recap/trial_1/model.pt

======================================================================
Trial 2 开始训练 (seed=2)
======================================================================
🔧 模型初始化视图数: 1 (单视图模式)

--- 训练阶段 ---
开始训练，共 100 个epochs...
关闭early stopping，训练将跑满设定epochs
🔧 Assignment layer LR multiplier: 10 (base_lr=5e-05, assignment_lr=0.0005)
Epoch [1/100], Average Loss: 0.518017
  Diagnostics: H_ent_norm=0.8425, H_maxp=0.1982, pi_ent_norm=0.9932, pi_std=0.007192, effC=27.38, Lvar=0.000000, Lvar_active=0.0000, scale/adh_std=1
Epoch [10/100], Average Loss: 0.346720
  Diagnostics: H_ent_norm=0.7261, H_maxp=0.3316, pi_ent_norm=0.9371, pi_std=0.024448, effC=22.93, Lvar=0.000000, Lvar_active=0.0000, scale/adh_std=1
Epoch [20/100], Average Loss: 0.296521
  Diagnostics: H_ent_norm=0.6830, H_maxp=0.3786, pi_ent_norm=0.9045, pi_std=0.032273, effC=20.83, Lvar=0.000000, Lvar_active=0.0000, scale/adh_std=1
Epoch [30/100], Average Loss: 0.267615
  Diagnostics: H_ent_norm=0.6771, H_maxp=0.3867, pi_ent_norm=0.8960, pi_std=0.035122, effC=20.31, Lvar=0.000000, Lvar_active=0.0000, scale/adh_std=1
Epoch [40/100], Average Loss: 0.249157
  Diagnostics: H_ent_norm=0.6758, H_maxp=0.3896, pi_ent_norm=0.8911, pi_std=0.036887, effC=20.01, Lvar=0.000000, Lvar_active=0.0000, scale/adh_std=1
Epoch [50/100], Average Loss: 0.235216
  Diagnostics: H_ent_norm=0.6695, H_maxp=0.3978, pi_ent_norm=0.8820, pi_std=0.039141, effC=19.49, Lvar=0.000000, Lvar_active=0.0000, scale/adh_std=1
Epoch [60/100], Average Loss: 0.225413
  Diagnostics: H_ent_norm=0.6609, H_maxp=0.4079, pi_ent_norm=0.8725, pi_std=0.041308, effC=18.96, Lvar=0.000000, Lvar_active=0.0000, scale/adh_std=1
Epoch [70/100], Average Loss: 0.216040
  Diagnostics: H_ent_norm=0.6490, H_maxp=0.4213, pi_ent_norm=0.8609, pi_std=0.043760, effC=18.34, Lvar=0.000000, Lvar_active=0.0000, scale/adh_std=1
Epoch [80/100], Average Loss: 0.204008
  Diagnostics: H_ent_norm=0.6341, H_maxp=0.4373, pi_ent_norm=0.8461, pi_std=0.046865, effC=17.59, Lvar=0.000000, Lvar_active=0.0000, scale/adh_std=1
Epoch [90/100], Average Loss: 0.196118
  Diagnostics: H_ent_norm=0.6286, H_maxp=0.4432, pi_ent_norm=0.8409, pi_std=0.048106, effC=17.31, Lvar=0.000000, Lvar_active=0.0000, scale/adh_std=1
Epoch [100/100], Average Loss: 0.184551
  Diagnostics: H_ent_norm=0.6233, H_maxp=0.4500, pi_ent_norm=0.8331, pi_std=0.049905, effC=16.91, Lvar=0.000000, Lvar_active=0.0000, scale/adh_std=1
训练完成！实际训练 100 个epochs

--- 评估阶段 ---
  Facebook: AUROC=0.5759, AUPRC=0.0357
  cora: AUROC=0.8208, AUPRC=0.4027
  citeseer: AUROC=0.9055, AUPRC=0.4385
  ACM: AUROC=0.7930, AUPRC=0.3745
  BlogCatalog: AUROC=0.7316, AUPRC=0.3394
  weibo: AUROC=0.7121, AUPRC=0.3075
  Reddit: AUROC=0.5895, AUPRC=0.0458
  Amazon: AUROC=0.7219, AUPRC=0.1287

--- 保存模型 ---
检查点已保存到: /autodl-fs/data/recap/tuning_hyperparams/sensitivity_results/sensitivity_default_v2/checkpoints/beta__0/recap/trial_2/model.pt
模型已保存到: /autodl-fs/data/recap/tuning_hyperparams/sensitivity_results/sensitivity_default_v2/checkpoints/beta__0/recap/trial_2/model.pt

======================================================================
聚合 3 次试验的结果
======================================================================

------------------------- Facebook -------------------------
AUROC: 0.5920 ± 0.0114
AUPRC: 0.0471 ± 0.0081

------------------------- cora -------------------------
AUROC: 0.8211 ± 0.0019
AUPRC: 0.4118 ± 0.0068

------------------------- citeseer -------------------------
AUROC: 0.9023 ± 0.0028
AUPRC: 0.4566 ± 0.0132

------------------------- ACM -------------------------
AUROC: 0.7919 ± 0.0027
AUPRC: 0.3718 ± 0.0022

------------------------- BlogCatalog -------------------------
AUROC: 0.7296 ± 0.0063
AUPRC: 0.3377 ± 0.0015

------------------------- weibo -------------------------
AUROC: 0.7215 ± 0.0072
AUPRC: 0.3091 ± 0.0018

------------------------- Reddit -------------------------
AUROC: 0.5905 ± 0.0018
AUPRC: 0.0464 ± 0.0005

------------------------- Amazon -------------------------
AUROC: 0.7197 ± 0.0135
AUPRC: 0.1296 ± 0.0068


======================================================================
训练完成！
所有模型已保存到: /autodl-fs/data/recap/tuning_hyperparams/sensitivity_results/sensitivity_default_v2/checkpoints/beta__0/recap/
======================================================================

