/root/miniconda3/lib/python3.12/site-packages/torch_geometric/__init__.py:4: UserWarning: An issue occurred while importing 'torch-scatter'. Disabling its usage. Stacktrace: Could not load this library: /root/miniconda3/lib/python3.12/site-packages/torch_scatter/_version_cuda.so
  import torch_geometric.typing
/root/miniconda3/lib/python3.12/site-packages/torch_geometric/__init__.py:4: UserWarning: An issue occurred while importing 'torch-cluster'. Disabling its usage. Stacktrace: Could not load this library: /root/miniconda3/lib/python3.12/site-packages/torch_cluster/_version_cuda.so
  import torch_geometric.typing
/root/miniconda3/lib/python3.12/site-packages/torch_geometric/__init__.py:4: UserWarning: An issue occurred while importing 'torch-spline-conv'. Disabling its usage. Stacktrace: Could not load this library: /root/miniconda3/lib/python3.12/site-packages/torch_spline_conv/_version_cuda.so
  import torch_geometric.typing
/root/miniconda3/lib/python3.12/site-packages/torch_geometric/__init__.py:4: UserWarning: An issue occurred while importing 'torch-sparse'. Disabling its usage. Stacktrace: Could not load this library: /root/miniconda3/lib/python3.12/site-packages/torch_sparse/_version_cuda.so
  import torch_geometric.typing
使用保存的最佳模型配置

======================================================================
recap 异常检测模型训练
======================================================================

📋 训练配置:
  device: cuda:0
  epochs: 100
  trials: 3
  seed: 0
  output_dir: /autodl-fs/data/recap/tuning_hyperparams/sensitivity_results/sensitivity_default_v2/checkpoints/beta__0p08
  save_checkpoint: True
  early_stop: False
  patience: 30
  log_diagnostics: True
  diagnostics_interval: 10

🔧 模型配置:
  model: recap
  lr: 5e-05
  dropout_rate: 0.2
  h_feats: 256
  num_hops: 4
  weight_decay: 5e-05
  dims: 32
  num_layers: 2
  activation: ELU
  num_views: 1
  num_clusters: 28
  knn_k: 20
  cluster_lr_multiplier: 10.0
  tau_s: 0.08
  tau_c: 0.3
  cluster_init_gain: 1.5
  sim_block_size: 256
  knn_cache_enabled: True
  knn_cache_dir: /autodl-fs/data/recap/knn_cache
  knn_search_dtype: auto
  lambda_H: 0.1
  lambda_bal: 0.0
  lambda_E: 0.1
  lambda_usage_entropy: 0.1
  assignment_entropy_lower: 0.45
  assignment_entropy_upper: 0.85
  usage_entropy_lower: 0.65
  usage_entropy_upper: 0.9
  gamma: 0.1
  tau_e: 1.0
  beta: 0.08
  eps: 1e-08
  lambda_ortho: 0.1
  lambda_min_usage: 0.0
  lambda_diversity: 0.1
  min_cluster_ratio: 0.1

💾 保存设置:
  保存目录：/autodl-fs/data/recap/tuning_hyperparams/sensitivity_results/sensitivity_default_v2/checkpoints/beta__0p08
  保存检查点：True
======================================================================


📊 使用指定的训练数据集: ['pubmed', 'Flickr', 'questions', 'YelpChi']

📊 使用指定的测试数据集: ['Facebook', 'cora', 'citeseer', 'ACM', 'BlogCatalog', 'weibo', 'Reddit', 'Amazon']
加载 4 个训练数据集: ['pubmed', 'Flickr', 'questions', 'YelpChi']
加载 8 个测试数据集: ['Facebook', 'cora', 'citeseer', 'ACM', 'BlogCatalog', 'weibo', 'Reddit', 'Amazon']
进行 4 跳特征传播...

======================================================================
Trial 0 开始训练 (seed=0)
======================================================================
🔧 模型初始化视图数: 1 (单视图模式)

--- 训练阶段 ---
开始训练，共 100 个epochs...
关闭early stopping，训练将跑满设定epochs
🔧 Assignment layer LR multiplier: 10 (base_lr=5e-05, assignment_lr=0.0005)
Epoch [1/100], Average Loss: 0.525310
  Diagnostics: H_ent_norm=0.8366, H_maxp=0.2037, pi_ent_norm=0.9929, pi_std=0.007434, effC=27.35, Lvar=0.000000, Lvar_active=0.0000, scale/adh_std=1
Epoch [10/100], Average Loss: 0.350117
  Diagnostics: H_ent_norm=0.7135, H_maxp=0.3474, pi_ent_norm=0.9327, pi_std=0.025811, effC=22.63, Lvar=0.000000, Lvar_active=0.0000, scale/adh_std=1
Epoch [20/100], Average Loss: 0.278507
  Diagnostics: H_ent_norm=0.6288, H_maxp=0.4348, pi_ent_norm=0.8772, pi_std=0.037285, effC=19.23, Lvar=0.000000, Lvar_active=0.0000, scale/adh_std=1
Epoch [30/100], Average Loss: 0.255043
  Diagnostics: H_ent_norm=0.6323, H_maxp=0.4350, pi_ent_norm=0.8702, pi_std=0.039973, effC=18.85, Lvar=0.000000, Lvar_active=0.0000, scale/adh_std=1
Epoch [40/100], Average Loss: 0.230373
  Diagnostics: H_ent_norm=0.6217, H_maxp=0.4492, pi_ent_norm=0.8489, pi_std=0.045061, effC=17.77, Lvar=0.000000, Lvar_active=0.0000, scale/adh_std=1
Epoch [50/100], Average Loss: 0.215494
  Diagnostics: H_ent_norm=0.6205, H_maxp=0.4544, pi_ent_norm=0.8413, pi_std=0.046773, effC=17.38, Lvar=0.000000, Lvar_active=0.0000, scale/adh_std=1
Epoch [60/100], Average Loss: 0.201547
  Diagnostics: H_ent_norm=0.6161, H_maxp=0.4615, pi_ent_norm=0.8309, pi_std=0.048795, effC=16.89, Lvar=0.000000, Lvar_active=0.0000, scale/adh_std=1
Epoch [70/100], Average Loss: 0.191168
  Diagnostics: H_ent_norm=0.6113, H_maxp=0.4680, pi_ent_norm=0.8231, pi_std=0.050357, effC=16.52, Lvar=0.000000, Lvar_active=0.0000, scale/adh_std=1
Epoch [80/100], Average Loss: 0.182263
  Diagnostics: H_ent_norm=0.6100, H_maxp=0.4702, pi_ent_norm=0.8192, pi_std=0.051173, effC=16.33, Lvar=0.000000, Lvar_active=0.0000, scale/adh_std=1
Epoch [90/100], Average Loss: 0.175093
  Diagnostics: H_ent_norm=0.6036, H_maxp=0.4758, pi_ent_norm=0.8125, pi_std=0.052326, effC=16.05, Lvar=0.000000, Lvar_active=0.0000, scale/adh_std=1
Epoch [100/100], Average Loss: 0.167025
  Diagnostics: H_ent_norm=0.6047, H_maxp=0.4752, pi_ent_norm=0.8125, pi_std=0.052424, effC=16.04, Lvar=0.000000, Lvar_active=0.0000, scale/adh_std=1
训练完成！实际训练 100 个epochs

--- 评估阶段 ---
  Facebook: AUROC=0.5893, AUPRC=0.0524
  cora: AUROC=0.8183, AUPRC=0.4142
  citeseer: AUROC=0.9071, AUPRC=0.4788
  ACM: AUROC=0.7692, AUPRC=0.3513
  BlogCatalog: AUROC=0.7309, AUPRC=0.3238
  weibo: AUROC=0.7758, AUPRC=0.3058
  Reddit: AUROC=0.5843, AUPRC=0.0456
  Amazon: AUROC=0.7211, AUPRC=0.1305

--- 保存模型 ---
检查点已保存到: /autodl-fs/data/recap/tuning_hyperparams/sensitivity_results/sensitivity_default_v2/checkpoints/beta__0p08/recap/trial_0/model.pt
模型已保存到: /autodl-fs/data/recap/tuning_hyperparams/sensitivity_results/sensitivity_default_v2/checkpoints/beta__0p08/recap/trial_0/model.pt

======================================================================
Trial 1 开始训练 (seed=1)
======================================================================
🔧 模型初始化视图数: 1 (单视图模式)

--- 训练阶段 ---
开始训练，共 100 个epochs...
关闭early stopping，训练将跑满设定epochs
🔧 Assignment layer LR multiplier: 10 (base_lr=5e-05, assignment_lr=0.0005)
Epoch [1/100], Average Loss: 0.527511
  Diagnostics: H_ent_norm=0.8348, H_maxp=0.2012, pi_ent_norm=0.9962, pi_std=0.005377, effC=27.65, Lvar=0.000001, Lvar_active=0.0002, scale/adh_std=1
Epoch [10/100], Average Loss: 0.351627
  Diagnostics: H_ent_norm=0.7251, H_maxp=0.3257, pi_ent_norm=0.9584, pi_std=0.018335, effC=24.48, Lvar=0.000001, Lvar_active=0.0002, scale/adh_std=1
Epoch [20/100], Average Loss: 0.302253
  Diagnostics: H_ent_norm=0.6796, H_maxp=0.3760, pi_ent_norm=0.9366, pi_std=0.023174, effC=22.89, Lvar=0.000002, Lvar_active=0.0002, scale/adh_std=1
Epoch [30/100], Average Loss: 0.273646
  Diagnostics: H_ent_norm=0.6584, H_maxp=0.4002, pi_ent_norm=0.9225, pi_std=0.026643, effC=21.93, Lvar=0.000002, Lvar_active=0.0002, scale/adh_std=1
Epoch [40/100], Average Loss: 0.252089
  Diagnostics: H_ent_norm=0.6429, H_maxp=0.4187, pi_ent_norm=0.9063, pi_std=0.031156, effC=20.88, Lvar=0.000002, Lvar_active=0.0002, scale/adh_std=1
Epoch [50/100], Average Loss: 0.237431
  Diagnostics: H_ent_norm=0.6311, H_maxp=0.4327, pi_ent_norm=0.8934, pi_std=0.034700, effC=20.10, Lvar=0.000002, Lvar_active=0.0002, scale/adh_std=1
Epoch [60/100], Average Loss: 0.223819
  Diagnostics: H_ent_norm=0.6275, H_maxp=0.4387, pi_ent_norm=0.8828, pi_std=0.037963, effC=19.48, Lvar=0.000002, Lvar_active=0.0002, scale/adh_std=1
Epoch [70/100], Average Loss: 0.211697
  Diagnostics: H_ent_norm=0.6228, H_maxp=0.4451, pi_ent_norm=0.8718, pi_std=0.040928, effC=18.88, Lvar=0.000002, Lvar_active=0.0002, scale/adh_std=1
Epoch [80/100], Average Loss: 0.199142
  Diagnostics: H_ent_norm=0.6177, H_maxp=0.4520, pi_ent_norm=0.8615, pi_std=0.043667, effC=18.31, Lvar=0.000002, Lvar_active=0.0002, scale/adh_std=1
Epoch [90/100], Average Loss: 0.187590
  Diagnostics: H_ent_norm=0.6120, H_maxp=0.4585, pi_ent_norm=0.8506, pi_std=0.046282, effC=17.74, Lvar=0.000002, Lvar_active=0.0002, scale/adh_std=1
Epoch [100/100], Average Loss: 0.177407
  Diagnostics: H_ent_norm=0.6073, H_maxp=0.4637, pi_ent_norm=0.8437, pi_std=0.047913, effC=17.37, Lvar=0.000002, Lvar_active=0.0002, scale/adh_std=1
训练完成！实际训练 100 个epochs

--- 评估阶段 ---
  Facebook: AUROC=0.5957, AUPRC=0.0492
  cora: AUROC=0.8236, AUPRC=0.4236
  citeseer: AUROC=0.8991, AUPRC=0.4620
  ACM: AUROC=0.7527, AUPRC=0.3509
  BlogCatalog: AUROC=0.7268, AUPRC=0.3141
  weibo: AUROC=0.7481, AUPRC=0.3033
  Reddit: AUROC=0.5877, AUPRC=0.0456
  Amazon: AUROC=0.6855, AUPRC=0.1161

--- 保存模型 ---
检查点已保存到: /autodl-fs/data/recap/tuning_hyperparams/sensitivity_results/sensitivity_default_v2/checkpoints/beta__0p08/recap/trial_1/model.pt
模型已保存到: /autodl-fs/data/recap/tuning_hyperparams/sensitivity_results/sensitivity_default_v2/checkpoints/beta__0p08/recap/trial_1/model.pt

======================================================================
Trial 2 开始训练 (seed=2)
======================================================================
🔧 模型初始化视图数: 1 (单视图模式)

--- 训练阶段 ---
开始训练，共 100 个epochs...
关闭early stopping，训练将跑满设定epochs
🔧 Assignment layer LR multiplier: 10 (base_lr=5e-05, assignment_lr=0.0005)
Epoch [1/100], Average Loss: 0.518017
  Diagnostics: H_ent_norm=0.8425, H_maxp=0.1982, pi_ent_norm=0.9932, pi_std=0.007192, effC=27.38, Lvar=0.000000, Lvar_active=0.0000, scale/adh_std=1
Epoch [10/100], Average Loss: 0.346721
  Diagnostics: H_ent_norm=0.7261, H_maxp=0.3316, pi_ent_norm=0.9371, pi_std=0.024448, effC=22.93, Lvar=0.000000, Lvar_active=0.0000, scale/adh_std=1
Epoch [20/100], Average Loss: 0.296521
  Diagnostics: H_ent_norm=0.6829, H_maxp=0.3788, pi_ent_norm=0.9044, pi_std=0.032285, effC=20.83, Lvar=0.000000, Lvar_active=0.0000, scale/adh_std=1
Epoch [30/100], Average Loss: 0.267795
  Diagnostics: H_ent_norm=0.6764, H_maxp=0.3875, pi_ent_norm=0.8954, pi_std=0.035298, effC=20.27, Lvar=0.000000, Lvar_active=0.0000, scale/adh_std=1
Epoch [40/100], Average Loss: 0.248842
  Diagnostics: H_ent_norm=0.6736, H_maxp=0.3917, pi_ent_norm=0.8900, pi_std=0.037067, effC=19.94, Lvar=0.000000, Lvar_active=0.0000, scale/adh_std=1
Epoch [50/100], Average Loss: 0.235447
  Diagnostics: H_ent_norm=0.6631, H_maxp=0.4048, pi_ent_norm=0.8752, pi_std=0.040639, effC=19.11, Lvar=0.000000, Lvar_active=0.0000, scale/adh_std=1
Epoch [60/100], Average Loss: 0.221881
  Diagnostics: H_ent_norm=0.6417, H_maxp=0.4284, pi_ent_norm=0.8543, pi_std=0.044931, effC=18.02, Lvar=0.000000, Lvar_active=0.0000, scale/adh_std=1
Epoch [70/100], Average Loss: 0.212488
  Diagnostics: H_ent_norm=0.6286, H_maxp=0.4432, pi_ent_norm=0.8406, pi_std=0.047919, effC=17.32, Lvar=0.000000, Lvar_active=0.0000, scale/adh_std=1
Epoch [80/100], Average Loss: 0.198535
  Diagnostics: H_ent_norm=0.6196, H_maxp=0.4545, pi_ent_norm=0.8267, pi_std=0.051017, effC=16.65, Lvar=0.000000, Lvar_active=0.0000, scale/adh_std=1
Epoch [90/100], Average Loss: 0.187106
  Diagnostics: H_ent_norm=0.6099, H_maxp=0.4655, pi_ent_norm=0.8139, pi_std=0.054118, effC=16.03, Lvar=0.000000, Lvar_active=0.0000, scale/adh_std=1
Epoch [100/100], Average Loss: 0.175970
  Diagnostics: H_ent_norm=0.5985, H_maxp=0.4781, pi_ent_norm=0.8016, pi_std=0.057349, effC=15.42, Lvar=0.000000, Lvar_active=0.0000, scale/adh_std=1
训练完成！实际训练 100 个epochs

--- 评估阶段 ---
  Facebook: AUROC=0.5734, AUPRC=0.0338
  cora: AUROC=0.8160, AUPRC=0.3990
  citeseer: AUROC=0.9055, AUPRC=0.4421
  ACM: AUROC=0.7649, AUPRC=0.3589
  BlogCatalog: AUROC=0.7398, AUPRC=0.3174
  weibo: AUROC=0.7560, AUPRC=0.3073
  Reddit: AUROC=0.5928, AUPRC=0.0460
  Amazon: AUROC=0.6990, AUPRC=0.1189

--- 保存模型 ---
检查点已保存到: /autodl-fs/data/recap/tuning_hyperparams/sensitivity_results/sensitivity_default_v2/checkpoints/beta__0p08/recap/trial_2/model.pt
模型已保存到: /autodl-fs/data/recap/tuning_hyperparams/sensitivity_results/sensitivity_default_v2/checkpoints/beta__0p08/recap/trial_2/model.pt

======================================================================
聚合 3 次试验的结果
======================================================================

------------------------- Facebook -------------------------
AUROC: 0.5861 ± 0.0094
AUPRC: 0.0451 ± 0.0081

------------------------- cora -------------------------
AUROC: 0.8193 ± 0.0032
AUPRC: 0.4122 ± 0.0101

------------------------- citeseer -------------------------
AUROC: 0.9039 ± 0.0035
AUPRC: 0.4609 ± 0.0150

------------------------- ACM -------------------------
AUROC: 0.7623 ± 0.0070
AUPRC: 0.3537 ± 0.0037

------------------------- BlogCatalog -------------------------
AUROC: 0.7325 ± 0.0054
AUPRC: 0.3184 ± 0.0040

------------------------- weibo -------------------------
AUROC: 0.7599 ± 0.0116
AUPRC: 0.3055 ± 0.0016

------------------------- Reddit -------------------------
AUROC: 0.5883 ± 0.0035
AUPRC: 0.0457 ± 0.0002

------------------------- Amazon -------------------------
AUROC: 0.7019 ± 0.0147
AUPRC: 0.1218 ± 0.0063


======================================================================
训练完成！
所有模型已保存到: /autodl-fs/data/recap/tuning_hyperparams/sensitivity_results/sensitivity_default_v2/checkpoints/beta__0p08/recap/
======================================================================

