/root/miniconda3/lib/python3.12/site-packages/torch_geometric/__init__.py:4: UserWarning: An issue occurred while importing 'torch-scatter'. Disabling its usage. Stacktrace: Could not load this library: /root/miniconda3/lib/python3.12/site-packages/torch_scatter/_version_cuda.so
  import torch_geometric.typing
/root/miniconda3/lib/python3.12/site-packages/torch_geometric/__init__.py:4: UserWarning: An issue occurred while importing 'torch-cluster'. Disabling its usage. Stacktrace: Could not load this library: /root/miniconda3/lib/python3.12/site-packages/torch_cluster/_version_cuda.so
  import torch_geometric.typing
/root/miniconda3/lib/python3.12/site-packages/torch_geometric/__init__.py:4: UserWarning: An issue occurred while importing 'torch-spline-conv'. Disabling its usage. Stacktrace: Could not load this library: /root/miniconda3/lib/python3.12/site-packages/torch_spline_conv/_version_cuda.so
  import torch_geometric.typing
/root/miniconda3/lib/python3.12/site-packages/torch_geometric/__init__.py:4: UserWarning: An issue occurred while importing 'torch-sparse'. Disabling its usage. Stacktrace: Could not load this library: /root/miniconda3/lib/python3.12/site-packages/torch_sparse/_version_cuda.so
  import torch_geometric.typing
使用保存的最佳模型配置

======================================================================
recap 异常检测模型训练
======================================================================

📋 训练配置:
  device: cuda:0
  epochs: 100
  trials: 3
  seed: 0
  output_dir: /autodl-fs/data/recap/tuning_hyperparams/sensitivity_results/sensitivity_default_v2/checkpoints/cluster_init_gain__3p0
  save_checkpoint: True
  early_stop: False
  patience: 30
  log_diagnostics: True
  diagnostics_interval: 10

🔧 模型配置:
  model: recap
  lr: 5e-05
  dropout_rate: 0.2
  h_feats: 256
  num_hops: 4
  weight_decay: 5e-05
  dims: 32
  num_layers: 2
  activation: ELU
  num_views: 1
  num_clusters: 28
  knn_k: 20
  cluster_lr_multiplier: 10.0
  tau_s: 0.08
  tau_c: 0.3
  cluster_init_gain: 3.0
  sim_block_size: 256
  knn_cache_enabled: True
  knn_cache_dir: /autodl-fs/data/recap/knn_cache
  knn_search_dtype: auto
  lambda_H: 0.1
  lambda_bal: 0.0
  lambda_E: 0.1
  lambda_usage_entropy: 0.1
  assignment_entropy_lower: 0.45
  assignment_entropy_upper: 0.85
  usage_entropy_lower: 0.65
  usage_entropy_upper: 0.9
  gamma: 0.1
  tau_e: 1.0
  beta: 0.02
  eps: 1e-08
  lambda_ortho: 0.1
  lambda_min_usage: 0.0
  lambda_diversity: 0.1
  min_cluster_ratio: 0.1

💾 保存设置:
  保存目录：/autodl-fs/data/recap/tuning_hyperparams/sensitivity_results/sensitivity_default_v2/checkpoints/cluster_init_gain__3p0
  保存检查点：True
======================================================================


📊 使用指定的训练数据集: ['pubmed', 'Flickr', 'questions', 'YelpChi']

📊 使用指定的测试数据集: ['Facebook', 'cora', 'citeseer', 'ACM', 'BlogCatalog', 'weibo', 'Reddit', 'Amazon']
加载 4 个训练数据集: ['pubmed', 'Flickr', 'questions', 'YelpChi']
加载 8 个测试数据集: ['Facebook', 'cora', 'citeseer', 'ACM', 'BlogCatalog', 'weibo', 'Reddit', 'Amazon']
进行 4 跳特征传播...

======================================================================
Trial 0 开始训练 (seed=0)
======================================================================
🔧 模型初始化视图数: 1 (单视图模式)

--- 训练阶段 ---
开始训练，共 100 个epochs...
关闭early stopping，训练将跑满设定epochs
🔧 Assignment layer LR multiplier: 10 (base_lr=5e-05, assignment_lr=0.0005)
Epoch [1/100], Average Loss: 0.647443
  Diagnostics: H_ent_norm=0.6492, H_maxp=0.3664, pi_ent_norm=0.9780, pi_std=0.013333, effC=26.05, Lvar=0.000000, Lvar_active=0.0000, scale/adh_std=1
Epoch [10/100], Average Loss: 0.462819
  Diagnostics: H_ent_norm=0.5043, H_maxp=0.5276, pi_ent_norm=0.8704, pi_std=0.037569, effC=18.71, Lvar=0.000000, Lvar_active=0.0000, scale/adh_std=1
Epoch [20/100], Average Loss: 0.380657
  Diagnostics: H_ent_norm=0.4324, H_maxp=0.6108, pi_ent_norm=0.7724, pi_std=0.054627, effC=14.24, Lvar=0.000000, Lvar_active=0.0000, scale/adh_std=1
Epoch [30/100], Average Loss: 0.342398
  Diagnostics: H_ent_norm=0.4004, H_maxp=0.6509, pi_ent_norm=0.7175, pi_std=0.063687, effC=12.17, Lvar=0.000000, Lvar_active=0.0000, scale/adh_std=1
Epoch [40/100], Average Loss: 0.314501
  Diagnostics: H_ent_norm=0.3682, H_maxp=0.6911, pi_ent_norm=0.6740, pi_std=0.072701, effC=10.26, Lvar=0.000000, Lvar_active=0.0000, scale/adh_std=1
Epoch [50/100], Average Loss: 0.283877
  Diagnostics: H_ent_norm=0.3192, H_maxp=0.7406, pi_ent_norm=0.6186, pi_std=0.084595, effC=8.13, Lvar=0.000000, Lvar_active=0.0000, scale/adh_std=1
Epoch [60/100], Average Loss: 0.258570
  Diagnostics: H_ent_norm=0.3109, H_maxp=0.7490, pi_ent_norm=0.5972, pi_std=0.090905, effC=7.51, Lvar=0.000000, Lvar_active=0.0000, scale/adh_std=1
Epoch [70/100], Average Loss: 0.234893
  Diagnostics: H_ent_norm=0.3354, H_maxp=0.7299, pi_ent_norm=0.6005, pi_std=0.093036, effC=7.57, Lvar=0.000000, Lvar_active=0.0000, scale/adh_std=1
Epoch [80/100], Average Loss: 0.214666
  Diagnostics: H_ent_norm=0.3593, H_maxp=0.7103, pi_ent_norm=0.6078, pi_std=0.093503, effC=7.75, Lvar=0.000000, Lvar_active=0.0000, scale/adh_std=1
Epoch [90/100], Average Loss: 0.195077
  Diagnostics: H_ent_norm=0.3990, H_maxp=0.6747, pi_ent_norm=0.6337, pi_std=0.091450, effC=8.44, Lvar=0.000000, Lvar_active=0.0000, scale/adh_std=1
Epoch [100/100], Average Loss: 0.176637
  Diagnostics: H_ent_norm=0.4585, H_maxp=0.6147, pi_ent_norm=0.6739, pi_std=0.088519, effC=9.70, Lvar=0.000000, Lvar_active=0.0000, scale/adh_std=1
训练完成！实际训练 100 个epochs

--- 评估阶段 ---
  Facebook: AUROC=0.5884, AUPRC=0.0383
  cora: AUROC=0.8174, AUPRC=0.3952
  citeseer: AUROC=0.9051, AUPRC=0.4289
  ACM: AUROC=0.7881, AUPRC=0.3688
  BlogCatalog: AUROC=0.7406, AUPRC=0.3268
  weibo: AUROC=0.7456, AUPRC=0.3156
  Reddit: AUROC=0.5876, AUPRC=0.0474
  Amazon: AUROC=0.7523, AUPRC=0.1442

--- 保存模型 ---
检查点已保存到: /autodl-fs/data/recap/tuning_hyperparams/sensitivity_results/sensitivity_default_v2/checkpoints/cluster_init_gain__3p0/recap/trial_0/model.pt
模型已保存到: /autodl-fs/data/recap/tuning_hyperparams/sensitivity_results/sensitivity_default_v2/checkpoints/cluster_init_gain__3p0/recap/trial_0/model.pt

======================================================================
Trial 1 开始训练 (seed=1)
======================================================================
🔧 模型初始化视图数: 1 (单视图模式)

--- 训练阶段 ---
开始训练，共 100 个epochs...
关闭early stopping，训练将跑满设定epochs
🔧 Assignment layer LR multiplier: 10 (base_lr=5e-05, assignment_lr=0.0005)
Epoch [1/100], Average Loss: 0.652516
  Diagnostics: H_ent_norm=0.6506, H_maxp=0.3607, pi_ent_norm=0.9879, pi_std=0.009684, effC=26.90, Lvar=0.000001, Lvar_active=0.0002, scale/adh_std=1
Epoch [10/100], Average Loss: 0.487493
  Diagnostics: H_ent_norm=0.5439, H_maxp=0.4779, pi_ent_norm=0.9254, pi_std=0.024485, effC=22.10, Lvar=0.000001, Lvar_active=0.0002, scale/adh_std=1
Epoch [20/100], Average Loss: 0.414106
  Diagnostics: H_ent_norm=0.4909, H_maxp=0.5377, pi_ent_norm=0.8731, pi_std=0.033564, effC=19.00, Lvar=0.000001, Lvar_active=0.0002, scale/adh_std=1
Epoch [30/100], Average Loss: 0.376458
  Diagnostics: H_ent_norm=0.4758, H_maxp=0.5588, pi_ent_norm=0.8452, pi_std=0.039257, effC=17.60, Lvar=0.000002, Lvar_active=0.0002, scale/adh_std=1
Epoch [40/100], Average Loss: 0.344146
  Diagnostics: H_ent_norm=0.4778, H_maxp=0.5620, pi_ent_norm=0.8282, pi_std=0.044029, effC=16.81, Lvar=0.000002, Lvar_active=0.0002, scale/adh_std=1
Epoch [50/100], Average Loss: 0.316544
  Diagnostics: H_ent_norm=0.4891, H_maxp=0.5563, pi_ent_norm=0.8167, pi_std=0.048009, effC=16.31, Lvar=0.000002, Lvar_active=0.0002, scale/adh_std=1
Epoch [60/100], Average Loss: 0.291650
  Diagnostics: H_ent_norm=0.5061, H_maxp=0.5448, pi_ent_norm=0.8082, pi_std=0.051356, effC=15.95, Lvar=0.000003, Lvar_active=0.0002, scale/adh_std=1
Epoch [70/100], Average Loss: 0.268701
  Diagnostics: H_ent_norm=0.5241, H_maxp=0.5328, pi_ent_norm=0.8011, pi_std=0.053929, effC=15.64, Lvar=0.000003, Lvar_active=0.0002, scale/adh_std=1
Epoch [80/100], Average Loss: 0.246201
  Diagnostics: H_ent_norm=0.5433, H_maxp=0.5183, pi_ent_norm=0.7992, pi_std=0.055204, effC=15.56, Lvar=0.000003, Lvar_active=0.0002, scale/adh_std=1
Epoch [90/100], Average Loss: 0.225167
  Diagnostics: H_ent_norm=0.5588, H_maxp=0.5063, pi_ent_norm=0.7982, pi_std=0.056105, effC=15.49, Lvar=0.000003, Lvar_active=0.0002, scale/adh_std=1
Epoch [100/100], Average Loss: 0.210839
  Diagnostics: H_ent_norm=0.5601, H_maxp=0.5075, pi_ent_norm=0.7932, pi_std=0.057286, effC=15.27, Lvar=0.000003, Lvar_active=0.0002, scale/adh_std=1
训练完成！实际训练 100 个epochs

--- 评估阶段 ---
  Facebook: AUROC=0.5923, AUPRC=0.0486
  cora: AUROC=0.8180, AUPRC=0.4099
  citeseer: AUROC=0.8993, AUPRC=0.4561
  ACM: AUROC=0.7761, AUPRC=0.3694
  BlogCatalog: AUROC=0.7188, AUPRC=0.3225
  weibo: AUROC=0.7376, AUPRC=0.3010
  Reddit: AUROC=0.5953, AUPRC=0.0467
  Amazon: AUROC=0.7303, AUPRC=0.1315

--- 保存模型 ---
检查点已保存到: /autodl-fs/data/recap/tuning_hyperparams/sensitivity_results/sensitivity_default_v2/checkpoints/cluster_init_gain__3p0/recap/trial_1/model.pt
模型已保存到: /autodl-fs/data/recap/tuning_hyperparams/sensitivity_results/sensitivity_default_v2/checkpoints/cluster_init_gain__3p0/recap/trial_1/model.pt

======================================================================
Trial 2 开始训练 (seed=2)
======================================================================
🔧 模型初始化视图数: 1 (单视图模式)

--- 训练阶段 ---
开始训练，共 100 个epochs...
关闭early stopping，训练将跑满设定epochs
🔧 Assignment layer LR multiplier: 10 (base_lr=5e-05, assignment_lr=0.0005)
Epoch [1/100], Average Loss: 0.641909
  Diagnostics: H_ent_norm=0.6551, H_maxp=0.3603, pi_ent_norm=0.9801, pi_std=0.012483, effC=26.22, Lvar=0.000000, Lvar_active=0.0000, scale/adh_std=1
Epoch [10/100], Average Loss: 0.482686
  Diagnostics: H_ent_norm=0.5423, H_maxp=0.4804, pi_ent_norm=0.9114, pi_std=0.026915, effC=21.19, Lvar=0.000000, Lvar_active=0.0000, scale/adh_std=1
Epoch [20/100], Average Loss: 0.427828
  Diagnostics: H_ent_norm=0.4961, H_maxp=0.5302, pi_ent_norm=0.8768, pi_std=0.032990, effC=19.16, Lvar=0.000000, Lvar_active=0.0000, scale/adh_std=1
Epoch [30/100], Average Loss: 0.390043
  Diagnostics: H_ent_norm=0.4822, H_maxp=0.5489, pi_ent_norm=0.8548, pi_std=0.037026, effC=18.01, Lvar=0.000000, Lvar_active=0.0000, scale/adh_std=1
Epoch [40/100], Average Loss: 0.360200
  Diagnostics: H_ent_norm=0.4840, H_maxp=0.5512, pi_ent_norm=0.8465, pi_std=0.038751, effC=17.61, Lvar=0.000000, Lvar_active=0.0000, scale/adh_std=1
Epoch [50/100], Average Loss: 0.340569
  Diagnostics: H_ent_norm=0.4968, H_maxp=0.5423, pi_ent_norm=0.8472, pi_std=0.039259, effC=17.64, Lvar=0.000000, Lvar_active=0.0000, scale/adh_std=1
Epoch [60/100], Average Loss: 0.321587
  Diagnostics: H_ent_norm=0.5182, H_maxp=0.5259, pi_ent_norm=0.8523, pi_std=0.039199, effC=17.89, Lvar=0.000000, Lvar_active=0.0000, scale/adh_std=1
Epoch [70/100], Average Loss: 0.300959
  Diagnostics: H_ent_norm=0.5461, H_maxp=0.5036, pi_ent_norm=0.8590, pi_std=0.039312, effC=18.23, Lvar=0.000000, Lvar_active=0.0000, scale/adh_std=1
Epoch [80/100], Average Loss: 0.282002
  Diagnostics: H_ent_norm=0.5682, H_maxp=0.4862, pi_ent_norm=0.8615, pi_std=0.040402, effC=18.35, Lvar=0.000000, Lvar_active=0.0000, scale/adh_std=1
Epoch [90/100], Average Loss: 0.260602
  Diagnostics: H_ent_norm=0.5722, H_maxp=0.4833, pi_ent_norm=0.8539, pi_std=0.043508, effC=17.94, Lvar=0.000000, Lvar_active=0.0000, scale/adh_std=1
Epoch [100/100], Average Loss: 0.240678
  Diagnostics: H_ent_norm=0.5770, H_maxp=0.4795, pi_ent_norm=0.8489, pi_std=0.046255, effC=17.64, Lvar=0.000000, Lvar_active=0.0000, scale/adh_std=1
训练完成！实际训练 100 个epochs

--- 评估阶段 ---
  Facebook: AUROC=0.5780, AUPRC=0.0356
  cora: AUROC=0.8198, AUPRC=0.4019
  citeseer: AUROC=0.9013, AUPRC=0.4455
  ACM: AUROC=0.7861, AUPRC=0.3758
  BlogCatalog: AUROC=0.7332, AUPRC=0.3287
  weibo: AUROC=0.7842, AUPRC=0.3133
  Reddit: AUROC=0.5890, AUPRC=0.0455
  Amazon: AUROC=0.7314, AUPRC=0.1295

--- 保存模型 ---
检查点已保存到: /autodl-fs/data/recap/tuning_hyperparams/sensitivity_results/sensitivity_default_v2/checkpoints/cluster_init_gain__3p0/recap/trial_2/model.pt
模型已保存到: /autodl-fs/data/recap/tuning_hyperparams/sensitivity_results/sensitivity_default_v2/checkpoints/cluster_init_gain__3p0/recap/trial_2/model.pt

======================================================================
聚合 3 次试验的结果
======================================================================

------------------------- Facebook -------------------------
AUROC: 0.5862 ± 0.0060
AUPRC: 0.0408 ± 0.0056

------------------------- cora -------------------------
AUROC: 0.8184 ± 0.0010
AUPRC: 0.4023 ± 0.0060

------------------------- citeseer -------------------------
AUROC: 0.9019 ± 0.0024
AUPRC: 0.4435 ± 0.0112

------------------------- ACM -------------------------
AUROC: 0.7834 ± 0.0052
AUPRC: 0.3713 ± 0.0032

------------------------- BlogCatalog -------------------------
AUROC: 0.7308 ± 0.0091
AUPRC: 0.3260 ± 0.0026

------------------------- weibo -------------------------
AUROC: 0.7558 ± 0.0203
AUPRC: 0.3100 ± 0.0065

------------------------- Reddit -------------------------
AUROC: 0.5906 ± 0.0034
AUPRC: 0.0465 ± 0.0008

------------------------- Amazon -------------------------
AUROC: 0.7380 ± 0.0101
AUPRC: 0.1351 ± 0.0065


======================================================================
训练完成！
所有模型已保存到: /autodl-fs/data/recap/tuning_hyperparams/sensitivity_results/sensitivity_default_v2/checkpoints/cluster_init_gain__3p0/recap/
======================================================================

