/root/miniconda3/lib/python3.12/site-packages/torch_geometric/__init__.py:4: UserWarning: An issue occurred while importing 'torch-scatter'. Disabling its usage. Stacktrace: Could not load this library: /root/miniconda3/lib/python3.12/site-packages/torch_scatter/_version_cuda.so
  import torch_geometric.typing
/root/miniconda3/lib/python3.12/site-packages/torch_geometric/__init__.py:4: UserWarning: An issue occurred while importing 'torch-cluster'. Disabling its usage. Stacktrace: Could not load this library: /root/miniconda3/lib/python3.12/site-packages/torch_cluster/_version_cuda.so
  import torch_geometric.typing
/root/miniconda3/lib/python3.12/site-packages/torch_geometric/__init__.py:4: UserWarning: An issue occurred while importing 'torch-spline-conv'. Disabling its usage. Stacktrace: Could not load this library: /root/miniconda3/lib/python3.12/site-packages/torch_spline_conv/_version_cuda.so
  import torch_geometric.typing
/root/miniconda3/lib/python3.12/site-packages/torch_geometric/__init__.py:4: UserWarning: An issue occurred while importing 'torch-sparse'. Disabling its usage. Stacktrace: Could not load this library: /root/miniconda3/lib/python3.12/site-packages/torch_sparse/_version_cuda.so
  import torch_geometric.typing
使用保存的最佳模型配置

======================================================================
recap 异常检测模型训练
======================================================================

📋 训练配置:
  device: cuda:0
  epochs: 100
  trials: 3
  seed: 0
  output_dir: /autodl-fs/data/recap/tuning_hyperparams/sensitivity_results/sensitivity_default_v2/checkpoints/lambda_H__0p5
  save_checkpoint: True
  early_stop: False
  patience: 30
  log_diagnostics: True
  diagnostics_interval: 10

🔧 模型配置:
  model: recap
  lr: 5e-05
  dropout_rate: 0.2
  h_feats: 256
  num_hops: 4
  weight_decay: 5e-05
  dims: 32
  num_layers: 2
  activation: ELU
  num_views: 1
  num_clusters: 28
  knn_k: 20
  cluster_lr_multiplier: 10.0
  tau_s: 0.08
  tau_c: 0.3
  cluster_init_gain: 1.5
  sim_block_size: 256
  knn_cache_enabled: True
  knn_cache_dir: /autodl-fs/data/recap/knn_cache
  knn_search_dtype: auto
  lambda_H: 0.5
  lambda_bal: 0.0
  lambda_E: 0.1
  lambda_usage_entropy: 0.1
  assignment_entropy_lower: 0.45
  assignment_entropy_upper: 0.85
  usage_entropy_lower: 0.65
  usage_entropy_upper: 0.9
  gamma: 0.1
  tau_e: 1.0
  beta: 0.02
  eps: 1e-08
  lambda_ortho: 0.5
  lambda_min_usage: 0.0
  lambda_diversity: 0.1
  min_cluster_ratio: 0.1

💾 保存设置:
  保存目录：/autodl-fs/data/recap/tuning_hyperparams/sensitivity_results/sensitivity_default_v2/checkpoints/lambda_H__0p5
  保存检查点：True
======================================================================


📊 使用指定的训练数据集: ['pubmed', 'Flickr', 'questions', 'YelpChi']

📊 使用指定的测试数据集: ['Facebook', 'cora', 'citeseer', 'ACM', 'BlogCatalog', 'weibo', 'Reddit', 'Amazon']
加载 4 个训练数据集: ['pubmed', 'Flickr', 'questions', 'YelpChi']
加载 8 个测试数据集: ['Facebook', 'cora', 'citeseer', 'ACM', 'BlogCatalog', 'weibo', 'Reddit', 'Amazon']
进行 4 跳特征传播...

======================================================================
Trial 0 开始训练 (seed=0)
======================================================================
🔧 模型初始化视图数: 1 (单视图模式)

--- 训练阶段 ---
开始训练，共 100 个epochs...
关闭early stopping，训练将跑满设定epochs
🔧 Assignment layer LR multiplier: 10 (base_lr=5e-05, assignment_lr=0.0005)
Epoch [1/100], Average Loss: 0.571540
  Diagnostics: H_ent_norm=0.8359, H_maxp=0.2043, pi_ent_norm=0.9928, pi_std=0.007489, effC=27.34, Lvar=0.000000, Lvar_active=0.0000, scale/adh_std=1
Epoch [10/100], Average Loss: 0.381696
  Diagnostics: H_ent_norm=0.6929, H_maxp=0.3685, pi_ent_norm=0.9208, pi_std=0.028417, effC=21.84, Lvar=0.000000, Lvar_active=0.0000, scale/adh_std=1
Epoch [20/100], Average Loss: 0.312270
  Diagnostics: H_ent_norm=0.6390, H_maxp=0.4265, pi_ent_norm=0.8837, pi_std=0.036470, effC=19.54, Lvar=0.000000, Lvar_active=0.0000, scale/adh_std=1
Epoch [30/100], Average Loss: 0.280389
  Diagnostics: H_ent_norm=0.6219, H_maxp=0.4452, pi_ent_norm=0.8676, pi_std=0.040864, effC=18.62, Lvar=0.000000, Lvar_active=0.0000, scale/adh_std=1
Epoch [40/100], Average Loss: 0.248213
  Diagnostics: H_ent_norm=0.6008, H_maxp=0.4668, pi_ent_norm=0.8400, pi_std=0.047742, effC=17.15, Lvar=0.000000, Lvar_active=0.0000, scale/adh_std=1
Epoch [50/100], Average Loss: 0.219112
  Diagnostics: H_ent_norm=0.5854, H_maxp=0.4809, pi_ent_norm=0.8188, pi_std=0.052564, effC=15.96, Lvar=0.000000, Lvar_active=0.0000, scale/adh_std=1
Epoch [60/100], Average Loss: 0.191918
  Diagnostics: H_ent_norm=0.5800, H_maxp=0.4834, pi_ent_norm=0.8092, pi_std=0.054552, effC=15.32, Lvar=0.000000, Lvar_active=0.0000, scale/adh_std=1
Epoch [70/100], Average Loss: 0.182591
  Diagnostics: H_ent_norm=0.5693, H_maxp=0.4936, pi_ent_norm=0.7972, pi_std=0.056546, effC=14.78, Lvar=0.000000, Lvar_active=0.0000, scale/adh_std=1
Epoch [80/100], Average Loss: 0.171348
  Diagnostics: H_ent_norm=0.5688, H_maxp=0.4866, pi_ent_norm=0.7955, pi_std=0.056658, effC=14.66, Lvar=0.000000, Lvar_active=0.0000, scale/adh_std=1
Epoch [90/100], Average Loss: 0.164188
  Diagnostics: H_ent_norm=0.5606, H_maxp=0.4870, pi_ent_norm=0.7893, pi_std=0.057592, effC=14.33, Lvar=0.000000, Lvar_active=0.0000, scale/adh_std=1
Epoch [100/100], Average Loss: 0.155526
  Diagnostics: H_ent_norm=0.5711, H_maxp=0.4460, pi_ent_norm=0.7973, pi_std=0.055575, effC=14.59, Lvar=0.000000, Lvar_active=0.0000, scale/adh_std=1
训练完成！实际训练 100 个epochs

--- 评估阶段 ---
  Facebook: AUROC=0.5881, AUPRC=0.0543
  cora: AUROC=0.8222, AUPRC=0.4114
  citeseer: AUROC=0.9002, AUPRC=0.4377
  ACM: AUROC=0.7862, AUPRC=0.3680
  BlogCatalog: AUROC=0.7321, AUPRC=0.3257
  weibo: AUROC=0.7556, AUPRC=0.3191
  Reddit: AUROC=0.5857, AUPRC=0.0462
  Amazon: AUROC=0.7420, AUPRC=0.1388

--- 保存模型 ---
检查点已保存到: /autodl-fs/data/recap/tuning_hyperparams/sensitivity_results/sensitivity_default_v2/checkpoints/lambda_H__0p5/recap/trial_0/model.pt
模型已保存到: /autodl-fs/data/recap/tuning_hyperparams/sensitivity_results/sensitivity_default_v2/checkpoints/lambda_H__0p5/recap/trial_0/model.pt

======================================================================
Trial 1 开始训练 (seed=1)
======================================================================
🔧 模型初始化视图数: 1 (单视图模式)

--- 训练阶段 ---
开始训练，共 100 个epochs...
关闭early stopping，训练将跑满设定epochs
🔧 Assignment layer LR multiplier: 10 (base_lr=5e-05, assignment_lr=0.0005)
Epoch [1/100], Average Loss: 0.574507
  Diagnostics: H_ent_norm=0.8341, H_maxp=0.2019, pi_ent_norm=0.9961, pi_std=0.005437, effC=27.64, Lvar=0.000001, Lvar_active=0.0002, scale/adh_std=1
Epoch [10/100], Average Loss: 0.389335
  Diagnostics: H_ent_norm=0.7136, H_maxp=0.3369, pi_ent_norm=0.9544, pi_std=0.019305, effC=24.17, Lvar=0.000001, Lvar_active=0.0002, scale/adh_std=1
Epoch [20/100], Average Loss: 0.332995
  Diagnostics: H_ent_norm=0.6497, H_maxp=0.4048, pi_ent_norm=0.9210, pi_std=0.026669, effC=21.84, Lvar=0.000002, Lvar_active=0.0002, scale/adh_std=1
Epoch [30/100], Average Loss: 0.300775
  Diagnostics: H_ent_norm=0.6358, H_maxp=0.4216, pi_ent_norm=0.9084, pi_std=0.030260, effC=21.00, Lvar=0.000002, Lvar_active=0.0002, scale/adh_std=1
Epoch [40/100], Average Loss: 0.272665
  Diagnostics: H_ent_norm=0.6286, H_maxp=0.4294, pi_ent_norm=0.8969, pi_std=0.034300, effC=20.25, Lvar=0.000002, Lvar_active=0.0002, scale/adh_std=1
Epoch [50/100], Average Loss: 0.250769
  Diagnostics: H_ent_norm=0.6267, H_maxp=0.4293, pi_ent_norm=0.8865, pi_std=0.038038, effC=19.56, Lvar=0.000002, Lvar_active=0.0002, scale/adh_std=1
Epoch [60/100], Average Loss: 0.225157
  Diagnostics: H_ent_norm=0.6069, H_maxp=0.4406, pi_ent_norm=0.8672, pi_std=0.042578, effC=18.33, Lvar=0.000002, Lvar_active=0.0002, scale/adh_std=1
Epoch [70/100], Average Loss: 0.205143
  Diagnostics: H_ent_norm=0.5986, H_maxp=0.4450, pi_ent_norm=0.8508, pi_std=0.046018, effC=17.36, Lvar=0.000002, Lvar_active=0.0002, scale/adh_std=1
Epoch [80/100], Average Loss: 0.191773
  Diagnostics: H_ent_norm=0.5975, H_maxp=0.4480, pi_ent_norm=0.8395, pi_std=0.048455, effC=16.77, Lvar=0.000002, Lvar_active=0.0002, scale/adh_std=1
Epoch [90/100], Average Loss: 0.180062
  Diagnostics: H_ent_norm=0.5934, H_maxp=0.4529, pi_ent_norm=0.8271, pi_std=0.050814, effC=16.12, Lvar=0.000003, Lvar_active=0.0002, scale/adh_std=1
Epoch [100/100], Average Loss: 0.167933
  Diagnostics: H_ent_norm=0.5865, H_maxp=0.4602, pi_ent_norm=0.8190, pi_std=0.052264, effC=15.65, Lvar=0.000003, Lvar_active=0.0002, scale/adh_std=1
训练完成！实际训练 100 个epochs

--- 评估阶段 ---
  Facebook: AUROC=0.6002, AUPRC=0.0573
  cora: AUROC=0.8234, AUPRC=0.4161
  citeseer: AUROC=0.9000, AUPRC=0.4660
  ACM: AUROC=0.7760, AUPRC=0.3690
  BlogCatalog: AUROC=0.7301, AUPRC=0.3291
  weibo: AUROC=0.7457, AUPRC=0.3131
  Reddit: AUROC=0.5885, AUPRC=0.0467
  Amazon: AUROC=0.7168, AUPRC=0.1267

--- 保存模型 ---
检查点已保存到: /autodl-fs/data/recap/tuning_hyperparams/sensitivity_results/sensitivity_default_v2/checkpoints/lambda_H__0p5/recap/trial_1/model.pt
模型已保存到: /autodl-fs/data/recap/tuning_hyperparams/sensitivity_results/sensitivity_default_v2/checkpoints/lambda_H__0p5/recap/trial_1/model.pt

======================================================================
Trial 2 开始训练 (seed=2)
======================================================================
🔧 模型初始化视图数: 1 (单视图模式)

--- 训练阶段 ---
开始训练，共 100 个epochs...
关闭early stopping，训练将跑满设定epochs
🔧 Assignment layer LR multiplier: 10 (base_lr=5e-05, assignment_lr=0.0005)
Epoch [1/100], Average Loss: 0.565277
  Diagnostics: H_ent_norm=0.8418, H_maxp=0.1989, pi_ent_norm=0.9931, pi_std=0.007235, effC=27.37, Lvar=0.000000, Lvar_active=0.0000, scale/adh_std=1
Epoch [10/100], Average Loss: 0.385754
  Diagnostics: H_ent_norm=0.7146, H_maxp=0.3417, pi_ent_norm=0.9325, pi_std=0.025501, effC=22.61, Lvar=0.000000, Lvar_active=0.0000, scale/adh_std=1
Epoch [20/100], Average Loss: 0.330957
  Diagnostics: H_ent_norm=0.6581, H_maxp=0.4014, pi_ent_norm=0.8937, pi_std=0.034130, effC=20.19, Lvar=0.000000, Lvar_active=0.0000, scale/adh_std=1
Epoch [30/100], Average Loss: 0.303870
  Diagnostics: H_ent_norm=0.6504, H_maxp=0.4098, pi_ent_norm=0.8840, pi_std=0.037603, effC=19.59, Lvar=0.000000, Lvar_active=0.0000, scale/adh_std=1
Epoch [40/100], Average Loss: 0.278409
  Diagnostics: H_ent_norm=0.6369, H_maxp=0.4239, pi_ent_norm=0.8696, pi_std=0.041910, effC=18.75, Lvar=0.000000, Lvar_active=0.0000, scale/adh_std=1
Epoch [50/100], Average Loss: 0.256430
  Diagnostics: H_ent_norm=0.6170, H_maxp=0.4447, pi_ent_norm=0.8502, pi_std=0.047291, effC=17.63, Lvar=0.000000, Lvar_active=0.0000, scale/adh_std=1
Epoch [60/100], Average Loss: 0.208832
  Diagnostics: H_ent_norm=0.5841, H_maxp=0.4827, pi_ent_norm=0.8147, pi_std=0.057699, effC=15.47, Lvar=0.000000, Lvar_active=0.0000, scale/adh_std=1
Epoch [70/100], Average Loss: 0.184317
  Diagnostics: H_ent_norm=0.5578, H_maxp=0.5168, pi_ent_norm=0.7778, pi_std=0.066675, effC=13.50, Lvar=0.000000, Lvar_active=0.0000, scale/adh_std=1
Epoch [80/100], Average Loss: 0.165221
  Diagnostics: H_ent_norm=0.5401, H_maxp=0.5343, pi_ent_norm=0.7515, pi_std=0.073065, effC=12.27, Lvar=0.000000, Lvar_active=0.0000, scale/adh_std=1
Epoch [90/100], Average Loss: 0.146912
  Diagnostics: H_ent_norm=0.5281, H_maxp=0.5406, pi_ent_norm=0.7314, pi_std=0.078775, effC=11.52, Lvar=0.000000, Lvar_active=0.0000, scale/adh_std=1
Epoch [100/100], Average Loss: 0.131499
  Diagnostics: H_ent_norm=0.4987, H_maxp=0.5610, pi_ent_norm=0.7011, pi_std=0.085432, effC=10.55, Lvar=0.000000, Lvar_active=0.0000, scale/adh_std=1
训练完成！实际训练 100 个epochs

--- 评估阶段 ---
  Facebook: AUROC=0.6003, AUPRC=0.0511
  cora: AUROC=0.8192, AUPRC=0.3828
  citeseer: AUROC=0.8989, AUPRC=0.4272
  ACM: AUROC=0.7854, AUPRC=0.3699
  BlogCatalog: AUROC=0.7351, AUPRC=0.3197
  weibo: AUROC=0.7532, AUPRC=0.3195
  Reddit: AUROC=0.5840, AUPRC=0.0451
  Amazon: AUROC=0.7426, AUPRC=0.1384

--- 保存模型 ---
检查点已保存到: /autodl-fs/data/recap/tuning_hyperparams/sensitivity_results/sensitivity_default_v2/checkpoints/lambda_H__0p5/recap/trial_2/model.pt
模型已保存到: /autodl-fs/data/recap/tuning_hyperparams/sensitivity_results/sensitivity_default_v2/checkpoints/lambda_H__0p5/recap/trial_2/model.pt

======================================================================
聚合 3 次试验的结果
======================================================================

------------------------- Facebook -------------------------
AUROC: 0.5962 ± 0.0057
AUPRC: 0.0542 ± 0.0026

------------------------- cora -------------------------
AUROC: 0.8216 ± 0.0018
AUPRC: 0.4034 ± 0.0147

------------------------- citeseer -------------------------
AUROC: 0.8997 ± 0.0006
AUPRC: 0.4436 ± 0.0164

------------------------- ACM -------------------------
AUROC: 0.7825 ± 0.0047
AUPRC: 0.3690 ± 0.0008

------------------------- BlogCatalog -------------------------
AUROC: 0.7324 ± 0.0020
AUPRC: 0.3248 ± 0.0039

------------------------- weibo -------------------------
AUROC: 0.7515 ± 0.0042
AUPRC: 0.3172 ± 0.0029

------------------------- Reddit -------------------------
AUROC: 0.5861 ± 0.0018
AUPRC: 0.0460 ± 0.0007

------------------------- Amazon -------------------------
AUROC: 0.7338 ± 0.0120
AUPRC: 0.1346 ± 0.0056


======================================================================
训练完成！
所有模型已保存到: /autodl-fs/data/recap/tuning_hyperparams/sensitivity_results/sensitivity_default_v2/checkpoints/lambda_H__0p5/recap/
======================================================================

