/root/miniconda3/lib/python3.12/site-packages/torch_geometric/__init__.py:4: UserWarning: An issue occurred while importing 'torch-scatter'. Disabling its usage. Stacktrace: Could not load this library: /root/miniconda3/lib/python3.12/site-packages/torch_scatter/_version_cuda.so
  import torch_geometric.typing
/root/miniconda3/lib/python3.12/site-packages/torch_geometric/__init__.py:4: UserWarning: An issue occurred while importing 'torch-cluster'. Disabling its usage. Stacktrace: Could not load this library: /root/miniconda3/lib/python3.12/site-packages/torch_cluster/_version_cuda.so
  import torch_geometric.typing
/root/miniconda3/lib/python3.12/site-packages/torch_geometric/__init__.py:4: UserWarning: An issue occurred while importing 'torch-spline-conv'. Disabling its usage. Stacktrace: Could not load this library: /root/miniconda3/lib/python3.12/site-packages/torch_spline_conv/_version_cuda.so
  import torch_geometric.typing
/root/miniconda3/lib/python3.12/site-packages/torch_geometric/__init__.py:4: UserWarning: An issue occurred while importing 'torch-sparse'. Disabling its usage. Stacktrace: Could not load this library: /root/miniconda3/lib/python3.12/site-packages/torch_sparse/_version_cuda.so
  import torch_geometric.typing
使用保存的最佳模型配置

======================================================================
recap 异常检测模型训练
======================================================================

📋 训练配置:
  device: cuda:0
  epochs: 100
  trials: 3
  seed: 0
  output_dir: /autodl-fs/data/recap/tuning_hyperparams/sensitivity_results/sensitivity_default_v2/checkpoints/num_hops__8
  save_checkpoint: True
  early_stop: False
  patience: 30
  log_diagnostics: True
  diagnostics_interval: 10

🔧 模型配置:
  model: recap
  lr: 5e-05
  dropout_rate: 0.2
  h_feats: 256
  num_hops: 8
  weight_decay: 5e-05
  dims: 32
  num_layers: 2
  activation: ELU
  num_views: 1
  num_clusters: 28
  knn_k: 20
  cluster_lr_multiplier: 10.0
  tau_s: 0.08
  tau_c: 0.3
  cluster_init_gain: 1.5
  sim_block_size: 256
  knn_cache_enabled: True
  knn_cache_dir: /autodl-fs/data/recap/knn_cache
  knn_search_dtype: auto
  lambda_H: 0.1
  lambda_bal: 0.0
  lambda_E: 0.1
  lambda_usage_entropy: 0.1
  assignment_entropy_lower: 0.45
  assignment_entropy_upper: 0.85
  usage_entropy_lower: 0.65
  usage_entropy_upper: 0.9
  gamma: 0.1
  tau_e: 1.0
  beta: 0.02
  eps: 1e-08
  lambda_ortho: 0.1
  lambda_min_usage: 0.0
  lambda_diversity: 0.1
  min_cluster_ratio: 0.1

💾 保存设置:
  保存目录：/autodl-fs/data/recap/tuning_hyperparams/sensitivity_results/sensitivity_default_v2/checkpoints/num_hops__8
  保存检查点：True
======================================================================


📊 使用指定的训练数据集: ['pubmed', 'Flickr', 'questions', 'YelpChi']

📊 使用指定的测试数据集: ['Facebook', 'cora', 'citeseer', 'ACM', 'BlogCatalog', 'weibo', 'Reddit', 'Amazon']
加载 4 个训练数据集: ['pubmed', 'Flickr', 'questions', 'YelpChi']
加载 8 个测试数据集: ['Facebook', 'cora', 'citeseer', 'ACM', 'BlogCatalog', 'weibo', 'Reddit', 'Amazon']
进行 8 跳特征传播...

======================================================================
Trial 0 开始训练 (seed=0)
======================================================================
🔧 模型初始化视图数: 1 (单视图模式)

--- 训练阶段 ---
开始训练，共 100 个epochs...
关闭early stopping，训练将跑满设定epochs
🔧 Assignment layer LR multiplier: 10 (base_lr=5e-05, assignment_lr=0.0005)
Epoch [1/100], Average Loss: 0.513929
  Diagnostics: H_ent_norm=0.8144, H_maxp=0.2275, pi_ent_norm=0.9877, pi_std=0.009791, effC=26.89, Lvar=0.000000, Lvar_active=0.0000, scale/adh_std=1
Epoch [10/100], Average Loss: 0.308500
  Diagnostics: H_ent_norm=0.6285, H_maxp=0.4261, pi_ent_norm=0.9027, pi_std=0.029811, effC=20.64, Lvar=0.000000, Lvar_active=0.0000, scale/adh_std=1
Epoch [20/100], Average Loss: 0.266695
  Diagnostics: H_ent_norm=0.6149, H_maxp=0.4449, pi_ent_norm=0.8910, pi_std=0.032955, effC=19.92, Lvar=0.000000, Lvar_active=0.0000, scale/adh_std=1
Epoch [30/100], Average Loss: 0.247707
  Diagnostics: H_ent_norm=0.6073, H_maxp=0.4558, pi_ent_norm=0.8825, pi_std=0.035241, effC=19.42, Lvar=0.000000, Lvar_active=0.0000, scale/adh_std=1
Epoch [40/100], Average Loss: 0.233315
  Diagnostics: H_ent_norm=0.6053, H_maxp=0.4603, pi_ent_norm=0.8780, pi_std=0.036605, effC=19.14, Lvar=0.000000, Lvar_active=0.0000, scale/adh_std=1
Epoch [50/100], Average Loss: 0.224378
  Diagnostics: H_ent_norm=0.6027, H_maxp=0.4638, pi_ent_norm=0.8740, pi_std=0.037788, effC=18.90, Lvar=0.000000, Lvar_active=0.0000, scale/adh_std=1
Epoch [60/100], Average Loss: 0.217102
  Diagnostics: H_ent_norm=0.5999, H_maxp=0.4669, pi_ent_norm=0.8724, pi_std=0.038250, effC=18.80, Lvar=0.000000, Lvar_active=0.0000, scale/adh_std=1
Epoch [70/100], Average Loss: 0.210538
  Diagnostics: H_ent_norm=0.5973, H_maxp=0.4709, pi_ent_norm=0.8679, pi_std=0.039539, effC=18.54, Lvar=0.000000, Lvar_active=0.0000, scale/adh_std=1
Epoch [80/100], Average Loss: 0.204997
  Diagnostics: H_ent_norm=0.5966, H_maxp=0.4726, pi_ent_norm=0.8668, pi_std=0.039975, effC=18.46, Lvar=0.000000, Lvar_active=0.0000, scale/adh_std=1
Epoch [90/100], Average Loss: 0.198940
  Diagnostics: H_ent_norm=0.5959, H_maxp=0.4748, pi_ent_norm=0.8622, pi_std=0.041710, effC=18.18, Lvar=0.000000, Lvar_active=0.0000, scale/adh_std=1
Epoch [100/100], Average Loss: 0.193133
  Diagnostics: H_ent_norm=0.5973, H_maxp=0.4756, pi_ent_norm=0.8607, pi_std=0.042595, effC=18.07, Lvar=0.000000, Lvar_active=0.0000, scale/adh_std=1
训练完成！实际训练 100 个epochs

--- 评估阶段 ---
  Facebook: AUROC=0.6074, AUPRC=0.0470
  cora: AUROC=0.7973, AUPRC=0.3885
  citeseer: AUROC=0.8913, AUPRC=0.4336
  ACM: AUROC=0.7731, AUPRC=0.3651
  BlogCatalog: AUROC=0.7259, AUPRC=0.3246
  weibo: AUROC=0.7720, AUPRC=0.3198
  Reddit: AUROC=0.5770, AUPRC=0.0470
  Amazon: AUROC=0.6935, AUPRC=0.1177

--- 保存模型 ---
检查点已保存到: /autodl-fs/data/recap/tuning_hyperparams/sensitivity_results/sensitivity_default_v2/checkpoints/num_hops__8/recap/trial_0/model.pt
模型已保存到: /autodl-fs/data/recap/tuning_hyperparams/sensitivity_results/sensitivity_default_v2/checkpoints/num_hops__8/recap/trial_0/model.pt

======================================================================
Trial 1 开始训练 (seed=1)
======================================================================
🔧 模型初始化视图数: 1 (单视图模式)

--- 训练阶段 ---
开始训练，共 100 个epochs...
关闭early stopping，训练将跑满设定epochs
🔧 Assignment layer LR multiplier: 10 (base_lr=5e-05, assignment_lr=0.0005)
Epoch [1/100], Average Loss: 0.510239
  Diagnostics: H_ent_norm=0.8214, H_maxp=0.2209, pi_ent_norm=0.9868, pi_std=0.010163, effC=26.80, Lvar=0.000000, Lvar_active=0.0001, scale/adh_std=1
Epoch [10/100], Average Loss: 0.300222
  Diagnostics: H_ent_norm=0.6568, H_maxp=0.4022, pi_ent_norm=0.9022, pi_std=0.030173, effC=20.68, Lvar=0.000000, Lvar_active=0.0001, scale/adh_std=1
Epoch [20/100], Average Loss: 0.267002
  Diagnostics: H_ent_norm=0.6385, H_maxp=0.4237, pi_ent_norm=0.8886, pi_std=0.033574, effC=19.85, Lvar=0.000000, Lvar_active=0.0001, scale/adh_std=1
Epoch [30/100], Average Loss: 0.248644
  Diagnostics: H_ent_norm=0.6327, H_maxp=0.4299, pi_ent_norm=0.8856, pi_std=0.034758, effC=19.65, Lvar=0.000000, Lvar_active=0.0001, scale/adh_std=1
Epoch [40/100], Average Loss: 0.234721
  Diagnostics: H_ent_norm=0.6204, H_maxp=0.4440, pi_ent_norm=0.8730, pi_std=0.037833, effC=18.93, Lvar=0.000000, Lvar_active=0.0001, scale/adh_std=1
Epoch [50/100], Average Loss: 0.218844
  Diagnostics: H_ent_norm=0.6151, H_maxp=0.4503, pi_ent_norm=0.8674, pi_std=0.040297, effC=18.60, Lvar=0.000000, Lvar_active=0.0001, scale/adh_std=1
Epoch [60/100], Average Loss: 0.203374
  Diagnostics: H_ent_norm=0.6039, H_maxp=0.4630, pi_ent_norm=0.8519, pi_std=0.044790, effC=17.79, Lvar=0.000000, Lvar_active=0.0001, scale/adh_std=1
Epoch [70/100], Average Loss: 0.191603
  Diagnostics: H_ent_norm=0.6013, H_maxp=0.4657, pi_ent_norm=0.8440, pi_std=0.047511, effC=17.38, Lvar=0.000000, Lvar_active=0.0001, scale/adh_std=1
Epoch [80/100], Average Loss: 0.180020
  Diagnostics: H_ent_norm=0.5937, H_maxp=0.4733, pi_ent_norm=0.8347, pi_std=0.050212, effC=16.90, Lvar=0.000000, Lvar_active=0.0001, scale/adh_std=1
Epoch [90/100], Average Loss: 0.168936
  Diagnostics: H_ent_norm=0.5846, H_maxp=0.4815, pi_ent_norm=0.8234, pi_std=0.052737, effC=16.36, Lvar=0.000000, Lvar_active=0.0001, scale/adh_std=1
Epoch [100/100], Average Loss: 0.159772
  Diagnostics: H_ent_norm=0.5925, H_maxp=0.4714, pi_ent_norm=0.8234, pi_std=0.054115, effC=16.32, Lvar=0.000000, Lvar_active=0.0001, scale/adh_std=1
训练完成！实际训练 100 个epochs

--- 评估阶段 ---
  Facebook: AUROC=0.5978, AUPRC=0.0503
  cora: AUROC=0.8018, AUPRC=0.3616
  citeseer: AUROC=0.8874, AUPRC=0.4620
  ACM: AUROC=0.7669, AUPRC=0.3638
  BlogCatalog: AUROC=0.7260, AUPRC=0.3225
  weibo: AUROC=0.7702, AUPRC=0.3112
  Reddit: AUROC=0.5781, AUPRC=0.0441
  Amazon: AUROC=0.7567, AUPRC=0.1447

--- 保存模型 ---
检查点已保存到: /autodl-fs/data/recap/tuning_hyperparams/sensitivity_results/sensitivity_default_v2/checkpoints/num_hops__8/recap/trial_1/model.pt
模型已保存到: /autodl-fs/data/recap/tuning_hyperparams/sensitivity_results/sensitivity_default_v2/checkpoints/num_hops__8/recap/trial_1/model.pt

======================================================================
Trial 2 开始训练 (seed=2)
======================================================================
🔧 模型初始化视图数: 1 (单视图模式)

--- 训练阶段 ---
开始训练，共 100 个epochs...
关闭early stopping，训练将跑满设定epochs
🔧 Assignment layer LR multiplier: 10 (base_lr=5e-05, assignment_lr=0.0005)
Epoch [1/100], Average Loss: 0.500577
  Diagnostics: H_ent_norm=0.8102, H_maxp=0.2328, pi_ent_norm=0.9879, pi_std=0.009649, effC=26.90, Lvar=0.000000, Lvar_active=0.0000, scale/adh_std=1
Epoch [10/100], Average Loss: 0.292224
  Diagnostics: H_ent_norm=0.6217, H_maxp=0.4356, pi_ent_norm=0.8959, pi_std=0.032232, effC=20.25, Lvar=0.000000, Lvar_active=0.0000, scale/adh_std=1
Epoch [20/100], Average Loss: 0.252624
  Diagnostics: H_ent_norm=0.5960, H_maxp=0.4707, pi_ent_norm=0.8644, pi_std=0.041779, effC=18.40, Lvar=0.000000, Lvar_active=0.0000, scale/adh_std=1
Epoch [30/100], Average Loss: 0.226240
  Diagnostics: H_ent_norm=0.5851, H_maxp=0.4877, pi_ent_norm=0.8412, pi_std=0.050205, effC=17.08, Lvar=0.000000, Lvar_active=0.0000, scale/adh_std=1
Epoch [40/100], Average Loss: 0.197535
  Diagnostics: H_ent_norm=0.5733, H_maxp=0.5037, pi_ent_norm=0.8109, pi_std=0.061387, effC=15.25, Lvar=0.000000, Lvar_active=0.0000, scale/adh_std=1
Epoch [50/100], Average Loss: 0.164544
  Diagnostics: H_ent_norm=0.5349, H_maxp=0.5382, pi_ent_norm=0.7533, pi_std=0.076795, effC=12.34, Lvar=0.000000, Lvar_active=0.0000, scale/adh_std=1
Epoch [60/100], Average Loss: 0.135868
  Diagnostics: H_ent_norm=0.4902, H_maxp=0.5685, pi_ent_norm=0.6954, pi_std=0.088525, effC=10.34, Lvar=0.000000, Lvar_active=0.0000, scale/adh_std=1
Epoch [70/100], Average Loss: 0.123553
  Diagnostics: H_ent_norm=0.4777, H_maxp=0.5778, pi_ent_norm=0.6782, pi_std=0.091793, effC=9.86, Lvar=0.000000, Lvar_active=0.0000, scale/adh_std=1
Epoch [80/100], Average Loss: 0.115849
  Diagnostics: H_ent_norm=0.4748, H_maxp=0.5791, pi_ent_norm=0.6730, pi_std=0.092773, effC=9.70, Lvar=0.000000, Lvar_active=0.0000, scale/adh_std=1
Epoch [90/100], Average Loss: 0.108009
  Diagnostics: H_ent_norm=0.4798, H_maxp=0.5758, pi_ent_norm=0.6752, pi_std=0.092532, effC=9.75, Lvar=0.000000, Lvar_active=0.0000, scale/adh_std=1
Epoch [100/100], Average Loss: 0.102258
  Diagnostics: H_ent_norm=0.4799, H_maxp=0.5746, pi_ent_norm=0.6733, pi_std=0.092997, effC=9.69, Lvar=0.000000, Lvar_active=0.0000, scale/adh_std=1
训练完成！实际训练 100 个epochs

--- 评估阶段 ---
  Facebook: AUROC=0.6196, AUPRC=0.0392
  cora: AUROC=0.7809, AUPRC=0.3238
  citeseer: AUROC=0.8846, AUPRC=0.4134
  ACM: AUROC=0.7711, AUPRC=0.3619
  BlogCatalog: AUROC=0.7172, AUPRC=0.3193
  weibo: AUROC=0.7522, AUPRC=0.3036
  Reddit: AUROC=0.5765, AUPRC=0.0449
  Amazon: AUROC=0.7593, AUPRC=0.1430

--- 保存模型 ---
检查点已保存到: /autodl-fs/data/recap/tuning_hyperparams/sensitivity_results/sensitivity_default_v2/checkpoints/num_hops__8/recap/trial_2/model.pt
模型已保存到: /autodl-fs/data/recap/tuning_hyperparams/sensitivity_results/sensitivity_default_v2/checkpoints/num_hops__8/recap/trial_2/model.pt

======================================================================
聚合 3 次试验的结果
======================================================================

------------------------- Facebook -------------------------
AUROC: 0.6083 ± 0.0089
AUPRC: 0.0455 ± 0.0047

------------------------- cora -------------------------
AUROC: 0.7933 ± 0.0090
AUPRC: 0.3580 ± 0.0265

------------------------- citeseer -------------------------
AUROC: 0.8878 ± 0.0027
AUPRC: 0.4364 ± 0.0199

------------------------- ACM -------------------------
AUROC: 0.7704 ± 0.0026
AUPRC: 0.3636 ± 0.0013

------------------------- BlogCatalog -------------------------
AUROC: 0.7230 ± 0.0041
AUPRC: 0.3221 ± 0.0022

------------------------- weibo -------------------------
AUROC: 0.7648 ± 0.0089
AUPRC: 0.3115 ± 0.0066

------------------------- Reddit -------------------------
AUROC: 0.5772 ± 0.0007
AUPRC: 0.0453 ± 0.0012

------------------------- Amazon -------------------------
AUROC: 0.7365 ± 0.0304
AUPRC: 0.1351 ± 0.0124


======================================================================
训练完成！
所有模型已保存到: /autodl-fs/data/recap/tuning_hyperparams/sensitivity_results/sensitivity_default_v2/checkpoints/num_hops__8/recap/
======================================================================

