/root/miniconda3/lib/python3.12/site-packages/torch_geometric/__init__.py:4: UserWarning: An issue occurred while importing 'torch-scatter'. Disabling its usage. Stacktrace: Could not load this library: /root/miniconda3/lib/python3.12/site-packages/torch_scatter/_version_cuda.so
  import torch_geometric.typing
/root/miniconda3/lib/python3.12/site-packages/torch_geometric/__init__.py:4: UserWarning: An issue occurred while importing 'torch-cluster'. Disabling its usage. Stacktrace: Could not load this library: /root/miniconda3/lib/python3.12/site-packages/torch_cluster/_version_cuda.so
  import torch_geometric.typing
/root/miniconda3/lib/python3.12/site-packages/torch_geometric/__init__.py:4: UserWarning: An issue occurred while importing 'torch-spline-conv'. Disabling its usage. Stacktrace: Could not load this library: /root/miniconda3/lib/python3.12/site-packages/torch_spline_conv/_version_cuda.so
  import torch_geometric.typing
/root/miniconda3/lib/python3.12/site-packages/torch_geometric/__init__.py:4: UserWarning: An issue occurred while importing 'torch-sparse'. Disabling its usage. Stacktrace: Could not load this library: /root/miniconda3/lib/python3.12/site-packages/torch_sparse/_version_cuda.so
  import torch_geometric.typing
使用保存的最佳模型配置

======================================================================
recap 异常检测模型训练
======================================================================

📋 训练配置:
  device: cuda:0
  epochs: 100
  trials: 3
  seed: 0
  output_dir: /autodl-fs/data/recap/tuning_hyperparams/sensitivity_results/sensitivity_default_v2/checkpoints/num_hops__14
  save_checkpoint: True
  early_stop: False
  patience: 30
  log_diagnostics: True
  diagnostics_interval: 10

🔧 模型配置:
  model: recap
  lr: 5e-05
  dropout_rate: 0.2
  h_feats: 256
  num_hops: 14
  weight_decay: 5e-05
  dims: 32
  num_layers: 2
  activation: ELU
  num_views: 1
  num_clusters: 28
  knn_k: 20
  cluster_lr_multiplier: 10.0
  tau_s: 0.08
  tau_c: 0.3
  cluster_init_gain: 1.5
  sim_block_size: 256
  knn_cache_enabled: True
  knn_cache_dir: /autodl-fs/data/recap/knn_cache
  knn_search_dtype: auto
  lambda_H: 0.1
  lambda_bal: 0.0
  lambda_E: 0.1
  lambda_usage_entropy: 0.1
  assignment_entropy_lower: 0.45
  assignment_entropy_upper: 0.85
  usage_entropy_lower: 0.65
  usage_entropy_upper: 0.9
  gamma: 0.1
  tau_e: 1.0
  beta: 0.02
  eps: 1e-08
  lambda_ortho: 0.1
  lambda_min_usage: 0.0
  lambda_diversity: 0.1
  min_cluster_ratio: 0.1

💾 保存设置:
  保存目录：/autodl-fs/data/recap/tuning_hyperparams/sensitivity_results/sensitivity_default_v2/checkpoints/num_hops__14
  保存检查点：True
======================================================================


📊 使用指定的训练数据集: ['pubmed', 'Flickr', 'questions', 'YelpChi']

📊 使用指定的测试数据集: ['Facebook', 'cora', 'citeseer', 'ACM', 'BlogCatalog', 'weibo', 'Reddit', 'Amazon']
加载 4 个训练数据集: ['pubmed', 'Flickr', 'questions', 'YelpChi']
加载 8 个测试数据集: ['Facebook', 'cora', 'citeseer', 'ACM', 'BlogCatalog', 'weibo', 'Reddit', 'Amazon']
进行 14 跳特征传播...

======================================================================
Trial 0 开始训练 (seed=0)
======================================================================
🔧 模型初始化视图数: 1 (单视图模式)

--- 训练阶段 ---
开始训练，共 100 个epochs...
关闭early stopping，训练将跑满设定epochs
🔧 Assignment layer LR multiplier: 10 (base_lr=5e-05, assignment_lr=0.0005)
Epoch [1/100], Average Loss: 0.487260
  Diagnostics: H_ent_norm=0.7714, H_maxp=0.2733, pi_ent_norm=0.9766, pi_std=0.013718, effC=25.92, Lvar=0.000000, Lvar_active=0.0000, scale/adh_std=1
Epoch [10/100], Average Loss: 0.270777
  Diagnostics: H_ent_norm=0.6105, H_maxp=0.4456, pi_ent_norm=0.8850, pi_std=0.036154, effC=19.64, Lvar=0.000000, Lvar_active=0.0000, scale/adh_std=1
Epoch [20/100], Average Loss: 0.230466
  Diagnostics: H_ent_norm=0.6040, H_maxp=0.4612, pi_ent_norm=0.8553, pi_std=0.047146, effC=17.91, Lvar=0.000000, Lvar_active=0.0000, scale/adh_std=1
Epoch [30/100], Average Loss: 0.187810
  Diagnostics: H_ent_norm=0.5721, H_maxp=0.5058, pi_ent_norm=0.8042, pi_std=0.064303, effC=14.79, Lvar=0.000000, Lvar_active=0.0000, scale/adh_std=1
Epoch [40/100], Average Loss: 0.146583
  Diagnostics: H_ent_norm=0.5095, H_maxp=0.5605, pi_ent_norm=0.7140, pi_std=0.085404, effC=10.88, Lvar=0.000000, Lvar_active=0.0000, scale/adh_std=1
Epoch [50/100], Average Loss: 0.126725
  Diagnostics: H_ent_norm=0.4810, H_maxp=0.5768, pi_ent_norm=0.6706, pi_std=0.093528, effC=9.62, Lvar=0.000000, Lvar_active=0.0000, scale/adh_std=1
Epoch [60/100], Average Loss: 0.117335
  Diagnostics: H_ent_norm=0.4832, H_maxp=0.5740, pi_ent_norm=0.6668, pi_std=0.094463, effC=9.50, Lvar=0.000000, Lvar_active=0.0000, scale/adh_std=1
Epoch [70/100], Average Loss: 0.109713
  Diagnostics: H_ent_norm=0.4833, H_maxp=0.5738, pi_ent_norm=0.6661, pi_std=0.094644, effC=9.46, Lvar=0.000000, Lvar_active=0.0000, scale/adh_std=1
Epoch [80/100], Average Loss: 0.103640
  Diagnostics: H_ent_norm=0.4854, H_maxp=0.5717, pi_ent_norm=0.6667, pi_std=0.094574, effC=9.47, Lvar=0.000000, Lvar_active=0.0000, scale/adh_std=1
Epoch [90/100], Average Loss: 0.097634
  Diagnostics: H_ent_norm=0.4852, H_maxp=0.5716, pi_ent_norm=0.6669, pi_std=0.094558, effC=9.47, Lvar=0.000000, Lvar_active=0.0000, scale/adh_std=1
Epoch [100/100], Average Loss: 0.093085
  Diagnostics: H_ent_norm=0.4818, H_maxp=0.5738, pi_ent_norm=0.6637, pi_std=0.095157, effC=9.40, Lvar=0.000000, Lvar_active=0.0000, scale/adh_std=1
训练完成！实际训练 100 个epochs

--- 评估阶段 ---
  Facebook: AUROC=0.5950, AUPRC=0.0463
  cora: AUROC=0.7785, AUPRC=0.3594
  citeseer: AUROC=0.8690, AUPRC=0.3998
  ACM: AUROC=0.7622, AUPRC=0.3575
  BlogCatalog: AUROC=0.7297, AUPRC=0.3215
  weibo: AUROC=0.7860, AUPRC=0.3177
  Reddit: AUROC=0.5784, AUPRC=0.0457
  Amazon: AUROC=0.7280, AUPRC=0.1303

--- 保存模型 ---
检查点已保存到: /autodl-fs/data/recap/tuning_hyperparams/sensitivity_results/sensitivity_default_v2/checkpoints/num_hops__14/recap/trial_0/model.pt
模型已保存到: /autodl-fs/data/recap/tuning_hyperparams/sensitivity_results/sensitivity_default_v2/checkpoints/num_hops__14/recap/trial_0/model.pt

======================================================================
Trial 1 开始训练 (seed=1)
======================================================================
🔧 模型初始化视图数: 1 (单视图模式)

--- 训练阶段 ---
开始训练，共 100 个epochs...
关闭early stopping，训练将跑满设定epochs
🔧 Assignment layer LR multiplier: 10 (base_lr=5e-05, assignment_lr=0.0005)
Epoch [1/100], Average Loss: 0.488285
  Diagnostics: H_ent_norm=0.7691, H_maxp=0.2766, pi_ent_norm=0.9736, pi_std=0.014320, effC=25.68, Lvar=0.000000, Lvar_active=0.0001, scale/adh_std=1
Epoch [10/100], Average Loss: 0.283441
  Diagnostics: H_ent_norm=0.6136, H_maxp=0.4358, pi_ent_norm=0.9040, pi_std=0.029464, effC=20.78, Lvar=0.000000, Lvar_active=0.0001, scale/adh_std=1
Epoch [20/100], Average Loss: 0.251892
  Diagnostics: H_ent_norm=0.6224, H_maxp=0.4336, pi_ent_norm=0.8953, pi_std=0.033420, effC=20.25, Lvar=0.000000, Lvar_active=0.0001, scale/adh_std=1
Epoch [30/100], Average Loss: 0.232118
  Diagnostics: H_ent_norm=0.6182, H_maxp=0.4395, pi_ent_norm=0.8846, pi_std=0.037197, effC=19.63, Lvar=0.000000, Lvar_active=0.0001, scale/adh_std=1
Epoch [40/100], Average Loss: 0.216283
  Diagnostics: H_ent_norm=0.6018, H_maxp=0.4584, pi_ent_norm=0.8659, pi_std=0.042295, effC=18.56, Lvar=0.000000, Lvar_active=0.0001, scale/adh_std=1
Epoch [50/100], Average Loss: 0.202231
  Diagnostics: H_ent_norm=0.5926, H_maxp=0.4712, pi_ent_norm=0.8469, pi_std=0.046667, effC=17.58, Lvar=0.000000, Lvar_active=0.0001, scale/adh_std=1
Epoch [60/100], Average Loss: 0.189706
  Diagnostics: H_ent_norm=0.5971, H_maxp=0.4648, pi_ent_norm=0.8383, pi_std=0.049583, effC=17.18, Lvar=0.000000, Lvar_active=0.0001, scale/adh_std=1
Epoch [70/100], Average Loss: 0.177108
  Diagnostics: H_ent_norm=0.5932, H_maxp=0.4679, pi_ent_norm=0.8243, pi_std=0.053283, effC=16.55, Lvar=0.000000, Lvar_active=0.0001, scale/adh_std=1
Epoch [80/100], Average Loss: 0.162400
  Diagnostics: H_ent_norm=0.6021, H_maxp=0.4550, pi_ent_norm=0.8176, pi_std=0.055896, effC=16.24, Lvar=0.000001, Lvar_active=0.0001, scale/adh_std=1
Epoch [90/100], Average Loss: 0.151012
  Diagnostics: H_ent_norm=0.5986, H_maxp=0.4412, pi_ent_norm=0.8123, pi_std=0.058609, effC=16.00, Lvar=0.000001, Lvar_active=0.0001, scale/adh_std=1
Epoch [100/100], Average Loss: 0.133744
  Diagnostics: H_ent_norm=0.5999, H_maxp=0.4327, pi_ent_norm=0.8037, pi_std=0.061998, effC=15.62, Lvar=0.000001, Lvar_active=0.0001, scale/adh_std=1
训练完成！实际训练 100 个epochs

--- 评估阶段 ---
  Facebook: AUROC=0.5925, AUPRC=0.0681
  cora: AUROC=0.7811, AUPRC=0.3473
  citeseer: AUROC=0.8618, AUPRC=0.3949
  ACM: AUROC=0.7576, AUPRC=0.3489
  BlogCatalog: AUROC=0.7311, AUPRC=0.3242
  weibo: AUROC=0.7452, AUPRC=0.3145
  Reddit: AUROC=0.5796, AUPRC=0.0448
  Amazon: AUROC=0.7448, AUPRC=0.1349

--- 保存模型 ---
检查点已保存到: /autodl-fs/data/recap/tuning_hyperparams/sensitivity_results/sensitivity_default_v2/checkpoints/num_hops__14/recap/trial_1/model.pt
模型已保存到: /autodl-fs/data/recap/tuning_hyperparams/sensitivity_results/sensitivity_default_v2/checkpoints/num_hops__14/recap/trial_1/model.pt

======================================================================
Trial 2 开始训练 (seed=2)
======================================================================
🔧 模型初始化视图数: 1 (单视图模式)

--- 训练阶段 ---
开始训练，共 100 个epochs...
关闭early stopping，训练将跑满设定epochs
🔧 Assignment layer LR multiplier: 10 (base_lr=5e-05, assignment_lr=0.0005)
Epoch [1/100], Average Loss: 0.495437
  Diagnostics: H_ent_norm=0.7754, H_maxp=0.2702, pi_ent_norm=0.9767, pi_std=0.013194, effC=25.94, Lvar=0.000000, Lvar_active=0.0000, scale/adh_std=1
Epoch [10/100], Average Loss: 0.281066
  Diagnostics: H_ent_norm=0.6133, H_maxp=0.4413, pi_ent_norm=0.8959, pi_std=0.031817, effC=20.26, Lvar=0.000000, Lvar_active=0.0000, scale/adh_std=1
Epoch [20/100], Average Loss: 0.239761
  Diagnostics: H_ent_norm=0.6086, H_maxp=0.4551, pi_ent_norm=0.8663, pi_std=0.039217, effC=18.66, Lvar=0.000000, Lvar_active=0.0000, scale/adh_std=1
Epoch [30/100], Average Loss: 0.219255
  Diagnostics: H_ent_norm=0.6070, H_maxp=0.4564, pi_ent_norm=0.8596, pi_std=0.041507, effC=18.31, Lvar=0.000000, Lvar_active=0.0000, scale/adh_std=1
Epoch [40/100], Average Loss: 0.204213
  Diagnostics: H_ent_norm=0.6014, H_maxp=0.4628, pi_ent_norm=0.8484, pi_std=0.044313, effC=17.73, Lvar=0.000000, Lvar_active=0.0000, scale/adh_std=1
Epoch [50/100], Average Loss: 0.193737
  Diagnostics: H_ent_norm=0.5991, H_maxp=0.4652, pi_ent_norm=0.8449, pi_std=0.045571, effC=17.54, Lvar=0.000000, Lvar_active=0.0000, scale/adh_std=1
Epoch [60/100], Average Loss: 0.183500
  Diagnostics: H_ent_norm=0.5922, H_maxp=0.4706, pi_ent_norm=0.8395, pi_std=0.047084, effC=17.27, Lvar=0.000000, Lvar_active=0.0000, scale/adh_std=1
Epoch [70/100], Average Loss: 0.176392
  Diagnostics: H_ent_norm=0.6008, H_maxp=0.4585, pi_ent_norm=0.8438, pi_std=0.047813, effC=17.43, Lvar=0.000000, Lvar_active=0.0000, scale/adh_std=1
Epoch [80/100], Average Loss: 0.166551
  Diagnostics: H_ent_norm=0.5995, H_maxp=0.4576, pi_ent_norm=0.8368, pi_std=0.050070, effC=17.07, Lvar=0.000000, Lvar_active=0.0000, scale/adh_std=1
Epoch [90/100], Average Loss: 0.154152
  Diagnostics: H_ent_norm=0.5967, H_maxp=0.4402, pi_ent_norm=0.8304, pi_std=0.053252, effC=16.75, Lvar=0.000000, Lvar_active=0.0000, scale/adh_std=1
Epoch [100/100], Average Loss: 0.141832
  Diagnostics: H_ent_norm=0.5849, H_maxp=0.4500, pi_ent_norm=0.8181, pi_std=0.056381, effC=16.16, Lvar=0.000000, Lvar_active=0.0000, scale/adh_std=1
训练完成！实际训练 100 个epochs

--- 评估阶段 ---
  Facebook: AUROC=0.5953, AUPRC=0.0325
  cora: AUROC=0.7680, AUPRC=0.3009
  citeseer: AUROC=0.8679, AUPRC=0.3804
  ACM: AUROC=0.7673, AUPRC=0.3547
  BlogCatalog: AUROC=0.7465, AUPRC=0.3248
  weibo: AUROC=0.7641, AUPRC=0.3079
  Reddit: AUROC=0.5640, AUPRC=0.0422
  Amazon: AUROC=0.7379, AUPRC=0.1292

--- 保存模型 ---
检查点已保存到: /autodl-fs/data/recap/tuning_hyperparams/sensitivity_results/sensitivity_default_v2/checkpoints/num_hops__14/recap/trial_2/model.pt
模型已保存到: /autodl-fs/data/recap/tuning_hyperparams/sensitivity_results/sensitivity_default_v2/checkpoints/num_hops__14/recap/trial_2/model.pt

======================================================================
聚合 3 次试验的结果
======================================================================

------------------------- Facebook -------------------------
AUROC: 0.5942 ± 0.0013
AUPRC: 0.0490 ± 0.0147

------------------------- cora -------------------------
AUROC: 0.7759 ± 0.0057
AUPRC: 0.3359 ± 0.0252

------------------------- citeseer -------------------------
AUROC: 0.8662 ± 0.0032
AUPRC: 0.3917 ± 0.0082

------------------------- ACM -------------------------
AUROC: 0.7623 ± 0.0040
AUPRC: 0.3537 ± 0.0036

------------------------- BlogCatalog -------------------------
AUROC: 0.7358 ± 0.0076
AUPRC: 0.3235 ± 0.0014

------------------------- weibo -------------------------
AUROC: 0.7651 ± 0.0167
AUPRC: 0.3134 ± 0.0041

------------------------- Reddit -------------------------
AUROC: 0.5740 ± 0.0071
AUPRC: 0.0442 ± 0.0015

------------------------- Amazon -------------------------
AUROC: 0.7369 ± 0.0069
AUPRC: 0.1315 ± 0.0025


======================================================================
训练完成！
所有模型已保存到: /autodl-fs/data/recap/tuning_hyperparams/sensitivity_results/sensitivity_default_v2/checkpoints/num_hops__14/recap/
======================================================================

