/root/miniconda3/lib/python3.12/site-packages/torch_geometric/__init__.py:4: UserWarning: An issue occurred while importing 'torch-scatter'. Disabling its usage. Stacktrace: Could not load this library: /root/miniconda3/lib/python3.12/site-packages/torch_scatter/_version_cuda.so
  import torch_geometric.typing
/root/miniconda3/lib/python3.12/site-packages/torch_geometric/__init__.py:4: UserWarning: An issue occurred while importing 'torch-cluster'. Disabling its usage. Stacktrace: Could not load this library: /root/miniconda3/lib/python3.12/site-packages/torch_cluster/_version_cuda.so
  import torch_geometric.typing
/root/miniconda3/lib/python3.12/site-packages/torch_geometric/__init__.py:4: UserWarning: An issue occurred while importing 'torch-spline-conv'. Disabling its usage. Stacktrace: Could not load this library: /root/miniconda3/lib/python3.12/site-packages/torch_spline_conv/_version_cuda.so
  import torch_geometric.typing
/root/miniconda3/lib/python3.12/site-packages/torch_geometric/__init__.py:4: UserWarning: An issue occurred while importing 'torch-sparse'. Disabling its usage. Stacktrace: Could not load this library: /root/miniconda3/lib/python3.12/site-packages/torch_sparse/_version_cuda.so
  import torch_geometric.typing
使用保存的最佳模型配置

======================================================================
recap 异常检测模型训练
======================================================================

📋 训练配置:
  device: cuda:0
  epochs: 100
  trials: 3
  seed: 0
  output_dir: /autodl-fs/data/recap/tuning_hyperparams/sensitivity_results/sensitivity_default_v2/checkpoints/num_hops__5
  save_checkpoint: True
  early_stop: False
  patience: 30
  log_diagnostics: True
  diagnostics_interval: 10

🔧 模型配置:
  model: recap
  lr: 5e-05
  dropout_rate: 0.2
  h_feats: 256
  num_hops: 5
  weight_decay: 5e-05
  dims: 32
  num_layers: 2
  activation: ELU
  num_views: 1
  num_clusters: 28
  knn_k: 20
  cluster_lr_multiplier: 10.0
  tau_s: 0.08
  tau_c: 0.3
  cluster_init_gain: 1.5
  sim_block_size: 256
  knn_cache_enabled: True
  knn_cache_dir: /autodl-fs/data/recap/knn_cache
  knn_search_dtype: auto
  lambda_H: 0.1
  lambda_bal: 0.0
  lambda_E: 0.1
  lambda_usage_entropy: 0.1
  assignment_entropy_lower: 0.45
  assignment_entropy_upper: 0.85
  usage_entropy_lower: 0.65
  usage_entropy_upper: 0.9
  gamma: 0.1
  tau_e: 1.0
  beta: 0.02
  eps: 1e-08
  lambda_ortho: 0.1
  lambda_min_usage: 0.0
  lambda_diversity: 0.1
  min_cluster_ratio: 0.1

💾 保存设置:
  保存目录：/autodl-fs/data/recap/tuning_hyperparams/sensitivity_results/sensitivity_default_v2/checkpoints/num_hops__5
  保存检查点：True
======================================================================


📊 使用指定的训练数据集: ['pubmed', 'Flickr', 'questions', 'YelpChi']

📊 使用指定的测试数据集: ['Facebook', 'cora', 'citeseer', 'ACM', 'BlogCatalog', 'weibo', 'Reddit', 'Amazon']
加载 4 个训练数据集: ['pubmed', 'Flickr', 'questions', 'YelpChi']
加载 8 个测试数据集: ['Facebook', 'cora', 'citeseer', 'ACM', 'BlogCatalog', 'weibo', 'Reddit', 'Amazon']
进行 5 跳特征传播...

======================================================================
Trial 0 开始训练 (seed=0)
======================================================================
🔧 模型初始化视图数: 1 (单视图模式)

--- 训练阶段 ---
开始训练，共 100 个epochs...
关闭early stopping，训练将跑满设定epochs
🔧 Assignment layer LR multiplier: 10 (base_lr=5e-05, assignment_lr=0.0005)
Epoch [1/100], Average Loss: 0.518616
  Diagnostics: H_ent_norm=0.8230, H_maxp=0.2175, pi_ent_norm=0.9906, pi_std=0.008474, effC=27.14, Lvar=0.000000, Lvar_active=0.0000, scale/adh_std=1
Epoch [10/100], Average Loss: 0.328780
  Diagnostics: H_ent_norm=0.6814, H_maxp=0.3751, pi_ent_norm=0.9301, pi_std=0.024908, effC=22.43, Lvar=0.000000, Lvar_active=0.0000, scale/adh_std=1
Epoch [20/100], Average Loss: 0.286678
  Diagnostics: H_ent_norm=0.6418, H_maxp=0.4206, pi_ent_norm=0.9025, pi_std=0.031182, effC=20.66, Lvar=0.000000, Lvar_active=0.0000, scale/adh_std=1
Epoch [30/100], Average Loss: 0.261019
  Diagnostics: H_ent_norm=0.6305, H_maxp=0.4351, pi_ent_norm=0.8915, pi_std=0.034123, effC=19.97, Lvar=0.000000, Lvar_active=0.0000, scale/adh_std=1
Epoch [40/100], Average Loss: 0.243656
  Diagnostics: H_ent_norm=0.6263, H_maxp=0.4409, pi_ent_norm=0.8869, pi_std=0.035921, effC=19.66, Lvar=0.000000, Lvar_active=0.0000, scale/adh_std=1
Epoch [50/100], Average Loss: 0.232167
  Diagnostics: H_ent_norm=0.6199, H_maxp=0.4481, pi_ent_norm=0.8816, pi_std=0.037896, effC=19.30, Lvar=0.000000, Lvar_active=0.0000, scale/adh_std=1
Epoch [60/100], Average Loss: 0.217392
  Diagnostics: H_ent_norm=0.6126, H_maxp=0.4573, pi_ent_norm=0.8737, pi_std=0.040836, effC=18.75, Lvar=0.000000, Lvar_active=0.0000, scale/adh_std=1
Epoch [70/100], Average Loss: 0.199940
  Diagnostics: H_ent_norm=0.5912, H_maxp=0.4836, pi_ent_norm=0.8506, pi_std=0.048539, effC=17.25, Lvar=0.000000, Lvar_active=0.0000, scale/adh_std=1
Epoch [80/100], Average Loss: 0.179816
  Diagnostics: H_ent_norm=0.5524, H_maxp=0.5286, pi_ent_norm=0.8050, pi_std=0.061521, effC=14.66, Lvar=0.000000, Lvar_active=0.0000, scale/adh_std=1
Epoch [90/100], Average Loss: 0.151930
  Diagnostics: H_ent_norm=0.4998, H_maxp=0.5750, pi_ent_norm=0.7385, pi_std=0.077782, effC=11.89, Lvar=0.000000, Lvar_active=0.0000, scale/adh_std=1
Epoch [100/100], Average Loss: 0.129667
  Diagnostics: H_ent_norm=0.4819, H_maxp=0.5768, pi_ent_norm=0.7024, pi_std=0.086062, effC=10.77, Lvar=0.000000, Lvar_active=0.0000, scale/adh_std=1
训练完成！实际训练 100 个epochs

--- 评估阶段 ---
  Facebook: AUROC=0.6079, AUPRC=0.0518
  cora: AUROC=0.8198, AUPRC=0.4246
  citeseer: AUROC=0.9010, AUPRC=0.4484
  ACM: AUROC=0.7863, AUPRC=0.3698
  BlogCatalog: AUROC=0.7189, AUPRC=0.3180
  weibo: AUROC=0.7853, AUPRC=0.3122
  Reddit: AUROC=0.5882, AUPRC=0.0471
  Amazon: AUROC=0.7143, AUPRC=0.1266

--- 保存模型 ---
检查点已保存到: /autodl-fs/data/recap/tuning_hyperparams/sensitivity_results/sensitivity_default_v2/checkpoints/num_hops__5/recap/trial_0/model.pt
模型已保存到: /autodl-fs/data/recap/tuning_hyperparams/sensitivity_results/sensitivity_default_v2/checkpoints/num_hops__5/recap/trial_0/model.pt

======================================================================
Trial 1 开始训练 (seed=1)
======================================================================
🔧 模型初始化视图数: 1 (单视图模式)

--- 训练阶段 ---
开始训练，共 100 个epochs...
关闭early stopping，训练将跑满设定epochs
🔧 Assignment layer LR multiplier: 10 (base_lr=5e-05, assignment_lr=0.0005)
Epoch [1/100], Average Loss: 0.513575
  Diagnostics: H_ent_norm=0.8253, H_maxp=0.2127, pi_ent_norm=0.9929, pi_std=0.007151, effC=27.35, Lvar=0.000001, Lvar_active=0.0002, scale/adh_std=1
Epoch [10/100], Average Loss: 0.332334
  Diagnostics: H_ent_norm=0.6874, H_maxp=0.3649, pi_ent_norm=0.9336, pi_std=0.024060, effC=22.69, Lvar=0.000001, Lvar_active=0.0002, scale/adh_std=1
Epoch [20/100], Average Loss: 0.289405
  Diagnostics: H_ent_norm=0.6417, H_maxp=0.4156, pi_ent_norm=0.9011, pi_std=0.031404, effC=20.61, Lvar=0.000001, Lvar_active=0.0002, scale/adh_std=1
Epoch [30/100], Average Loss: 0.265913
  Diagnostics: H_ent_norm=0.6402, H_maxp=0.4225, pi_ent_norm=0.8906, pi_std=0.034643, effC=19.99, Lvar=0.000001, Lvar_active=0.0002, scale/adh_std=1
Epoch [40/100], Average Loss: 0.248648
  Diagnostics: H_ent_norm=0.6300, H_maxp=0.4357, pi_ent_norm=0.8758, pi_std=0.038885, effC=19.13, Lvar=0.000001, Lvar_active=0.0002, scale/adh_std=1
Epoch [50/100], Average Loss: 0.229741
  Diagnostics: H_ent_norm=0.6240, H_maxp=0.4466, pi_ent_norm=0.8620, pi_std=0.043837, effC=18.32, Lvar=0.000001, Lvar_active=0.0002, scale/adh_std=1
Epoch [60/100], Average Loss: 0.212559
  Diagnostics: H_ent_norm=0.6049, H_maxp=0.4708, pi_ent_norm=0.8404, pi_std=0.050607, effC=17.07, Lvar=0.000001, Lvar_active=0.0002, scale/adh_std=1
Epoch [70/100], Average Loss: 0.188783
  Diagnostics: H_ent_norm=0.5803, H_maxp=0.5028, pi_ent_norm=0.8076, pi_std=0.060730, effC=15.12, Lvar=0.000001, Lvar_active=0.0002, scale/adh_std=1
Epoch [80/100], Average Loss: 0.162529
  Diagnostics: H_ent_norm=0.5561, H_maxp=0.5258, pi_ent_norm=0.7682, pi_std=0.072344, effC=13.01, Lvar=0.000002, Lvar_active=0.0002, scale/adh_std=1
Epoch [90/100], Average Loss: 0.133529
  Diagnostics: H_ent_norm=0.5058, H_maxp=0.5574, pi_ent_norm=0.7099, pi_std=0.085236, effC=10.92, Lvar=0.000002, Lvar_active=0.0002, scale/adh_std=1
Epoch [100/100], Average Loss: 0.120415
  Diagnostics: H_ent_norm=0.4903, H_maxp=0.5696, pi_ent_norm=0.6893, pi_std=0.089235, effC=10.33, Lvar=0.000002, Lvar_active=0.0002, scale/adh_std=1
训练完成！实际训练 100 个epochs

--- 评估阶段 ---
  Facebook: AUROC=0.5751, AUPRC=0.0787
  cora: AUROC=0.8151, AUPRC=0.3652
  citeseer: AUROC=0.8866, AUPRC=0.4033
  ACM: AUROC=0.7833, AUPRC=0.3639
  BlogCatalog: AUROC=0.7216, AUPRC=0.3183
  weibo: AUROC=0.7505, AUPRC=0.3238
  Reddit: AUROC=0.5831, AUPRC=0.0466
  Amazon: AUROC=0.7330, AUPRC=0.1349

--- 保存模型 ---
检查点已保存到: /autodl-fs/data/recap/tuning_hyperparams/sensitivity_results/sensitivity_default_v2/checkpoints/num_hops__5/recap/trial_1/model.pt
模型已保存到: /autodl-fs/data/recap/tuning_hyperparams/sensitivity_results/sensitivity_default_v2/checkpoints/num_hops__5/recap/trial_1/model.pt

======================================================================
Trial 2 开始训练 (seed=2)
======================================================================
🔧 模型初始化视图数: 1 (单视图模式)

--- 训练阶段 ---
开始训练，共 100 个epochs...
关闭early stopping，训练将跑满设定epochs
🔧 Assignment layer LR multiplier: 10 (base_lr=5e-05, assignment_lr=0.0005)
Epoch [1/100], Average Loss: 0.523297
  Diagnostics: H_ent_norm=0.8261, H_maxp=0.2126, pi_ent_norm=0.9918, pi_std=0.007770, effC=27.25, Lvar=0.000000, Lvar_active=0.0000, scale/adh_std=1
Epoch [10/100], Average Loss: 0.334653
  Diagnostics: H_ent_norm=0.6783, H_maxp=0.3737, pi_ent_norm=0.9312, pi_std=0.024203, effC=22.50, Lvar=0.000000, Lvar_active=0.0000, scale/adh_std=1
Epoch [20/100], Average Loss: 0.296501
  Diagnostics: H_ent_norm=0.6244, H_maxp=0.4298, pi_ent_norm=0.8986, pi_std=0.031014, effC=20.46, Lvar=0.000000, Lvar_active=0.0000, scale/adh_std=1
Epoch [30/100], Average Loss: 0.268176
  Diagnostics: H_ent_norm=0.6196, H_maxp=0.4379, pi_ent_norm=0.8896, pi_std=0.034112, effC=19.91, Lvar=0.000000, Lvar_active=0.0000, scale/adh_std=1
Epoch [40/100], Average Loss: 0.250410
  Diagnostics: H_ent_norm=0.6188, H_maxp=0.4432, pi_ent_norm=0.8799, pi_std=0.037530, effC=19.34, Lvar=0.000000, Lvar_active=0.0000, scale/adh_std=1
Epoch [50/100], Average Loss: 0.234849
  Diagnostics: H_ent_norm=0.6194, H_maxp=0.4451, pi_ent_norm=0.8732, pi_std=0.040894, effC=18.92, Lvar=0.000000, Lvar_active=0.0000, scale/adh_std=1
Epoch [60/100], Average Loss: 0.219379
  Diagnostics: H_ent_norm=0.6196, H_maxp=0.4482, pi_ent_norm=0.8650, pi_std=0.044887, effC=18.40, Lvar=0.000000, Lvar_active=0.0000, scale/adh_std=1
Epoch [70/100], Average Loss: 0.203901
  Diagnostics: H_ent_norm=0.6124, H_maxp=0.4583, pi_ent_norm=0.8484, pi_std=0.050817, effC=17.41, Lvar=0.000000, Lvar_active=0.0000, scale/adh_std=1
Epoch [80/100], Average Loss: 0.180113
  Diagnostics: H_ent_norm=0.5958, H_maxp=0.4800, pi_ent_norm=0.8194, pi_std=0.060922, effC=15.58, Lvar=0.000000, Lvar_active=0.0000, scale/adh_std=1
Epoch [90/100], Average Loss: 0.152229
  Diagnostics: H_ent_norm=0.5560, H_maxp=0.5186, pi_ent_norm=0.7680, pi_std=0.073946, effC=12.98, Lvar=0.000000, Lvar_active=0.0000, scale/adh_std=1
Epoch [100/100], Average Loss: 0.132366
  Diagnostics: H_ent_norm=0.5118, H_maxp=0.5534, pi_ent_norm=0.7173, pi_std=0.084386, effC=11.10, Lvar=0.000000, Lvar_active=0.0000, scale/adh_std=1
训练完成！实际训练 100 个epochs

--- 评估阶段 ---
  Facebook: AUROC=0.5955, AUPRC=0.0352
  cora: AUROC=0.8100, AUPRC=0.3838
  citeseer: AUROC=0.9005, AUPRC=0.4593
  ACM: AUROC=0.7826, AUPRC=0.3701
  BlogCatalog: AUROC=0.7217, AUPRC=0.3157
  weibo: AUROC=0.7802, AUPRC=0.3060
  Reddit: AUROC=0.5832, AUPRC=0.0447
  Amazon: AUROC=0.7157, AUPRC=0.1271

--- 保存模型 ---
检查点已保存到: /autodl-fs/data/recap/tuning_hyperparams/sensitivity_results/sensitivity_default_v2/checkpoints/num_hops__5/recap/trial_2/model.pt
模型已保存到: /autodl-fs/data/recap/tuning_hyperparams/sensitivity_results/sensitivity_default_v2/checkpoints/num_hops__5/recap/trial_2/model.pt

======================================================================
聚合 3 次试验的结果
======================================================================

------------------------- Facebook -------------------------
AUROC: 0.5928 ± 0.0135
AUPRC: 0.0553 ± 0.0179

------------------------- cora -------------------------
AUROC: 0.8150 ± 0.0040
AUPRC: 0.3912 ± 0.0248

------------------------- citeseer -------------------------
AUROC: 0.8961 ± 0.0067
AUPRC: 0.4370 ± 0.0242

------------------------- ACM -------------------------
AUROC: 0.7840 ± 0.0016
AUPRC: 0.3679 ± 0.0029

------------------------- BlogCatalog -------------------------
AUROC: 0.7207 ± 0.0013
AUPRC: 0.3174 ± 0.0012

------------------------- weibo -------------------------
AUROC: 0.7720 ± 0.0153
AUPRC: 0.3140 ± 0.0073

------------------------- Reddit -------------------------
AUROC: 0.5848 ± 0.0024
AUPRC: 0.0461 ± 0.0010

------------------------- Amazon -------------------------
AUROC: 0.7210 ± 0.0085
AUPRC: 0.1296 ± 0.0038


======================================================================
训练完成！
所有模型已保存到: /autodl-fs/data/recap/tuning_hyperparams/sensitivity_results/sensitivity_default_v2/checkpoints/num_hops__5/recap/
======================================================================

