/root/miniconda3/lib/python3.12/site-packages/torch_geometric/__init__.py:4: UserWarning: An issue occurred while importing 'torch-scatter'. Disabling its usage. Stacktrace: Could not load this library: /root/miniconda3/lib/python3.12/site-packages/torch_scatter/_version_cuda.so
  import torch_geometric.typing
/root/miniconda3/lib/python3.12/site-packages/torch_geometric/__init__.py:4: UserWarning: An issue occurred while importing 'torch-cluster'. Disabling its usage. Stacktrace: Could not load this library: /root/miniconda3/lib/python3.12/site-packages/torch_cluster/_version_cuda.so
  import torch_geometric.typing
/root/miniconda3/lib/python3.12/site-packages/torch_geometric/__init__.py:4: UserWarning: An issue occurred while importing 'torch-spline-conv'. Disabling its usage. Stacktrace: Could not load this library: /root/miniconda3/lib/python3.12/site-packages/torch_spline_conv/_version_cuda.so
  import torch_geometric.typing
/root/miniconda3/lib/python3.12/site-packages/torch_geometric/__init__.py:4: UserWarning: An issue occurred while importing 'torch-sparse'. Disabling its usage. Stacktrace: Could not load this library: /root/miniconda3/lib/python3.12/site-packages/torch_sparse/_version_cuda.so
  import torch_geometric.typing
使用保存的最佳模型配置

======================================================================
recap 异常检测模型训练
======================================================================

📋 训练配置:
  device: cuda:0
  epochs: 100
  trials: 3
  seed: 0
  output_dir: /autodl-fs/data/recap/tuning_hyperparams/sensitivity_results/sensitivity_default_v2/checkpoints/num_hops__2
  save_checkpoint: True
  early_stop: False
  patience: 30
  log_diagnostics: True
  diagnostics_interval: 10

🔧 模型配置:
  model: recap
  lr: 5e-05
  dropout_rate: 0.2
  h_feats: 256
  num_hops: 2
  weight_decay: 5e-05
  dims: 32
  num_layers: 2
  activation: ELU
  num_views: 1
  num_clusters: 28
  knn_k: 20
  cluster_lr_multiplier: 10.0
  tau_s: 0.08
  tau_c: 0.3
  cluster_init_gain: 1.5
  sim_block_size: 256
  knn_cache_enabled: True
  knn_cache_dir: /autodl-fs/data/recap/knn_cache
  knn_search_dtype: auto
  lambda_H: 0.1
  lambda_bal: 0.0
  lambda_E: 0.1
  lambda_usage_entropy: 0.1
  assignment_entropy_lower: 0.45
  assignment_entropy_upper: 0.85
  usage_entropy_lower: 0.65
  usage_entropy_upper: 0.9
  gamma: 0.1
  tau_e: 1.0
  beta: 0.02
  eps: 1e-08
  lambda_ortho: 0.1
  lambda_min_usage: 0.0
  lambda_diversity: 0.1
  min_cluster_ratio: 0.1

💾 保存设置:
  保存目录：/autodl-fs/data/recap/tuning_hyperparams/sensitivity_results/sensitivity_default_v2/checkpoints/num_hops__2
  保存检查点：True
======================================================================


📊 使用指定的训练数据集: ['pubmed', 'Flickr', 'questions', 'YelpChi']

📊 使用指定的测试数据集: ['Facebook', 'cora', 'citeseer', 'ACM', 'BlogCatalog', 'weibo', 'Reddit', 'Amazon']
加载 4 个训练数据集: ['pubmed', 'Flickr', 'questions', 'YelpChi']
加载 8 个测试数据集: ['Facebook', 'cora', 'citeseer', 'ACM', 'BlogCatalog', 'weibo', 'Reddit', 'Amazon']
进行 2 跳特征传播...

======================================================================
Trial 0 开始训练 (seed=0)
======================================================================
🔧 模型初始化视图数: 1 (单视图模式)

--- 训练阶段 ---
开始训练，共 100 个epochs...
关闭early stopping，训练将跑满设定epochs
🔧 Assignment layer LR multiplier: 10 (base_lr=5e-05, assignment_lr=0.0005)
Epoch [1/100], Average Loss: 0.528300
  Diagnostics: H_ent_norm=0.8558, H_maxp=0.1828, pi_ent_norm=0.9946, pi_std=0.006631, effC=27.50, Lvar=0.000000, Lvar_active=0.0000, scale/adh_std=1
Epoch [10/100], Average Loss: 0.386508
  Diagnostics: H_ent_norm=0.7844, H_maxp=0.2746, pi_ent_norm=0.9534, pi_std=0.021706, effC=24.11, Lvar=0.000000, Lvar_active=0.0000, scale/adh_std=1
Epoch [20/100], Average Loss: 0.313475
  Diagnostics: H_ent_norm=0.7114, H_maxp=0.3574, pi_ent_norm=0.9045, pi_std=0.033335, effC=20.86, Lvar=0.000000, Lvar_active=0.0000, scale/adh_std=1
Epoch [30/100], Average Loss: 0.275524
  Diagnostics: H_ent_norm=0.6627, H_maxp=0.4085, pi_ent_norm=0.8668, pi_std=0.041645, effC=18.78, Lvar=0.000000, Lvar_active=0.0000, scale/adh_std=1
Epoch [40/100], Average Loss: 0.255064
  Diagnostics: H_ent_norm=0.6493, H_maxp=0.4231, pi_ent_norm=0.8500, pi_std=0.046720, effC=17.91, Lvar=0.000000, Lvar_active=0.0000, scale/adh_std=1
Epoch [50/100], Average Loss: 0.231012
  Diagnostics: H_ent_norm=0.6366, H_maxp=0.4355, pi_ent_norm=0.8336, pi_std=0.051969, effC=17.09, Lvar=0.000000, Lvar_active=0.0000, scale/adh_std=1
Epoch [60/100], Average Loss: 0.212116
  Diagnostics: H_ent_norm=0.6252, H_maxp=0.4450, pi_ent_norm=0.8197, pi_std=0.056843, effC=16.37, Lvar=0.000000, Lvar_active=0.0000, scale/adh_std=1
Epoch [70/100], Average Loss: 0.192782
  Diagnostics: H_ent_norm=0.6187, H_maxp=0.4486, pi_ent_norm=0.8083, pi_std=0.061671, effC=15.70, Lvar=0.000000, Lvar_active=0.0000, scale/adh_std=1
Epoch [80/100], Average Loss: 0.169690
  Diagnostics: H_ent_norm=0.6065, H_maxp=0.4573, pi_ent_norm=0.7898, pi_std=0.068048, effC=14.62, Lvar=0.000000, Lvar_active=0.0000, scale/adh_std=1
Epoch [90/100], Average Loss: 0.149629
  Diagnostics: H_ent_norm=0.5889, H_maxp=0.4719, pi_ent_norm=0.7664, pi_std=0.074403, effC=13.34, Lvar=0.000000, Lvar_active=0.0000, scale/adh_std=1
Epoch [100/100], Average Loss: 0.128867
  Diagnostics: H_ent_norm=0.5658, H_maxp=0.4913, pi_ent_norm=0.7396, pi_std=0.080709, effC=12.00, Lvar=0.000000, Lvar_active=0.0000, scale/adh_std=1
训练完成！实际训练 100 个epochs

--- 评估阶段 ---
  Facebook: AUROC=0.5929, AUPRC=0.0356
  cora: AUROC=0.8384, AUPRC=0.3839
  citeseer: AUROC=0.8995, AUPRC=0.4013
  ACM: AUROC=0.7821, AUPRC=0.3560
  BlogCatalog: AUROC=0.7035, AUPRC=0.3094
  weibo: AUROC=0.6932, AUPRC=0.2952
  Reddit: AUROC=0.5928, AUPRC=0.0458
  Amazon: AUROC=0.7108, AUPRC=0.1249

--- 保存模型 ---
检查点已保存到: /autodl-fs/data/recap/tuning_hyperparams/sensitivity_results/sensitivity_default_v2/checkpoints/num_hops__2/recap/trial_0/model.pt
模型已保存到: /autodl-fs/data/recap/tuning_hyperparams/sensitivity_results/sensitivity_default_v2/checkpoints/num_hops__2/recap/trial_0/model.pt

======================================================================
Trial 1 开始训练 (seed=1)
======================================================================
🔧 模型初始化视图数: 1 (单视图模式)

--- 训练阶段 ---
开始训练，共 100 个epochs...
关闭early stopping，训练将跑满设定epochs
🔧 Assignment layer LR multiplier: 10 (base_lr=5e-05, assignment_lr=0.0005)
Epoch [1/100], Average Loss: 0.539042
  Diagnostics: H_ent_norm=0.8599, H_maxp=0.1799, pi_ent_norm=0.9946, pi_std=0.006178, effC=27.50, Lvar=0.000002, Lvar_active=0.0005, scale/adh_std=1
Epoch [10/100], Average Loss: 0.429974
  Diagnostics: H_ent_norm=0.8091, H_maxp=0.2425, pi_ent_norm=0.9747, pi_std=0.014116, effC=25.80, Lvar=0.000001, Lvar_active=0.0005, scale/adh_std=1
Epoch [20/100], Average Loss: 0.356153
  Diagnostics: H_ent_norm=0.7449, H_maxp=0.3162, pi_ent_norm=0.9392, pi_std=0.023973, effC=23.16, Lvar=0.000000, Lvar_active=0.0005, scale/adh_std=1
Epoch [30/100], Average Loss: 0.306487
  Diagnostics: H_ent_norm=0.6949, H_maxp=0.3701, pi_ent_norm=0.9072, pi_std=0.031985, effC=21.09, Lvar=0.000000, Lvar_active=0.0005, scale/adh_std=1
Epoch [40/100], Average Loss: 0.275155
  Diagnostics: H_ent_norm=0.6682, H_maxp=0.3970, pi_ent_norm=0.8887, pi_std=0.037189, effC=19.93, Lvar=0.000000, Lvar_active=0.0000, scale/adh_std=1
Epoch [50/100], Average Loss: 0.251859
  Diagnostics: H_ent_norm=0.6587, H_maxp=0.4070, pi_ent_norm=0.8761, pi_std=0.041495, effC=19.18, Lvar=0.000000, Lvar_active=0.0000, scale/adh_std=1
Epoch [60/100], Average Loss: 0.234085
  Diagnostics: H_ent_norm=0.6478, H_maxp=0.4187, pi_ent_norm=0.8624, pi_std=0.045692, effC=18.41, Lvar=0.000000, Lvar_active=0.0000, scale/adh_std=1
Epoch [70/100], Average Loss: 0.221242
  Diagnostics: H_ent_norm=0.6391, H_maxp=0.4281, pi_ent_norm=0.8505, pi_std=0.049257, effC=17.74, Lvar=0.000000, Lvar_active=0.0000, scale/adh_std=1
Epoch [80/100], Average Loss: 0.204960
  Diagnostics: H_ent_norm=0.6286, H_maxp=0.4395, pi_ent_norm=0.8390, pi_std=0.053061, effC=17.07, Lvar=0.000000, Lvar_active=0.0000, scale/adh_std=1
Epoch [90/100], Average Loss: 0.188261
  Diagnostics: H_ent_norm=0.6102, H_maxp=0.4589, pi_ent_norm=0.8202, pi_std=0.058718, effC=15.97, Lvar=0.000000, Lvar_active=0.0000, scale/adh_std=1
Epoch [100/100], Average Loss: 0.168382
  Diagnostics: H_ent_norm=0.5880, H_maxp=0.4805, pi_ent_norm=0.7968, pi_std=0.065712, effC=14.57, Lvar=0.000000, Lvar_active=0.0000, scale/adh_std=1
训练完成！实际训练 100 个epochs

--- 评估阶段 ---
  Facebook: AUROC=0.5590, AUPRC=0.0483
  cora: AUROC=0.8367, AUPRC=0.3589
  citeseer: AUROC=0.8939, AUPRC=0.3958
  ACM: AUROC=0.7755, AUPRC=0.3523
  BlogCatalog: AUROC=0.7159, AUPRC=0.3193
  weibo: AUROC=0.7155, AUPRC=0.2961
  Reddit: AUROC=0.5921, AUPRC=0.0465
  Amazon: AUROC=0.7033, AUPRC=0.1223

--- 保存模型 ---
检查点已保存到: /autodl-fs/data/recap/tuning_hyperparams/sensitivity_results/sensitivity_default_v2/checkpoints/num_hops__2/recap/trial_1/model.pt
模型已保存到: /autodl-fs/data/recap/tuning_hyperparams/sensitivity_results/sensitivity_default_v2/checkpoints/num_hops__2/recap/trial_1/model.pt

======================================================================
Trial 2 开始训练 (seed=2)
======================================================================
🔧 模型初始化视图数: 1 (单视图模式)

--- 训练阶段 ---
开始训练，共 100 个epochs...
关闭early stopping，训练将跑满设定epochs
🔧 Assignment layer LR multiplier: 10 (base_lr=5e-05, assignment_lr=0.0005)
Epoch [1/100], Average Loss: 0.533233
  Diagnostics: H_ent_norm=0.8493, H_maxp=0.1888, pi_ent_norm=0.9964, pi_std=0.005132, effC=27.67, Lvar=0.000000, Lvar_active=0.0000, scale/adh_std=1
Epoch [10/100], Average Loss: 0.415152
  Diagnostics: H_ent_norm=0.7863, H_maxp=0.2646, pi_ent_norm=0.9785, pi_std=0.012473, effC=26.10, Lvar=0.000000, Lvar_active=0.0000, scale/adh_std=1
Epoch [20/100], Average Loss: 0.334797
  Diagnostics: H_ent_norm=0.7216, H_maxp=0.3315, pi_ent_norm=0.9551, pi_std=0.019077, effC=24.25, Lvar=0.000000, Lvar_active=0.0000, scale/adh_std=1
Epoch [30/100], Average Loss: 0.305383
  Diagnostics: H_ent_norm=0.6995, H_maxp=0.3551, pi_ent_norm=0.9456, pi_std=0.021463, effC=23.55, Lvar=0.000000, Lvar_active=0.0000, scale/adh_std=1
Epoch [40/100], Average Loss: 0.283368
  Diagnostics: H_ent_norm=0.6888, H_maxp=0.3672, pi_ent_norm=0.9398, pi_std=0.023180, effC=23.15, Lvar=0.000000, Lvar_active=0.0000, scale/adh_std=1
Epoch [50/100], Average Loss: 0.265946
  Diagnostics: H_ent_norm=0.6817, H_maxp=0.3753, pi_ent_norm=0.9362, pi_std=0.024508, effC=22.90, Lvar=0.000000, Lvar_active=0.0000, scale/adh_std=1
Epoch [60/100], Average Loss: 0.251618
  Diagnostics: H_ent_norm=0.6748, H_maxp=0.3832, pi_ent_norm=0.9317, pi_std=0.026059, effC=22.59, Lvar=0.000000, Lvar_active=0.0000, scale/adh_std=1
Epoch [70/100], Average Loss: 0.240758
  Diagnostics: H_ent_norm=0.6618, H_maxp=0.3970, pi_ent_norm=0.9218, pi_std=0.028968, effC=21.92, Lvar=0.000000, Lvar_active=0.0000, scale/adh_std=1
Epoch [80/100], Average Loss: 0.228078
  Diagnostics: H_ent_norm=0.6487, H_maxp=0.4101, pi_ent_norm=0.9110, pi_std=0.032205, effC=21.22, Lvar=0.000000, Lvar_active=0.0000, scale/adh_std=1
Epoch [90/100], Average Loss: 0.215715
  Diagnostics: H_ent_norm=0.6411, H_maxp=0.4171, pi_ent_norm=0.9032, pi_std=0.034940, effC=20.72, Lvar=0.000000, Lvar_active=0.0000, scale/adh_std=1
Epoch [100/100], Average Loss: 0.205486
  Diagnostics: H_ent_norm=0.6335, H_maxp=0.4234, pi_ent_norm=0.8951, pi_std=0.037737, effC=20.20, Lvar=0.000000, Lvar_active=0.0000, scale/adh_std=1
训练完成！实际训练 100 个epochs

--- 评估阶段 ---
  Facebook: AUROC=0.5524, AUPRC=0.0294
  cora: AUROC=0.8349, AUPRC=0.4120
  citeseer: AUROC=0.9054, AUPRC=0.4202
  ACM: AUROC=0.7855, AUPRC=0.3702
  BlogCatalog: AUROC=0.7357, AUPRC=0.3302
  weibo: AUROC=0.7295, AUPRC=0.2970
  Reddit: AUROC=0.5940, AUPRC=0.0454
  Amazon: AUROC=0.6900, AUPRC=0.1182

--- 保存模型 ---
检查点已保存到: /autodl-fs/data/recap/tuning_hyperparams/sensitivity_results/sensitivity_default_v2/checkpoints/num_hops__2/recap/trial_2/model.pt
模型已保存到: /autodl-fs/data/recap/tuning_hyperparams/sensitivity_results/sensitivity_default_v2/checkpoints/num_hops__2/recap/trial_2/model.pt

======================================================================
聚合 3 次试验的结果
======================================================================

------------------------- Facebook -------------------------
AUROC: 0.5681 ± 0.0177
AUPRC: 0.0378 ± 0.0078

------------------------- cora -------------------------
AUROC: 0.8367 ± 0.0014
AUPRC: 0.3849 ± 0.0217

------------------------- citeseer -------------------------
AUROC: 0.8996 ± 0.0047
AUPRC: 0.4058 ± 0.0105

------------------------- ACM -------------------------
AUROC: 0.7810 ± 0.0041
AUPRC: 0.3595 ± 0.0077

------------------------- BlogCatalog -------------------------
AUROC: 0.7183 ± 0.0133
AUPRC: 0.3196 ± 0.0085

------------------------- weibo -------------------------
AUROC: 0.7128 ± 0.0149
AUPRC: 0.2961 ± 0.0008

------------------------- Reddit -------------------------
AUROC: 0.5930 ± 0.0008
AUPRC: 0.0459 ± 0.0005

------------------------- Amazon -------------------------
AUROC: 0.7013 ± 0.0086
AUPRC: 0.1218 ± 0.0028


======================================================================
训练完成！
所有模型已保存到: /autodl-fs/data/recap/tuning_hyperparams/sensitivity_results/sensitivity_default_v2/checkpoints/num_hops__2/recap/
======================================================================

