/root/miniconda3/lib/python3.12/site-packages/torch_geometric/__init__.py:4: UserWarning: An issue occurred while importing 'torch-scatter'. Disabling its usage. Stacktrace: Could not load this library: /root/miniconda3/lib/python3.12/site-packages/torch_scatter/_version_cuda.so
  import torch_geometric.typing
/root/miniconda3/lib/python3.12/site-packages/torch_geometric/__init__.py:4: UserWarning: An issue occurred while importing 'torch-cluster'. Disabling its usage. Stacktrace: Could not load this library: /root/miniconda3/lib/python3.12/site-packages/torch_cluster/_version_cuda.so
  import torch_geometric.typing
/root/miniconda3/lib/python3.12/site-packages/torch_geometric/__init__.py:4: UserWarning: An issue occurred while importing 'torch-spline-conv'. Disabling its usage. Stacktrace: Could not load this library: /root/miniconda3/lib/python3.12/site-packages/torch_spline_conv/_version_cuda.so
  import torch_geometric.typing
/root/miniconda3/lib/python3.12/site-packages/torch_geometric/__init__.py:4: UserWarning: An issue occurred while importing 'torch-sparse'. Disabling its usage. Stacktrace: Could not load this library: /root/miniconda3/lib/python3.12/site-packages/torch_sparse/_version_cuda.so
  import torch_geometric.typing
使用保存的最佳模型配置

======================================================================
recap 异常检测模型训练
======================================================================

📋 训练配置:
  device: cuda:0
  epochs: 100
  trials: 3
  seed: 0
  output_dir: /autodl-fs/data/recap/tuning_hyperparams/sensitivity_results/sensitivity_default_v2/checkpoints/num_hops__3
  save_checkpoint: True
  early_stop: False
  patience: 30
  log_diagnostics: True
  diagnostics_interval: 10

🔧 模型配置:
  model: recap
  lr: 5e-05
  dropout_rate: 0.2
  h_feats: 256
  num_hops: 3
  weight_decay: 5e-05
  dims: 32
  num_layers: 2
  activation: ELU
  num_views: 1
  num_clusters: 28
  knn_k: 20
  cluster_lr_multiplier: 10.0
  tau_s: 0.08
  tau_c: 0.3
  cluster_init_gain: 1.5
  sim_block_size: 256
  knn_cache_enabled: True
  knn_cache_dir: /autodl-fs/data/recap/knn_cache
  knn_search_dtype: auto
  lambda_H: 0.1
  lambda_bal: 0.0
  lambda_E: 0.1
  lambda_usage_entropy: 0.1
  assignment_entropy_lower: 0.45
  assignment_entropy_upper: 0.85
  usage_entropy_lower: 0.65
  usage_entropy_upper: 0.9
  gamma: 0.1
  tau_e: 1.0
  beta: 0.02
  eps: 1e-08
  lambda_ortho: 0.1
  lambda_min_usage: 0.0
  lambda_diversity: 0.1
  min_cluster_ratio: 0.1

💾 保存设置:
  保存目录：/autodl-fs/data/recap/tuning_hyperparams/sensitivity_results/sensitivity_default_v2/checkpoints/num_hops__3
  保存检查点：True
======================================================================


📊 使用指定的训练数据集: ['pubmed', 'Flickr', 'questions', 'YelpChi']

📊 使用指定的测试数据集: ['Facebook', 'cora', 'citeseer', 'ACM', 'BlogCatalog', 'weibo', 'Reddit', 'Amazon']
加载 4 个训练数据集: ['pubmed', 'Flickr', 'questions', 'YelpChi']
加载 8 个测试数据集: ['Facebook', 'cora', 'citeseer', 'ACM', 'BlogCatalog', 'weibo', 'Reddit', 'Amazon']
进行 3 跳特征传播...

======================================================================
Trial 0 开始训练 (seed=0)
======================================================================
🔧 模型初始化视图数: 1 (单视图模式)

--- 训练阶段 ---
开始训练，共 100 个epochs...
关闭early stopping，训练将跑满设定epochs
🔧 Assignment layer LR multiplier: 10 (base_lr=5e-05, assignment_lr=0.0005)
Epoch [1/100], Average Loss: 0.533632
  Diagnostics: H_ent_norm=0.8484, H_maxp=0.1911, pi_ent_norm=0.9942, pi_std=0.006574, effC=27.47, Lvar=0.000000, Lvar_active=0.0000, scale/adh_std=1
Epoch [10/100], Average Loss: 0.383883
  Diagnostics: H_ent_norm=0.7435, H_maxp=0.3147, pi_ent_norm=0.9495, pi_std=0.021206, effC=23.84, Lvar=0.000000, Lvar_active=0.0000, scale/adh_std=1
Epoch [20/100], Average Loss: 0.306230
  Diagnostics: H_ent_norm=0.6614, H_maxp=0.4020, pi_ent_norm=0.9023, pi_std=0.032998, effC=20.68, Lvar=0.000000, Lvar_active=0.0000, scale/adh_std=1
Epoch [30/100], Average Loss: 0.270197
  Diagnostics: H_ent_norm=0.6194, H_maxp=0.4472, pi_ent_norm=0.8670, pi_std=0.041210, effC=18.63, Lvar=0.000000, Lvar_active=0.0000, scale/adh_std=1
Epoch [40/100], Average Loss: 0.249495
  Diagnostics: H_ent_norm=0.6033, H_maxp=0.4668, pi_ent_norm=0.8457, pi_std=0.046160, effC=17.51, Lvar=0.000000, Lvar_active=0.0000, scale/adh_std=1
Epoch [50/100], Average Loss: 0.232088
  Diagnostics: H_ent_norm=0.5918, H_maxp=0.4814, pi_ent_norm=0.8310, pi_std=0.049642, effC=16.76, Lvar=0.000000, Lvar_active=0.0000, scale/adh_std=1
Epoch [60/100], Average Loss: 0.218599
  Diagnostics: H_ent_norm=0.5789, H_maxp=0.4965, pi_ent_norm=0.8157, pi_std=0.053374, effC=16.01, Lvar=0.000000, Lvar_active=0.0000, scale/adh_std=1
Epoch [70/100], Average Loss: 0.207003
  Diagnostics: H_ent_norm=0.5763, H_maxp=0.5021, pi_ent_norm=0.8096, pi_std=0.055772, effC=15.62, Lvar=0.000000, Lvar_active=0.0000, scale/adh_std=1
Epoch [80/100], Average Loss: 0.190756
  Diagnostics: H_ent_norm=0.5746, H_maxp=0.5076, pi_ent_norm=0.8023, pi_std=0.059541, effC=15.03, Lvar=0.000000, Lvar_active=0.0000, scale/adh_std=1
Epoch [90/100], Average Loss: 0.172795
  Diagnostics: H_ent_norm=0.5569, H_maxp=0.5276, pi_ent_norm=0.7826, pi_std=0.066406, effC=13.80, Lvar=0.000000, Lvar_active=0.0000, scale/adh_std=1
Epoch [100/100], Average Loss: 0.153718
  Diagnostics: H_ent_norm=0.5325, H_maxp=0.5477, pi_ent_norm=0.7552, pi_std=0.074595, effC=12.42, Lvar=0.000000, Lvar_active=0.0000, scale/adh_std=1
训练完成！实际训练 100 个epochs

--- 评估阶段 ---
  Facebook: AUROC=0.5899, AUPRC=0.0393
  cora: AUROC=0.8285, AUPRC=0.4064
  citeseer: AUROC=0.9032, AUPRC=0.4220
  ACM: AUROC=0.7858, AUPRC=0.3675
  BlogCatalog: AUROC=0.7217, AUPRC=0.3211
  weibo: AUROC=0.7801, AUPRC=0.3091
  Reddit: AUROC=0.5940, AUPRC=0.0467
  Amazon: AUROC=0.6889, AUPRC=0.1194

--- 保存模型 ---
检查点已保存到: /autodl-fs/data/recap/tuning_hyperparams/sensitivity_results/sensitivity_default_v2/checkpoints/num_hops__3/recap/trial_0/model.pt
模型已保存到: /autodl-fs/data/recap/tuning_hyperparams/sensitivity_results/sensitivity_default_v2/checkpoints/num_hops__3/recap/trial_0/model.pt

======================================================================
Trial 1 开始训练 (seed=1)
======================================================================
🔧 模型初始化视图数: 1 (单视图模式)

--- 训练阶段 ---
开始训练，共 100 个epochs...
关闭early stopping，训练将跑满设定epochs
🔧 Assignment layer LR multiplier: 10 (base_lr=5e-05, assignment_lr=0.0005)
Epoch [1/100], Average Loss: 0.527373
  Diagnostics: H_ent_norm=0.8461, H_maxp=0.1909, pi_ent_norm=0.9951, pi_std=0.006015, effC=27.55, Lvar=0.000001, Lvar_active=0.0003, scale/adh_std=1
Epoch [10/100], Average Loss: 0.392745
  Diagnostics: H_ent_norm=0.7649, H_maxp=0.2879, pi_ent_norm=0.9653, pi_std=0.016391, effC=25.03, Lvar=0.000001, Lvar_active=0.0003, scale/adh_std=1
Epoch [20/100], Average Loss: 0.320567
  Diagnostics: H_ent_norm=0.6987, H_maxp=0.3568, pi_ent_norm=0.9361, pi_std=0.023447, effC=22.86, Lvar=0.000001, Lvar_active=0.0003, scale/adh_std=1
Epoch [30/100], Average Loss: 0.296476
  Diagnostics: H_ent_norm=0.6786, H_maxp=0.3795, pi_ent_norm=0.9221, pi_std=0.026838, effC=21.93, Lvar=0.000001, Lvar_active=0.0003, scale/adh_std=1
Epoch [40/100], Average Loss: 0.275829
  Diagnostics: H_ent_norm=0.6715, H_maxp=0.3894, pi_ent_norm=0.9138, pi_std=0.029431, effC=21.41, Lvar=0.000002, Lvar_active=0.0003, scale/adh_std=1
Epoch [50/100], Average Loss: 0.261947
  Diagnostics: H_ent_norm=0.6672, H_maxp=0.3961, pi_ent_norm=0.9069, pi_std=0.031783, effC=20.97, Lvar=0.000002, Lvar_active=0.0003, scale/adh_std=1
Epoch [60/100], Average Loss: 0.245863
  Diagnostics: H_ent_norm=0.6595, H_maxp=0.4067, pi_ent_norm=0.8962, pi_std=0.035438, effC=20.31, Lvar=0.000002, Lvar_active=0.0003, scale/adh_std=1
Epoch [70/100], Average Loss: 0.227765
  Diagnostics: H_ent_norm=0.6537, H_maxp=0.4143, pi_ent_norm=0.8868, pi_std=0.039163, effC=19.72, Lvar=0.000001, Lvar_active=0.0003, scale/adh_std=1
Epoch [80/100], Average Loss: 0.213415
  Diagnostics: H_ent_norm=0.6427, H_maxp=0.4299, pi_ent_norm=0.8751, pi_std=0.043566, effC=18.92, Lvar=0.000001, Lvar_active=0.0003, scale/adh_std=1
Epoch [90/100], Average Loss: 0.190385
  Diagnostics: H_ent_norm=0.6147, H_maxp=0.4629, pi_ent_norm=0.8465, pi_std=0.052516, effC=17.06, Lvar=0.000000, Lvar_active=0.0000, scale/adh_std=1
Epoch [100/100], Average Loss: 0.165083
  Diagnostics: H_ent_norm=0.5705, H_maxp=0.5078, pi_ent_norm=0.8029, pi_std=0.064386, effC=14.57, Lvar=0.000000, Lvar_active=0.0000, scale/adh_std=1
训练完成！实际训练 100 个epochs

--- 评估阶段 ---
  Facebook: AUROC=0.5861, AUPRC=0.0481
  cora: AUROC=0.8337, AUPRC=0.4115
  citeseer: AUROC=0.8963, AUPRC=0.4382
  ACM: AUROC=0.7821, AUPRC=0.3676
  BlogCatalog: AUROC=0.7387, AUPRC=0.3246
  weibo: AUROC=0.7767, AUPRC=0.3055
  Reddit: AUROC=0.5847, AUPRC=0.0456
  Amazon: AUROC=0.7453, AUPRC=0.1395

--- 保存模型 ---
检查点已保存到: /autodl-fs/data/recap/tuning_hyperparams/sensitivity_results/sensitivity_default_v2/checkpoints/num_hops__3/recap/trial_1/model.pt
模型已保存到: /autodl-fs/data/recap/tuning_hyperparams/sensitivity_results/sensitivity_default_v2/checkpoints/num_hops__3/recap/trial_1/model.pt

======================================================================
Trial 2 开始训练 (seed=2)
======================================================================
🔧 模型初始化视图数: 1 (单视图模式)

--- 训练阶段 ---
开始训练，共 100 个epochs...
关闭early stopping，训练将跑满设定epochs
🔧 Assignment layer LR multiplier: 10 (base_lr=5e-05, assignment_lr=0.0005)
Epoch [1/100], Average Loss: 0.522549
  Diagnostics: H_ent_norm=0.8494, H_maxp=0.1899, pi_ent_norm=0.9955, pi_std=0.005734, effC=27.58, Lvar=0.000000, Lvar_active=0.0000, scale/adh_std=1
Epoch [10/100], Average Loss: 0.386447
  Diagnostics: H_ent_norm=0.7612, H_maxp=0.2899, pi_ent_norm=0.9687, pi_std=0.015363, effC=25.28, Lvar=0.000000, Lvar_active=0.0000, scale/adh_std=1
Epoch [20/100], Average Loss: 0.321943
  Diagnostics: H_ent_norm=0.7102, H_maxp=0.3446, pi_ent_norm=0.9471, pi_std=0.020772, effC=23.62, Lvar=0.000000, Lvar_active=0.0000, scale/adh_std=1
Epoch [30/100], Average Loss: 0.291251
  Diagnostics: H_ent_norm=0.6843, H_maxp=0.3745, pi_ent_norm=0.9296, pi_std=0.024969, effC=22.39, Lvar=0.000000, Lvar_active=0.0000, scale/adh_std=1
Epoch [40/100], Average Loss: 0.271105
  Diagnostics: H_ent_norm=0.6727, H_maxp=0.3889, pi_ent_norm=0.9198, pi_std=0.027410, effC=21.75, Lvar=0.000000, Lvar_active=0.0000, scale/adh_std=1
Epoch [50/100], Average Loss: 0.259364
  Diagnostics: H_ent_norm=0.6686, H_maxp=0.3954, pi_ent_norm=0.9139, pi_std=0.029325, effC=21.36, Lvar=0.000000, Lvar_active=0.0000, scale/adh_std=1
Epoch [60/100], Average Loss: 0.246982
  Diagnostics: H_ent_norm=0.6659, H_maxp=0.3999, pi_ent_norm=0.9086, pi_std=0.031074, effC=21.02, Lvar=0.000000, Lvar_active=0.0000, scale/adh_std=1
Epoch [70/100], Average Loss: 0.237564
  Diagnostics: H_ent_norm=0.6649, H_maxp=0.4020, pi_ent_norm=0.9046, pi_std=0.032424, effC=20.77, Lvar=0.000000, Lvar_active=0.0000, scale/adh_std=1
Epoch [80/100], Average Loss: 0.226151
  Diagnostics: H_ent_norm=0.6625, H_maxp=0.4059, pi_ent_norm=0.8992, pi_std=0.034002, effC=20.45, Lvar=0.000000, Lvar_active=0.0000, scale/adh_std=1
Epoch [90/100], Average Loss: 0.220148
  Diagnostics: H_ent_norm=0.6609, H_maxp=0.4083, pi_ent_norm=0.8961, pi_std=0.035025, effC=20.25, Lvar=0.000000, Lvar_active=0.0000, scale/adh_std=1
Epoch [100/100], Average Loss: 0.213688
  Diagnostics: H_ent_norm=0.6542, H_maxp=0.4153, pi_ent_norm=0.8878, pi_std=0.037207, effC=19.77, Lvar=0.000000, Lvar_active=0.0000, scale/adh_std=1
训练完成！实际训练 100 个epochs

--- 评估阶段 ---
  Facebook: AUROC=0.5590, AUPRC=0.0325
  cora: AUROC=0.8236, AUPRC=0.4057
  citeseer: AUROC=0.9045, AUPRC=0.4508
  ACM: AUROC=0.7843, AUPRC=0.3720
  BlogCatalog: AUROC=0.7237, AUPRC=0.3257
  weibo: AUROC=0.7617, AUPRC=0.3062
  Reddit: AUROC=0.5886, AUPRC=0.0451
  Amazon: AUROC=0.7014, AUPRC=0.1211

--- 保存模型 ---
检查点已保存到: /autodl-fs/data/recap/tuning_hyperparams/sensitivity_results/sensitivity_default_v2/checkpoints/num_hops__3/recap/trial_2/model.pt
模型已保存到: /autodl-fs/data/recap/tuning_hyperparams/sensitivity_results/sensitivity_default_v2/checkpoints/num_hops__3/recap/trial_2/model.pt

======================================================================
聚合 3 次试验的结果
======================================================================

------------------------- Facebook -------------------------
AUROC: 0.5783 ± 0.0138
AUPRC: 0.0399 ± 0.0064

------------------------- cora -------------------------
AUROC: 0.8286 ± 0.0041
AUPRC: 0.4079 ± 0.0026

------------------------- citeseer -------------------------
AUROC: 0.9013 ± 0.0036
AUPRC: 0.4370 ± 0.0118

------------------------- ACM -------------------------
AUROC: 0.7841 ± 0.0015
AUPRC: 0.3690 ± 0.0021

------------------------- BlogCatalog -------------------------
AUROC: 0.7280 ± 0.0076
AUPRC: 0.3238 ± 0.0020

------------------------- weibo -------------------------
AUROC: 0.7728 ± 0.0080
AUPRC: 0.3069 ± 0.0016

------------------------- Reddit -------------------------
AUROC: 0.5891 ± 0.0038
AUPRC: 0.0458 ± 0.0007

------------------------- Amazon -------------------------
AUROC: 0.7119 ± 0.0242
AUPRC: 0.1267 ± 0.0091


======================================================================
训练完成！
所有模型已保存到: /autodl-fs/data/recap/tuning_hyperparams/sensitivity_results/sensitivity_default_v2/checkpoints/num_hops__3/recap/
======================================================================

