/root/miniconda3/lib/python3.12/site-packages/torch_geometric/__init__.py:4: UserWarning: An issue occurred while importing 'torch-scatter'. Disabling its usage. Stacktrace: Could not load this library: /root/miniconda3/lib/python3.12/site-packages/torch_scatter/_version_cuda.so
  import torch_geometric.typing
/root/miniconda3/lib/python3.12/site-packages/torch_geometric/__init__.py:4: UserWarning: An issue occurred while importing 'torch-cluster'. Disabling its usage. Stacktrace: Could not load this library: /root/miniconda3/lib/python3.12/site-packages/torch_cluster/_version_cuda.so
  import torch_geometric.typing
/root/miniconda3/lib/python3.12/site-packages/torch_geometric/__init__.py:4: UserWarning: An issue occurred while importing 'torch-spline-conv'. Disabling its usage. Stacktrace: Could not load this library: /root/miniconda3/lib/python3.12/site-packages/torch_spline_conv/_version_cuda.so
  import torch_geometric.typing
/root/miniconda3/lib/python3.12/site-packages/torch_geometric/__init__.py:4: UserWarning: An issue occurred while importing 'torch-sparse'. Disabling its usage. Stacktrace: Could not load this library: /root/miniconda3/lib/python3.12/site-packages/torch_sparse/_version_cuda.so
  import torch_geometric.typing
使用保存的最佳模型配置

======================================================================
recap 异常检测模型训练
======================================================================

📋 训练配置:
  device: cuda:0
  epochs: 100
  trials: 3
  seed: 0
  output_dir: /autodl-fs/data/recap/tuning_hyperparams/sensitivity_results/sensitivity_default_v2/checkpoints/tau_c__0p28
  save_checkpoint: True
  early_stop: False
  patience: 30
  log_diagnostics: True
  diagnostics_interval: 10

🔧 模型配置:
  model: recap
  lr: 5e-05
  dropout_rate: 0.2
  h_feats: 256
  num_hops: 4
  weight_decay: 5e-05
  dims: 32
  num_layers: 2
  activation: ELU
  num_views: 1
  num_clusters: 28
  knn_k: 20
  cluster_lr_multiplier: 10.0
  tau_s: 0.08
  tau_c: 0.28
  cluster_init_gain: 1.5
  sim_block_size: 256
  knn_cache_enabled: True
  knn_cache_dir: /autodl-fs/data/recap/knn_cache
  knn_search_dtype: auto
  lambda_H: 0.1
  lambda_bal: 0.0
  lambda_E: 0.1
  lambda_usage_entropy: 0.1
  assignment_entropy_lower: 0.45
  assignment_entropy_upper: 0.85
  usage_entropy_lower: 0.65
  usage_entropy_upper: 0.9
  gamma: 0.1
  tau_e: 1.0
  beta: 0.02
  eps: 1e-08
  lambda_ortho: 0.1
  lambda_min_usage: 0.0
  lambda_diversity: 0.1
  min_cluster_ratio: 0.1

💾 保存设置:
  保存目录：/autodl-fs/data/recap/tuning_hyperparams/sensitivity_results/sensitivity_default_v2/checkpoints/tau_c__0p28
  保存检查点：True
======================================================================


📊 使用指定的训练数据集: ['pubmed', 'Flickr', 'questions', 'YelpChi']

📊 使用指定的测试数据集: ['Facebook', 'cora', 'citeseer', 'ACM', 'BlogCatalog', 'weibo', 'Reddit', 'Amazon']
加载 4 个训练数据集: ['pubmed', 'Flickr', 'questions', 'YelpChi']
加载 8 个测试数据集: ['Facebook', 'cora', 'citeseer', 'ACM', 'BlogCatalog', 'weibo', 'Reddit', 'Amazon']
进行 4 跳特征传播...

======================================================================
Trial 0 开始训练 (seed=0)
======================================================================
🔧 模型初始化视图数: 1 (单视图模式)

--- 训练阶段 ---
开始训练，共 100 个epochs...
关闭early stopping，训练将跑满设定epochs
🔧 Assignment layer LR multiplier: 10 (base_lr=5e-05, assignment_lr=0.0005)
Epoch [1/100], Average Loss: 0.538866
  Diagnostics: H_ent_norm=0.8199, H_maxp=0.2186, pi_ent_norm=0.9915, pi_std=0.008110, effC=27.23, Lvar=0.000000, Lvar_active=0.0000, scale/adh_std=1
Epoch [10/100], Average Loss: 0.349998
  Diagnostics: H_ent_norm=0.6766, H_maxp=0.3824, pi_ent_norm=0.9176, pi_std=0.028991, effC=21.63, Lvar=0.000000, Lvar_active=0.0000, scale/adh_std=1
Epoch [20/100], Average Loss: 0.286198
  Diagnostics: H_ent_norm=0.6040, H_maxp=0.4578, pi_ent_norm=0.8662, pi_std=0.039183, effC=18.64, Lvar=0.000000, Lvar_active=0.0000, scale/adh_std=1
Epoch [30/100], Average Loss: 0.260668
  Diagnostics: H_ent_norm=0.5943, H_maxp=0.4713, pi_ent_norm=0.8489, pi_std=0.043593, effC=17.77, Lvar=0.000000, Lvar_active=0.0000, scale/adh_std=1
Epoch [40/100], Average Loss: 0.232346
  Diagnostics: H_ent_norm=0.5966, H_maxp=0.4729, pi_ent_norm=0.8344, pi_std=0.047921, effC=17.05, Lvar=0.000000, Lvar_active=0.0000, scale/adh_std=1
Epoch [50/100], Average Loss: 0.215069
  Diagnostics: H_ent_norm=0.5922, H_maxp=0.4809, pi_ent_norm=0.8220, pi_std=0.050639, effC=16.46, Lvar=0.000000, Lvar_active=0.0000, scale/adh_std=1
Epoch [60/100], Average Loss: 0.196664
  Diagnostics: H_ent_norm=0.5906, H_maxp=0.4843, pi_ent_norm=0.8128, pi_std=0.052982, effC=16.03, Lvar=0.000000, Lvar_active=0.0000, scale/adh_std=1
Epoch [70/100], Average Loss: 0.182182
  Diagnostics: H_ent_norm=0.5871, H_maxp=0.4867, pi_ent_norm=0.8068, pi_std=0.054667, effC=15.76, Lvar=0.000000, Lvar_active=0.0000, scale/adh_std=1
Epoch [80/100], Average Loss: 0.170348
  Diagnostics: H_ent_norm=0.5810, H_maxp=0.4887, pi_ent_norm=0.8014, pi_std=0.056266, effC=15.51, Lvar=0.000000, Lvar_active=0.0000, scale/adh_std=1
Epoch [90/100], Average Loss: 0.159417
  Diagnostics: H_ent_norm=0.5816, H_maxp=0.4802, pi_ent_norm=0.8007, pi_std=0.057391, effC=15.46, Lvar=0.000000, Lvar_active=0.0000, scale/adh_std=1
Epoch [100/100], Average Loss: 0.147455
  Diagnostics: H_ent_norm=0.5826, H_maxp=0.4649, pi_ent_norm=0.8000, pi_std=0.058696, effC=15.39, Lvar=0.000000, Lvar_active=0.0000, scale/adh_std=1
训练完成！实际训练 100 个epochs

--- 评估阶段 ---
  Facebook: AUROC=0.6091, AUPRC=0.0472
  cora: AUROC=0.8206, AUPRC=0.3956
  citeseer: AUROC=0.8967, AUPRC=0.4206
  ACM: AUROC=0.7795, AUPRC=0.3672
  BlogCatalog: AUROC=0.7160, AUPRC=0.3165
  weibo: AUROC=0.7540, AUPRC=0.3205
  Reddit: AUROC=0.5843, AUPRC=0.0455
  Amazon: AUROC=0.7370, AUPRC=0.1370

--- 保存模型 ---
检查点已保存到: /autodl-fs/data/recap/tuning_hyperparams/sensitivity_results/sensitivity_default_v2/checkpoints/tau_c__0p28/recap/trial_0/model.pt
模型已保存到: /autodl-fs/data/recap/tuning_hyperparams/sensitivity_results/sensitivity_default_v2/checkpoints/tau_c__0p28/recap/trial_0/model.pt

======================================================================
Trial 1 开始训练 (seed=1)
======================================================================
🔧 模型初始化视图数: 1 (单视图模式)

--- 训练阶段 ---
开始训练，共 100 个epochs...
关闭early stopping，训练将跑满设定epochs
🔧 Assignment layer LR multiplier: 10 (base_lr=5e-05, assignment_lr=0.0005)
Epoch [1/100], Average Loss: 0.541575
  Diagnostics: H_ent_norm=0.8183, H_maxp=0.2156, pi_ent_norm=0.9954, pi_std=0.005867, effC=27.58, Lvar=0.000001, Lvar_active=0.0002, scale/adh_std=1
Epoch [10/100], Average Loss: 0.360751
  Diagnostics: H_ent_norm=0.6979, H_maxp=0.3500, pi_ent_norm=0.9505, pi_std=0.019983, effC=23.89, Lvar=0.000001, Lvar_active=0.0002, scale/adh_std=1
Epoch [20/100], Average Loss: 0.306019
  Diagnostics: H_ent_norm=0.6482, H_maxp=0.4051, pi_ent_norm=0.9230, pi_std=0.025664, effC=21.98, Lvar=0.000001, Lvar_active=0.0002, scale/adh_std=1
Epoch [30/100], Average Loss: 0.280102
  Diagnostics: H_ent_norm=0.6394, H_maxp=0.4176, pi_ent_norm=0.9142, pi_std=0.028152, effC=21.41, Lvar=0.000001, Lvar_active=0.0002, scale/adh_std=1
Epoch [40/100], Average Loss: 0.257718
  Diagnostics: H_ent_norm=0.6332, H_maxp=0.4263, pi_ent_norm=0.9053, pi_std=0.030977, effC=20.83, Lvar=0.000001, Lvar_active=0.0002, scale/adh_std=1
Epoch [50/100], Average Loss: 0.240005
  Diagnostics: H_ent_norm=0.6286, H_maxp=0.4339, pi_ent_norm=0.8953, pi_std=0.034392, effC=20.22, Lvar=0.000001, Lvar_active=0.0002, scale/adh_std=1
Epoch [60/100], Average Loss: 0.224188
  Diagnostics: H_ent_norm=0.6229, H_maxp=0.4417, pi_ent_norm=0.8847, pi_std=0.037591, effC=19.59, Lvar=0.000002, Lvar_active=0.0002, scale/adh_std=1
Epoch [70/100], Average Loss: 0.211940
  Diagnostics: H_ent_norm=0.6190, H_maxp=0.4470, pi_ent_norm=0.8728, pi_std=0.040998, effC=18.93, Lvar=0.000002, Lvar_active=0.0002, scale/adh_std=1
Epoch [80/100], Average Loss: 0.199869
  Diagnostics: H_ent_norm=0.6139, H_maxp=0.4534, pi_ent_norm=0.8630, pi_std=0.043625, effC=18.39, Lvar=0.000002, Lvar_active=0.0002, scale/adh_std=1
Epoch [90/100], Average Loss: 0.190501
  Diagnostics: H_ent_norm=0.6086, H_maxp=0.4598, pi_ent_norm=0.8539, pi_std=0.045826, effC=17.91, Lvar=0.000002, Lvar_active=0.0002, scale/adh_std=1
Epoch [100/100], Average Loss: 0.179629
  Diagnostics: H_ent_norm=0.6057, H_maxp=0.4628, pi_ent_norm=0.8459, pi_std=0.047896, effC=17.50, Lvar=0.000002, Lvar_active=0.0002, scale/adh_std=1
训练完成！实际训练 100 个epochs

--- 评估阶段 ---
  Facebook: AUROC=0.5955, AUPRC=0.0520
  cora: AUROC=0.8227, AUPRC=0.4205
  citeseer: AUROC=0.8994, AUPRC=0.4644
  ACM: AUROC=0.7725, AUPRC=0.3694
  BlogCatalog: AUROC=0.7256, AUPRC=0.3245
  weibo: AUROC=0.7296, AUPRC=0.3045
  Reddit: AUROC=0.5907, AUPRC=0.0467
  Amazon: AUROC=0.7091, AUPRC=0.1222

--- 保存模型 ---
检查点已保存到: /autodl-fs/data/recap/tuning_hyperparams/sensitivity_results/sensitivity_default_v2/checkpoints/tau_c__0p28/recap/trial_1/model.pt
模型已保存到: /autodl-fs/data/recap/tuning_hyperparams/sensitivity_results/sensitivity_default_v2/checkpoints/tau_c__0p28/recap/trial_1/model.pt

======================================================================
Trial 2 开始训练 (seed=2)
======================================================================
🔧 模型初始化视图数: 1 (单视图模式)

--- 训练阶段 ---
开始训练，共 100 个epochs...
关闭early stopping，训练将跑满设定epochs
🔧 Assignment layer LR multiplier: 10 (base_lr=5e-05, assignment_lr=0.0005)
Epoch [1/100], Average Loss: 0.531971
  Diagnostics: H_ent_norm=0.8260, H_maxp=0.2129, pi_ent_norm=0.9920, pi_std=0.007789, effC=27.27, Lvar=0.000000, Lvar_active=0.0000, scale/adh_std=1
Epoch [10/100], Average Loss: 0.352872
  Diagnostics: H_ent_norm=0.6973, H_maxp=0.3562, pi_ent_norm=0.9286, pi_std=0.026109, effC=22.35, Lvar=0.000000, Lvar_active=0.0000, scale/adh_std=1
Epoch [20/100], Average Loss: 0.300904
  Diagnostics: H_ent_norm=0.6546, H_maxp=0.4039, pi_ent_norm=0.8955, pi_std=0.033408, effC=20.30, Lvar=0.000000, Lvar_active=0.0000, scale/adh_std=1
Epoch [30/100], Average Loss: 0.275593
  Diagnostics: H_ent_norm=0.6520, H_maxp=0.4090, pi_ent_norm=0.8898, pi_std=0.035344, effC=19.95, Lvar=0.000000, Lvar_active=0.0000, scale/adh_std=1
Epoch [40/100], Average Loss: 0.258266
  Diagnostics: H_ent_norm=0.6475, H_maxp=0.4155, pi_ent_norm=0.8846, pi_std=0.036949, effC=19.63, Lvar=0.000000, Lvar_active=0.0000, scale/adh_std=1
Epoch [50/100], Average Loss: 0.244612
  Diagnostics: H_ent_norm=0.6421, H_maxp=0.4223, pi_ent_norm=0.8750, pi_std=0.039787, effC=19.08, Lvar=0.000000, Lvar_active=0.0000, scale/adh_std=1
Epoch [60/100], Average Loss: 0.231324
  Diagnostics: H_ent_norm=0.6259, H_maxp=0.4405, pi_ent_norm=0.8559, pi_std=0.044631, effC=18.03, Lvar=0.000000, Lvar_active=0.0000, scale/adh_std=1
Epoch [70/100], Average Loss: 0.215605
  Diagnostics: H_ent_norm=0.6180, H_maxp=0.4525, pi_ent_norm=0.8415, pi_std=0.048508, effC=17.26, Lvar=0.000000, Lvar_active=0.0000, scale/adh_std=1
Epoch [80/100], Average Loss: 0.200470
  Diagnostics: H_ent_norm=0.6055, H_maxp=0.4678, pi_ent_norm=0.8258, pi_std=0.052842, effC=16.42, Lvar=0.000000, Lvar_active=0.0000, scale/adh_std=1
Epoch [90/100], Average Loss: 0.186823
  Diagnostics: H_ent_norm=0.5905, H_maxp=0.4871, pi_ent_norm=0.8066, pi_std=0.058289, effC=15.34, Lvar=0.000000, Lvar_active=0.0000, scale/adh_std=1
Epoch [100/100], Average Loss: 0.165752
  Diagnostics: H_ent_norm=0.5664, H_maxp=0.5147, pi_ent_norm=0.7772, pi_std=0.066230, effC=13.69, Lvar=0.000000, Lvar_active=0.0000, scale/adh_std=1
训练完成！实际训练 100 个epochs

--- 评估阶段 ---
  Facebook: AUROC=0.5927, AUPRC=0.0401
  cora: AUROC=0.8206, AUPRC=0.4048
  citeseer: AUROC=0.9039, AUPRC=0.4428
  ACM: AUROC=0.7850, AUPRC=0.3722
  BlogCatalog: AUROC=0.7417, AUPRC=0.3295
  weibo: AUROC=0.7308, AUPRC=0.3100
  Reddit: AUROC=0.5874, AUPRC=0.0456
  Amazon: AUROC=0.7234, AUPRC=0.1274

--- 保存模型 ---
检查点已保存到: /autodl-fs/data/recap/tuning_hyperparams/sensitivity_results/sensitivity_default_v2/checkpoints/tau_c__0p28/recap/trial_2/model.pt
模型已保存到: /autodl-fs/data/recap/tuning_hyperparams/sensitivity_results/sensitivity_default_v2/checkpoints/tau_c__0p28/recap/trial_2/model.pt

======================================================================
聚合 3 次试验的结果
======================================================================

------------------------- Facebook -------------------------
AUROC: 0.5991 ± 0.0072
AUPRC: 0.0464 ± 0.0049

------------------------- cora -------------------------
AUROC: 0.8213 ± 0.0010
AUPRC: 0.4070 ± 0.0103

------------------------- citeseer -------------------------
AUROC: 0.9000 ± 0.0030
AUPRC: 0.4426 ± 0.0179

------------------------- ACM -------------------------
AUROC: 0.7790 ± 0.0051
AUPRC: 0.3696 ± 0.0020

------------------------- BlogCatalog -------------------------
AUROC: 0.7278 ± 0.0106
AUPRC: 0.3235 ± 0.0054

------------------------- weibo -------------------------
AUROC: 0.7381 ± 0.0113
AUPRC: 0.3116 ± 0.0066

------------------------- Reddit -------------------------
AUROC: 0.5874 ± 0.0026
AUPRC: 0.0459 ± 0.0005

------------------------- Amazon -------------------------
AUROC: 0.7232 ± 0.0114
AUPRC: 0.1288 ± 0.0061


======================================================================
训练完成！
所有模型已保存到: /autodl-fs/data/recap/tuning_hyperparams/sensitivity_results/sensitivity_default_v2/checkpoints/tau_c__0p28/recap/
======================================================================

