/root/miniconda3/lib/python3.12/site-packages/torch_geometric/__init__.py:4: UserWarning: An issue occurred while importing 'torch-scatter'. Disabling its usage. Stacktrace: Could not load this library: /root/miniconda3/lib/python3.12/site-packages/torch_scatter/_version_cuda.so
  import torch_geometric.typing
/root/miniconda3/lib/python3.12/site-packages/torch_geometric/__init__.py:4: UserWarning: An issue occurred while importing 'torch-cluster'. Disabling its usage. Stacktrace: Could not load this library: /root/miniconda3/lib/python3.12/site-packages/torch_cluster/_version_cuda.so
  import torch_geometric.typing
/root/miniconda3/lib/python3.12/site-packages/torch_geometric/__init__.py:4: UserWarning: An issue occurred while importing 'torch-spline-conv'. Disabling its usage. Stacktrace: Could not load this library: /root/miniconda3/lib/python3.12/site-packages/torch_spline_conv/_version_cuda.so
  import torch_geometric.typing
/root/miniconda3/lib/python3.12/site-packages/torch_geometric/__init__.py:4: UserWarning: An issue occurred while importing 'torch-sparse'. Disabling its usage. Stacktrace: Could not load this library: /root/miniconda3/lib/python3.12/site-packages/torch_sparse/_version_cuda.so
  import torch_geometric.typing
使用保存的最佳模型配置

======================================================================
recap 异常检测模型训练
======================================================================

📋 训练配置:
  device: cuda:0
  epochs: 100
  trials: 3
  seed: 0
  output_dir: /autodl-fs/data/recap/tuning_hyperparams/sensitivity_results/sensitivity_default_v2/checkpoints/tau_s__0p2
  save_checkpoint: True
  early_stop: False
  patience: 30
  log_diagnostics: True
  diagnostics_interval: 10

🔧 模型配置:
  model: recap
  lr: 5e-05
  dropout_rate: 0.2
  h_feats: 256
  num_hops: 4
  weight_decay: 5e-05
  dims: 32
  num_layers: 2
  activation: ELU
  num_views: 1
  num_clusters: 28
  knn_k: 20
  cluster_lr_multiplier: 10.0
  tau_s: 0.2
  tau_c: 0.3
  cluster_init_gain: 1.5
  sim_block_size: 256
  knn_cache_enabled: True
  knn_cache_dir: /autodl-fs/data/recap/knn_cache
  knn_search_dtype: auto
  lambda_H: 0.1
  lambda_bal: 0.0
  lambda_E: 0.1
  lambda_usage_entropy: 0.1
  assignment_entropy_lower: 0.45
  assignment_entropy_upper: 0.85
  usage_entropy_lower: 0.65
  usage_entropy_upper: 0.9
  gamma: 0.1
  tau_e: 1.0
  beta: 0.02
  eps: 1e-08
  lambda_ortho: 0.1
  lambda_min_usage: 0.0
  lambda_diversity: 0.1
  min_cluster_ratio: 0.1

💾 保存设置:
  保存目录：/autodl-fs/data/recap/tuning_hyperparams/sensitivity_results/sensitivity_default_v2/checkpoints/tau_s__0p2
  保存检查点：True
======================================================================


📊 使用指定的训练数据集: ['pubmed', 'Flickr', 'questions', 'YelpChi']

📊 使用指定的测试数据集: ['Facebook', 'cora', 'citeseer', 'ACM', 'BlogCatalog', 'weibo', 'Reddit', 'Amazon']
加载 4 个训练数据集: ['pubmed', 'Flickr', 'questions', 'YelpChi']
加载 8 个测试数据集: ['Facebook', 'cora', 'citeseer', 'ACM', 'BlogCatalog', 'weibo', 'Reddit', 'Amazon']
进行 4 跳特征传播...

======================================================================
Trial 0 开始训练 (seed=0)
======================================================================
🔧 模型初始化视图数: 1 (单视图模式)

--- 训练阶段 ---
开始训练，共 100 个epochs...
关闭early stopping，训练将跑满设定epochs
🔧 Assignment layer LR multiplier: 10 (base_lr=5e-05, assignment_lr=0.0005)
Epoch [1/100], Average Loss: 0.542486
  Diagnostics: H_ent_norm=0.8369, H_maxp=0.2036, pi_ent_norm=0.9929, pi_std=0.007402, effC=27.35, Lvar=0.000000, Lvar_active=0.0000, scale/adh_std=1
Epoch [10/100], Average Loss: 0.369205
  Diagnostics: H_ent_norm=0.7125, H_maxp=0.3482, pi_ent_norm=0.9350, pi_std=0.024970, effC=22.79, Lvar=0.000000, Lvar_active=0.0000, scale/adh_std=1
Epoch [20/100], Average Loss: 0.303641
  Diagnostics: H_ent_norm=0.6376, H_maxp=0.4244, pi_ent_norm=0.8913, pi_std=0.033932, effC=20.01, Lvar=0.000000, Lvar_active=0.0000, scale/adh_std=1
Epoch [30/100], Average Loss: 0.285397
  Diagnostics: H_ent_norm=0.6333, H_maxp=0.4305, pi_ent_norm=0.8858, pi_std=0.035364, effC=19.69, Lvar=0.000000, Lvar_active=0.0000, scale/adh_std=1
Epoch [40/100], Average Loss: 0.268470
  Diagnostics: H_ent_norm=0.6271, H_maxp=0.4380, pi_ent_norm=0.8774, pi_std=0.037838, effC=19.21, Lvar=0.000000, Lvar_active=0.0000, scale/adh_std=1
Epoch [50/100], Average Loss: 0.252649
  Diagnostics: H_ent_norm=0.6160, H_maxp=0.4498, pi_ent_norm=0.8600, pi_std=0.042451, effC=18.26, Lvar=0.000000, Lvar_active=0.0000, scale/adh_std=1
Epoch [60/100], Average Loss: 0.241182
  Diagnostics: H_ent_norm=0.6085, H_maxp=0.4588, pi_ent_norm=0.8491, pi_std=0.045115, effC=17.70, Lvar=0.000000, Lvar_active=0.0000, scale/adh_std=1
Epoch [70/100], Average Loss: 0.233819
  Diagnostics: H_ent_norm=0.5994, H_maxp=0.4681, pi_ent_norm=0.8379, pi_std=0.047546, effC=17.15, Lvar=0.000000, Lvar_active=0.0000, scale/adh_std=1
Epoch [80/100], Average Loss: 0.226611
  Diagnostics: H_ent_norm=0.6010, H_maxp=0.4664, pi_ent_norm=0.8358, pi_std=0.048417, effC=17.04, Lvar=0.000000, Lvar_active=0.0000, scale/adh_std=1
Epoch [90/100], Average Loss: 0.218709
  Diagnostics: H_ent_norm=0.5965, H_maxp=0.4695, pi_ent_norm=0.8293, pi_std=0.050157, effC=16.73, Lvar=0.000000, Lvar_active=0.0000, scale/adh_std=1
Epoch [100/100], Average Loss: 0.213346
  Diagnostics: H_ent_norm=0.6023, H_maxp=0.4619, pi_ent_norm=0.8321, pi_std=0.050292, effC=16.83, Lvar=0.000000, Lvar_active=0.0000, scale/adh_std=1
训练完成！实际训练 100 个epochs

--- 评估阶段 ---
  Facebook: AUROC=0.6054, AUPRC=0.0744
  cora: AUROC=0.8211, AUPRC=0.4272
  citeseer: AUROC=0.9055, AUPRC=0.4653
  ACM: AUROC=0.7871, AUPRC=0.3714
  BlogCatalog: AUROC=0.7303, AUPRC=0.3330
  weibo: AUROC=0.7526, AUPRC=0.3208
  Reddit: AUROC=0.5877, AUPRC=0.0464
  Amazon: AUROC=0.7097, AUPRC=0.1237

--- 保存模型 ---
检查点已保存到: /autodl-fs/data/recap/tuning_hyperparams/sensitivity_results/sensitivity_default_v2/checkpoints/tau_s__0p2/recap/trial_0/model.pt
模型已保存到: /autodl-fs/data/recap/tuning_hyperparams/sensitivity_results/sensitivity_default_v2/checkpoints/tau_s__0p2/recap/trial_0/model.pt

======================================================================
Trial 1 开始训练 (seed=1)
======================================================================
🔧 模型初始化视图数: 1 (单视图模式)

--- 训练阶段 ---
开始训练，共 100 个epochs...
关闭early stopping，训练将跑满设定epochs
🔧 Assignment layer LR multiplier: 10 (base_lr=5e-05, assignment_lr=0.0005)
Epoch [1/100], Average Loss: 0.544668
  Diagnostics: H_ent_norm=0.8355, H_maxp=0.2007, pi_ent_norm=0.9962, pi_std=0.005345, effC=27.65, Lvar=0.000001, Lvar_active=0.0002, scale/adh_std=1
Epoch [10/100], Average Loss: 0.364952
  Diagnostics: H_ent_norm=0.7283, H_maxp=0.3231, pi_ent_norm=0.9597, pi_std=0.017988, effC=24.58, Lvar=0.000001, Lvar_active=0.0002, scale/adh_std=1
Epoch [20/100], Average Loss: 0.312998
  Diagnostics: H_ent_norm=0.6822, H_maxp=0.3751, pi_ent_norm=0.9370, pi_std=0.023237, effC=22.91, Lvar=0.000002, Lvar_active=0.0002, scale/adh_std=1
Epoch [30/100], Average Loss: 0.286245
  Diagnostics: H_ent_norm=0.6677, H_maxp=0.3928, pi_ent_norm=0.9264, pi_std=0.026263, effC=22.18, Lvar=0.000002, Lvar_active=0.0002, scale/adh_std=1
Epoch [40/100], Average Loss: 0.268804
  Diagnostics: H_ent_norm=0.6546, H_maxp=0.4083, pi_ent_norm=0.9131, pi_std=0.030129, effC=21.33, Lvar=0.000002, Lvar_active=0.0002, scale/adh_std=1
Epoch [50/100], Average Loss: 0.256240
  Diagnostics: H_ent_norm=0.6441, H_maxp=0.4206, pi_ent_norm=0.9010, pi_std=0.033541, effC=20.58, Lvar=0.000002, Lvar_active=0.0002, scale/adh_std=1
Epoch [60/100], Average Loss: 0.246298
  Diagnostics: H_ent_norm=0.6385, H_maxp=0.4268, pi_ent_norm=0.8942, pi_std=0.035630, effC=20.16, Lvar=0.000002, Lvar_active=0.0002, scale/adh_std=1
Epoch [70/100], Average Loss: 0.237170
  Diagnostics: H_ent_norm=0.6331, H_maxp=0.4326, pi_ent_norm=0.8866, pi_std=0.037915, effC=19.71, Lvar=0.000002, Lvar_active=0.0002, scale/adh_std=1
Epoch [80/100], Average Loss: 0.229692
  Diagnostics: H_ent_norm=0.6256, H_maxp=0.4403, pi_ent_norm=0.8787, pi_std=0.039916, effC=19.26, Lvar=0.000002, Lvar_active=0.0002, scale/adh_std=1
Epoch [90/100], Average Loss: 0.224636
  Diagnostics: H_ent_norm=0.6171, H_maxp=0.4492, pi_ent_norm=0.8699, pi_std=0.041960, effC=18.77, Lvar=0.000002, Lvar_active=0.0002, scale/adh_std=1
Epoch [100/100], Average Loss: 0.217942
  Diagnostics: H_ent_norm=0.6152, H_maxp=0.4509, pi_ent_norm=0.8664, pi_std=0.043025, effC=18.57, Lvar=0.000002, Lvar_active=0.0002, scale/adh_std=1
训练完成！实际训练 100 个epochs

--- 评估阶段 ---
  Facebook: AUROC=0.5878, AUPRC=0.0466
  cora: AUROC=0.8261, AUPRC=0.4263
  citeseer: AUROC=0.9019, AUPRC=0.4726
  ACM: AUROC=0.7739, AUPRC=0.3714
  BlogCatalog: AUROC=0.7303, AUPRC=0.3324
  weibo: AUROC=0.7525, AUPRC=0.3067
  Reddit: AUROC=0.5929, AUPRC=0.0467
  Amazon: AUROC=0.7077, AUPRC=0.1229

--- 保存模型 ---
检查点已保存到: /autodl-fs/data/recap/tuning_hyperparams/sensitivity_results/sensitivity_default_v2/checkpoints/tau_s__0p2/recap/trial_1/model.pt
模型已保存到: /autodl-fs/data/recap/tuning_hyperparams/sensitivity_results/sensitivity_default_v2/checkpoints/tau_s__0p2/recap/trial_1/model.pt

======================================================================
Trial 2 开始训练 (seed=2)
======================================================================
🔧 模型初始化视图数: 1 (单视图模式)

--- 训练阶段 ---
开始训练，共 100 个epochs...
关闭early stopping，训练将跑满设定epochs
🔧 Assignment layer LR multiplier: 10 (base_lr=5e-05, assignment_lr=0.0005)
Epoch [1/100], Average Loss: 0.534543
  Diagnostics: H_ent_norm=0.8425, H_maxp=0.1984, pi_ent_norm=0.9930, pi_std=0.007288, effC=27.36, Lvar=0.000000, Lvar_active=0.0000, scale/adh_std=1
Epoch [10/100], Average Loss: 0.359471
  Diagnostics: H_ent_norm=0.7249, H_maxp=0.3344, pi_ent_norm=0.9326, pi_std=0.025689, effC=22.62, Lvar=0.000000, Lvar_active=0.0000, scale/adh_std=1
Epoch [20/100], Average Loss: 0.313228
  Diagnostics: H_ent_norm=0.6834, H_maxp=0.3805, pi_ent_norm=0.9020, pi_std=0.032610, effC=20.68, Lvar=0.000000, Lvar_active=0.0000, scale/adh_std=1
Epoch [30/100], Average Loss: 0.287556
  Diagnostics: H_ent_norm=0.6758, H_maxp=0.3898, pi_ent_norm=0.8941, pi_std=0.034855, effC=20.19, Lvar=0.000000, Lvar_active=0.0000, scale/adh_std=1
Epoch [40/100], Average Loss: 0.270227
  Diagnostics: H_ent_norm=0.6656, H_maxp=0.4028, pi_ent_norm=0.8839, pi_std=0.037535, effC=19.58, Lvar=0.000000, Lvar_active=0.0000, scale/adh_std=1
Epoch [50/100], Average Loss: 0.259106
  Diagnostics: H_ent_norm=0.6481, H_maxp=0.4220, pi_ent_norm=0.8666, pi_std=0.041854, effC=18.62, Lvar=0.000000, Lvar_active=0.0000, scale/adh_std=1
Epoch [60/100], Average Loss: 0.244832
  Diagnostics: H_ent_norm=0.6258, H_maxp=0.4449, pi_ent_norm=0.8442, pi_std=0.047597, effC=17.44, Lvar=0.000000, Lvar_active=0.0000, scale/adh_std=1
Epoch [70/100], Average Loss: 0.230545
  Diagnostics: H_ent_norm=0.6040, H_maxp=0.4674, pi_ent_norm=0.8211, pi_std=0.053494, effC=16.29, Lvar=0.000000, Lvar_active=0.0000, scale/adh_std=1
Epoch [80/100], Average Loss: 0.219166
  Diagnostics: H_ent_norm=0.5949, H_maxp=0.4791, pi_ent_norm=0.8084, pi_std=0.057513, effC=15.61, Lvar=0.000000, Lvar_active=0.0000, scale/adh_std=1
Epoch [90/100], Average Loss: 0.206477
  Diagnostics: H_ent_norm=0.5846, H_maxp=0.4924, pi_ent_norm=0.7925, pi_std=0.062233, effC=14.76, Lvar=0.000000, Lvar_active=0.0000, scale/adh_std=1
Epoch [100/100], Average Loss: 0.188785
  Diagnostics: H_ent_norm=0.5698, H_maxp=0.5098, pi_ent_norm=0.7696, pi_std=0.069803, effC=13.38, Lvar=0.000000, Lvar_active=0.0000, scale/adh_std=1
训练完成！实际训练 100 个epochs

--- 评估阶段 ---
  Facebook: AUROC=0.5837, AUPRC=0.0344
  cora: AUROC=0.8148, AUPRC=0.3844
  citeseer: AUROC=0.9029, AUPRC=0.4530
  ACM: AUROC=0.7813, AUPRC=0.3735
  BlogCatalog: AUROC=0.7364, AUPRC=0.3255
  weibo: AUROC=0.7415, AUPRC=0.3128
  Reddit: AUROC=0.5873, AUPRC=0.0457
  Amazon: AUROC=0.7274, AUPRC=0.1295

--- 保存模型 ---
检查点已保存到: /autodl-fs/data/recap/tuning_hyperparams/sensitivity_results/sensitivity_default_v2/checkpoints/tau_s__0p2/recap/trial_2/model.pt
模型已保存到: /autodl-fs/data/recap/tuning_hyperparams/sensitivity_results/sensitivity_default_v2/checkpoints/tau_s__0p2/recap/trial_2/model.pt

======================================================================
聚合 3 次试验的结果
======================================================================

------------------------- Facebook -------------------------
AUROC: 0.5923 ± 0.0094
AUPRC: 0.0518 ± 0.0167

------------------------- cora -------------------------
AUROC: 0.8207 ± 0.0047
AUPRC: 0.4126 ± 0.0200

------------------------- citeseer -------------------------
AUROC: 0.9034 ± 0.0015
AUPRC: 0.4636 ± 0.0081

------------------------- ACM -------------------------
AUROC: 0.7808 ± 0.0054
AUPRC: 0.3721 ± 0.0010

------------------------- BlogCatalog -------------------------
AUROC: 0.7323 ± 0.0029
AUPRC: 0.3303 ± 0.0034

------------------------- weibo -------------------------
AUROC: 0.7489 ± 0.0052
AUPRC: 0.3134 ± 0.0058

------------------------- Reddit -------------------------
AUROC: 0.5893 ± 0.0025
AUPRC: 0.0463 ± 0.0004

------------------------- Amazon -------------------------
AUROC: 0.7149 ± 0.0088
AUPRC: 0.1254 ± 0.0029


======================================================================
训练完成！
所有模型已保存到: /autodl-fs/data/recap/tuning_hyperparams/sensitivity_results/sensitivity_default_v2/checkpoints/tau_s__0p2/recap/
======================================================================

