/root/miniconda3/lib/python3.12/site-packages/torch_geometric/__init__.py:4: UserWarning: An issue occurred while importing 'torch-scatter'. Disabling its usage. Stacktrace: Could not load this library: /root/miniconda3/lib/python3.12/site-packages/torch_scatter/_version_cuda.so
  import torch_geometric.typing
/root/miniconda3/lib/python3.12/site-packages/torch_geometric/__init__.py:4: UserWarning: An issue occurred while importing 'torch-cluster'. Disabling its usage. Stacktrace: Could not load this library: /root/miniconda3/lib/python3.12/site-packages/torch_cluster/_version_cuda.so
  import torch_geometric.typing
/root/miniconda3/lib/python3.12/site-packages/torch_geometric/__init__.py:4: UserWarning: An issue occurred while importing 'torch-spline-conv'. Disabling its usage. Stacktrace: Could not load this library: /root/miniconda3/lib/python3.12/site-packages/torch_spline_conv/_version_cuda.so
  import torch_geometric.typing
/root/miniconda3/lib/python3.12/site-packages/torch_geometric/__init__.py:4: UserWarning: An issue occurred while importing 'torch-sparse'. Disabling its usage. Stacktrace: Could not load this library: /root/miniconda3/lib/python3.12/site-packages/torch_sparse/_version_cuda.so
  import torch_geometric.typing
使用保存的最佳模型配置

======================================================================
recap 异常检测模型训练
======================================================================

📋 训练配置:
  device: cuda:0
  epochs: 100
  trials: 3
  seed: 0
  output_dir: /autodl-fs/data/recap/tuning_hyperparams/sensitivity_results/sensitivity_default_v2/checkpoints/tau_s__0p12
  save_checkpoint: True
  early_stop: False
  patience: 30
  log_diagnostics: True
  diagnostics_interval: 10

🔧 模型配置:
  model: recap
  lr: 5e-05
  dropout_rate: 0.2
  h_feats: 256
  num_hops: 4
  weight_decay: 5e-05
  dims: 32
  num_layers: 2
  activation: ELU
  num_views: 1
  num_clusters: 28
  knn_k: 20
  cluster_lr_multiplier: 10.0
  tau_s: 0.12
  tau_c: 0.3
  cluster_init_gain: 1.5
  sim_block_size: 256
  knn_cache_enabled: True
  knn_cache_dir: /autodl-fs/data/recap/knn_cache
  knn_search_dtype: auto
  lambda_H: 0.1
  lambda_bal: 0.0
  lambda_E: 0.1
  lambda_usage_entropy: 0.1
  assignment_entropy_lower: 0.45
  assignment_entropy_upper: 0.85
  usage_entropy_lower: 0.65
  usage_entropy_upper: 0.9
  gamma: 0.1
  tau_e: 1.0
  beta: 0.02
  eps: 1e-08
  lambda_ortho: 0.1
  lambda_min_usage: 0.0
  lambda_diversity: 0.1
  min_cluster_ratio: 0.1

💾 保存设置:
  保存目录：/autodl-fs/data/recap/tuning_hyperparams/sensitivity_results/sensitivity_default_v2/checkpoints/tau_s__0p12
  保存检查点：True
======================================================================


📊 使用指定的训练数据集: ['pubmed', 'Flickr', 'questions', 'YelpChi']

📊 使用指定的测试数据集: ['Facebook', 'cora', 'citeseer', 'ACM', 'BlogCatalog', 'weibo', 'Reddit', 'Amazon']
加载 4 个训练数据集: ['pubmed', 'Flickr', 'questions', 'YelpChi']
加载 8 个测试数据集: ['Facebook', 'cora', 'citeseer', 'ACM', 'BlogCatalog', 'weibo', 'Reddit', 'Amazon']
进行 4 跳特征传播...

======================================================================
Trial 0 开始训练 (seed=0)
======================================================================
🔧 模型初始化视图数: 1 (单视图模式)

--- 训练阶段 ---
开始训练，共 100 个epochs...
关闭early stopping，训练将跑满设定epochs
🔧 Assignment layer LR multiplier: 10 (base_lr=5e-05, assignment_lr=0.0005)
Epoch [1/100], Average Loss: 0.534145
  Diagnostics: H_ent_norm=0.8368, H_maxp=0.2036, pi_ent_norm=0.9929, pi_std=0.007419, effC=27.35, Lvar=0.000000, Lvar_active=0.0000, scale/adh_std=1
Epoch [10/100], Average Loss: 0.361212
  Diagnostics: H_ent_norm=0.7158, H_maxp=0.3447, pi_ent_norm=0.9354, pi_std=0.025110, effC=22.82, Lvar=0.000000, Lvar_active=0.0000, scale/adh_std=1
Epoch [20/100], Average Loss: 0.293354
  Diagnostics: H_ent_norm=0.6389, H_maxp=0.4236, pi_ent_norm=0.8875, pi_std=0.035184, effC=19.80, Lvar=0.000000, Lvar_active=0.0000, scale/adh_std=1
Epoch [30/100], Average Loss: 0.270504
  Diagnostics: H_ent_norm=0.6343, H_maxp=0.4321, pi_ent_norm=0.8767, pi_std=0.038593, effC=19.18, Lvar=0.000000, Lvar_active=0.0000, scale/adh_std=1
Epoch [40/100], Average Loss: 0.248382
  Diagnostics: H_ent_norm=0.6268, H_maxp=0.4434, pi_ent_norm=0.8600, pi_std=0.043260, effC=18.28, Lvar=0.000000, Lvar_active=0.0000, scale/adh_std=1
Epoch [50/100], Average Loss: 0.231919
  Diagnostics: H_ent_norm=0.6200, H_maxp=0.4546, pi_ent_norm=0.8454, pi_std=0.046630, effC=17.53, Lvar=0.000000, Lvar_active=0.0000, scale/adh_std=1
Epoch [60/100], Average Loss: 0.218490
  Diagnostics: H_ent_norm=0.6161, H_maxp=0.4620, pi_ent_norm=0.8359, pi_std=0.048912, effC=17.03, Lvar=0.000000, Lvar_active=0.0000, scale/adh_std=1
Epoch [70/100], Average Loss: 0.208938
  Diagnostics: H_ent_norm=0.6105, H_maxp=0.4699, pi_ent_norm=0.8285, pi_std=0.051001, effC=16.60, Lvar=0.000000, Lvar_active=0.0000, scale/adh_std=1
Epoch [80/100], Average Loss: 0.198252
  Diagnostics: H_ent_norm=0.5991, H_maxp=0.4834, pi_ent_norm=0.8169, pi_std=0.054331, effC=15.91, Lvar=0.000000, Lvar_active=0.0000, scale/adh_std=1
Epoch [90/100], Average Loss: 0.180869
  Diagnostics: H_ent_norm=0.5833, H_maxp=0.4999, pi_ent_norm=0.8010, pi_std=0.059597, effC=14.80, Lvar=0.000000, Lvar_active=0.0000, scale/adh_std=1
Epoch [100/100], Average Loss: 0.167270
  Diagnostics: H_ent_norm=0.5582, H_maxp=0.5213, pi_ent_norm=0.7780, pi_std=0.065263, effC=13.51, Lvar=0.000000, Lvar_active=0.0000, scale/adh_std=1
训练完成！实际训练 100 个epochs

--- 评估阶段 ---
  Facebook: AUROC=0.6007, AUPRC=0.0524
  cora: AUROC=0.8179, AUPRC=0.4138
  citeseer: AUROC=0.9017, AUPRC=0.4606
  ACM: AUROC=0.7868, AUPRC=0.3683
  BlogCatalog: AUROC=0.7294, AUPRC=0.3317
  weibo: AUROC=0.7921, AUPRC=0.3205
  Reddit: AUROC=0.5868, AUPRC=0.0467
  Amazon: AUROC=0.7384, AUPRC=0.1396

--- 保存模型 ---
检查点已保存到: /autodl-fs/data/recap/tuning_hyperparams/sensitivity_results/sensitivity_default_v2/checkpoints/tau_s__0p12/recap/trial_0/model.pt
模型已保存到: /autodl-fs/data/recap/tuning_hyperparams/sensitivity_results/sensitivity_default_v2/checkpoints/tau_s__0p12/recap/trial_0/model.pt

======================================================================
Trial 1 开始训练 (seed=1)
======================================================================
🔧 模型初始化视图数: 1 (单视图模式)

--- 训练阶段 ---
开始训练，共 100 个epochs...
关闭early stopping，训练将跑满设定epochs
🔧 Assignment layer LR multiplier: 10 (base_lr=5e-05, assignment_lr=0.0005)
Epoch [1/100], Average Loss: 0.536353
  Diagnostics: H_ent_norm=0.8352, H_maxp=0.2009, pi_ent_norm=0.9962, pi_std=0.005358, effC=27.65, Lvar=0.000001, Lvar_active=0.0002, scale/adh_std=1
Epoch [10/100], Average Loss: 0.357462
  Diagnostics: H_ent_norm=0.7292, H_maxp=0.3218, pi_ent_norm=0.9608, pi_std=0.017737, effC=24.66, Lvar=0.000001, Lvar_active=0.0002, scale/adh_std=1
Epoch [20/100], Average Loss: 0.308443
  Diagnostics: H_ent_norm=0.6867, H_maxp=0.3694, pi_ent_norm=0.9395, pi_std=0.022761, effC=23.09, Lvar=0.000002, Lvar_active=0.0002, scale/adh_std=1
Epoch [30/100], Average Loss: 0.279312
  Diagnostics: H_ent_norm=0.6711, H_maxp=0.3887, pi_ent_norm=0.9254, pi_std=0.026721, effC=22.13, Lvar=0.000002, Lvar_active=0.0002, scale/adh_std=1
Epoch [40/100], Average Loss: 0.257006
  Diagnostics: H_ent_norm=0.6573, H_maxp=0.4063, pi_ent_norm=0.9081, pi_std=0.031765, effC=21.01, Lvar=0.000002, Lvar_active=0.0002, scale/adh_std=1
Epoch [50/100], Average Loss: 0.241854
  Diagnostics: H_ent_norm=0.6435, H_maxp=0.4222, pi_ent_norm=0.8944, pi_std=0.035330, effC=20.18, Lvar=0.000002, Lvar_active=0.0002, scale/adh_std=1
Epoch [60/100], Average Loss: 0.230666
  Diagnostics: H_ent_norm=0.6332, H_maxp=0.4328, pi_ent_norm=0.8853, pi_std=0.037713, effC=19.64, Lvar=0.000002, Lvar_active=0.0002, scale/adh_std=1
Epoch [70/100], Average Loss: 0.220794
  Diagnostics: H_ent_norm=0.6276, H_maxp=0.4388, pi_ent_norm=0.8764, pi_std=0.040085, effC=19.13, Lvar=0.000002, Lvar_active=0.0002, scale/adh_std=1
Epoch [80/100], Average Loss: 0.212074
  Diagnostics: H_ent_norm=0.6247, H_maxp=0.4418, pi_ent_norm=0.8691, pi_std=0.042175, effC=18.73, Lvar=0.000002, Lvar_active=0.0002, scale/adh_std=1
Epoch [90/100], Average Loss: 0.204565
  Diagnostics: H_ent_norm=0.6225, H_maxp=0.4433, pi_ent_norm=0.8625, pi_std=0.044225, effC=18.38, Lvar=0.000002, Lvar_active=0.0002, scale/adh_std=1
Epoch [100/100], Average Loss: 0.194288
  Diagnostics: H_ent_norm=0.6168, H_maxp=0.4481, pi_ent_norm=0.8553, pi_std=0.046053, effC=17.99, Lvar=0.000002, Lvar_active=0.0002, scale/adh_std=1
训练完成！实际训练 100 个epochs

--- 评估阶段 ---
  Facebook: AUROC=0.6016, AUPRC=0.0518
  cora: AUROC=0.8268, AUPRC=0.4223
  citeseer: AUROC=0.9009, AUPRC=0.4683
  ACM: AUROC=0.7709, AUPRC=0.3697
  BlogCatalog: AUROC=0.7291, AUPRC=0.3290
  weibo: AUROC=0.7428, AUPRC=0.3077
  Reddit: AUROC=0.5907, AUPRC=0.0467
  Amazon: AUROC=0.7168, AUPRC=0.1248

--- 保存模型 ---
检查点已保存到: /autodl-fs/data/recap/tuning_hyperparams/sensitivity_results/sensitivity_default_v2/checkpoints/tau_s__0p12/recap/trial_1/model.pt
模型已保存到: /autodl-fs/data/recap/tuning_hyperparams/sensitivity_results/sensitivity_default_v2/checkpoints/tau_s__0p12/recap/trial_1/model.pt

======================================================================
Trial 2 开始训练 (seed=2)
======================================================================
🔧 模型初始化视图数: 1 (单视图模式)

--- 训练阶段 ---
开始训练，共 100 个epochs...
关闭early stopping，训练将跑满设定epochs
🔧 Assignment layer LR multiplier: 10 (base_lr=5e-05, assignment_lr=0.0005)
Epoch [1/100], Average Loss: 0.526764
  Diagnostics: H_ent_norm=0.8425, H_maxp=0.1982, pi_ent_norm=0.9931, pi_std=0.007224, effC=27.37, Lvar=0.000000, Lvar_active=0.0000, scale/adh_std=1
Epoch [10/100], Average Loss: 0.354025
  Diagnostics: H_ent_norm=0.7259, H_maxp=0.3322, pi_ent_norm=0.9355, pi_std=0.025021, effC=22.81, Lvar=0.000000, Lvar_active=0.0000, scale/adh_std=1
Epoch [20/100], Average Loss: 0.302009
  Diagnostics: H_ent_norm=0.6833, H_maxp=0.3794, pi_ent_norm=0.9034, pi_std=0.032631, effC=20.75, Lvar=0.000000, Lvar_active=0.0000, scale/adh_std=1
Epoch [30/100], Average Loss: 0.276306
  Diagnostics: H_ent_norm=0.6692, H_maxp=0.3957, pi_ent_norm=0.8883, pi_std=0.036666, effC=19.85, Lvar=0.000000, Lvar_active=0.0000, scale/adh_std=1
Epoch [40/100], Average Loss: 0.254738
  Diagnostics: H_ent_norm=0.6443, H_maxp=0.4239, pi_ent_norm=0.8628, pi_std=0.042648, effC=18.45, Lvar=0.000000, Lvar_active=0.0000, scale/adh_std=1
Epoch [50/100], Average Loss: 0.239174
  Diagnostics: H_ent_norm=0.6268, H_maxp=0.4437, pi_ent_norm=0.8431, pi_std=0.047545, effC=17.44, Lvar=0.000000, Lvar_active=0.0000, scale/adh_std=1
Epoch [60/100], Average Loss: 0.221918
  Diagnostics: H_ent_norm=0.6129, H_maxp=0.4595, pi_ent_norm=0.8229, pi_std=0.052862, effC=16.44, Lvar=0.000000, Lvar_active=0.0000, scale/adh_std=1
Epoch [70/100], Average Loss: 0.206505
  Diagnostics: H_ent_norm=0.6004, H_maxp=0.4736, pi_ent_norm=0.8050, pi_std=0.057584, effC=15.58, Lvar=0.000000, Lvar_active=0.0000, scale/adh_std=1
Epoch [80/100], Average Loss: 0.192783
  Diagnostics: H_ent_norm=0.5940, H_maxp=0.4817, pi_ent_norm=0.7920, pi_std=0.061408, effC=14.92, Lvar=0.000000, Lvar_active=0.0000, scale/adh_std=1
Epoch [90/100], Average Loss: 0.178837
  Diagnostics: H_ent_norm=0.5847, H_maxp=0.4919, pi_ent_norm=0.7789, pi_std=0.065694, effC=14.15, Lvar=0.000000, Lvar_active=0.0000, scale/adh_std=1
Epoch [100/100], Average Loss: 0.163404
  Diagnostics: H_ent_norm=0.5811, H_maxp=0.4937, pi_ent_norm=0.7705, pi_std=0.070410, effC=13.44, Lvar=0.000000, Lvar_active=0.0000, scale/adh_std=1
训练完成！实际训练 100 个epochs

--- 评估阶段 ---
  Facebook: AUROC=0.5816, AUPRC=0.0354
  cora: AUROC=0.8146, AUPRC=0.3853
  citeseer: AUROC=0.9030, AUPRC=0.4377
  ACM: AUROC=0.7800, AUPRC=0.3731
  BlogCatalog: AUROC=0.7358, AUPRC=0.3211
  weibo: AUROC=0.7380, AUPRC=0.3091
  Reddit: AUROC=0.5866, AUPRC=0.0455
  Amazon: AUROC=0.7282, AUPRC=0.1304

--- 保存模型 ---
检查点已保存到: /autodl-fs/data/recap/tuning_hyperparams/sensitivity_results/sensitivity_default_v2/checkpoints/tau_s__0p12/recap/trial_2/model.pt
模型已保存到: /autodl-fs/data/recap/tuning_hyperparams/sensitivity_results/sensitivity_default_v2/checkpoints/tau_s__0p12/recap/trial_2/model.pt

======================================================================
聚合 3 次试验的结果
======================================================================

------------------------- Facebook -------------------------
AUROC: 0.5946 ± 0.0092
AUPRC: 0.0466 ± 0.0079

------------------------- cora -------------------------
AUROC: 0.8198 ± 0.0052
AUPRC: 0.4071 ± 0.0158

------------------------- citeseer -------------------------
AUROC: 0.9019 ± 0.0009
AUPRC: 0.4555 ± 0.0130

------------------------- ACM -------------------------
AUROC: 0.7792 ± 0.0065
AUPRC: 0.3703 ± 0.0020

------------------------- BlogCatalog -------------------------
AUROC: 0.7314 ± 0.0031
AUPRC: 0.3273 ± 0.0045

------------------------- weibo -------------------------
AUROC: 0.7576 ± 0.0244
AUPRC: 0.3125 ± 0.0057

------------------------- Reddit -------------------------
AUROC: 0.5880 ± 0.0019
AUPRC: 0.0463 ± 0.0006

------------------------- Amazon -------------------------
AUROC: 0.7278 ± 0.0088
AUPRC: 0.1316 ± 0.0061


======================================================================
训练完成！
所有模型已保存到: /autodl-fs/data/recap/tuning_hyperparams/sensitivity_results/sensitivity_default_v2/checkpoints/tau_s__0p12/recap/
======================================================================

