/root/miniconda3/lib/python3.12/site-packages/torch_geometric/__init__.py:4: UserWarning: An issue occurred while importing 'torch-scatter'. Disabling its usage. Stacktrace: Could not load this library: /root/miniconda3/lib/python3.12/site-packages/torch_scatter/_version_cuda.so
  import torch_geometric.typing
/root/miniconda3/lib/python3.12/site-packages/torch_geometric/__init__.py:4: UserWarning: An issue occurred while importing 'torch-cluster'. Disabling its usage. Stacktrace: Could not load this library: /root/miniconda3/lib/python3.12/site-packages/torch_cluster/_version_cuda.so
  import torch_geometric.typing
/root/miniconda3/lib/python3.12/site-packages/torch_geometric/__init__.py:4: UserWarning: An issue occurred while importing 'torch-spline-conv'. Disabling its usage. Stacktrace: Could not load this library: /root/miniconda3/lib/python3.12/site-packages/torch_spline_conv/_version_cuda.so
  import torch_geometric.typing
/root/miniconda3/lib/python3.12/site-packages/torch_geometric/__init__.py:4: UserWarning: An issue occurred while importing 'torch-sparse'. Disabling its usage. Stacktrace: Could not load this library: /root/miniconda3/lib/python3.12/site-packages/torch_sparse/_version_cuda.so
  import torch_geometric.typing
使用保存的最佳模型配置

======================================================================
recap 异常检测模型训练
======================================================================

📋 训练配置:
  device: cuda:0
  epochs: 100
  trials: 3
  seed: 0
  output_dir: /autodl-fs/data/recap/tuning_hyperparams/sensitivity_results/sensitivity_default_v2/checkpoints/tau_s__0p25
  save_checkpoint: True
  early_stop: False
  patience: 30
  log_diagnostics: True
  diagnostics_interval: 10

🔧 模型配置:
  model: recap
  lr: 5e-05
  dropout_rate: 0.2
  h_feats: 256
  num_hops: 4
  weight_decay: 5e-05
  dims: 32
  num_layers: 2
  activation: ELU
  num_views: 1
  num_clusters: 28
  knn_k: 20
  cluster_lr_multiplier: 10.0
  tau_s: 0.25
  tau_c: 0.3
  cluster_init_gain: 1.5
  sim_block_size: 256
  knn_cache_enabled: True
  knn_cache_dir: /autodl-fs/data/recap/knn_cache
  knn_search_dtype: auto
  lambda_H: 0.1
  lambda_bal: 0.0
  lambda_E: 0.1
  lambda_usage_entropy: 0.1
  assignment_entropy_lower: 0.45
  assignment_entropy_upper: 0.85
  usage_entropy_lower: 0.65
  usage_entropy_upper: 0.9
  gamma: 0.1
  tau_e: 1.0
  beta: 0.02
  eps: 1e-08
  lambda_ortho: 0.1
  lambda_min_usage: 0.0
  lambda_diversity: 0.1
  min_cluster_ratio: 0.1

💾 保存设置:
  保存目录：/autodl-fs/data/recap/tuning_hyperparams/sensitivity_results/sensitivity_default_v2/checkpoints/tau_s__0p25
  保存检查点：True
======================================================================


📊 使用指定的训练数据集: ['pubmed', 'Flickr', 'questions', 'YelpChi']

📊 使用指定的测试数据集: ['Facebook', 'cora', 'citeseer', 'ACM', 'BlogCatalog', 'weibo', 'Reddit', 'Amazon']
加载 4 个训练数据集: ['pubmed', 'Flickr', 'questions', 'YelpChi']
加载 8 个测试数据集: ['Facebook', 'cora', 'citeseer', 'ACM', 'BlogCatalog', 'weibo', 'Reddit', 'Amazon']
进行 4 跳特征传播...

======================================================================
Trial 0 开始训练 (seed=0)
======================================================================
🔧 模型初始化视图数: 1 (单视图模式)

--- 训练阶段 ---
开始训练，共 100 个epochs...
关闭early stopping，训练将跑满设定epochs
🔧 Assignment layer LR multiplier: 10 (base_lr=5e-05, assignment_lr=0.0005)
Epoch [1/100], Average Loss: 0.545238
  Diagnostics: H_ent_norm=0.8369, H_maxp=0.2035, pi_ent_norm=0.9930, pi_std=0.007391, effC=27.35, Lvar=0.000000, Lvar_active=0.0000, scale/adh_std=1
Epoch [10/100], Average Loss: 0.371324
  Diagnostics: H_ent_norm=0.7109, H_maxp=0.3500, pi_ent_norm=0.9346, pi_std=0.025038, effC=22.75, Lvar=0.000000, Lvar_active=0.0000, scale/adh_std=1
Epoch [20/100], Average Loss: 0.308363
  Diagnostics: H_ent_norm=0.6447, H_maxp=0.4169, pi_ent_norm=0.8984, pi_std=0.032482, effC=20.42, Lvar=0.000000, Lvar_active=0.0000, scale/adh_std=1
Epoch [30/100], Average Loss: 0.289025
  Diagnostics: H_ent_norm=0.6368, H_maxp=0.4275, pi_ent_norm=0.8905, pi_std=0.034237, effC=19.95, Lvar=0.000000, Lvar_active=0.0000, scale/adh_std=1
Epoch [40/100], Average Loss: 0.276578
  Diagnostics: H_ent_norm=0.6341, H_maxp=0.4312, pi_ent_norm=0.8881, pi_std=0.034880, effC=19.81, Lvar=0.000000, Lvar_active=0.0000, scale/adh_std=1
Epoch [50/100], Average Loss: 0.268188
  Diagnostics: H_ent_norm=0.6296, H_maxp=0.4362, pi_ent_norm=0.8832, pi_std=0.036190, effC=19.51, Lvar=0.000000, Lvar_active=0.0000, scale/adh_std=1
Epoch [60/100], Average Loss: 0.259272
  Diagnostics: H_ent_norm=0.6318, H_maxp=0.4351, pi_ent_norm=0.8832, pi_std=0.037017, effC=19.48, Lvar=0.000000, Lvar_active=0.0000, scale/adh_std=1
Epoch [70/100], Average Loss: 0.250466
  Diagnostics: H_ent_norm=0.6359, H_maxp=0.4326, pi_ent_norm=0.8826, pi_std=0.038802, effC=19.38, Lvar=0.000000, Lvar_active=0.0000, scale/adh_std=1
Epoch [80/100], Average Loss: 0.238561
  Diagnostics: H_ent_norm=0.6309, H_maxp=0.4402, pi_ent_norm=0.8717, pi_std=0.043718, effC=18.62, Lvar=0.000000, Lvar_active=0.0000, scale/adh_std=1
Epoch [90/100], Average Loss: 0.211526
  Diagnostics: H_ent_norm=0.5954, H_maxp=0.4820, pi_ent_norm=0.8293, pi_std=0.057320, effC=15.96, Lvar=0.000000, Lvar_active=0.0000, scale/adh_std=1
Epoch [100/100], Average Loss: 0.184232
  Diagnostics: H_ent_norm=0.5332, H_maxp=0.5442, pi_ent_norm=0.7620, pi_std=0.073784, effC=12.72, Lvar=0.000000, Lvar_active=0.0000, scale/adh_std=1
训练完成！实际训练 100 个epochs

--- 评估阶段 ---
  Facebook: AUROC=0.6092, AUPRC=0.0535
  cora: AUROC=0.8216, AUPRC=0.4286
  citeseer: AUROC=0.9055, AUPRC=0.4719
  ACM: AUROC=0.7911, AUPRC=0.3731
  BlogCatalog: AUROC=0.7250, AUPRC=0.3317
  weibo: AUROC=0.7966, AUPRC=0.3260
  Reddit: AUROC=0.5932, AUPRC=0.0479
  Amazon: AUROC=0.7148, AUPRC=0.1275

--- 保存模型 ---
检查点已保存到: /autodl-fs/data/recap/tuning_hyperparams/sensitivity_results/sensitivity_default_v2/checkpoints/tau_s__0p25/recap/trial_0/model.pt
模型已保存到: /autodl-fs/data/recap/tuning_hyperparams/sensitivity_results/sensitivity_default_v2/checkpoints/tau_s__0p25/recap/trial_0/model.pt

======================================================================
Trial 1 开始训练 (seed=1)
======================================================================
🔧 模型初始化视图数: 1 (单视图模式)

--- 训练阶段 ---
开始训练，共 100 个epochs...
关闭early stopping，训练将跑满设定epochs
🔧 Assignment layer LR multiplier: 10 (base_lr=5e-05, assignment_lr=0.0005)
Epoch [1/100], Average Loss: 0.547362
  Diagnostics: H_ent_norm=0.8356, H_maxp=0.2006, pi_ent_norm=0.9962, pi_std=0.005338, effC=27.65, Lvar=0.000001, Lvar_active=0.0002, scale/adh_std=1
Epoch [10/100], Average Loss: 0.368775
  Diagnostics: H_ent_norm=0.7281, H_maxp=0.3238, pi_ent_norm=0.9597, pi_std=0.017922, effC=24.58, Lvar=0.000001, Lvar_active=0.0002, scale/adh_std=1
Epoch [20/100], Average Loss: 0.314315
  Diagnostics: H_ent_norm=0.6831, H_maxp=0.3742, pi_ent_norm=0.9371, pi_std=0.023253, effC=22.92, Lvar=0.000002, Lvar_active=0.0002, scale/adh_std=1
Epoch [30/100], Average Loss: 0.285572
  Diagnostics: H_ent_norm=0.6713, H_maxp=0.3891, pi_ent_norm=0.9262, pi_std=0.026579, effC=22.18, Lvar=0.000002, Lvar_active=0.0002, scale/adh_std=1
Epoch [40/100], Average Loss: 0.269328
  Diagnostics: H_ent_norm=0.6645, H_maxp=0.3985, pi_ent_norm=0.9157, pi_std=0.029869, effC=21.49, Lvar=0.000002, Lvar_active=0.0002, scale/adh_std=1
Epoch [50/100], Average Loss: 0.256697
  Diagnostics: H_ent_norm=0.6572, H_maxp=0.4077, pi_ent_norm=0.9069, pi_std=0.032495, effC=20.92, Lvar=0.000002, Lvar_active=0.0002, scale/adh_std=1
Epoch [60/100], Average Loss: 0.248398
  Diagnostics: H_ent_norm=0.6496, H_maxp=0.4166, pi_ent_norm=0.8971, pi_std=0.035052, effC=20.33, Lvar=0.000002, Lvar_active=0.0002, scale/adh_std=1
Epoch [70/100], Average Loss: 0.241731
  Diagnostics: H_ent_norm=0.6454, H_maxp=0.4210, pi_ent_norm=0.8910, pi_std=0.036762, effC=19.97, Lvar=0.000002, Lvar_active=0.0002, scale/adh_std=1
Epoch [80/100], Average Loss: 0.235093
  Diagnostics: H_ent_norm=0.6434, H_maxp=0.4227, pi_ent_norm=0.8877, pi_std=0.037906, effC=19.77, Lvar=0.000002, Lvar_active=0.0002, scale/adh_std=1
Epoch [90/100], Average Loss: 0.230978
  Diagnostics: H_ent_norm=0.6376, H_maxp=0.4282, pi_ent_norm=0.8815, pi_std=0.039601, effC=19.41, Lvar=0.000002, Lvar_active=0.0002, scale/adh_std=1
Epoch [100/100], Average Loss: 0.225426
  Diagnostics: H_ent_norm=0.6301, H_maxp=0.4362, pi_ent_norm=0.8740, pi_std=0.041480, effC=18.99, Lvar=0.000002, Lvar_active=0.0002, scale/adh_std=1
训练完成！实际训练 100 个epochs

--- 评估阶段 ---
  Facebook: AUROC=0.5855, AUPRC=0.0442
  cora: AUROC=0.8276, AUPRC=0.4296
  citeseer: AUROC=0.9015, AUPRC=0.4734
  ACM: AUROC=0.7740, AUPRC=0.3717
  BlogCatalog: AUROC=0.7309, AUPRC=0.3345
  weibo: AUROC=0.7524, AUPRC=0.3067
  Reddit: AUROC=0.5935, AUPRC=0.0467
  Amazon: AUROC=0.7105, AUPRC=0.1241

--- 保存模型 ---
检查点已保存到: /autodl-fs/data/recap/tuning_hyperparams/sensitivity_results/sensitivity_default_v2/checkpoints/tau_s__0p25/recap/trial_1/model.pt
模型已保存到: /autodl-fs/data/recap/tuning_hyperparams/sensitivity_results/sensitivity_default_v2/checkpoints/tau_s__0p25/recap/trial_1/model.pt

======================================================================
Trial 2 开始训练 (seed=2)
======================================================================
🔧 模型初始化视图数: 1 (单视图模式)

--- 训练阶段 ---
开始训练，共 100 个epochs...
关闭early stopping，训练将跑满设定epochs
🔧 Assignment layer LR multiplier: 10 (base_lr=5e-05, assignment_lr=0.0005)
Epoch [1/100], Average Loss: 0.537061
  Diagnostics: H_ent_norm=0.8425, H_maxp=0.1984, pi_ent_norm=0.9930, pi_std=0.007314, effC=27.36, Lvar=0.000000, Lvar_active=0.0000, scale/adh_std=1
Epoch [10/100], Average Loss: 0.361770
  Diagnostics: H_ent_norm=0.7280, H_maxp=0.3310, pi_ent_norm=0.9347, pi_std=0.025249, effC=22.77, Lvar=0.000000, Lvar_active=0.0000, scale/adh_std=1
Epoch [20/100], Average Loss: 0.315830
  Diagnostics: H_ent_norm=0.6898, H_maxp=0.3739, pi_ent_norm=0.9085, pi_std=0.031183, effC=21.07, Lvar=0.000000, Lvar_active=0.0000, scale/adh_std=1
Epoch [30/100], Average Loss: 0.293126
  Diagnostics: H_ent_norm=0.6894, H_maxp=0.3751, pi_ent_norm=0.9079, pi_std=0.031643, effC=21.01, Lvar=0.000000, Lvar_active=0.0000, scale/adh_std=1
Epoch [40/100], Average Loss: 0.277781
  Diagnostics: H_ent_norm=0.6942, H_maxp=0.3711, pi_ent_norm=0.9081, pi_std=0.032185, effC=21.01, Lvar=0.000000, Lvar_active=0.0000, scale/adh_std=1
Epoch [50/100], Average Loss: 0.267516
  Diagnostics: H_ent_norm=0.6993, H_maxp=0.3667, pi_ent_norm=0.9096, pi_std=0.032159, effC=21.09, Lvar=0.000000, Lvar_active=0.0000, scale/adh_std=1
Epoch [60/100], Average Loss: 0.260012
  Diagnostics: H_ent_norm=0.7080, H_maxp=0.3581, pi_ent_norm=0.9140, pi_std=0.031390, effC=21.36, Lvar=0.000000, Lvar_active=0.0000, scale/adh_std=1
Epoch [70/100], Average Loss: 0.254251
  Diagnostics: H_ent_norm=0.7187, H_maxp=0.3473, pi_ent_norm=0.9187, pi_std=0.030749, effC=21.65, Lvar=0.000000, Lvar_active=0.0000, scale/adh_std=1
Epoch [80/100], Average Loss: 0.248955
  Diagnostics: H_ent_norm=0.7267, H_maxp=0.3399, pi_ent_norm=0.9218, pi_std=0.030282, effC=21.85, Lvar=0.000000, Lvar_active=0.0000, scale/adh_std=1
Epoch [90/100], Average Loss: 0.241276
  Diagnostics: H_ent_norm=0.7347, H_maxp=0.3316, pi_ent_norm=0.9253, pi_std=0.029672, effC=22.07, Lvar=0.000000, Lvar_active=0.0000, scale/adh_std=1
Epoch [100/100], Average Loss: 0.234642
  Diagnostics: H_ent_norm=0.7424, H_maxp=0.3246, pi_ent_norm=0.9293, pi_std=0.028854, effC=22.34, Lvar=0.000000, Lvar_active=0.0000, scale/adh_std=1
训练完成！实际训练 100 个epochs

--- 评估阶段 ---
  Facebook: AUROC=0.5832, AUPRC=0.0370
  cora: AUROC=0.8204, AUPRC=0.4083
  citeseer: AUROC=0.9029, AUPRC=0.4536
  ACM: AUROC=0.7864, AUPRC=0.3763
  BlogCatalog: AUROC=0.7277, AUPRC=0.3329
  weibo: AUROC=0.7707, AUPRC=0.3088
  Reddit: AUROC=0.5902, AUPRC=0.0460
  Amazon: AUROC=0.7369, AUPRC=0.1338

--- 保存模型 ---
检查点已保存到: /autodl-fs/data/recap/tuning_hyperparams/sensitivity_results/sensitivity_default_v2/checkpoints/tau_s__0p25/recap/trial_2/model.pt
模型已保存到: /autodl-fs/data/recap/tuning_hyperparams/sensitivity_results/sensitivity_default_v2/checkpoints/tau_s__0p25/recap/trial_2/model.pt

======================================================================
聚合 3 次试验的结果
======================================================================

------------------------- Facebook -------------------------
AUROC: 0.5926 ± 0.0118
AUPRC: 0.0449 ± 0.0067

------------------------- cora -------------------------
AUROC: 0.8232 ± 0.0031
AUPRC: 0.4222 ± 0.0098

------------------------- citeseer -------------------------
AUROC: 0.9033 ± 0.0016
AUPRC: 0.4663 ± 0.0090

------------------------- ACM -------------------------
AUROC: 0.7838 ± 0.0072
AUPRC: 0.3737 ± 0.0019

------------------------- BlogCatalog -------------------------
AUROC: 0.7279 ± 0.0024
AUPRC: 0.3330 ± 0.0012

------------------------- weibo -------------------------
AUROC: 0.7732 ± 0.0181
AUPRC: 0.3138 ± 0.0086

------------------------- Reddit -------------------------
AUROC: 0.5923 ± 0.0015
AUPRC: 0.0469 ± 0.0008

------------------------- Amazon -------------------------
AUROC: 0.7207 ± 0.0116
AUPRC: 0.1285 ± 0.0040


======================================================================
训练完成！
所有模型已保存到: /autodl-fs/data/recap/tuning_hyperparams/sensitivity_results/sensitivity_default_v2/checkpoints/tau_s__0p25/recap/
======================================================================

