/root/miniconda3/lib/python3.12/site-packages/torch_geometric/__init__.py:4: UserWarning: An issue occurred while importing 'torch-scatter'. Disabling its usage. Stacktrace: Could not load this library: /root/miniconda3/lib/python3.12/site-packages/torch_scatter/_version_cuda.so
  import torch_geometric.typing
/root/miniconda3/lib/python3.12/site-packages/torch_geometric/__init__.py:4: UserWarning: An issue occurred while importing 'torch-cluster'. Disabling its usage. Stacktrace: Could not load this library: /root/miniconda3/lib/python3.12/site-packages/torch_cluster/_version_cuda.so
  import torch_geometric.typing
/root/miniconda3/lib/python3.12/site-packages/torch_geometric/__init__.py:4: UserWarning: An issue occurred while importing 'torch-spline-conv'. Disabling its usage. Stacktrace: Could not load this library: /root/miniconda3/lib/python3.12/site-packages/torch_spline_conv/_version_cuda.so
  import torch_geometric.typing
/root/miniconda3/lib/python3.12/site-packages/torch_geometric/__init__.py:4: UserWarning: An issue occurred while importing 'torch-sparse'. Disabling its usage. Stacktrace: Could not load this library: /root/miniconda3/lib/python3.12/site-packages/torch_sparse/_version_cuda.so
  import torch_geometric.typing
使用保存的最佳模型配置

======================================================================
recap 异常检测模型训练
======================================================================

📋 训练配置:
  device: cuda:0
  epochs: 200
  trials: 3
  seed: 0
  output_dir: /autodl-fs/data/recap/tuning_hyperparams/interaction_tuning/results/interaction_paper_v1/checkpoints/ctrl__tau0p15
  save_checkpoint: True
  early_stop: False
  patience: 30
  log_diagnostics: True
  diagnostics_interval: 10

🔧 模型配置:
  model: recap
  lr: 5e-05
  dropout_rate: 0.2
  h_feats: 256
  num_hops: 1
  weight_decay: 5e-05
  dims: 32
  num_layers: 2
  activation: ELU
  num_views: 1
  num_clusters: 28
  knn_k: 20
  cluster_lr_multiplier: 10.0
  tau_s: 0.15
  sim_block_size: 256
  knn_cache_enabled: True
  knn_cache_dir: /autodl-fs/data/recap/knn_cache
  knn_search_dtype: auto
  lambda_H: 0.35
  lambda_bal: 0.01
  lambda_E: 0.1
  gamma: 0.1
  tau_e: 1.0
  beta: 0.005
  eps: 1e-08
  lambda_ortho: 0.35
  lambda_min_usage: 0.01
  lambda_diversity: 0.1
  min_cluster_ratio: 0.1

💾 保存设置:
  保存目录：/autodl-fs/data/recap/tuning_hyperparams/interaction_tuning/results/interaction_paper_v1/checkpoints/ctrl__tau0p15
  保存检查点：True
======================================================================


📊 使用指定的训练数据集: ['pubmed', 'Flickr', 'questions', 'YelpChi']

📊 使用指定的测试数据集: ['Facebook', 'cora', 'citeseer', 'ACM', 'BlogCatalog', 'weibo', 'Reddit', 'Amazon']
加载 4 个训练数据集: ['pubmed', 'Flickr', 'questions', 'YelpChi']
加载 8 个测试数据集: ['Facebook', 'cora', 'citeseer', 'ACM', 'BlogCatalog', 'weibo', 'Reddit', 'Amazon']
进行 1 跳特征传播...

======================================================================
Trial 0 开始训练 (seed=0)
======================================================================
🔧 模型初始化视图数: 1 (单视图模式)

--- 训练阶段 ---
开始训练，共 200 个epochs...
关闭early stopping，训练将跑满设定epochs
🔧 Assignment layer LR multiplier: 10 (base_lr=5e-05, assignment_lr=0.0005)
Epoch [1/200], Average Loss: 1.168617
  Diagnostics: H_ent_norm=0.9985, H_maxp=0.0416, pi_ent_norm=1.0000, pi_std=0.000272, effC=28.00, Lvar=0.000000, Lvar_active=0.0000, scale/adh_std=1
Epoch [10/200], Average Loss: 1.160577
  Diagnostics: H_ent_norm=0.9995, H_maxp=0.0391, pi_ent_norm=1.0000, pi_std=0.000100, effC=28.00, Lvar=0.000000, Lvar_active=0.0000, scale/adh_std=1
Epoch [20/200], Average Loss: 1.157823
  Diagnostics: H_ent_norm=0.9998, H_maxp=0.0378, pi_ent_norm=1.0000, pi_std=0.000070, effC=28.00, Lvar=0.000000, Lvar_active=0.0000, scale/adh_std=1
Epoch [30/200], Average Loss: 1.156491
  Diagnostics: H_ent_norm=0.9999, H_maxp=0.0371, pi_ent_norm=1.0000, pi_std=0.000042, effC=28.00, Lvar=0.000000, Lvar_active=0.0000, scale/adh_std=1
Epoch [40/200], Average Loss: 1.155803
  Diagnostics: H_ent_norm=0.9999, H_maxp=0.0368, pi_ent_norm=1.0000, pi_std=0.000033, effC=28.00, Lvar=0.000000, Lvar_active=0.0000, scale/adh_std=1
Epoch [50/200], Average Loss: 1.155392
  Diagnostics: H_ent_norm=1.0000, H_maxp=0.0365, pi_ent_norm=1.0000, pi_std=0.000023, effC=28.00, Lvar=0.000000, Lvar_active=0.0000, scale/adh_std=1
Epoch [60/200], Average Loss: 1.155142
  Diagnostics: H_ent_norm=1.0000, H_maxp=0.0364, pi_ent_norm=1.0000, pi_std=0.000019, effC=28.00, Lvar=0.000000, Lvar_active=0.0000, scale/adh_std=1
Epoch [70/200], Average Loss: 1.154992
  Diagnostics: H_ent_norm=1.0000, H_maxp=0.0363, pi_ent_norm=1.0000, pi_std=0.000014, effC=28.00, Lvar=0.000000, Lvar_active=0.0000, scale/adh_std=1
Epoch [80/200], Average Loss: 1.154893
  Diagnostics: H_ent_norm=1.0000, H_maxp=0.0362, pi_ent_norm=1.0000, pi_std=0.000013, effC=28.00, Lvar=0.000000, Lvar_active=0.0000, scale/adh_std=1
Epoch [90/200], Average Loss: 1.154823
  Diagnostics: H_ent_norm=1.0000, H_maxp=0.0361, pi_ent_norm=1.0000, pi_std=0.000012, effC=28.00, Lvar=0.000000, Lvar_active=0.0000, scale/adh_std=1
Epoch [100/200], Average Loss: 1.154774
  Diagnostics: H_ent_norm=1.0000, H_maxp=0.0361, pi_ent_norm=1.0000, pi_std=0.000011, effC=28.00, Lvar=0.000000, Lvar_active=0.0000, scale/adh_std=1
Epoch [110/200], Average Loss: 1.154737
  Diagnostics: H_ent_norm=1.0000, H_maxp=0.0360, pi_ent_norm=1.0000, pi_std=0.000009, effC=28.00, Lvar=0.000000, Lvar_active=0.0000, scale/adh_std=1
Epoch [120/200], Average Loss: 1.154710
  Diagnostics: H_ent_norm=1.0000, H_maxp=0.0360, pi_ent_norm=1.0000, pi_std=0.000009, effC=28.00, Lvar=0.000000, Lvar_active=0.0000, scale/adh_std=1
Epoch [130/200], Average Loss: 1.154690
  Diagnostics: H_ent_norm=1.0000, H_maxp=0.0360, pi_ent_norm=1.0000, pi_std=0.000008, effC=28.00, Lvar=0.000000, Lvar_active=0.0000, scale/adh_std=1
Epoch [140/200], Average Loss: 1.154675
  Diagnostics: H_ent_norm=1.0000, H_maxp=0.0359, pi_ent_norm=1.0000, pi_std=0.000007, effC=28.00, Lvar=0.000000, Lvar_active=0.0000, scale/adh_std=1
Epoch [150/200], Average Loss: 1.154662
  Diagnostics: H_ent_norm=1.0000, H_maxp=0.0359, pi_ent_norm=1.0000, pi_std=0.000006, effC=28.00, Lvar=0.000001, Lvar_active=0.0010, scale/adh_std=1
Epoch [160/200], Average Loss: 1.154653
  Diagnostics: H_ent_norm=1.0000, H_maxp=0.0359, pi_ent_norm=1.0000, pi_std=0.000005, effC=28.00, Lvar=0.000002, Lvar_active=0.0010, scale/adh_std=1
Epoch [170/200], Average Loss: 1.154645
  Diagnostics: H_ent_norm=1.0000, H_maxp=0.0359, pi_ent_norm=1.0000, pi_std=0.000004, effC=28.00, Lvar=0.000002, Lvar_active=0.0010, scale/adh_std=1
Epoch [180/200], Average Loss: 1.154639
  Diagnostics: H_ent_norm=1.0000, H_maxp=0.0359, pi_ent_norm=1.0000, pi_std=0.000005, effC=28.00, Lvar=0.000003, Lvar_active=0.0010, scale/adh_std=1
Epoch [190/200], Average Loss: 1.154634
  Diagnostics: H_ent_norm=1.0000, H_maxp=0.0358, pi_ent_norm=1.0000, pi_std=0.000005, effC=28.00, Lvar=0.000005, Lvar_active=0.0020, scale/adh_std=1
Epoch [200/200], Average Loss: 1.154630
  Diagnostics: H_ent_norm=1.0000, H_maxp=0.0358, pi_ent_norm=1.0000, pi_std=0.000004, effC=28.00, Lvar=0.000007, Lvar_active=0.0029, scale/adh_std=1
训练完成！实际训练 200 个epochs

--- 评估阶段 ---
  Facebook: AUROC=0.5540, AUPRC=0.0387
  cora: AUROC=0.8346, AUPRC=0.3736
  citeseer: AUROC=0.8717, AUPRC=0.3200
  ACM: AUROC=0.8069, AUPRC=0.3536
  BlogCatalog: AUROC=0.7228, AUPRC=0.3271
  weibo: AUROC=0.7087, AUPRC=0.2991
  Reddit: AUROC=0.6057, AUPRC=0.0468
  Amazon: AUROC=0.7050, AUPRC=0.1243

--- 保存模型 ---
检查点已保存到: /autodl-fs/data/recap/tuning_hyperparams/interaction_tuning/results/interaction_paper_v1/checkpoints/ctrl__tau0p15/recap/trial_0/model.pt
模型已保存到: /autodl-fs/data/recap/tuning_hyperparams/interaction_tuning/results/interaction_paper_v1/checkpoints/ctrl__tau0p15/recap/trial_0/model.pt

======================================================================
Trial 1 开始训练 (seed=1)
======================================================================
🔧 模型初始化视图数: 1 (单视图模式)

--- 训练阶段 ---
开始训练，共 200 个epochs...
关闭early stopping，训练将跑满设定epochs
🔧 Assignment layer LR multiplier: 10 (base_lr=5e-05, assignment_lr=0.0005)
Epoch [1/200], Average Loss: 1.168308
  Diagnostics: H_ent_norm=0.9987, H_maxp=0.0412, pi_ent_norm=1.0000, pi_std=0.000219, effC=28.00, Lvar=0.000003, Lvar_active=0.0010, scale/adh_std=1
Epoch [10/200], Average Loss: 1.160773
  Diagnostics: H_ent_norm=0.9995, H_maxp=0.0389, pi_ent_norm=1.0000, pi_std=0.000124, effC=28.00, Lvar=0.000004, Lvar_active=0.0010, scale/adh_std=1
Epoch [20/200], Average Loss: 1.158067
  Diagnostics: H_ent_norm=0.9998, H_maxp=0.0378, pi_ent_norm=1.0000, pi_std=0.000092, effC=28.00, Lvar=0.000005, Lvar_active=0.0010, scale/adh_std=1
Epoch [30/200], Average Loss: 1.156665
  Diagnostics: H_ent_norm=0.9999, H_maxp=0.0372, pi_ent_norm=1.0000, pi_std=0.000061, effC=28.00, Lvar=0.000005, Lvar_active=0.0010, scale/adh_std=1
Epoch [40/200], Average Loss: 1.155943
  Diagnostics: H_ent_norm=0.9999, H_maxp=0.0368, pi_ent_norm=1.0000, pi_std=0.000044, effC=28.00, Lvar=0.000005, Lvar_active=0.0010, scale/adh_std=1
Epoch [50/200], Average Loss: 1.155513
  Diagnostics: H_ent_norm=1.0000, H_maxp=0.0365, pi_ent_norm=1.0000, pi_std=0.000037, effC=28.00, Lvar=0.000006, Lvar_active=0.0010, scale/adh_std=1
Epoch [60/200], Average Loss: 1.155240
  Diagnostics: H_ent_norm=1.0000, H_maxp=0.0364, pi_ent_norm=1.0000, pi_std=0.000030, effC=28.00, Lvar=0.000006, Lvar_active=0.0010, scale/adh_std=1
Epoch [70/200], Average Loss: 1.155065
  Diagnostics: H_ent_norm=1.0000, H_maxp=0.0363, pi_ent_norm=1.0000, pi_std=0.000025, effC=28.00, Lvar=0.000006, Lvar_active=0.0010, scale/adh_std=1
Epoch [80/200], Average Loss: 1.154948
  Diagnostics: H_ent_norm=1.0000, H_maxp=0.0362, pi_ent_norm=1.0000, pi_std=0.000021, effC=28.00, Lvar=0.000007, Lvar_active=0.0010, scale/adh_std=1
Epoch [90/200], Average Loss: 1.154868
  Diagnostics: H_ent_norm=1.0000, H_maxp=0.0361, pi_ent_norm=1.0000, pi_std=0.000017, effC=28.00, Lvar=0.000007, Lvar_active=0.0010, scale/adh_std=1
Epoch [100/200], Average Loss: 1.154810
  Diagnostics: H_ent_norm=1.0000, H_maxp=0.0361, pi_ent_norm=1.0000, pi_std=0.000015, effC=28.00, Lvar=0.000007, Lvar_active=0.0010, scale/adh_std=1
Epoch [110/200], Average Loss: 1.154767
  Diagnostics: H_ent_norm=1.0000, H_maxp=0.0360, pi_ent_norm=1.0000, pi_std=0.000013, effC=28.00, Lvar=0.000008, Lvar_active=0.0010, scale/adh_std=1
Epoch [120/200], Average Loss: 1.154734
  Diagnostics: H_ent_norm=1.0000, H_maxp=0.0360, pi_ent_norm=1.0000, pi_std=0.000011, effC=28.00, Lvar=0.000008, Lvar_active=0.0010, scale/adh_std=1
Epoch [130/200], Average Loss: 1.154710
  Diagnostics: H_ent_norm=1.0000, H_maxp=0.0360, pi_ent_norm=1.0000, pi_std=0.000010, effC=28.00, Lvar=0.000009, Lvar_active=0.0010, scale/adh_std=1
Epoch [140/200], Average Loss: 1.154691
  Diagnostics: H_ent_norm=1.0000, H_maxp=0.0359, pi_ent_norm=1.0000, pi_std=0.000009, effC=28.00, Lvar=0.000009, Lvar_active=0.0010, scale/adh_std=1
Epoch [150/200], Average Loss: 1.154676
  Diagnostics: H_ent_norm=1.0000, H_maxp=0.0359, pi_ent_norm=1.0000, pi_std=0.000008, effC=28.00, Lvar=0.000010, Lvar_active=0.0010, scale/adh_std=1
Epoch [160/200], Average Loss: 1.154665
  Diagnostics: H_ent_norm=1.0000, H_maxp=0.0359, pi_ent_norm=1.0000, pi_std=0.000007, effC=28.00, Lvar=0.000011, Lvar_active=0.0020, scale/adh_std=1
Epoch [170/200], Average Loss: 1.154655
  Diagnostics: H_ent_norm=1.0000, H_maxp=0.0359, pi_ent_norm=1.0000, pi_std=0.000006, effC=28.00, Lvar=0.000012, Lvar_active=0.0020, scale/adh_std=1
Epoch [180/200], Average Loss: 1.154648
  Diagnostics: H_ent_norm=1.0000, H_maxp=0.0359, pi_ent_norm=1.0000, pi_std=0.000006, effC=28.00, Lvar=0.000013, Lvar_active=0.0020, scale/adh_std=1
Epoch [190/200], Average Loss: 1.154642
  Diagnostics: H_ent_norm=1.0000, H_maxp=0.0359, pi_ent_norm=1.0000, pi_std=0.000005, effC=28.00, Lvar=0.000015, Lvar_active=0.0029, scale/adh_std=1
Epoch [200/200], Average Loss: 1.154637
  Diagnostics: H_ent_norm=1.0000, H_maxp=0.0358, pi_ent_norm=1.0000, pi_std=0.000005, effC=28.00, Lvar=0.000018, Lvar_active=0.0029, scale/adh_std=1
训练完成！实际训练 200 个epochs

--- 评估阶段 ---
  Facebook: AUROC=0.5445, AUPRC=0.0346
  cora: AUROC=0.8326, AUPRC=0.3509
  citeseer: AUROC=0.8718, AUPRC=0.3447
  ACM: AUROC=0.8043, AUPRC=0.3493
  BlogCatalog: AUROC=0.7223, AUPRC=0.3298
  weibo: AUROC=0.7015, AUPRC=0.2939
  Reddit: AUROC=0.6041, AUPRC=0.0457
  Amazon: AUROC=0.7196, AUPRC=0.1302

--- 保存模型 ---
检查点已保存到: /autodl-fs/data/recap/tuning_hyperparams/interaction_tuning/results/interaction_paper_v1/checkpoints/ctrl__tau0p15/recap/trial_1/model.pt
模型已保存到: /autodl-fs/data/recap/tuning_hyperparams/interaction_tuning/results/interaction_paper_v1/checkpoints/ctrl__tau0p15/recap/trial_1/model.pt

======================================================================
Trial 2 开始训练 (seed=2)
======================================================================
🔧 模型初始化视图数: 1 (单视图模式)

--- 训练阶段 ---
开始训练，共 200 个epochs...
关闭early stopping，训练将跑满设定epochs
🔧 Assignment layer LR multiplier: 10 (base_lr=5e-05, assignment_lr=0.0005)
Epoch [1/200], Average Loss: 1.168682
  Diagnostics: H_ent_norm=0.9985, H_maxp=0.0414, pi_ent_norm=1.0000, pi_std=0.000247, effC=28.00, Lvar=0.000000, Lvar_active=0.0000, scale/adh_std=1
Epoch [10/200], Average Loss: 1.160410
  Diagnostics: H_ent_norm=0.9995, H_maxp=0.0390, pi_ent_norm=1.0000, pi_std=0.000135, effC=28.00, Lvar=0.000000, Lvar_active=0.0000, scale/adh_std=1
Epoch [20/200], Average Loss: 1.157635
  Diagnostics: H_ent_norm=0.9998, H_maxp=0.0377, pi_ent_norm=1.0000, pi_std=0.000091, effC=28.00, Lvar=0.000000, Lvar_active=0.0000, scale/adh_std=1
Epoch [30/200], Average Loss: 1.156398
  Diagnostics: H_ent_norm=0.9999, H_maxp=0.0371, pi_ent_norm=1.0000, pi_std=0.000062, effC=28.00, Lvar=0.000000, Lvar_active=0.0000, scale/adh_std=1
Epoch [40/200], Average Loss: 1.155733
  Diagnostics: H_ent_norm=0.9999, H_maxp=0.0367, pi_ent_norm=1.0000, pi_std=0.000045, effC=28.00, Lvar=0.000000, Lvar_active=0.0000, scale/adh_std=1
Epoch [50/200], Average Loss: 1.155353
  Diagnostics: H_ent_norm=1.0000, H_maxp=0.0365, pi_ent_norm=1.0000, pi_std=0.000037, effC=28.00, Lvar=0.000000, Lvar_active=0.0000, scale/adh_std=1
Epoch [60/200], Average Loss: 1.155137
  Diagnostics: H_ent_norm=1.0000, H_maxp=0.0364, pi_ent_norm=1.0000, pi_std=0.000026, effC=28.00, Lvar=0.000000, Lvar_active=0.0000, scale/adh_std=1
Epoch [70/200], Average Loss: 1.154995
  Diagnostics: H_ent_norm=1.0000, H_maxp=0.0362, pi_ent_norm=1.0000, pi_std=0.000022, effC=28.00, Lvar=0.000000, Lvar_active=0.0000, scale/adh_std=1
Epoch [80/200], Average Loss: 1.154893
  Diagnostics: H_ent_norm=1.0000, H_maxp=0.0362, pi_ent_norm=1.0000, pi_std=0.000020, effC=28.00, Lvar=0.000000, Lvar_active=0.0000, scale/adh_std=1
Epoch [90/200], Average Loss: 1.154829
  Diagnostics: H_ent_norm=1.0000, H_maxp=0.0361, pi_ent_norm=1.0000, pi_std=0.000015, effC=28.00, Lvar=0.000000, Lvar_active=0.0000, scale/adh_std=1
Epoch [100/200], Average Loss: 1.154776
  Diagnostics: H_ent_norm=1.0000, H_maxp=0.0361, pi_ent_norm=1.0000, pi_std=0.000012, effC=28.00, Lvar=0.000000, Lvar_active=0.0010, scale/adh_std=1
Epoch [110/200], Average Loss: 1.154741
  Diagnostics: H_ent_norm=1.0000, H_maxp=0.0360, pi_ent_norm=1.0000, pi_std=0.000011, effC=28.00, Lvar=0.000001, Lvar_active=0.0010, scale/adh_std=1
Epoch [120/200], Average Loss: 1.154714
  Diagnostics: H_ent_norm=1.0000, H_maxp=0.0360, pi_ent_norm=1.0000, pi_std=0.000009, effC=28.00, Lvar=0.000002, Lvar_active=0.0020, scale/adh_std=1
Epoch [130/200], Average Loss: 1.154694
  Diagnostics: H_ent_norm=1.0000, H_maxp=0.0360, pi_ent_norm=1.0000, pi_std=0.000007, effC=28.00, Lvar=0.000003, Lvar_active=0.0020, scale/adh_std=1
Epoch [140/200], Average Loss: 1.154678
  Diagnostics: H_ent_norm=1.0000, H_maxp=0.0359, pi_ent_norm=1.0000, pi_std=0.000006, effC=28.00, Lvar=0.000005, Lvar_active=0.0020, scale/adh_std=1
Epoch [150/200], Average Loss: 1.154666
  Diagnostics: H_ent_norm=1.0000, H_maxp=0.0359, pi_ent_norm=1.0000, pi_std=0.000006, effC=28.00, Lvar=0.000007, Lvar_active=0.0029, scale/adh_std=1
Epoch [160/200], Average Loss: 1.154656
  Diagnostics: H_ent_norm=1.0000, H_maxp=0.0359, pi_ent_norm=1.0000, pi_std=0.000005, effC=28.00, Lvar=0.000009, Lvar_active=0.0029, scale/adh_std=1
Epoch [170/200], Average Loss: 1.154648
  Diagnostics: H_ent_norm=1.0000, H_maxp=0.0359, pi_ent_norm=1.0000, pi_std=0.000005, effC=28.00, Lvar=0.000012, Lvar_active=0.0029, scale/adh_std=1
Epoch [180/200], Average Loss: 1.154642
  Diagnostics: H_ent_norm=1.0000, H_maxp=0.0359, pi_ent_norm=1.0000, pi_std=0.000004, effC=28.00, Lvar=0.000014, Lvar_active=0.0039, scale/adh_std=1
Epoch [190/200], Average Loss: 1.154636
  Diagnostics: H_ent_norm=1.0000, H_maxp=0.0358, pi_ent_norm=1.0000, pi_std=0.000003, effC=28.00, Lvar=0.000018, Lvar_active=0.0039, scale/adh_std=1
Epoch [200/200], Average Loss: 1.154632
  Diagnostics: H_ent_norm=1.0000, H_maxp=0.0358, pi_ent_norm=1.0000, pi_std=0.000003, effC=28.00, Lvar=0.000022, Lvar_active=0.0039, scale/adh_std=1
训练完成！实际训练 200 个epochs

--- 评估阶段 ---
  Facebook: AUROC=0.5351, AUPRC=0.0283
  cora: AUROC=0.8260, AUPRC=0.3365
  citeseer: AUROC=0.8727, AUPRC=0.3211
  ACM: AUROC=0.8066, AUPRC=0.3544
  BlogCatalog: AUROC=0.7278, AUPRC=0.3307
  weibo: AUROC=0.6996, AUPRC=0.2890
  Reddit: AUROC=0.6029, AUPRC=0.0453
  Amazon: AUROC=0.7054, AUPRC=0.1256

--- 保存模型 ---
检查点已保存到: /autodl-fs/data/recap/tuning_hyperparams/interaction_tuning/results/interaction_paper_v1/checkpoints/ctrl__tau0p15/recap/trial_2/model.pt
模型已保存到: /autodl-fs/data/recap/tuning_hyperparams/interaction_tuning/results/interaction_paper_v1/checkpoints/ctrl__tau0p15/recap/trial_2/model.pt

======================================================================
聚合 3 次试验的结果
======================================================================

------------------------- Facebook -------------------------
AUROC: 0.5445 ± 0.0077
AUPRC: 0.0339 ± 0.0043

------------------------- cora -------------------------
AUROC: 0.8310 ± 0.0037
AUPRC: 0.3537 ± 0.0153

------------------------- citeseer -------------------------
AUROC: 0.8721 ± 0.0005
AUPRC: 0.3286 ± 0.0114

------------------------- ACM -------------------------
AUROC: 0.8060 ± 0.0012
AUPRC: 0.3524 ± 0.0022

------------------------- BlogCatalog -------------------------
AUROC: 0.7243 ± 0.0025
AUPRC: 0.3292 ± 0.0015

------------------------- weibo -------------------------
AUROC: 0.7032 ± 0.0039
AUPRC: 0.2940 ± 0.0041

------------------------- Reddit -------------------------
AUROC: 0.6042 ± 0.0011
AUPRC: 0.0459 ± 0.0007

------------------------- Amazon -------------------------
AUROC: 0.7100 ± 0.0068
AUPRC: 0.1267 ± 0.0026


======================================================================
训练完成！
所有模型已保存到: /autodl-fs/data/recap/tuning_hyperparams/interaction_tuning/results/interaction_paper_v1/checkpoints/ctrl__tau0p15/recap/
======================================================================

