/root/miniconda3/lib/python3.12/site-packages/torch_geometric/__init__.py:4: UserWarning: An issue occurred while importing 'torch-scatter'. Disabling its usage. Stacktrace: Could not load this library: /root/miniconda3/lib/python3.12/site-packages/torch_scatter/_version_cuda.so
  import torch_geometric.typing
/root/miniconda3/lib/python3.12/site-packages/torch_geometric/__init__.py:4: UserWarning: An issue occurred while importing 'torch-cluster'. Disabling its usage. Stacktrace: Could not load this library: /root/miniconda3/lib/python3.12/site-packages/torch_cluster/_version_cuda.so
  import torch_geometric.typing
/root/miniconda3/lib/python3.12/site-packages/torch_geometric/__init__.py:4: UserWarning: An issue occurred while importing 'torch-spline-conv'. Disabling its usage. Stacktrace: Could not load this library: /root/miniconda3/lib/python3.12/site-packages/torch_spline_conv/_version_cuda.so
  import torch_geometric.typing
/root/miniconda3/lib/python3.12/site-packages/torch_geometric/__init__.py:4: UserWarning: An issue occurred while importing 'torch-sparse'. Disabling its usage. Stacktrace: Could not load this library: /root/miniconda3/lib/python3.12/site-packages/torch_sparse/_version_cuda.so
  import torch_geometric.typing
使用保存的最佳模型配置

======================================================================
recap 异常检测模型训练
======================================================================

📋 训练配置:
  device: cuda:0
  epochs: 200
  trials: 3
  seed: 0
  output_dir: /autodl-fs/data/recap/tuning_hyperparams/interaction_tuning/results/interaction_paper_v1/checkpoints/ctrl__lbal0p005
  save_checkpoint: True
  early_stop: False
  patience: 30
  log_diagnostics: True
  diagnostics_interval: 10

🔧 模型配置:
  model: recap
  lr: 5e-05
  dropout_rate: 0.2
  h_feats: 256
  num_hops: 1
  weight_decay: 5e-05
  dims: 32
  num_layers: 2
  activation: ELU
  num_views: 1
  num_clusters: 28
  knn_k: 20
  cluster_lr_multiplier: 10.0
  tau_s: 0.05
  sim_block_size: 256
  knn_cache_enabled: True
  knn_cache_dir: /autodl-fs/data/recap/knn_cache
  knn_search_dtype: auto
  lambda_H: 0.35
  lambda_bal: 0.005
  lambda_E: 0.1
  gamma: 0.1
  tau_e: 1.0
  beta: 0.005
  eps: 1e-08
  lambda_ortho: 0.35
  lambda_min_usage: 0.005
  lambda_diversity: 0.1
  min_cluster_ratio: 0.1

💾 保存设置:
  保存目录：/autodl-fs/data/recap/tuning_hyperparams/interaction_tuning/results/interaction_paper_v1/checkpoints/ctrl__lbal0p005
  保存检查点：True
======================================================================


📊 使用指定的训练数据集: ['pubmed', 'Flickr', 'questions', 'YelpChi']

📊 使用指定的测试数据集: ['Facebook', 'cora', 'citeseer', 'ACM', 'BlogCatalog', 'weibo', 'Reddit', 'Amazon']
加载 4 个训练数据集: ['pubmed', 'Flickr', 'questions', 'YelpChi']
加载 8 个测试数据集: ['Facebook', 'cora', 'citeseer', 'ACM', 'BlogCatalog', 'weibo', 'Reddit', 'Amazon']
进行 1 跳特征传播...

======================================================================
Trial 0 开始训练 (seed=0)
======================================================================
🔧 模型初始化视图数: 1 (单视图模式)

--- 训练阶段 ---
开始训练，共 200 个epochs...
关闭early stopping，训练将跑满设定epochs
🔧 Assignment layer LR multiplier: 10 (base_lr=5e-05, assignment_lr=0.0005)
Epoch [1/200], Average Loss: 1.173361
  Diagnostics: H_ent_norm=0.9985, H_maxp=0.0416, pi_ent_norm=1.0000, pi_std=0.000274, effC=28.00, Lvar=0.000000, Lvar_active=0.0000, scale/adh_std=1
Epoch [10/200], Average Loss: 1.166135
  Diagnostics: H_ent_norm=0.9994, H_maxp=0.0392, pi_ent_norm=1.0000, pi_std=0.000111, effC=28.00, Lvar=0.000000, Lvar_active=0.0000, scale/adh_std=1
Epoch [20/200], Average Loss: 1.163564
  Diagnostics: H_ent_norm=0.9998, H_maxp=0.0378, pi_ent_norm=1.0000, pi_std=0.000079, effC=28.00, Lvar=0.000000, Lvar_active=0.0000, scale/adh_std=1
Epoch [30/200], Average Loss: 1.162310
  Diagnostics: H_ent_norm=0.9999, H_maxp=0.0372, pi_ent_norm=1.0000, pi_std=0.000051, effC=28.00, Lvar=0.000000, Lvar_active=0.0000, scale/adh_std=1
Epoch [40/200], Average Loss: 1.161631
  Diagnostics: H_ent_norm=0.9999, H_maxp=0.0368, pi_ent_norm=1.0000, pi_std=0.000040, effC=28.00, Lvar=0.000000, Lvar_active=0.0000, scale/adh_std=1
Epoch [50/200], Average Loss: 1.161232
  Diagnostics: H_ent_norm=1.0000, H_maxp=0.0366, pi_ent_norm=1.0000, pi_std=0.000029, effC=28.00, Lvar=0.000000, Lvar_active=0.0000, scale/adh_std=1
Epoch [60/200], Average Loss: 1.160981
  Diagnostics: H_ent_norm=1.0000, H_maxp=0.0364, pi_ent_norm=1.0000, pi_std=0.000024, effC=28.00, Lvar=0.000000, Lvar_active=0.0000, scale/adh_std=1
Epoch [70/200], Average Loss: 1.160827
  Diagnostics: H_ent_norm=1.0000, H_maxp=0.0363, pi_ent_norm=1.0000, pi_std=0.000016, effC=28.00, Lvar=0.000000, Lvar_active=0.0000, scale/adh_std=1
Epoch [80/200], Average Loss: 1.160728
  Diagnostics: H_ent_norm=1.0000, H_maxp=0.0362, pi_ent_norm=1.0000, pi_std=0.000015, effC=28.00, Lvar=0.000000, Lvar_active=0.0000, scale/adh_std=1
Epoch [90/200], Average Loss: 1.160655
  Diagnostics: H_ent_norm=1.0000, H_maxp=0.0361, pi_ent_norm=1.0000, pi_std=0.000014, effC=28.00, Lvar=0.000000, Lvar_active=0.0000, scale/adh_std=1
Epoch [100/200], Average Loss: 1.160608
  Diagnostics: H_ent_norm=1.0000, H_maxp=0.0361, pi_ent_norm=1.0000, pi_std=0.000011, effC=28.00, Lvar=0.000000, Lvar_active=0.0000, scale/adh_std=1
Epoch [110/200], Average Loss: 1.160571
  Diagnostics: H_ent_norm=1.0000, H_maxp=0.0360, pi_ent_norm=1.0000, pi_std=0.000010, effC=28.00, Lvar=0.000000, Lvar_active=0.0000, scale/adh_std=1
Epoch [120/200], Average Loss: 1.160544
  Diagnostics: H_ent_norm=1.0000, H_maxp=0.0360, pi_ent_norm=1.0000, pi_std=0.000009, effC=28.00, Lvar=0.000000, Lvar_active=0.0000, scale/adh_std=1
Epoch [130/200], Average Loss: 1.160523
  Diagnostics: H_ent_norm=1.0000, H_maxp=0.0360, pi_ent_norm=1.0000, pi_std=0.000009, effC=28.00, Lvar=0.000000, Lvar_active=0.0000, scale/adh_std=1
Epoch [140/200], Average Loss: 1.160508
  Diagnostics: H_ent_norm=1.0000, H_maxp=0.0359, pi_ent_norm=1.0000, pi_std=0.000007, effC=28.00, Lvar=0.000000, Lvar_active=0.0000, scale/adh_std=1
Epoch [150/200], Average Loss: 1.160494
  Diagnostics: H_ent_norm=1.0000, H_maxp=0.0359, pi_ent_norm=1.0000, pi_std=0.000006, effC=28.00, Lvar=0.000000, Lvar_active=0.0000, scale/adh_std=1
Epoch [160/200], Average Loss: 1.160485
  Diagnostics: H_ent_norm=1.0000, H_maxp=0.0359, pi_ent_norm=1.0000, pi_std=0.000006, effC=28.00, Lvar=0.000000, Lvar_active=0.0010, scale/adh_std=1
Epoch [170/200], Average Loss: 1.160478
  Diagnostics: H_ent_norm=1.0000, H_maxp=0.0359, pi_ent_norm=1.0000, pi_std=0.000005, effC=28.00, Lvar=0.000001, Lvar_active=0.0010, scale/adh_std=1
Epoch [180/200], Average Loss: 1.160471
  Diagnostics: H_ent_norm=1.0000, H_maxp=0.0359, pi_ent_norm=1.0000, pi_std=0.000005, effC=28.00, Lvar=0.000002, Lvar_active=0.0010, scale/adh_std=1
Epoch [190/200], Average Loss: 1.160467
  Diagnostics: H_ent_norm=1.0000, H_maxp=0.0358, pi_ent_norm=1.0000, pi_std=0.000005, effC=28.00, Lvar=0.000003, Lvar_active=0.0010, scale/adh_std=1
Epoch [200/200], Average Loss: 1.160462
  Diagnostics: H_ent_norm=1.0000, H_maxp=0.0358, pi_ent_norm=1.0000, pi_std=0.000004, effC=28.00, Lvar=0.000005, Lvar_active=0.0029, scale/adh_std=1
训练完成！实际训练 200 个epochs

--- 评估阶段 ---
  Facebook: AUROC=0.5547, AUPRC=0.0387
  cora: AUROC=0.8346, AUPRC=0.3750
  citeseer: AUROC=0.8721, AUPRC=0.3191
  ACM: AUROC=0.8071, AUPRC=0.3537
  BlogCatalog: AUROC=0.7218, AUPRC=0.3271
  weibo: AUROC=0.7071, AUPRC=0.2992
  Reddit: AUROC=0.6056, AUPRC=0.0468
  Amazon: AUROC=0.7050, AUPRC=0.1244

--- 保存模型 ---
检查点已保存到: /autodl-fs/data/recap/tuning_hyperparams/interaction_tuning/results/interaction_paper_v1/checkpoints/ctrl__lbal0p005/recap/trial_0/model.pt
模型已保存到: /autodl-fs/data/recap/tuning_hyperparams/interaction_tuning/results/interaction_paper_v1/checkpoints/ctrl__lbal0p005/recap/trial_0/model.pt

======================================================================
Trial 1 开始训练 (seed=1)
======================================================================
🔧 模型初始化视图数: 1 (单视图模式)

--- 训练阶段 ---
开始训练，共 200 个epochs...
关闭early stopping，训练将跑满设定epochs
🔧 Assignment layer LR multiplier: 10 (base_lr=5e-05, assignment_lr=0.0005)
Epoch [1/200], Average Loss: 1.173170
  Diagnostics: H_ent_norm=0.9987, H_maxp=0.0412, pi_ent_norm=1.0000, pi_std=0.000223, effC=28.00, Lvar=0.000003, Lvar_active=0.0010, scale/adh_std=1
Epoch [10/200], Average Loss: 1.166342
  Diagnostics: H_ent_norm=0.9995, H_maxp=0.0390, pi_ent_norm=1.0000, pi_std=0.000130, effC=28.00, Lvar=0.000004, Lvar_active=0.0010, scale/adh_std=1
Epoch [20/200], Average Loss: 1.163775
  Diagnostics: H_ent_norm=0.9998, H_maxp=0.0378, pi_ent_norm=1.0000, pi_std=0.000100, effC=28.00, Lvar=0.000005, Lvar_active=0.0010, scale/adh_std=1
Epoch [30/200], Average Loss: 1.162425
  Diagnostics: H_ent_norm=0.9999, H_maxp=0.0372, pi_ent_norm=1.0000, pi_std=0.000069, effC=28.00, Lvar=0.000005, Lvar_active=0.0010, scale/adh_std=1
Epoch [40/200], Average Loss: 1.161749
  Diagnostics: H_ent_norm=0.9999, H_maxp=0.0368, pi_ent_norm=1.0000, pi_std=0.000050, effC=28.00, Lvar=0.000005, Lvar_active=0.0010, scale/adh_std=1
Epoch [50/200], Average Loss: 1.161328
  Diagnostics: H_ent_norm=1.0000, H_maxp=0.0366, pi_ent_norm=1.0000, pi_std=0.000043, effC=28.00, Lvar=0.000005, Lvar_active=0.0010, scale/adh_std=1
Epoch [60/200], Average Loss: 1.161068
  Diagnostics: H_ent_norm=1.0000, H_maxp=0.0364, pi_ent_norm=1.0000, pi_std=0.000034, effC=28.00, Lvar=0.000006, Lvar_active=0.0010, scale/adh_std=1
Epoch [70/200], Average Loss: 1.160891
  Diagnostics: H_ent_norm=1.0000, H_maxp=0.0363, pi_ent_norm=1.0000, pi_std=0.000028, effC=28.00, Lvar=0.000006, Lvar_active=0.0010, scale/adh_std=1
Epoch [80/200], Average Loss: 1.160776
  Diagnostics: H_ent_norm=1.0000, H_maxp=0.0362, pi_ent_norm=1.0000, pi_std=0.000024, effC=28.00, Lvar=0.000006, Lvar_active=0.0010, scale/adh_std=1
Epoch [90/200], Average Loss: 1.160699
  Diagnostics: H_ent_norm=1.0000, H_maxp=0.0361, pi_ent_norm=1.0000, pi_std=0.000019, effC=28.00, Lvar=0.000007, Lvar_active=0.0010, scale/adh_std=1
Epoch [100/200], Average Loss: 1.160640
  Diagnostics: H_ent_norm=1.0000, H_maxp=0.0361, pi_ent_norm=1.0000, pi_std=0.000017, effC=28.00, Lvar=0.000007, Lvar_active=0.0010, scale/adh_std=1
Epoch [110/200], Average Loss: 1.160597
  Diagnostics: H_ent_norm=1.0000, H_maxp=0.0360, pi_ent_norm=1.0000, pi_std=0.000013, effC=28.00, Lvar=0.000008, Lvar_active=0.0010, scale/adh_std=1
Epoch [120/200], Average Loss: 1.160564
  Diagnostics: H_ent_norm=1.0000, H_maxp=0.0360, pi_ent_norm=1.0000, pi_std=0.000012, effC=28.00, Lvar=0.000008, Lvar_active=0.0010, scale/adh_std=1
Epoch [130/200], Average Loss: 1.160542
  Diagnostics: H_ent_norm=1.0000, H_maxp=0.0360, pi_ent_norm=1.0000, pi_std=0.000011, effC=28.00, Lvar=0.000009, Lvar_active=0.0010, scale/adh_std=1
Epoch [140/200], Average Loss: 1.160523
  Diagnostics: H_ent_norm=1.0000, H_maxp=0.0359, pi_ent_norm=1.0000, pi_std=0.000010, effC=28.00, Lvar=0.000009, Lvar_active=0.0010, scale/adh_std=1
Epoch [150/200], Average Loss: 1.160508
  Diagnostics: H_ent_norm=1.0000, H_maxp=0.0359, pi_ent_norm=1.0000, pi_std=0.000008, effC=28.00, Lvar=0.000010, Lvar_active=0.0010, scale/adh_std=1
Epoch [160/200], Average Loss: 1.160496
  Diagnostics: H_ent_norm=1.0000, H_maxp=0.0359, pi_ent_norm=1.0000, pi_std=0.000008, effC=28.00, Lvar=0.000010, Lvar_active=0.0010, scale/adh_std=1
Epoch [170/200], Average Loss: 1.160487
  Diagnostics: H_ent_norm=1.0000, H_maxp=0.0359, pi_ent_norm=1.0000, pi_std=0.000006, effC=28.00, Lvar=0.000011, Lvar_active=0.0020, scale/adh_std=1
Epoch [180/200], Average Loss: 1.160479
  Diagnostics: H_ent_norm=1.0000, H_maxp=0.0359, pi_ent_norm=1.0000, pi_std=0.000006, effC=28.00, Lvar=0.000012, Lvar_active=0.0020, scale/adh_std=1
Epoch [190/200], Average Loss: 1.160474
  Diagnostics: H_ent_norm=1.0000, H_maxp=0.0359, pi_ent_norm=1.0000, pi_std=0.000005, effC=28.00, Lvar=0.000014, Lvar_active=0.0020, scale/adh_std=1
Epoch [200/200], Average Loss: 1.160468
  Diagnostics: H_ent_norm=1.0000, H_maxp=0.0358, pi_ent_norm=1.0000, pi_std=0.000005, effC=28.00, Lvar=0.000015, Lvar_active=0.0029, scale/adh_std=1
训练完成！实际训练 200 个epochs

--- 评估阶段 ---
  Facebook: AUROC=0.5441, AUPRC=0.0352
  cora: AUROC=0.8334, AUPRC=0.3557
  citeseer: AUROC=0.8725, AUPRC=0.3446
  ACM: AUROC=0.8044, AUPRC=0.3490
  BlogCatalog: AUROC=0.7211, AUPRC=0.3287
  weibo: AUROC=0.6986, AUPRC=0.2943
  Reddit: AUROC=0.6041, AUPRC=0.0457
  Amazon: AUROC=0.7192, AUPRC=0.1303

--- 保存模型 ---
检查点已保存到: /autodl-fs/data/recap/tuning_hyperparams/interaction_tuning/results/interaction_paper_v1/checkpoints/ctrl__lbal0p005/recap/trial_1/model.pt
模型已保存到: /autodl-fs/data/recap/tuning_hyperparams/interaction_tuning/results/interaction_paper_v1/checkpoints/ctrl__lbal0p005/recap/trial_1/model.pt

======================================================================
Trial 2 开始训练 (seed=2)
======================================================================
🔧 模型初始化视图数: 1 (单视图模式)

--- 训练阶段 ---
开始训练，共 200 个epochs...
关闭early stopping，训练将跑满设定epochs
🔧 Assignment layer LR multiplier: 10 (base_lr=5e-05, assignment_lr=0.0005)
Epoch [1/200], Average Loss: 1.173494
  Diagnostics: H_ent_norm=0.9985, H_maxp=0.0414, pi_ent_norm=1.0000, pi_std=0.000250, effC=28.00, Lvar=0.000000, Lvar_active=0.0000, scale/adh_std=1
Epoch [10/200], Average Loss: 1.165976
  Diagnostics: H_ent_norm=0.9995, H_maxp=0.0390, pi_ent_norm=1.0000, pi_std=0.000140, effC=28.00, Lvar=0.000000, Lvar_active=0.0000, scale/adh_std=1
Epoch [20/200], Average Loss: 1.163373
  Diagnostics: H_ent_norm=0.9998, H_maxp=0.0378, pi_ent_norm=1.0000, pi_std=0.000101, effC=28.00, Lvar=0.000000, Lvar_active=0.0000, scale/adh_std=1
Epoch [30/200], Average Loss: 1.162179
  Diagnostics: H_ent_norm=0.9999, H_maxp=0.0371, pi_ent_norm=1.0000, pi_std=0.000067, effC=28.00, Lvar=0.000000, Lvar_active=0.0000, scale/adh_std=1
Epoch [40/200], Average Loss: 1.161548
  Diagnostics: H_ent_norm=0.9999, H_maxp=0.0367, pi_ent_norm=1.0000, pi_std=0.000053, effC=28.00, Lvar=0.000000, Lvar_active=0.0000, scale/adh_std=1
Epoch [50/200], Average Loss: 1.161174
  Diagnostics: H_ent_norm=1.0000, H_maxp=0.0365, pi_ent_norm=1.0000, pi_std=0.000043, effC=28.00, Lvar=0.000000, Lvar_active=0.0000, scale/adh_std=1
Epoch [60/200], Average Loss: 1.160962
  Diagnostics: H_ent_norm=1.0000, H_maxp=0.0364, pi_ent_norm=1.0000, pi_std=0.000032, effC=28.00, Lvar=0.000000, Lvar_active=0.0000, scale/adh_std=1
Epoch [70/200], Average Loss: 1.160824
  Diagnostics: H_ent_norm=1.0000, H_maxp=0.0362, pi_ent_norm=1.0000, pi_std=0.000027, effC=28.00, Lvar=0.000000, Lvar_active=0.0000, scale/adh_std=1
Epoch [80/200], Average Loss: 1.160721
  Diagnostics: H_ent_norm=1.0000, H_maxp=0.0362, pi_ent_norm=1.0000, pi_std=0.000025, effC=28.00, Lvar=0.000000, Lvar_active=0.0000, scale/adh_std=1
Epoch [90/200], Average Loss: 1.160658
  Diagnostics: H_ent_norm=1.0000, H_maxp=0.0361, pi_ent_norm=1.0000, pi_std=0.000018, effC=28.00, Lvar=0.000000, Lvar_active=0.0000, scale/adh_std=1
Epoch [100/200], Average Loss: 1.160608
  Diagnostics: H_ent_norm=1.0000, H_maxp=0.0361, pi_ent_norm=1.0000, pi_std=0.000015, effC=28.00, Lvar=0.000000, Lvar_active=0.0000, scale/adh_std=1
Epoch [110/200], Average Loss: 1.160572
  Diagnostics: H_ent_norm=1.0000, H_maxp=0.0360, pi_ent_norm=1.0000, pi_std=0.000013, effC=28.00, Lvar=0.000001, Lvar_active=0.0010, scale/adh_std=1
Epoch [120/200], Average Loss: 1.160546
  Diagnostics: H_ent_norm=1.0000, H_maxp=0.0360, pi_ent_norm=1.0000, pi_std=0.000010, effC=28.00, Lvar=0.000001, Lvar_active=0.0010, scale/adh_std=1
Epoch [130/200], Average Loss: 1.160524
  Diagnostics: H_ent_norm=1.0000, H_maxp=0.0360, pi_ent_norm=1.0000, pi_std=0.000008, effC=28.00, Lvar=0.000002, Lvar_active=0.0010, scale/adh_std=1
Epoch [140/200], Average Loss: 1.160510
  Diagnostics: H_ent_norm=1.0000, H_maxp=0.0359, pi_ent_norm=1.0000, pi_std=0.000008, effC=28.00, Lvar=0.000003, Lvar_active=0.0020, scale/adh_std=1
Epoch [150/200], Average Loss: 1.160497
  Diagnostics: H_ent_norm=1.0000, H_maxp=0.0359, pi_ent_norm=1.0000, pi_std=0.000007, effC=28.00, Lvar=0.000005, Lvar_active=0.0020, scale/adh_std=1
Epoch [160/200], Average Loss: 1.160487
  Diagnostics: H_ent_norm=1.0000, H_maxp=0.0359, pi_ent_norm=1.0000, pi_std=0.000006, effC=28.00, Lvar=0.000006, Lvar_active=0.0020, scale/adh_std=1
Epoch [170/200], Average Loss: 1.160479
  Diagnostics: H_ent_norm=1.0000, H_maxp=0.0359, pi_ent_norm=1.0000, pi_std=0.000005, effC=28.00, Lvar=0.000009, Lvar_active=0.0029, scale/adh_std=1
Epoch [180/200], Average Loss: 1.160473
  Diagnostics: H_ent_norm=1.0000, H_maxp=0.0359, pi_ent_norm=1.0000, pi_std=0.000005, effC=28.00, Lvar=0.000011, Lvar_active=0.0029, scale/adh_std=1
Epoch [190/200], Average Loss: 1.160468
  Diagnostics: H_ent_norm=1.0000, H_maxp=0.0358, pi_ent_norm=1.0000, pi_std=0.000003, effC=28.00, Lvar=0.000015, Lvar_active=0.0039, scale/adh_std=1
Epoch [200/200], Average Loss: 1.160463
  Diagnostics: H_ent_norm=1.0000, H_maxp=0.0358, pi_ent_norm=1.0000, pi_std=0.000004, effC=28.00, Lvar=0.000018, Lvar_active=0.0039, scale/adh_std=1
训练完成！实际训练 200 个epochs

--- 评估阶段 ---
  Facebook: AUROC=0.5368, AUPRC=0.0291
  cora: AUROC=0.8264, AUPRC=0.3383
  citeseer: AUROC=0.8735, AUPRC=0.3224
  ACM: AUROC=0.8065, AUPRC=0.3543
  BlogCatalog: AUROC=0.7271, AUPRC=0.3308
  weibo: AUROC=0.6952, AUPRC=0.2884
  Reddit: AUROC=0.6027, AUPRC=0.0453
  Amazon: AUROC=0.7060, AUPRC=0.1258

--- 保存模型 ---
检查点已保存到: /autodl-fs/data/recap/tuning_hyperparams/interaction_tuning/results/interaction_paper_v1/checkpoints/ctrl__lbal0p005/recap/trial_2/model.pt
模型已保存到: /autodl-fs/data/recap/tuning_hyperparams/interaction_tuning/results/interaction_paper_v1/checkpoints/ctrl__lbal0p005/recap/trial_2/model.pt

======================================================================
聚合 3 次试验的结果
======================================================================

------------------------- Facebook -------------------------
AUROC: 0.5452 ± 0.0073
AUPRC: 0.0344 ± 0.0040

------------------------- cora -------------------------
AUROC: 0.8314 ± 0.0036
AUPRC: 0.3563 ± 0.0150

------------------------- citeseer -------------------------
AUROC: 0.8727 ± 0.0006
AUPRC: 0.3287 ± 0.0113

------------------------- ACM -------------------------
AUROC: 0.8060 ± 0.0012
AUPRC: 0.3523 ± 0.0024

------------------------- BlogCatalog -------------------------
AUROC: 0.7234 ± 0.0027
AUPRC: 0.3289 ± 0.0015

------------------------- weibo -------------------------
AUROC: 0.7003 ± 0.0050
AUPRC: 0.2940 ± 0.0044

------------------------- Reddit -------------------------
AUROC: 0.6041 ± 0.0012
AUPRC: 0.0459 ± 0.0006

------------------------- Amazon -------------------------
AUROC: 0.7100 ± 0.0065
AUPRC: 0.1268 ± 0.0025


======================================================================
训练完成！
所有模型已保存到: /autodl-fs/data/recap/tuning_hyperparams/interaction_tuning/results/interaction_paper_v1/checkpoints/ctrl__lbal0p005/recap/
======================================================================

