/root/miniconda3/lib/python3.12/site-packages/torch_geometric/__init__.py:4: UserWarning: An issue occurred while importing 'torch-scatter'. Disabling its usage. Stacktrace: Could not load this library: /root/miniconda3/lib/python3.12/site-packages/torch_scatter/_version_cuda.so
  import torch_geometric.typing
/root/miniconda3/lib/python3.12/site-packages/torch_geometric/__init__.py:4: UserWarning: An issue occurred while importing 'torch-cluster'. Disabling its usage. Stacktrace: Could not load this library: /root/miniconda3/lib/python3.12/site-packages/torch_cluster/_version_cuda.so
  import torch_geometric.typing
/root/miniconda3/lib/python3.12/site-packages/torch_geometric/__init__.py:4: UserWarning: An issue occurred while importing 'torch-spline-conv'. Disabling its usage. Stacktrace: Could not load this library: /root/miniconda3/lib/python3.12/site-packages/torch_spline_conv/_version_cuda.so
  import torch_geometric.typing
/root/miniconda3/lib/python3.12/site-packages/torch_geometric/__init__.py:4: UserWarning: An issue occurred while importing 'torch-sparse'. Disabling its usage. Stacktrace: Could not load this library: /root/miniconda3/lib/python3.12/site-packages/torch_sparse/_version_cuda.so
  import torch_geometric.typing
使用保存的最佳模型配置

======================================================================
recap 异常检测模型训练
======================================================================

📋 训练配置:
  device: cuda:0
  epochs: 200
  trials: 3
  seed: 0
  output_dir: /autodl-fs/data/recap/tuning_hyperparams/interaction_tuning/results/interaction_paper_v1/checkpoints/graph__k24__C28__L2
  save_checkpoint: True
  early_stop: False
  patience: 30
  log_diagnostics: True
  diagnostics_interval: 10

🔧 模型配置:
  model: recap
  lr: 5e-05
  dropout_rate: 0.2
  h_feats: 256
  num_hops: 2
  weight_decay: 5e-05
  dims: 32
  num_layers: 2
  activation: ELU
  num_views: 1
  num_clusters: 28
  knn_k: 24
  cluster_lr_multiplier: 10.0
  tau_s: 0.05
  sim_block_size: 256
  knn_cache_enabled: True
  knn_cache_dir: /autodl-fs/data/recap/knn_cache
  knn_search_dtype: auto
  lambda_H: 0.35
  lambda_bal: 0.01
  lambda_E: 0.1
  gamma: 0.1
  tau_e: 1.0
  beta: 0.005
  eps: 1e-08
  lambda_ortho: 0.35
  lambda_min_usage: 0.01
  lambda_diversity: 0.1
  min_cluster_ratio: 0.1

💾 保存设置:
  保存目录：/autodl-fs/data/recap/tuning_hyperparams/interaction_tuning/results/interaction_paper_v1/checkpoints/graph__k24__C28__L2
  保存检查点：True
======================================================================


📊 使用指定的训练数据集: ['pubmed', 'Flickr', 'questions', 'YelpChi']

📊 使用指定的测试数据集: ['Facebook', 'cora', 'citeseer', 'ACM', 'BlogCatalog', 'weibo', 'Reddit', 'Amazon']
加载 4 个训练数据集: ['pubmed', 'Flickr', 'questions', 'YelpChi']
加载 8 个测试数据集: ['Facebook', 'cora', 'citeseer', 'ACM', 'BlogCatalog', 'weibo', 'Reddit', 'Amazon']
进行 2 跳特征传播...

======================================================================
Trial 0 开始训练 (seed=0)
======================================================================
🔧 模型初始化视图数: 1 (单视图模式)

--- 训练阶段 ---
开始训练，共 200 个epochs...
关闭early stopping，训练将跑满设定epochs
🔧 Assignment layer LR multiplier: 10 (base_lr=5e-05, assignment_lr=0.0005)
Epoch [1/200], Average Loss: 1.167617
  Diagnostics: H_ent_norm=0.9985, H_maxp=0.0415, pi_ent_norm=1.0000, pi_std=0.000227, effC=28.00, Lvar=0.000000, Lvar_active=0.0000, scale/adh_std=1
Epoch [10/200], Average Loss: 1.159041
  Diagnostics: H_ent_norm=0.9996, H_maxp=0.0384, pi_ent_norm=1.0000, pi_std=0.000105, effC=28.00, Lvar=0.000000, Lvar_active=0.0000, scale/adh_std=1
Epoch [20/200], Average Loss: 1.156922
  Diagnostics: H_ent_norm=0.9999, H_maxp=0.0373, pi_ent_norm=1.0000, pi_std=0.000082, effC=28.00, Lvar=0.000000, Lvar_active=0.0000, scale/adh_std=1
Epoch [30/200], Average Loss: 1.156077
  Diagnostics: H_ent_norm=0.9999, H_maxp=0.0368, pi_ent_norm=1.0000, pi_std=0.000061, effC=28.00, Lvar=0.000000, Lvar_active=0.0000, scale/adh_std=1
Epoch [40/200], Average Loss: 1.155617
  Diagnostics: H_ent_norm=1.0000, H_maxp=0.0366, pi_ent_norm=1.0000, pi_std=0.000045, effC=28.00, Lvar=0.000000, Lvar_active=0.0000, scale/adh_std=1
Epoch [50/200], Average Loss: 1.155337
  Diagnostics: H_ent_norm=1.0000, H_maxp=0.0364, pi_ent_norm=1.0000, pi_std=0.000035, effC=28.00, Lvar=0.000000, Lvar_active=0.0000, scale/adh_std=1
Epoch [60/200], Average Loss: 1.155148
  Diagnostics: H_ent_norm=1.0000, H_maxp=0.0363, pi_ent_norm=1.0000, pi_std=0.000028, effC=28.00, Lvar=0.000000, Lvar_active=0.0000, scale/adh_std=1
Epoch [70/200], Average Loss: 1.155020
  Diagnostics: H_ent_norm=1.0000, H_maxp=0.0362, pi_ent_norm=1.0000, pi_std=0.000024, effC=28.00, Lvar=0.000000, Lvar_active=0.0000, scale/adh_std=1
Epoch [80/200], Average Loss: 1.154934
  Diagnostics: H_ent_norm=1.0000, H_maxp=0.0362, pi_ent_norm=1.0000, pi_std=0.000019, effC=28.00, Lvar=0.000000, Lvar_active=0.0000, scale/adh_std=1
Epoch [90/200], Average Loss: 1.154869
  Diagnostics: H_ent_norm=1.0000, H_maxp=0.0361, pi_ent_norm=1.0000, pi_std=0.000016, effC=28.00, Lvar=0.000000, Lvar_active=0.0000, scale/adh_std=1
Epoch [100/200], Average Loss: 1.154817
  Diagnostics: H_ent_norm=1.0000, H_maxp=0.0361, pi_ent_norm=1.0000, pi_std=0.000013, effC=28.00, Lvar=0.000000, Lvar_active=0.0000, scale/adh_std=1
Epoch [110/200], Average Loss: 1.154781
  Diagnostics: H_ent_norm=1.0000, H_maxp=0.0360, pi_ent_norm=1.0000, pi_std=0.000012, effC=28.00, Lvar=0.000000, Lvar_active=0.0000, scale/adh_std=1
Epoch [120/200], Average Loss: 1.154749
  Diagnostics: H_ent_norm=1.0000, H_maxp=0.0360, pi_ent_norm=1.0000, pi_std=0.000011, effC=28.00, Lvar=0.000000, Lvar_active=0.0000, scale/adh_std=1
Epoch [130/200], Average Loss: 1.154725
  Diagnostics: H_ent_norm=1.0000, H_maxp=0.0360, pi_ent_norm=1.0000, pi_std=0.000010, effC=28.00, Lvar=0.000000, Lvar_active=0.0000, scale/adh_std=1
Epoch [140/200], Average Loss: 1.154706
  Diagnostics: H_ent_norm=1.0000, H_maxp=0.0359, pi_ent_norm=1.0000, pi_std=0.000009, effC=28.00, Lvar=0.000000, Lvar_active=0.0005, scale/adh_std=1
Epoch [150/200], Average Loss: 1.154691
  Diagnostics: H_ent_norm=1.0000, H_maxp=0.0359, pi_ent_norm=1.0000, pi_std=0.000007, effC=28.00, Lvar=0.000001, Lvar_active=0.0005, scale/adh_std=1
Epoch [160/200], Average Loss: 1.154678
  Diagnostics: H_ent_norm=1.0000, H_maxp=0.0359, pi_ent_norm=1.0000, pi_std=0.000007, effC=28.00, Lvar=0.000001, Lvar_active=0.0005, scale/adh_std=1
Epoch [170/200], Average Loss: 1.154668
  Diagnostics: H_ent_norm=1.0000, H_maxp=0.0359, pi_ent_norm=1.0000, pi_std=0.000007, effC=28.00, Lvar=0.000002, Lvar_active=0.0010, scale/adh_std=1
Epoch [180/200], Average Loss: 1.154660
  Diagnostics: H_ent_norm=1.0000, H_maxp=0.0359, pi_ent_norm=1.0000, pi_std=0.000006, effC=28.00, Lvar=0.000003, Lvar_active=0.0015, scale/adh_std=1
Epoch [190/200], Average Loss: 1.154652
  Diagnostics: H_ent_norm=1.0000, H_maxp=0.0359, pi_ent_norm=1.0000, pi_std=0.000005, effC=28.00, Lvar=0.000005, Lvar_active=0.0024, scale/adh_std=1
Epoch [200/200], Average Loss: 1.154647
  Diagnostics: H_ent_norm=1.0000, H_maxp=0.0359, pi_ent_norm=1.0000, pi_std=0.000005, effC=28.00, Lvar=0.000008, Lvar_active=0.0024, scale/adh_std=1
训练完成！实际训练 200 个epochs

--- 评估阶段 ---
  Facebook: AUROC=0.5697, AUPRC=0.0406
  cora: AUROC=0.8405, AUPRC=0.4390
  citeseer: AUROC=0.9020, AUPRC=0.4193
  ACM: AUROC=0.8010, AUPRC=0.3684
  BlogCatalog: AUROC=0.7233, AUPRC=0.3318
  weibo: AUROC=0.7488, AUPRC=0.3088
  Reddit: AUROC=0.5983, AUPRC=0.0471
  Amazon: AUROC=0.7208, AUPRC=0.1296

--- 保存模型 ---
检查点已保存到: /autodl-fs/data/recap/tuning_hyperparams/interaction_tuning/results/interaction_paper_v1/checkpoints/graph__k24__C28__L2/recap/trial_0/model.pt
模型已保存到: /autodl-fs/data/recap/tuning_hyperparams/interaction_tuning/results/interaction_paper_v1/checkpoints/graph__k24__C28__L2/recap/trial_0/model.pt

======================================================================
Trial 1 开始训练 (seed=1)
======================================================================
🔧 模型初始化视图数: 1 (单视图模式)

--- 训练阶段 ---
开始训练，共 200 个epochs...
关闭early stopping，训练将跑满设定epochs
🔧 Assignment layer LR multiplier: 10 (base_lr=5e-05, assignment_lr=0.0005)
Epoch [1/200], Average Loss: 1.168359
  Diagnostics: H_ent_norm=0.9985, H_maxp=0.0414, pi_ent_norm=1.0000, pi_std=0.000236, effC=28.00, Lvar=0.000002, Lvar_active=0.0005, scale/adh_std=1
Epoch [10/200], Average Loss: 1.158979
  Diagnostics: H_ent_norm=0.9997, H_maxp=0.0383, pi_ent_norm=1.0000, pi_std=0.000132, effC=28.00, Lvar=0.000002, Lvar_active=0.0005, scale/adh_std=1
Epoch [20/200], Average Loss: 1.156866
  Diagnostics: H_ent_norm=0.9999, H_maxp=0.0372, pi_ent_norm=1.0000, pi_std=0.000086, effC=28.00, Lvar=0.000002, Lvar_active=0.0005, scale/adh_std=1
Epoch [30/200], Average Loss: 1.156003
  Diagnostics: H_ent_norm=0.9999, H_maxp=0.0368, pi_ent_norm=1.0000, pi_std=0.000054, effC=28.00, Lvar=0.000003, Lvar_active=0.0005, scale/adh_std=1
Epoch [40/200], Average Loss: 1.155571
  Diagnostics: H_ent_norm=1.0000, H_maxp=0.0366, pi_ent_norm=1.0000, pi_std=0.000035, effC=28.00, Lvar=0.000003, Lvar_active=0.0005, scale/adh_std=1
Epoch [50/200], Average Loss: 1.155303
  Diagnostics: H_ent_norm=1.0000, H_maxp=0.0364, pi_ent_norm=1.0000, pi_std=0.000025, effC=28.00, Lvar=0.000003, Lvar_active=0.0005, scale/adh_std=1
Epoch [60/200], Average Loss: 1.155115
  Diagnostics: H_ent_norm=1.0000, H_maxp=0.0363, pi_ent_norm=1.0000, pi_std=0.000023, effC=28.00, Lvar=0.000003, Lvar_active=0.0005, scale/adh_std=1
Epoch [70/200], Average Loss: 1.155001
  Diagnostics: H_ent_norm=1.0000, H_maxp=0.0362, pi_ent_norm=1.0000, pi_std=0.000019, effC=28.00, Lvar=0.000004, Lvar_active=0.0005, scale/adh_std=1
Epoch [80/200], Average Loss: 1.154911
  Diagnostics: H_ent_norm=1.0000, H_maxp=0.0362, pi_ent_norm=1.0000, pi_std=0.000015, effC=28.00, Lvar=0.000004, Lvar_active=0.0005, scale/adh_std=1
Epoch [90/200], Average Loss: 1.154849
  Diagnostics: H_ent_norm=1.0000, H_maxp=0.0361, pi_ent_norm=1.0000, pi_std=0.000013, effC=28.00, Lvar=0.000004, Lvar_active=0.0005, scale/adh_std=1
Epoch [100/200], Average Loss: 1.154800
  Diagnostics: H_ent_norm=1.0000, H_maxp=0.0361, pi_ent_norm=1.0000, pi_std=0.000010, effC=28.00, Lvar=0.000004, Lvar_active=0.0005, scale/adh_std=1
Epoch [110/200], Average Loss: 1.154766
  Diagnostics: H_ent_norm=1.0000, H_maxp=0.0360, pi_ent_norm=1.0000, pi_std=0.000009, effC=28.00, Lvar=0.000005, Lvar_active=0.0010, scale/adh_std=1
Epoch [120/200], Average Loss: 1.154737
  Diagnostics: H_ent_norm=1.0000, H_maxp=0.0360, pi_ent_norm=1.0000, pi_std=0.000009, effC=28.00, Lvar=0.000006, Lvar_active=0.0010, scale/adh_std=1
Epoch [130/200], Average Loss: 1.154715
  Diagnostics: H_ent_norm=1.0000, H_maxp=0.0360, pi_ent_norm=1.0000, pi_std=0.000007, effC=28.00, Lvar=0.000006, Lvar_active=0.0010, scale/adh_std=1
Epoch [140/200], Average Loss: 1.154698
  Diagnostics: H_ent_norm=1.0000, H_maxp=0.0359, pi_ent_norm=1.0000, pi_std=0.000006, effC=28.00, Lvar=0.000007, Lvar_active=0.0010, scale/adh_std=1
Epoch [150/200], Average Loss: 1.154683
  Diagnostics: H_ent_norm=1.0000, H_maxp=0.0359, pi_ent_norm=1.0000, pi_std=0.000006, effC=28.00, Lvar=0.000008, Lvar_active=0.0015, scale/adh_std=1
Epoch [160/200], Average Loss: 1.154673
  Diagnostics: H_ent_norm=1.0000, H_maxp=0.0359, pi_ent_norm=1.0000, pi_std=0.000005, effC=28.00, Lvar=0.000009, Lvar_active=0.0015, scale/adh_std=1
Epoch [170/200], Average Loss: 1.154662
  Diagnostics: H_ent_norm=1.0000, H_maxp=0.0359, pi_ent_norm=1.0000, pi_std=0.000005, effC=28.00, Lvar=0.000011, Lvar_active=0.0020, scale/adh_std=1
Epoch [180/200], Average Loss: 1.154654
  Diagnostics: H_ent_norm=1.0000, H_maxp=0.0359, pi_ent_norm=1.0000, pi_std=0.000005, effC=28.00, Lvar=0.000012, Lvar_active=0.0020, scale/adh_std=1
Epoch [190/200], Average Loss: 1.154648
  Diagnostics: H_ent_norm=1.0000, H_maxp=0.0359, pi_ent_norm=1.0000, pi_std=0.000004, effC=28.00, Lvar=0.000014, Lvar_active=0.0020, scale/adh_std=1
Epoch [200/200], Average Loss: 1.154643
  Diagnostics: H_ent_norm=1.0000, H_maxp=0.0359, pi_ent_norm=1.0000, pi_std=0.000004, effC=28.00, Lvar=0.000017, Lvar_active=0.0029, scale/adh_std=1
训练完成！实际训练 200 个epochs

--- 评估阶段 ---
  Facebook: AUROC=0.5640, AUPRC=0.0422
  cora: AUROC=0.8418, AUPRC=0.4240
  citeseer: AUROC=0.8992, AUPRC=0.4418
  ACM: AUROC=0.7975, AUPRC=0.3663
  BlogCatalog: AUROC=0.7225, AUPRC=0.3334
  weibo: AUROC=0.7405, AUPRC=0.3040
  Reddit: AUROC=0.5973, AUPRC=0.0459
  Amazon: AUROC=0.7353, AUPRC=0.1353

--- 保存模型 ---
检查点已保存到: /autodl-fs/data/recap/tuning_hyperparams/interaction_tuning/results/interaction_paper_v1/checkpoints/graph__k24__C28__L2/recap/trial_1/model.pt
模型已保存到: /autodl-fs/data/recap/tuning_hyperparams/interaction_tuning/results/interaction_paper_v1/checkpoints/graph__k24__C28__L2/recap/trial_1/model.pt

======================================================================
Trial 2 开始训练 (seed=2)
======================================================================
🔧 模型初始化视图数: 1 (单视图模式)

--- 训练阶段 ---
开始训练，共 200 个epochs...
关闭early stopping，训练将跑满设定epochs
🔧 Assignment layer LR multiplier: 10 (base_lr=5e-05, assignment_lr=0.0005)
Epoch [1/200], Average Loss: 1.169299
  Diagnostics: H_ent_norm=0.9984, H_maxp=0.0416, pi_ent_norm=1.0000, pi_std=0.000282, effC=28.00, Lvar=0.000000, Lvar_active=0.0000, scale/adh_std=1
Epoch [10/200], Average Loss: 1.158954
  Diagnostics: H_ent_norm=0.9996, H_maxp=0.0384, pi_ent_norm=1.0000, pi_std=0.000132, effC=28.00, Lvar=0.000000, Lvar_active=0.0000, scale/adh_std=1
Epoch [20/200], Average Loss: 1.156788
  Diagnostics: H_ent_norm=0.9999, H_maxp=0.0373, pi_ent_norm=1.0000, pi_std=0.000092, effC=28.00, Lvar=0.000000, Lvar_active=0.0000, scale/adh_std=1
Epoch [30/200], Average Loss: 1.155992
  Diagnostics: H_ent_norm=0.9999, H_maxp=0.0368, pi_ent_norm=1.0000, pi_std=0.000064, effC=28.00, Lvar=0.000000, Lvar_active=0.0000, scale/adh_std=1
Epoch [40/200], Average Loss: 1.155547
  Diagnostics: H_ent_norm=1.0000, H_maxp=0.0366, pi_ent_norm=1.0000, pi_std=0.000051, effC=28.00, Lvar=0.000000, Lvar_active=0.0000, scale/adh_std=1
Epoch [50/200], Average Loss: 1.155293
  Diagnostics: H_ent_norm=1.0000, H_maxp=0.0364, pi_ent_norm=1.0000, pi_std=0.000041, effC=28.00, Lvar=0.000000, Lvar_active=0.0000, scale/adh_std=1
Epoch [60/200], Average Loss: 1.155115
  Diagnostics: H_ent_norm=1.0000, H_maxp=0.0363, pi_ent_norm=1.0000, pi_std=0.000032, effC=28.00, Lvar=0.000000, Lvar_active=0.0000, scale/adh_std=1
Epoch [70/200], Average Loss: 1.154999
  Diagnostics: H_ent_norm=1.0000, H_maxp=0.0362, pi_ent_norm=1.0000, pi_std=0.000026, effC=28.00, Lvar=0.000000, Lvar_active=0.0000, scale/adh_std=1
Epoch [80/200], Average Loss: 1.154913
  Diagnostics: H_ent_norm=1.0000, H_maxp=0.0362, pi_ent_norm=1.0000, pi_std=0.000020, effC=28.00, Lvar=0.000000, Lvar_active=0.0000, scale/adh_std=1
Epoch [90/200], Average Loss: 1.154852
  Diagnostics: H_ent_norm=1.0000, H_maxp=0.0361, pi_ent_norm=1.0000, pi_std=0.000018, effC=28.00, Lvar=0.000000, Lvar_active=0.0000, scale/adh_std=1
Epoch [100/200], Average Loss: 1.154804
  Diagnostics: H_ent_norm=1.0000, H_maxp=0.0361, pi_ent_norm=1.0000, pi_std=0.000016, effC=28.00, Lvar=0.000000, Lvar_active=0.0005, scale/adh_std=1
Epoch [110/200], Average Loss: 1.154768
  Diagnostics: H_ent_norm=1.0000, H_maxp=0.0360, pi_ent_norm=1.0000, pi_std=0.000013, effC=28.00, Lvar=0.000001, Lvar_active=0.0005, scale/adh_std=1
Epoch [120/200], Average Loss: 1.154741
  Diagnostics: H_ent_norm=1.0000, H_maxp=0.0360, pi_ent_norm=1.0000, pi_std=0.000011, effC=28.00, Lvar=0.000001, Lvar_active=0.0005, scale/adh_std=1
Epoch [130/200], Average Loss: 1.154718
  Diagnostics: H_ent_norm=1.0000, H_maxp=0.0360, pi_ent_norm=1.0000, pi_std=0.000009, effC=28.00, Lvar=0.000001, Lvar_active=0.0010, scale/adh_std=1
Epoch [140/200], Average Loss: 1.154700
  Diagnostics: H_ent_norm=1.0000, H_maxp=0.0359, pi_ent_norm=1.0000, pi_std=0.000008, effC=28.00, Lvar=0.000002, Lvar_active=0.0010, scale/adh_std=1
Epoch [150/200], Average Loss: 1.154686
  Diagnostics: H_ent_norm=1.0000, H_maxp=0.0359, pi_ent_norm=1.0000, pi_std=0.000007, effC=28.00, Lvar=0.000003, Lvar_active=0.0010, scale/adh_std=1
Epoch [160/200], Average Loss: 1.154674
  Diagnostics: H_ent_norm=1.0000, H_maxp=0.0359, pi_ent_norm=1.0000, pi_std=0.000007, effC=28.00, Lvar=0.000004, Lvar_active=0.0015, scale/adh_std=1
Epoch [170/200], Average Loss: 1.154664
  Diagnostics: H_ent_norm=1.0000, H_maxp=0.0359, pi_ent_norm=1.0000, pi_std=0.000006, effC=28.00, Lvar=0.000006, Lvar_active=0.0015, scale/adh_std=1
Epoch [180/200], Average Loss: 1.154656
  Diagnostics: H_ent_norm=1.0000, H_maxp=0.0359, pi_ent_norm=1.0000, pi_std=0.000006, effC=28.00, Lvar=0.000008, Lvar_active=0.0020, scale/adh_std=1
Epoch [190/200], Average Loss: 1.154650
  Diagnostics: H_ent_norm=1.0000, H_maxp=0.0359, pi_ent_norm=1.0000, pi_std=0.000004, effC=28.00, Lvar=0.000010, Lvar_active=0.0020, scale/adh_std=1
Epoch [200/200], Average Loss: 1.154644
  Diagnostics: H_ent_norm=1.0000, H_maxp=0.0359, pi_ent_norm=1.0000, pi_std=0.000005, effC=28.00, Lvar=0.000012, Lvar_active=0.0024, scale/adh_std=1
训练完成！实际训练 200 个epochs

--- 评估阶段 ---
  Facebook: AUROC=0.5577, AUPRC=0.0319
  cora: AUROC=0.8346, AUPRC=0.4106
  citeseer: AUROC=0.9011, AUPRC=0.4213
  ACM: AUROC=0.8001, AUPRC=0.3709
  BlogCatalog: AUROC=0.7280, AUPRC=0.3350
  weibo: AUROC=0.7349, AUPRC=0.2971
  Reddit: AUROC=0.5941, AUPRC=0.0450
  Amazon: AUROC=0.7227, AUPRC=0.1310

--- 保存模型 ---
检查点已保存到: /autodl-fs/data/recap/tuning_hyperparams/interaction_tuning/results/interaction_paper_v1/checkpoints/graph__k24__C28__L2/recap/trial_2/model.pt
模型已保存到: /autodl-fs/data/recap/tuning_hyperparams/interaction_tuning/results/interaction_paper_v1/checkpoints/graph__k24__C28__L2/recap/trial_2/model.pt

======================================================================
聚合 3 次试验的结果
======================================================================

------------------------- Facebook -------------------------
AUROC: 0.5638 ± 0.0049
AUPRC: 0.0382 ± 0.0045

------------------------- cora -------------------------
AUROC: 0.8390 ± 0.0031
AUPRC: 0.4245 ± 0.0116

------------------------- citeseer -------------------------
AUROC: 0.9007 ± 0.0012
AUPRC: 0.4275 ± 0.0102

------------------------- ACM -------------------------
AUROC: 0.7995 ± 0.0015
AUPRC: 0.3686 ± 0.0019

------------------------- BlogCatalog -------------------------
AUROC: 0.7246 ± 0.0024
AUPRC: 0.3334 ± 0.0013

------------------------- weibo -------------------------
AUROC: 0.7414 ± 0.0057
AUPRC: 0.3033 ± 0.0048

------------------------- Reddit -------------------------
AUROC: 0.5966 ± 0.0018
AUPRC: 0.0460 ± 0.0008

------------------------- Amazon -------------------------
AUROC: 0.7263 ± 0.0064
AUPRC: 0.1320 ± 0.0024


======================================================================
训练完成！
所有模型已保存到: /autodl-fs/data/recap/tuning_hyperparams/interaction_tuning/results/interaction_paper_v1/checkpoints/graph__k24__C28__L2/recap/
======================================================================

