/root/miniconda3/lib/python3.12/site-packages/torch_geometric/__init__.py:4: UserWarning: An issue occurred while importing 'torch-scatter'. Disabling its usage. Stacktrace: Could not load this library: /root/miniconda3/lib/python3.12/site-packages/torch_scatter/_version_cuda.so
  import torch_geometric.typing
/root/miniconda3/lib/python3.12/site-packages/torch_geometric/__init__.py:4: UserWarning: An issue occurred while importing 'torch-cluster'. Disabling its usage. Stacktrace: Could not load this library: /root/miniconda3/lib/python3.12/site-packages/torch_cluster/_version_cuda.so
  import torch_geometric.typing
/root/miniconda3/lib/python3.12/site-packages/torch_geometric/__init__.py:4: UserWarning: An issue occurred while importing 'torch-spline-conv'. Disabling its usage. Stacktrace: Could not load this library: /root/miniconda3/lib/python3.12/site-packages/torch_spline_conv/_version_cuda.so
  import torch_geometric.typing
/root/miniconda3/lib/python3.12/site-packages/torch_geometric/__init__.py:4: UserWarning: An issue occurred while importing 'torch-sparse'. Disabling its usage. Stacktrace: Could not load this library: /root/miniconda3/lib/python3.12/site-packages/torch_sparse/_version_cuda.so
  import torch_geometric.typing
使用保存的最佳模型配置

======================================================================
recap 异常检测模型训练
======================================================================

📋 训练配置:
  device: cuda:0
  epochs: 200
  trials: 3
  seed: 0
  output_dir: /autodl-fs/data/recap/tuning_hyperparams/interaction_tuning/results/interaction_paper_v1/checkpoints/graph__k24__C36__L3
  save_checkpoint: True
  early_stop: False
  patience: 30
  log_diagnostics: True
  diagnostics_interval: 10

🔧 模型配置:
  model: recap
  lr: 5e-05
  dropout_rate: 0.2
  h_feats: 256
  num_hops: 3
  weight_decay: 5e-05
  dims: 32
  num_layers: 2
  activation: ELU
  num_views: 1
  num_clusters: 36
  knn_k: 24
  cluster_lr_multiplier: 10.0
  tau_s: 0.05
  sim_block_size: 256
  knn_cache_enabled: True
  knn_cache_dir: /autodl-fs/data/recap/knn_cache
  knn_search_dtype: auto
  lambda_H: 0.35
  lambda_bal: 0.01
  lambda_E: 0.1
  gamma: 0.1
  tau_e: 1.0
  beta: 0.005
  eps: 1e-08
  lambda_ortho: 0.35
  lambda_min_usage: 0.01
  lambda_diversity: 0.1
  min_cluster_ratio: 0.1

💾 保存设置:
  保存目录：/autodl-fs/data/recap/tuning_hyperparams/interaction_tuning/results/interaction_paper_v1/checkpoints/graph__k24__C36__L3
  保存检查点：True
======================================================================


📊 使用指定的训练数据集: ['pubmed', 'Flickr', 'questions', 'YelpChi']

📊 使用指定的测试数据集: ['Facebook', 'cora', 'citeseer', 'ACM', 'BlogCatalog', 'weibo', 'Reddit', 'Amazon']
加载 4 个训练数据集: ['pubmed', 'Flickr', 'questions', 'YelpChi']
加载 8 个测试数据集: ['Facebook', 'cora', 'citeseer', 'ACM', 'BlogCatalog', 'weibo', 'Reddit', 'Amazon']
进行 3 跳特征传播...

======================================================================
Trial 0 开始训练 (seed=0)
======================================================================
🔧 模型初始化视图数: 1 (单视图模式)

--- 训练阶段 ---
开始训练，共 200 个epochs...
关闭early stopping，训练将跑满设定epochs
🔧 Assignment layer LR multiplier: 10 (base_lr=5e-05, assignment_lr=0.0005)
Epoch [1/200], Average Loss: 1.254430
  Diagnostics: H_ent_norm=0.9987, H_maxp=0.0323, pi_ent_norm=1.0000, pi_std=0.000166, effC=36.00, Lvar=0.000000, Lvar_active=0.0000, scale/adh_std=1
Epoch [10/200], Average Loss: 1.245778
  Diagnostics: H_ent_norm=0.9997, H_maxp=0.0298, pi_ent_norm=1.0000, pi_std=0.000087, effC=36.00, Lvar=0.000000, Lvar_active=0.0000, scale/adh_std=1
Epoch [20/200], Average Loss: 1.243847
  Diagnostics: H_ent_norm=0.9999, H_maxp=0.0289, pi_ent_norm=1.0000, pi_std=0.000050, effC=36.00, Lvar=0.000000, Lvar_active=0.0000, scale/adh_std=1
Epoch [30/200], Average Loss: 1.243097
  Diagnostics: H_ent_norm=0.9999, H_maxp=0.0286, pi_ent_norm=1.0000, pi_std=0.000039, effC=36.00, Lvar=0.000000, Lvar_active=0.0000, scale/adh_std=1
Epoch [40/200], Average Loss: 1.242696
  Diagnostics: H_ent_norm=1.0000, H_maxp=0.0284, pi_ent_norm=1.0000, pi_std=0.000022, effC=36.00, Lvar=0.000000, Lvar_active=0.0000, scale/adh_std=1
Epoch [50/200], Average Loss: 1.242438
  Diagnostics: H_ent_norm=1.0000, H_maxp=0.0283, pi_ent_norm=1.0000, pi_std=0.000018, effC=36.00, Lvar=0.000000, Lvar_active=0.0000, scale/adh_std=1
Epoch [60/200], Average Loss: 1.242269
  Diagnostics: H_ent_norm=1.0000, H_maxp=0.0283, pi_ent_norm=1.0000, pi_std=0.000019, effC=36.00, Lvar=0.000000, Lvar_active=0.0000, scale/adh_std=1
Epoch [70/200], Average Loss: 1.242142
  Diagnostics: H_ent_norm=1.0000, H_maxp=0.0282, pi_ent_norm=1.0000, pi_std=0.000012, effC=36.00, Lvar=0.000000, Lvar_active=0.0000, scale/adh_std=1
Epoch [80/200], Average Loss: 1.242051
  Diagnostics: H_ent_norm=1.0000, H_maxp=0.0281, pi_ent_norm=1.0000, pi_std=0.000011, effC=36.00, Lvar=0.000000, Lvar_active=0.0000, scale/adh_std=1
Epoch [90/200], Average Loss: 1.241980
  Diagnostics: H_ent_norm=1.0000, H_maxp=0.0281, pi_ent_norm=1.0000, pi_std=0.000010, effC=36.00, Lvar=0.000000, Lvar_active=0.0000, scale/adh_std=1
Epoch [100/200], Average Loss: 1.241926
  Diagnostics: H_ent_norm=1.0000, H_maxp=0.0280, pi_ent_norm=1.0000, pi_std=0.000008, effC=36.00, Lvar=0.000000, Lvar_active=0.0000, scale/adh_std=1
Epoch [110/200], Average Loss: 1.241890
  Diagnostics: H_ent_norm=1.0000, H_maxp=0.0280, pi_ent_norm=1.0000, pi_std=0.000008, effC=36.00, Lvar=0.000000, Lvar_active=0.0000, scale/adh_std=1
Epoch [120/200], Average Loss: 1.241852
  Diagnostics: H_ent_norm=1.0000, H_maxp=0.0280, pi_ent_norm=1.0000, pi_std=0.000006, effC=36.00, Lvar=0.000000, Lvar_active=0.0000, scale/adh_std=1
Epoch [130/200], Average Loss: 1.241825
  Diagnostics: H_ent_norm=1.0000, H_maxp=0.0280, pi_ent_norm=1.0000, pi_std=0.000007, effC=36.00, Lvar=0.000000, Lvar_active=0.0003, scale/adh_std=1
Epoch [140/200], Average Loss: 1.241804
  Diagnostics: H_ent_norm=1.0000, H_maxp=0.0280, pi_ent_norm=1.0000, pi_std=0.000006, effC=36.00, Lvar=0.000000, Lvar_active=0.0003, scale/adh_std=1
Epoch [150/200], Average Loss: 1.241786
  Diagnostics: H_ent_norm=1.0000, H_maxp=0.0279, pi_ent_norm=1.0000, pi_std=0.000004, effC=36.00, Lvar=0.000001, Lvar_active=0.0007, scale/adh_std=1
Epoch [160/200], Average Loss: 1.241771
  Diagnostics: H_ent_norm=1.0000, H_maxp=0.0279, pi_ent_norm=1.0000, pi_std=0.000004, effC=36.00, Lvar=0.000002, Lvar_active=0.0010, scale/adh_std=1
Epoch [170/200], Average Loss: 1.241760
  Diagnostics: H_ent_norm=1.0000, H_maxp=0.0279, pi_ent_norm=1.0000, pi_std=0.000004, effC=36.00, Lvar=0.000003, Lvar_active=0.0013, scale/adh_std=1
Epoch [180/200], Average Loss: 1.241750
  Diagnostics: H_ent_norm=1.0000, H_maxp=0.0279, pi_ent_norm=1.0000, pi_std=0.000004, effC=36.00, Lvar=0.000004, Lvar_active=0.0016, scale/adh_std=1
Epoch [190/200], Average Loss: 1.241741
  Diagnostics: H_ent_norm=1.0000, H_maxp=0.0279, pi_ent_norm=1.0000, pi_std=0.000003, effC=36.00, Lvar=0.000007, Lvar_active=0.0023, scale/adh_std=1
Epoch [200/200], Average Loss: 1.241734
  Diagnostics: H_ent_norm=1.0000, H_maxp=0.0279, pi_ent_norm=1.0000, pi_std=0.000003, effC=36.00, Lvar=0.000009, Lvar_active=0.0023, scale/adh_std=1
训练完成！实际训练 200 个epochs

--- 评估阶段 ---
  Facebook: AUROC=0.5833, AUPRC=0.0495
  cora: AUROC=0.8317, AUPRC=0.4294
  citeseer: AUROC=0.9043, AUPRC=0.4400
  ACM: AUROC=0.7968, AUPRC=0.3734
  BlogCatalog: AUROC=0.7252, AUPRC=0.3344
  weibo: AUROC=0.7550, AUPRC=0.3094
  Reddit: AUROC=0.5976, AUPRC=0.0479
  Amazon: AUROC=0.7262, AUPRC=0.1308

--- 保存模型 ---
检查点已保存到: /autodl-fs/data/recap/tuning_hyperparams/interaction_tuning/results/interaction_paper_v1/checkpoints/graph__k24__C36__L3/recap/trial_0/model.pt
模型已保存到: /autodl-fs/data/recap/tuning_hyperparams/interaction_tuning/results/interaction_paper_v1/checkpoints/graph__k24__C36__L3/recap/trial_0/model.pt

======================================================================
Trial 1 开始训练 (seed=1)
======================================================================
🔧 模型初始化视图数: 1 (单视图模式)

--- 训练阶段 ---
开始训练，共 200 个epochs...
关闭early stopping，训练将跑满设定epochs
🔧 Assignment layer LR multiplier: 10 (base_lr=5e-05, assignment_lr=0.0005)
Epoch [1/200], Average Loss: 1.255787
  Diagnostics: H_ent_norm=0.9986, H_maxp=0.0325, pi_ent_norm=1.0000, pi_std=0.000180, effC=36.00, Lvar=0.000001, Lvar_active=0.0003, scale/adh_std=1
Epoch [10/200], Average Loss: 1.245531
  Diagnostics: H_ent_norm=0.9997, H_maxp=0.0297, pi_ent_norm=1.0000, pi_std=0.000097, effC=36.00, Lvar=0.000002, Lvar_active=0.0003, scale/adh_std=1
Epoch [20/200], Average Loss: 1.243631
  Diagnostics: H_ent_norm=0.9999, H_maxp=0.0289, pi_ent_norm=1.0000, pi_std=0.000055, effC=36.00, Lvar=0.000002, Lvar_active=0.0003, scale/adh_std=1
Epoch [30/200], Average Loss: 1.242994
  Diagnostics: H_ent_norm=0.9999, H_maxp=0.0286, pi_ent_norm=1.0000, pi_std=0.000037, effC=36.00, Lvar=0.000002, Lvar_active=0.0003, scale/adh_std=1
Epoch [40/200], Average Loss: 1.242584
  Diagnostics: H_ent_norm=1.0000, H_maxp=0.0284, pi_ent_norm=1.0000, pi_std=0.000025, effC=36.00, Lvar=0.000002, Lvar_active=0.0003, scale/adh_std=1
Epoch [50/200], Average Loss: 1.242357
  Diagnostics: H_ent_norm=1.0000, H_maxp=0.0283, pi_ent_norm=1.0000, pi_std=0.000018, effC=36.00, Lvar=0.000002, Lvar_active=0.0003, scale/adh_std=1
Epoch [60/200], Average Loss: 1.242199
  Diagnostics: H_ent_norm=1.0000, H_maxp=0.0282, pi_ent_norm=1.0000, pi_std=0.000015, effC=36.00, Lvar=0.000003, Lvar_active=0.0003, scale/adh_std=1
Epoch [70/200], Average Loss: 1.242084
  Diagnostics: H_ent_norm=1.0000, H_maxp=0.0282, pi_ent_norm=1.0000, pi_std=0.000014, effC=36.00, Lvar=0.000003, Lvar_active=0.0003, scale/adh_std=1
Epoch [80/200], Average Loss: 1.242001
  Diagnostics: H_ent_norm=1.0000, H_maxp=0.0281, pi_ent_norm=1.0000, pi_std=0.000012, effC=36.00, Lvar=0.000003, Lvar_active=0.0003, scale/adh_std=1
Epoch [90/200], Average Loss: 1.241934
  Diagnostics: H_ent_norm=1.0000, H_maxp=0.0281, pi_ent_norm=1.0000, pi_std=0.000009, effC=36.00, Lvar=0.000003, Lvar_active=0.0003, scale/adh_std=1
Epoch [100/200], Average Loss: 1.241889
  Diagnostics: H_ent_norm=1.0000, H_maxp=0.0280, pi_ent_norm=1.0000, pi_std=0.000007, effC=36.00, Lvar=0.000004, Lvar_active=0.0007, scale/adh_std=1
Epoch [110/200], Average Loss: 1.241852
  Diagnostics: H_ent_norm=1.0000, H_maxp=0.0280, pi_ent_norm=1.0000, pi_std=0.000007, effC=36.00, Lvar=0.000004, Lvar_active=0.0007, scale/adh_std=1
Epoch [120/200], Average Loss: 1.241824
  Diagnostics: H_ent_norm=1.0000, H_maxp=0.0280, pi_ent_norm=1.0000, pi_std=0.000007, effC=36.00, Lvar=0.000004, Lvar_active=0.0007, scale/adh_std=1
Epoch [130/200], Average Loss: 1.241801
  Diagnostics: H_ent_norm=1.0000, H_maxp=0.0280, pi_ent_norm=1.0000, pi_std=0.000006, effC=36.00, Lvar=0.000005, Lvar_active=0.0007, scale/adh_std=1
Epoch [140/200], Average Loss: 1.241783
  Diagnostics: H_ent_norm=1.0000, H_maxp=0.0279, pi_ent_norm=1.0000, pi_std=0.000005, effC=36.00, Lvar=0.000005, Lvar_active=0.0007, scale/adh_std=1
Epoch [150/200], Average Loss: 1.241769
  Diagnostics: H_ent_norm=1.0000, H_maxp=0.0279, pi_ent_norm=1.0000, pi_std=0.000004, effC=36.00, Lvar=0.000006, Lvar_active=0.0013, scale/adh_std=1
Epoch [160/200], Average Loss: 1.241757
  Diagnostics: H_ent_norm=1.0000, H_maxp=0.0279, pi_ent_norm=1.0000, pi_std=0.000004, effC=36.00, Lvar=0.000007, Lvar_active=0.0013, scale/adh_std=1
Epoch [170/200], Average Loss: 1.241747
  Diagnostics: H_ent_norm=1.0000, H_maxp=0.0279, pi_ent_norm=1.0000, pi_std=0.000004, effC=36.00, Lvar=0.000008, Lvar_active=0.0013, scale/adh_std=1
Epoch [180/200], Average Loss: 1.241739
  Diagnostics: H_ent_norm=1.0000, H_maxp=0.0279, pi_ent_norm=1.0000, pi_std=0.000003, effC=36.00, Lvar=0.000009, Lvar_active=0.0013, scale/adh_std=1
Epoch [190/200], Average Loss: 1.241732
  Diagnostics: H_ent_norm=1.0000, H_maxp=0.0279, pi_ent_norm=1.0000, pi_std=0.000003, effC=36.00, Lvar=0.000011, Lvar_active=0.0016, scale/adh_std=1
Epoch [200/200], Average Loss: 1.241726
  Diagnostics: H_ent_norm=1.0000, H_maxp=0.0279, pi_ent_norm=1.0000, pi_std=0.000003, effC=36.00, Lvar=0.000012, Lvar_active=0.0020, scale/adh_std=1
训练完成！实际训练 200 个epochs

--- 评估阶段 ---
  Facebook: AUROC=0.5788, AUPRC=0.0455
  cora: AUROC=0.8326, AUPRC=0.4219
  citeseer: AUROC=0.9006, AUPRC=0.4585
  ACM: AUROC=0.7930, AUPRC=0.3721
  BlogCatalog: AUROC=0.7236, AUPRC=0.3358
  weibo: AUROC=0.7501, AUPRC=0.3042
  Reddit: AUROC=0.5964, AUPRC=0.0462
  Amazon: AUROC=0.7431, AUPRC=0.1385

--- 保存模型 ---
检查点已保存到: /autodl-fs/data/recap/tuning_hyperparams/interaction_tuning/results/interaction_paper_v1/checkpoints/graph__k24__C36__L3/recap/trial_1/model.pt
模型已保存到: /autodl-fs/data/recap/tuning_hyperparams/interaction_tuning/results/interaction_paper_v1/checkpoints/graph__k24__C36__L3/recap/trial_1/model.pt

======================================================================
Trial 2 开始训练 (seed=2)
======================================================================
🔧 模型初始化视图数: 1 (单视图模式)

--- 训练阶段 ---
开始训练，共 200 个epochs...
关闭early stopping，训练将跑满设定epochs
🔧 Assignment layer LR multiplier: 10 (base_lr=5e-05, assignment_lr=0.0005)
Epoch [1/200], Average Loss: 1.257418
  Diagnostics: H_ent_norm=0.9985, H_maxp=0.0328, pi_ent_norm=1.0000, pi_std=0.000210, effC=36.00, Lvar=0.000000, Lvar_active=0.0000, scale/adh_std=1
Epoch [10/200], Average Loss: 1.246157
  Diagnostics: H_ent_norm=0.9996, H_maxp=0.0301, pi_ent_norm=1.0000, pi_std=0.000118, effC=36.00, Lvar=0.000000, Lvar_active=0.0000, scale/adh_std=1
Epoch [20/200], Average Loss: 1.244044
  Diagnostics: H_ent_norm=0.9999, H_maxp=0.0292, pi_ent_norm=1.0000, pi_std=0.000066, effC=36.00, Lvar=0.000000, Lvar_active=0.0000, scale/adh_std=1
Epoch [30/200], Average Loss: 1.243254
  Diagnostics: H_ent_norm=0.9999, H_maxp=0.0288, pi_ent_norm=1.0000, pi_std=0.000052, effC=36.00, Lvar=0.000000, Lvar_active=0.0000, scale/adh_std=1
Epoch [40/200], Average Loss: 1.242838
  Diagnostics: H_ent_norm=1.0000, H_maxp=0.0286, pi_ent_norm=1.0000, pi_std=0.000037, effC=36.00, Lvar=0.000000, Lvar_active=0.0000, scale/adh_std=1
Epoch [50/200], Average Loss: 1.242570
  Diagnostics: H_ent_norm=1.0000, H_maxp=0.0284, pi_ent_norm=1.0000, pi_std=0.000029, effC=36.00, Lvar=0.000000, Lvar_active=0.0000, scale/adh_std=1
Epoch [60/200], Average Loss: 1.242376
  Diagnostics: H_ent_norm=1.0000, H_maxp=0.0283, pi_ent_norm=1.0000, pi_std=0.000021, effC=36.00, Lvar=0.000000, Lvar_active=0.0000, scale/adh_std=1
Epoch [70/200], Average Loss: 1.242232
  Diagnostics: H_ent_norm=1.0000, H_maxp=0.0283, pi_ent_norm=1.0000, pi_std=0.000017, effC=36.00, Lvar=0.000000, Lvar_active=0.0000, scale/adh_std=1
Epoch [80/200], Average Loss: 1.242134
  Diagnostics: H_ent_norm=1.0000, H_maxp=0.0282, pi_ent_norm=1.0000, pi_std=0.000014, effC=36.00, Lvar=0.000000, Lvar_active=0.0000, scale/adh_std=1
Epoch [90/200], Average Loss: 1.242050
  Diagnostics: H_ent_norm=1.0000, H_maxp=0.0281, pi_ent_norm=1.0000, pi_std=0.000012, effC=36.00, Lvar=0.000000, Lvar_active=0.0000, scale/adh_std=1
Epoch [100/200], Average Loss: 1.241991
  Diagnostics: H_ent_norm=1.0000, H_maxp=0.0281, pi_ent_norm=1.0000, pi_std=0.000011, effC=36.00, Lvar=0.000000, Lvar_active=0.0000, scale/adh_std=1
Epoch [110/200], Average Loss: 1.241940
  Diagnostics: H_ent_norm=1.0000, H_maxp=0.0281, pi_ent_norm=1.0000, pi_std=0.000010, effC=36.00, Lvar=0.000000, Lvar_active=0.0000, scale/adh_std=1
Epoch [120/200], Average Loss: 1.241898
  Diagnostics: H_ent_norm=1.0000, H_maxp=0.0280, pi_ent_norm=1.0000, pi_std=0.000008, effC=36.00, Lvar=0.000000, Lvar_active=0.0000, scale/adh_std=1
Epoch [130/200], Average Loss: 1.241868
  Diagnostics: H_ent_norm=1.0000, H_maxp=0.0280, pi_ent_norm=1.0000, pi_std=0.000007, effC=36.00, Lvar=0.000000, Lvar_active=0.0003, scale/adh_std=1
Epoch [140/200], Average Loss: 1.241841
  Diagnostics: H_ent_norm=1.0000, H_maxp=0.0280, pi_ent_norm=1.0000, pi_std=0.000007, effC=36.00, Lvar=0.000000, Lvar_active=0.0003, scale/adh_std=1
Epoch [150/200], Average Loss: 1.241820
  Diagnostics: H_ent_norm=1.0000, H_maxp=0.0280, pi_ent_norm=1.0000, pi_std=0.000005, effC=36.00, Lvar=0.000000, Lvar_active=0.0003, scale/adh_std=1
Epoch [160/200], Average Loss: 1.241801
  Diagnostics: H_ent_norm=1.0000, H_maxp=0.0280, pi_ent_norm=1.0000, pi_std=0.000006, effC=36.00, Lvar=0.000001, Lvar_active=0.0003, scale/adh_std=1
Epoch [170/200], Average Loss: 1.241787
  Diagnostics: H_ent_norm=1.0000, H_maxp=0.0280, pi_ent_norm=1.0000, pi_std=0.000005, effC=36.00, Lvar=0.000001, Lvar_active=0.0007, scale/adh_std=1
Epoch [180/200], Average Loss: 1.241774
  Diagnostics: H_ent_norm=1.0000, H_maxp=0.0279, pi_ent_norm=1.0000, pi_std=0.000005, effC=36.00, Lvar=0.000001, Lvar_active=0.0007, scale/adh_std=1
Epoch [190/200], Average Loss: 1.241762
  Diagnostics: H_ent_norm=1.0000, H_maxp=0.0279, pi_ent_norm=1.0000, pi_std=0.000004, effC=36.00, Lvar=0.000002, Lvar_active=0.0010, scale/adh_std=1
Epoch [200/200], Average Loss: 1.241754
  Diagnostics: H_ent_norm=1.0000, H_maxp=0.0279, pi_ent_norm=1.0000, pi_std=0.000004, effC=36.00, Lvar=0.000003, Lvar_active=0.0010, scale/adh_std=1
训练完成！实际训练 200 个epochs

--- 评估阶段 ---
  Facebook: AUROC=0.5793, AUPRC=0.0367
  cora: AUROC=0.8249, AUPRC=0.4074
  citeseer: AUROC=0.9021, AUPRC=0.4409
  ACM: AUROC=0.7960, AUPRC=0.3760
  BlogCatalog: AUROC=0.7292, AUPRC=0.3373
  weibo: AUROC=0.7427, AUPRC=0.2991
  Reddit: AUROC=0.5918, AUPRC=0.0451
  Amazon: AUROC=0.7293, AUPRC=0.1326

--- 保存模型 ---
检查点已保存到: /autodl-fs/data/recap/tuning_hyperparams/interaction_tuning/results/interaction_paper_v1/checkpoints/graph__k24__C36__L3/recap/trial_2/model.pt
模型已保存到: /autodl-fs/data/recap/tuning_hyperparams/interaction_tuning/results/interaction_paper_v1/checkpoints/graph__k24__C36__L3/recap/trial_2/model.pt

======================================================================
聚合 3 次试验的结果
======================================================================

------------------------- Facebook -------------------------
AUROC: 0.5805 ± 0.0020
AUPRC: 0.0439 ± 0.0054

------------------------- cora -------------------------
AUROC: 0.8297 ± 0.0034
AUPRC: 0.4196 ± 0.0091

------------------------- citeseer -------------------------
AUROC: 0.9023 ± 0.0015
AUPRC: 0.4465 ± 0.0085

------------------------- ACM -------------------------
AUROC: 0.7953 ± 0.0016
AUPRC: 0.3738 ± 0.0016

------------------------- BlogCatalog -------------------------
AUROC: 0.7260 ± 0.0023
AUPRC: 0.3358 ± 0.0012

------------------------- weibo -------------------------
AUROC: 0.7493 ± 0.0051
AUPRC: 0.3042 ± 0.0042

------------------------- Reddit -------------------------
AUROC: 0.5953 ± 0.0025
AUPRC: 0.0464 ± 0.0011

------------------------- Amazon -------------------------
AUROC: 0.7329 ± 0.0074
AUPRC: 0.1340 ± 0.0033


======================================================================
训练完成！
所有模型已保存到: /autodl-fs/data/recap/tuning_hyperparams/interaction_tuning/results/interaction_paper_v1/checkpoints/graph__k24__C36__L3/recap/
======================================================================

