/root/miniconda3/lib/python3.12/site-packages/torch_geometric/__init__.py:4: UserWarning: An issue occurred while importing 'torch-scatter'. Disabling its usage. Stacktrace: Could not load this library: /root/miniconda3/lib/python3.12/site-packages/torch_scatter/_version_cuda.so
  import torch_geometric.typing
/root/miniconda3/lib/python3.12/site-packages/torch_geometric/__init__.py:4: UserWarning: An issue occurred while importing 'torch-cluster'. Disabling its usage. Stacktrace: Could not load this library: /root/miniconda3/lib/python3.12/site-packages/torch_cluster/_version_cuda.so
  import torch_geometric.typing
/root/miniconda3/lib/python3.12/site-packages/torch_geometric/__init__.py:4: UserWarning: An issue occurred while importing 'torch-spline-conv'. Disabling its usage. Stacktrace: Could not load this library: /root/miniconda3/lib/python3.12/site-packages/torch_spline_conv/_version_cuda.so
  import torch_geometric.typing
/root/miniconda3/lib/python3.12/site-packages/torch_geometric/__init__.py:4: UserWarning: An issue occurred while importing 'torch-sparse'. Disabling its usage. Stacktrace: Could not load this library: /root/miniconda3/lib/python3.12/site-packages/torch_sparse/_version_cuda.so
  import torch_geometric.typing
使用保存的最佳模型配置

======================================================================
recap 异常检测模型训练
======================================================================

📋 训练配置:
  device: cuda:0
  epochs: 200
  trials: 3
  seed: 0
  output_dir: /autodl-fs/data/recap/tuning_hyperparams/interaction_tuning/results/interaction_paper_v1/checkpoints/graph__k20__C36__L1
  save_checkpoint: True
  early_stop: False
  patience: 30
  log_diagnostics: True
  diagnostics_interval: 10

🔧 模型配置:
  model: recap
  lr: 5e-05
  dropout_rate: 0.2
  h_feats: 256
  num_hops: 1
  weight_decay: 5e-05
  dims: 32
  num_layers: 2
  activation: ELU
  num_views: 1
  num_clusters: 36
  knn_k: 20
  cluster_lr_multiplier: 10.0
  tau_s: 0.05
  sim_block_size: 256
  knn_cache_enabled: True
  knn_cache_dir: /autodl-fs/data/recap/knn_cache
  knn_search_dtype: auto
  lambda_H: 0.35
  lambda_bal: 0.01
  lambda_E: 0.1
  gamma: 0.1
  tau_e: 1.0
  beta: 0.005
  eps: 1e-08
  lambda_ortho: 0.35
  lambda_min_usage: 0.01
  lambda_diversity: 0.1
  min_cluster_ratio: 0.1

💾 保存设置:
  保存目录：/autodl-fs/data/recap/tuning_hyperparams/interaction_tuning/results/interaction_paper_v1/checkpoints/graph__k20__C36__L1
  保存检查点：True
======================================================================


📊 使用指定的训练数据集: ['pubmed', 'Flickr', 'questions', 'YelpChi']

📊 使用指定的测试数据集: ['Facebook', 'cora', 'citeseer', 'ACM', 'BlogCatalog', 'weibo', 'Reddit', 'Amazon']
加载 4 个训练数据集: ['pubmed', 'Flickr', 'questions', 'YelpChi']
加载 8 个测试数据集: ['Facebook', 'cora', 'citeseer', 'ACM', 'BlogCatalog', 'weibo', 'Reddit', 'Amazon']
进行 1 跳特征传播...

======================================================================
Trial 0 开始训练 (seed=0)
======================================================================
🔧 模型初始化视图数: 1 (单视图模式)

--- 训练阶段 ---
开始训练，共 200 个epochs...
关闭early stopping，训练将跑满设定epochs
🔧 Assignment layer LR multiplier: 10 (base_lr=5e-05, assignment_lr=0.0005)
Epoch [1/200], Average Loss: 1.255060
  Diagnostics: H_ent_norm=0.9985, H_maxp=0.0326, pi_ent_norm=1.0000, pi_std=0.000217, effC=36.00, Lvar=0.000000, Lvar_active=0.0000, scale/adh_std=1
Epoch [10/200], Average Loss: 1.247941
  Diagnostics: H_ent_norm=0.9994, H_maxp=0.0308, pi_ent_norm=1.0000, pi_std=0.000102, effC=36.00, Lvar=0.000000, Lvar_active=0.0000, scale/adh_std=1
Epoch [20/200], Average Loss: 1.245295
  Diagnostics: H_ent_norm=0.9997, H_maxp=0.0298, pi_ent_norm=1.0000, pi_std=0.000073, effC=36.00, Lvar=0.000000, Lvar_active=0.0000, scale/adh_std=1
Epoch [30/200], Average Loss: 1.243973
  Diagnostics: H_ent_norm=0.9999, H_maxp=0.0292, pi_ent_norm=1.0000, pi_std=0.000056, effC=36.00, Lvar=0.000000, Lvar_active=0.0000, scale/adh_std=1
Epoch [40/200], Average Loss: 1.243178
  Diagnostics: H_ent_norm=0.9999, H_maxp=0.0289, pi_ent_norm=1.0000, pi_std=0.000045, effC=36.00, Lvar=0.000000, Lvar_active=0.0000, scale/adh_std=1
Epoch [50/200], Average Loss: 1.242718
  Diagnostics: H_ent_norm=0.9999, H_maxp=0.0287, pi_ent_norm=1.0000, pi_std=0.000035, effC=36.00, Lvar=0.000000, Lvar_active=0.0000, scale/adh_std=1
Epoch [60/200], Average Loss: 1.242417
  Diagnostics: H_ent_norm=1.0000, H_maxp=0.0285, pi_ent_norm=1.0000, pi_std=0.000030, effC=36.00, Lvar=0.000000, Lvar_active=0.0000, scale/adh_std=1
Epoch [70/200], Average Loss: 1.242220
  Diagnostics: H_ent_norm=1.0000, H_maxp=0.0284, pi_ent_norm=1.0000, pi_std=0.000023, effC=36.00, Lvar=0.000000, Lvar_active=0.0000, scale/adh_std=1
Epoch [80/200], Average Loss: 1.242095
  Diagnostics: H_ent_norm=1.0000, H_maxp=0.0283, pi_ent_norm=1.0000, pi_std=0.000019, effC=36.00, Lvar=0.000000, Lvar_active=0.0000, scale/adh_std=1
Epoch [90/200], Average Loss: 1.241997
  Diagnostics: H_ent_norm=1.0000, H_maxp=0.0282, pi_ent_norm=1.0000, pi_std=0.000017, effC=36.00, Lvar=0.000000, Lvar_active=0.0000, scale/adh_std=1
Epoch [100/200], Average Loss: 1.241931
  Diagnostics: H_ent_norm=1.0000, H_maxp=0.0282, pi_ent_norm=1.0000, pi_std=0.000013, effC=36.00, Lvar=0.000000, Lvar_active=0.0000, scale/adh_std=1
Epoch [110/200], Average Loss: 1.241881
  Diagnostics: H_ent_norm=1.0000, H_maxp=0.0281, pi_ent_norm=1.0000, pi_std=0.000011, effC=36.00, Lvar=0.000000, Lvar_active=0.0000, scale/adh_std=1
Epoch [120/200], Average Loss: 1.241845
  Diagnostics: H_ent_norm=1.0000, H_maxp=0.0281, pi_ent_norm=1.0000, pi_std=0.000010, effC=36.00, Lvar=0.000000, Lvar_active=0.0000, scale/adh_std=1
Epoch [130/200], Average Loss: 1.241816
  Diagnostics: H_ent_norm=1.0000, H_maxp=0.0280, pi_ent_norm=1.0000, pi_std=0.000009, effC=36.00, Lvar=0.000000, Lvar_active=0.0000, scale/adh_std=1
Epoch [140/200], Average Loss: 1.241793
  Diagnostics: H_ent_norm=1.0000, H_maxp=0.0280, pi_ent_norm=1.0000, pi_std=0.000008, effC=36.00, Lvar=0.000000, Lvar_active=0.0000, scale/adh_std=1
Epoch [150/200], Average Loss: 1.241773
  Diagnostics: H_ent_norm=1.0000, H_maxp=0.0280, pi_ent_norm=1.0000, pi_std=0.000006, effC=36.00, Lvar=0.000000, Lvar_active=0.0000, scale/adh_std=1
Epoch [160/200], Average Loss: 1.241760
  Diagnostics: H_ent_norm=1.0000, H_maxp=0.0280, pi_ent_norm=1.0000, pi_std=0.000006, effC=36.00, Lvar=0.000000, Lvar_active=0.0000, scale/adh_std=1
Epoch [170/200], Average Loss: 1.241748
  Diagnostics: H_ent_norm=1.0000, H_maxp=0.0280, pi_ent_norm=1.0000, pi_std=0.000005, effC=36.00, Lvar=0.000001, Lvar_active=0.0010, scale/adh_std=1
Epoch [180/200], Average Loss: 1.241739
  Diagnostics: H_ent_norm=1.0000, H_maxp=0.0279, pi_ent_norm=1.0000, pi_std=0.000004, effC=36.00, Lvar=0.000001, Lvar_active=0.0010, scale/adh_std=1
Epoch [190/200], Average Loss: 1.241732
  Diagnostics: H_ent_norm=1.0000, H_maxp=0.0279, pi_ent_norm=1.0000, pi_std=0.000005, effC=36.00, Lvar=0.000002, Lvar_active=0.0010, scale/adh_std=1
Epoch [200/200], Average Loss: 1.241726
  Diagnostics: H_ent_norm=1.0000, H_maxp=0.0279, pi_ent_norm=1.0000, pi_std=0.000004, effC=36.00, Lvar=0.000003, Lvar_active=0.0010, scale/adh_std=1
训练完成！实际训练 200 个epochs

--- 评估阶段 ---
  Facebook: AUROC=0.5561, AUPRC=0.0388
  cora: AUROC=0.8342, AUPRC=0.3738
  citeseer: AUROC=0.8722, AUPRC=0.3200
  ACM: AUROC=0.8069, AUPRC=0.3533
  BlogCatalog: AUROC=0.7217, AUPRC=0.3268
  weibo: AUROC=0.7081, AUPRC=0.2991
  Reddit: AUROC=0.6049, AUPRC=0.0467
  Amazon: AUROC=0.7058, AUPRC=0.1247

--- 保存模型 ---
检查点已保存到: /autodl-fs/data/recap/tuning_hyperparams/interaction_tuning/results/interaction_paper_v1/checkpoints/graph__k20__C36__L1/recap/trial_0/model.pt
模型已保存到: /autodl-fs/data/recap/tuning_hyperparams/interaction_tuning/results/interaction_paper_v1/checkpoints/graph__k20__C36__L1/recap/trial_0/model.pt

======================================================================
Trial 1 开始训练 (seed=1)
======================================================================
🔧 模型初始化视图数: 1 (单视图模式)

--- 训练阶段 ---
开始训练，共 200 个epochs...
关闭early stopping，训练将跑满设定epochs
🔧 Assignment layer LR multiplier: 10 (base_lr=5e-05, assignment_lr=0.0005)
Epoch [1/200], Average Loss: 1.255196
  Diagnostics: H_ent_norm=0.9987, H_maxp=0.0324, pi_ent_norm=1.0000, pi_std=0.000175, effC=36.00, Lvar=0.000003, Lvar_active=0.0010, scale/adh_std=1
Epoch [10/200], Average Loss: 1.247984
  Diagnostics: H_ent_norm=0.9994, H_maxp=0.0306, pi_ent_norm=1.0000, pi_std=0.000110, effC=36.00, Lvar=0.000004, Lvar_active=0.0010, scale/adh_std=1
Epoch [20/200], Average Loss: 1.245469
  Diagnostics: H_ent_norm=0.9997, H_maxp=0.0297, pi_ent_norm=1.0000, pi_std=0.000083, effC=36.00, Lvar=0.000005, Lvar_active=0.0010, scale/adh_std=1
Epoch [30/200], Average Loss: 1.243978
  Diagnostics: H_ent_norm=0.9999, H_maxp=0.0292, pi_ent_norm=1.0000, pi_std=0.000060, effC=36.00, Lvar=0.000005, Lvar_active=0.0010, scale/adh_std=1
Epoch [40/200], Average Loss: 1.243248
  Diagnostics: H_ent_norm=0.9999, H_maxp=0.0288, pi_ent_norm=1.0000, pi_std=0.000050, effC=36.00, Lvar=0.000005, Lvar_active=0.0010, scale/adh_std=1
Epoch [50/200], Average Loss: 1.242764
  Diagnostics: H_ent_norm=0.9999, H_maxp=0.0286, pi_ent_norm=1.0000, pi_std=0.000041, effC=36.00, Lvar=0.000005, Lvar_active=0.0010, scale/adh_std=1
Epoch [60/200], Average Loss: 1.242468
  Diagnostics: H_ent_norm=1.0000, H_maxp=0.0284, pi_ent_norm=1.0000, pi_std=0.000032, effC=36.00, Lvar=0.000005, Lvar_active=0.0010, scale/adh_std=1
Epoch [70/200], Average Loss: 1.242258
  Diagnostics: H_ent_norm=1.0000, H_maxp=0.0283, pi_ent_norm=1.0000, pi_std=0.000027, effC=36.00, Lvar=0.000006, Lvar_active=0.0010, scale/adh_std=1
Epoch [80/200], Average Loss: 1.242123
  Diagnostics: H_ent_norm=1.0000, H_maxp=0.0282, pi_ent_norm=1.0000, pi_std=0.000022, effC=36.00, Lvar=0.000006, Lvar_active=0.0010, scale/adh_std=1
Epoch [90/200], Average Loss: 1.242025
  Diagnostics: H_ent_norm=1.0000, H_maxp=0.0282, pi_ent_norm=1.0000, pi_std=0.000018, effC=36.00, Lvar=0.000006, Lvar_active=0.0010, scale/adh_std=1
Epoch [100/200], Average Loss: 1.241953
  Diagnostics: H_ent_norm=1.0000, H_maxp=0.0281, pi_ent_norm=1.0000, pi_std=0.000016, effC=36.00, Lvar=0.000007, Lvar_active=0.0010, scale/adh_std=1
Epoch [110/200], Average Loss: 1.241898
  Diagnostics: H_ent_norm=1.0000, H_maxp=0.0281, pi_ent_norm=1.0000, pi_std=0.000013, effC=36.00, Lvar=0.000007, Lvar_active=0.0010, scale/adh_std=1
Epoch [120/200], Average Loss: 1.241856
  Diagnostics: H_ent_norm=1.0000, H_maxp=0.0280, pi_ent_norm=1.0000, pi_std=0.000012, effC=36.00, Lvar=0.000008, Lvar_active=0.0010, scale/adh_std=1
Epoch [130/200], Average Loss: 1.241826
  Diagnostics: H_ent_norm=1.0000, H_maxp=0.0280, pi_ent_norm=1.0000, pi_std=0.000010, effC=36.00, Lvar=0.000008, Lvar_active=0.0010, scale/adh_std=1
Epoch [140/200], Average Loss: 1.241802
  Diagnostics: H_ent_norm=1.0000, H_maxp=0.0280, pi_ent_norm=1.0000, pi_std=0.000009, effC=36.00, Lvar=0.000008, Lvar_active=0.0010, scale/adh_std=1
Epoch [150/200], Average Loss: 1.241782
  Diagnostics: H_ent_norm=1.0000, H_maxp=0.0280, pi_ent_norm=1.0000, pi_std=0.000007, effC=36.00, Lvar=0.000009, Lvar_active=0.0010, scale/adh_std=1
Epoch [160/200], Average Loss: 1.241767
  Diagnostics: H_ent_norm=1.0000, H_maxp=0.0280, pi_ent_norm=1.0000, pi_std=0.000007, effC=36.00, Lvar=0.000010, Lvar_active=0.0020, scale/adh_std=1
Epoch [170/200], Average Loss: 1.241754
  Diagnostics: H_ent_norm=1.0000, H_maxp=0.0279, pi_ent_norm=1.0000, pi_std=0.000006, effC=36.00, Lvar=0.000011, Lvar_active=0.0020, scale/adh_std=1
Epoch [180/200], Average Loss: 1.241744
  Diagnostics: H_ent_norm=1.0000, H_maxp=0.0279, pi_ent_norm=1.0000, pi_std=0.000005, effC=36.00, Lvar=0.000012, Lvar_active=0.0020, scale/adh_std=1
Epoch [190/200], Average Loss: 1.241737
  Diagnostics: H_ent_norm=1.0000, H_maxp=0.0279, pi_ent_norm=1.0000, pi_std=0.000005, effC=36.00, Lvar=0.000014, Lvar_active=0.0020, scale/adh_std=1
Epoch [200/200], Average Loss: 1.241729
  Diagnostics: H_ent_norm=1.0000, H_maxp=0.0279, pi_ent_norm=1.0000, pi_std=0.000004, effC=36.00, Lvar=0.000016, Lvar_active=0.0029, scale/adh_std=1
训练完成！实际训练 200 个epochs

--- 评估阶段 ---
  Facebook: AUROC=0.5439, AUPRC=0.0372
  cora: AUROC=0.8335, AUPRC=0.3569
  citeseer: AUROC=0.8725, AUPRC=0.3451
  ACM: AUROC=0.8042, AUPRC=0.3488
  BlogCatalog: AUROC=0.7210, AUPRC=0.3289
  weibo: AUROC=0.6981, AUPRC=0.2941
  Reddit: AUROC=0.6042, AUPRC=0.0457
  Amazon: AUROC=0.7200, AUPRC=0.1307

--- 保存模型 ---
检查点已保存到: /autodl-fs/data/recap/tuning_hyperparams/interaction_tuning/results/interaction_paper_v1/checkpoints/graph__k20__C36__L1/recap/trial_1/model.pt
模型已保存到: /autodl-fs/data/recap/tuning_hyperparams/interaction_tuning/results/interaction_paper_v1/checkpoints/graph__k20__C36__L1/recap/trial_1/model.pt

======================================================================
Trial 2 开始训练 (seed=2)
======================================================================
🔧 模型初始化视图数: 1 (单视图模式)

--- 训练阶段 ---
开始训练，共 200 个epochs...
关闭early stopping，训练将跑满设定epochs
🔧 Assignment layer LR multiplier: 10 (base_lr=5e-05, assignment_lr=0.0005)
Epoch [1/200], Average Loss: 1.255240
  Diagnostics: H_ent_norm=0.9986, H_maxp=0.0325, pi_ent_norm=1.0000, pi_std=0.000194, effC=36.00, Lvar=0.000000, Lvar_active=0.0000, scale/adh_std=1
Epoch [10/200], Average Loss: 1.247680
  Diagnostics: H_ent_norm=0.9994, H_maxp=0.0306, pi_ent_norm=1.0000, pi_std=0.000107, effC=36.00, Lvar=0.000000, Lvar_active=0.0000, scale/adh_std=1
Epoch [20/200], Average Loss: 1.244990
  Diagnostics: H_ent_norm=0.9998, H_maxp=0.0296, pi_ent_norm=1.0000, pi_std=0.000080, effC=36.00, Lvar=0.000000, Lvar_active=0.0000, scale/adh_std=1
Epoch [30/200], Average Loss: 1.243742
  Diagnostics: H_ent_norm=0.9999, H_maxp=0.0291, pi_ent_norm=1.0000, pi_std=0.000059, effC=36.00, Lvar=0.000000, Lvar_active=0.0000, scale/adh_std=1
Epoch [40/200], Average Loss: 1.243037
  Diagnostics: H_ent_norm=0.9999, H_maxp=0.0287, pi_ent_norm=1.0000, pi_std=0.000049, effC=36.00, Lvar=0.000000, Lvar_active=0.0000, scale/adh_std=1
Epoch [50/200], Average Loss: 1.242617
  Diagnostics: H_ent_norm=1.0000, H_maxp=0.0285, pi_ent_norm=1.0000, pi_std=0.000040, effC=36.00, Lvar=0.000000, Lvar_active=0.0000, scale/adh_std=1
Epoch [60/200], Average Loss: 1.242360
  Diagnostics: H_ent_norm=1.0000, H_maxp=0.0284, pi_ent_norm=1.0000, pi_std=0.000033, effC=36.00, Lvar=0.000000, Lvar_active=0.0000, scale/adh_std=1
Epoch [70/200], Average Loss: 1.242190
  Diagnostics: H_ent_norm=1.0000, H_maxp=0.0283, pi_ent_norm=1.0000, pi_std=0.000028, effC=36.00, Lvar=0.000000, Lvar_active=0.0000, scale/adh_std=1
Epoch [80/200], Average Loss: 1.242065
  Diagnostics: H_ent_norm=1.0000, H_maxp=0.0282, pi_ent_norm=1.0000, pi_std=0.000025, effC=36.00, Lvar=0.000000, Lvar_active=0.0000, scale/adh_std=1
Epoch [90/200], Average Loss: 1.241985
  Diagnostics: H_ent_norm=1.0000, H_maxp=0.0282, pi_ent_norm=1.0000, pi_std=0.000021, effC=36.00, Lvar=0.000000, Lvar_active=0.0000, scale/adh_std=1
Epoch [100/200], Average Loss: 1.241922
  Diagnostics: H_ent_norm=1.0000, H_maxp=0.0281, pi_ent_norm=1.0000, pi_std=0.000017, effC=36.00, Lvar=0.000000, Lvar_active=0.0000, scale/adh_std=1
Epoch [110/200], Average Loss: 1.241874
  Diagnostics: H_ent_norm=1.0000, H_maxp=0.0281, pi_ent_norm=1.0000, pi_std=0.000015, effC=36.00, Lvar=0.000000, Lvar_active=0.0000, scale/adh_std=1
Epoch [120/200], Average Loss: 1.241840
  Diagnostics: H_ent_norm=1.0000, H_maxp=0.0280, pi_ent_norm=1.0000, pi_std=0.000012, effC=36.00, Lvar=0.000000, Lvar_active=0.0000, scale/adh_std=1
Epoch [130/200], Average Loss: 1.241810
  Diagnostics: H_ent_norm=1.0000, H_maxp=0.0280, pi_ent_norm=1.0000, pi_std=0.000010, effC=36.00, Lvar=0.000000, Lvar_active=0.0010, scale/adh_std=1
Epoch [140/200], Average Loss: 1.241790
  Diagnostics: H_ent_norm=1.0000, H_maxp=0.0280, pi_ent_norm=1.0000, pi_std=0.000009, effC=36.00, Lvar=0.000001, Lvar_active=0.0010, scale/adh_std=1
Epoch [150/200], Average Loss: 1.241772
  Diagnostics: H_ent_norm=1.0000, H_maxp=0.0280, pi_ent_norm=1.0000, pi_std=0.000008, effC=36.00, Lvar=0.000001, Lvar_active=0.0010, scale/adh_std=1
Epoch [160/200], Average Loss: 1.241760
  Diagnostics: H_ent_norm=1.0000, H_maxp=0.0280, pi_ent_norm=1.0000, pi_std=0.000007, effC=36.00, Lvar=0.000002, Lvar_active=0.0010, scale/adh_std=1
Epoch [170/200], Average Loss: 1.241748
  Diagnostics: H_ent_norm=1.0000, H_maxp=0.0279, pi_ent_norm=1.0000, pi_std=0.000006, effC=36.00, Lvar=0.000003, Lvar_active=0.0010, scale/adh_std=1
Epoch [180/200], Average Loss: 1.241738
  Diagnostics: H_ent_norm=1.0000, H_maxp=0.0279, pi_ent_norm=1.0000, pi_std=0.000005, effC=36.00, Lvar=0.000003, Lvar_active=0.0020, scale/adh_std=1
Epoch [190/200], Average Loss: 1.241732
  Diagnostics: H_ent_norm=1.0000, H_maxp=0.0279, pi_ent_norm=1.0000, pi_std=0.000005, effC=36.00, Lvar=0.000005, Lvar_active=0.0020, scale/adh_std=1
Epoch [200/200], Average Loss: 1.241725
  Diagnostics: H_ent_norm=1.0000, H_maxp=0.0279, pi_ent_norm=1.0000, pi_std=0.000004, effC=36.00, Lvar=0.000007, Lvar_active=0.0029, scale/adh_std=1
训练完成！实际训练 200 个epochs

--- 评估阶段 ---
  Facebook: AUROC=0.5367, AUPRC=0.0292
  cora: AUROC=0.8268, AUPRC=0.3376
  citeseer: AUROC=0.8735, AUPRC=0.3215
  ACM: AUROC=0.8066, AUPRC=0.3540
  BlogCatalog: AUROC=0.7273, AUPRC=0.3310
  weibo: AUROC=0.6949, AUPRC=0.2879
  Reddit: AUROC=0.6025, AUPRC=0.0453
  Amazon: AUROC=0.7062, AUPRC=0.1259

--- 保存模型 ---
检查点已保存到: /autodl-fs/data/recap/tuning_hyperparams/interaction_tuning/results/interaction_paper_v1/checkpoints/graph__k20__C36__L1/recap/trial_2/model.pt
模型已保存到: /autodl-fs/data/recap/tuning_hyperparams/interaction_tuning/results/interaction_paper_v1/checkpoints/graph__k20__C36__L1/recap/trial_2/model.pt

======================================================================
聚合 3 次试验的结果
======================================================================

------------------------- Facebook -------------------------
AUROC: 0.5456 ± 0.0080
AUPRC: 0.0351 ± 0.0042

------------------------- cora -------------------------
AUROC: 0.8315 ± 0.0033
AUPRC: 0.3561 ± 0.0148

------------------------- citeseer -------------------------
AUROC: 0.8728 ± 0.0005
AUPRC: 0.3288 ± 0.0115

------------------------- ACM -------------------------
AUROC: 0.8059 ± 0.0012
AUPRC: 0.3521 ± 0.0023

------------------------- BlogCatalog -------------------------
AUROC: 0.7233 ± 0.0028
AUPRC: 0.3289 ± 0.0017

------------------------- weibo -------------------------
AUROC: 0.7003 ± 0.0056
AUPRC: 0.2937 ± 0.0046

------------------------- Reddit -------------------------
AUROC: 0.6039 ± 0.0010
AUPRC: 0.0459 ± 0.0006

------------------------- Amazon -------------------------
AUROC: 0.7107 ± 0.0066
AUPRC: 0.1271 ± 0.0026


======================================================================
训练完成！
所有模型已保存到: /autodl-fs/data/recap/tuning_hyperparams/interaction_tuning/results/interaction_paper_v1/checkpoints/graph__k20__C36__L1/recap/
======================================================================

