/root/miniconda3/lib/python3.12/site-packages/torch_geometric/__init__.py:4: UserWarning: An issue occurred while importing 'torch-scatter'. Disabling its usage. Stacktrace: Could not load this library: /root/miniconda3/lib/python3.12/site-packages/torch_scatter/_version_cuda.so
  import torch_geometric.typing
/root/miniconda3/lib/python3.12/site-packages/torch_geometric/__init__.py:4: UserWarning: An issue occurred while importing 'torch-cluster'. Disabling its usage. Stacktrace: Could not load this library: /root/miniconda3/lib/python3.12/site-packages/torch_cluster/_version_cuda.so
  import torch_geometric.typing
/root/miniconda3/lib/python3.12/site-packages/torch_geometric/__init__.py:4: UserWarning: An issue occurred while importing 'torch-spline-conv'. Disabling its usage. Stacktrace: Could not load this library: /root/miniconda3/lib/python3.12/site-packages/torch_spline_conv/_version_cuda.so
  import torch_geometric.typing
/root/miniconda3/lib/python3.12/site-packages/torch_geometric/__init__.py:4: UserWarning: An issue occurred while importing 'torch-sparse'. Disabling its usage. Stacktrace: Could not load this library: /root/miniconda3/lib/python3.12/site-packages/torch_sparse/_version_cuda.so
  import torch_geometric.typing
使用保存的最佳模型配置

======================================================================
recap 异常检测模型训练
======================================================================

📋 训练配置:
  device: cuda:0
  epochs: 200
  trials: 3
  seed: 0
  output_dir: /autodl-fs/data/recap/tuning_hyperparams/interaction_tuning/results/interaction_paper_v1/checkpoints/graph__k24__C20__L2
  save_checkpoint: True
  early_stop: False
  patience: 30
  log_diagnostics: True
  diagnostics_interval: 10

🔧 模型配置:
  model: recap
  lr: 5e-05
  dropout_rate: 0.2
  h_feats: 256
  num_hops: 2
  weight_decay: 5e-05
  dims: 32
  num_layers: 2
  activation: ELU
  num_views: 1
  num_clusters: 20
  knn_k: 24
  cluster_lr_multiplier: 10.0
  tau_s: 0.05
  sim_block_size: 256
  knn_cache_enabled: True
  knn_cache_dir: /autodl-fs/data/recap/knn_cache
  knn_search_dtype: auto
  lambda_H: 0.35
  lambda_bal: 0.01
  lambda_E: 0.1
  gamma: 0.1
  tau_e: 1.0
  beta: 0.005
  eps: 1e-08
  lambda_ortho: 0.35
  lambda_min_usage: 0.01
  lambda_diversity: 0.1
  min_cluster_ratio: 0.1

💾 保存设置:
  保存目录：/autodl-fs/data/recap/tuning_hyperparams/interaction_tuning/results/interaction_paper_v1/checkpoints/graph__k24__C20__L2
  保存检查点：True
======================================================================


📊 使用指定的训练数据集: ['pubmed', 'Flickr', 'questions', 'YelpChi']

📊 使用指定的测试数据集: ['Facebook', 'cora', 'citeseer', 'ACM', 'BlogCatalog', 'weibo', 'Reddit', 'Amazon']
加载 4 个训练数据集: ['pubmed', 'Flickr', 'questions', 'YelpChi']
加载 8 个测试数据集: ['Facebook', 'cora', 'citeseer', 'ACM', 'BlogCatalog', 'weibo', 'Reddit', 'Amazon']
进行 2 跳特征传播...

======================================================================
Trial 0 开始训练 (seed=0)
======================================================================
🔧 模型初始化视图数: 1 (单视图模式)

--- 训练阶段 ---
开始训练，共 200 个epochs...
关闭early stopping，训练将跑满设定epochs
🔧 Assignment layer LR multiplier: 10 (base_lr=5e-05, assignment_lr=0.0005)
Epoch [1/200], Average Loss: 1.049320
  Diagnostics: H_ent_norm=0.9984, H_maxp=0.0573, pi_ent_norm=1.0000, pi_std=0.000330, effC=20.00, Lvar=0.000000, Lvar_active=0.0000, scale/adh_std=1
Epoch [10/200], Average Loss: 1.041739
  Diagnostics: H_ent_norm=0.9997, H_maxp=0.0529, pi_ent_norm=1.0000, pi_std=0.000133, effC=20.00, Lvar=0.000000, Lvar_active=0.0000, scale/adh_std=1
Epoch [20/200], Average Loss: 1.039808
  Diagnostics: H_ent_norm=0.9999, H_maxp=0.0517, pi_ent_norm=1.0000, pi_std=0.000081, effC=20.00, Lvar=0.000000, Lvar_active=0.0000, scale/adh_std=1
Epoch [30/200], Average Loss: 1.039090
  Diagnostics: H_ent_norm=1.0000, H_maxp=0.0512, pi_ent_norm=1.0000, pi_std=0.000055, effC=20.00, Lvar=0.000000, Lvar_active=0.0000, scale/adh_std=1
Epoch [40/200], Average Loss: 1.038725
  Diagnostics: H_ent_norm=1.0000, H_maxp=0.0509, pi_ent_norm=1.0000, pi_std=0.000037, effC=20.00, Lvar=0.000000, Lvar_active=0.0000, scale/adh_std=1
Epoch [50/200], Average Loss: 1.038510
  Diagnostics: H_ent_norm=1.0000, H_maxp=0.0507, pi_ent_norm=1.0000, pi_std=0.000026, effC=20.00, Lvar=0.000000, Lvar_active=0.0000, scale/adh_std=1
Epoch [60/200], Average Loss: 1.038377
  Diagnostics: H_ent_norm=1.0000, H_maxp=0.0506, pi_ent_norm=1.0000, pi_std=0.000024, effC=20.00, Lvar=0.000000, Lvar_active=0.0000, scale/adh_std=1
Epoch [70/200], Average Loss: 1.038282
  Diagnostics: H_ent_norm=1.0000, H_maxp=0.0505, pi_ent_norm=1.0000, pi_std=0.000022, effC=20.00, Lvar=0.000000, Lvar_active=0.0000, scale/adh_std=1
Epoch [80/200], Average Loss: 1.038222
  Diagnostics: H_ent_norm=1.0000, H_maxp=0.0504, pi_ent_norm=1.0000, pi_std=0.000016, effC=20.00, Lvar=0.000000, Lvar_active=0.0000, scale/adh_std=1
Epoch [90/200], Average Loss: 1.038178
  Diagnostics: H_ent_norm=1.0000, H_maxp=0.0504, pi_ent_norm=1.0000, pi_std=0.000016, effC=20.00, Lvar=0.000000, Lvar_active=0.0000, scale/adh_std=1
Epoch [100/200], Average Loss: 1.038144
  Diagnostics: H_ent_norm=1.0000, H_maxp=0.0503, pi_ent_norm=1.0000, pi_std=0.000012, effC=20.00, Lvar=0.000000, Lvar_active=0.0000, scale/adh_std=1
Epoch [110/200], Average Loss: 1.038120
  Diagnostics: H_ent_norm=1.0000, H_maxp=0.0503, pi_ent_norm=1.0000, pi_std=0.000011, effC=20.00, Lvar=0.000000, Lvar_active=0.0000, scale/adh_std=1
Epoch [120/200], Average Loss: 1.038100
  Diagnostics: H_ent_norm=1.0000, H_maxp=0.0503, pi_ent_norm=1.0000, pi_std=0.000011, effC=20.00, Lvar=0.000000, Lvar_active=0.0005, scale/adh_std=1
Epoch [130/200], Average Loss: 1.038085
  Diagnostics: H_ent_norm=1.0000, H_maxp=0.0502, pi_ent_norm=1.0000, pi_std=0.000009, effC=20.00, Lvar=0.000001, Lvar_active=0.0005, scale/adh_std=1
Epoch [140/200], Average Loss: 1.038074
  Diagnostics: H_ent_norm=1.0000, H_maxp=0.0502, pi_ent_norm=1.0000, pi_std=0.000009, effC=20.00, Lvar=0.000001, Lvar_active=0.0005, scale/adh_std=1
Epoch [150/200], Average Loss: 1.038065
  Diagnostics: H_ent_norm=1.0000, H_maxp=0.0502, pi_ent_norm=1.0000, pi_std=0.000007, effC=20.00, Lvar=0.000002, Lvar_active=0.0005, scale/adh_std=1
Epoch [160/200], Average Loss: 1.038057
  Diagnostics: H_ent_norm=1.0000, H_maxp=0.0502, pi_ent_norm=1.0000, pi_std=0.000007, effC=20.00, Lvar=0.000003, Lvar_active=0.0015, scale/adh_std=1
Epoch [170/200], Average Loss: 1.038052
  Diagnostics: H_ent_norm=1.0000, H_maxp=0.0502, pi_ent_norm=1.0000, pi_std=0.000006, effC=20.00, Lvar=0.000005, Lvar_active=0.0024, scale/adh_std=1
Epoch [180/200], Average Loss: 1.038047
  Diagnostics: H_ent_norm=1.0000, H_maxp=0.0501, pi_ent_norm=1.0000, pi_std=0.000006, effC=20.00, Lvar=0.000008, Lvar_active=0.0024, scale/adh_std=1
Epoch [190/200], Average Loss: 1.038043
  Diagnostics: H_ent_norm=1.0000, H_maxp=0.0501, pi_ent_norm=1.0000, pi_std=0.000004, effC=20.00, Lvar=0.000011, Lvar_active=0.0029, scale/adh_std=1
Epoch [200/200], Average Loss: 1.038040
  Diagnostics: H_ent_norm=1.0000, H_maxp=0.0501, pi_ent_norm=1.0000, pi_std=0.000005, effC=20.00, Lvar=0.000016, Lvar_active=0.0044, scale/adh_std=1
训练完成！实际训练 200 个epochs

--- 评估阶段 ---
  Facebook: AUROC=0.5695, AUPRC=0.0406
  cora: AUROC=0.8406, AUPRC=0.4372
  citeseer: AUROC=0.9018, AUPRC=0.4201
  ACM: AUROC=0.8008, AUPRC=0.3679
  BlogCatalog: AUROC=0.7246, AUPRC=0.3325
  weibo: AUROC=0.7451, AUPRC=0.3075
  Reddit: AUROC=0.5980, AUPRC=0.0470
  Amazon: AUROC=0.7209, AUPRC=0.1295

--- 保存模型 ---
检查点已保存到: /autodl-fs/data/recap/tuning_hyperparams/interaction_tuning/results/interaction_paper_v1/checkpoints/graph__k24__C20__L2/recap/trial_0/model.pt
模型已保存到: /autodl-fs/data/recap/tuning_hyperparams/interaction_tuning/results/interaction_paper_v1/checkpoints/graph__k24__C20__L2/recap/trial_0/model.pt

======================================================================
Trial 1 开始训练 (seed=1)
======================================================================
🔧 模型初始化视图数: 1 (单视图模式)

--- 训练阶段 ---
开始训练，共 200 个epochs...
关闭early stopping，训练将跑满设定epochs
🔧 Assignment layer LR multiplier: 10 (base_lr=5e-05, assignment_lr=0.0005)
Epoch [1/200], Average Loss: 1.051123
  Diagnostics: H_ent_norm=0.9985, H_maxp=0.0571, pi_ent_norm=1.0000, pi_std=0.000271, effC=20.00, Lvar=0.000002, Lvar_active=0.0005, scale/adh_std=1
Epoch [10/200], Average Loss: 1.041874
  Diagnostics: H_ent_norm=0.9997, H_maxp=0.0530, pi_ent_norm=1.0000, pi_std=0.000163, effC=20.00, Lvar=0.000002, Lvar_active=0.0005, scale/adh_std=1
Epoch [20/200], Average Loss: 1.039913
  Diagnostics: H_ent_norm=0.9999, H_maxp=0.0517, pi_ent_norm=1.0000, pi_std=0.000109, effC=20.00, Lvar=0.000002, Lvar_active=0.0005, scale/adh_std=1
Epoch [30/200], Average Loss: 1.039157
  Diagnostics: H_ent_norm=1.0000, H_maxp=0.0512, pi_ent_norm=1.0000, pi_std=0.000060, effC=20.00, Lvar=0.000002, Lvar_active=0.0005, scale/adh_std=1
Epoch [40/200], Average Loss: 1.038785
  Diagnostics: H_ent_norm=1.0000, H_maxp=0.0509, pi_ent_norm=1.0000, pi_std=0.000036, effC=20.00, Lvar=0.000003, Lvar_active=0.0005, scale/adh_std=1
Epoch [50/200], Average Loss: 1.038559
  Diagnostics: H_ent_norm=1.0000, H_maxp=0.0508, pi_ent_norm=1.0000, pi_std=0.000022, effC=20.00, Lvar=0.000003, Lvar_active=0.0005, scale/adh_std=1
Epoch [60/200], Average Loss: 1.038405
  Diagnostics: H_ent_norm=1.0000, H_maxp=0.0506, pi_ent_norm=1.0000, pi_std=0.000021, effC=20.00, Lvar=0.000003, Lvar_active=0.0005, scale/adh_std=1
Epoch [70/200], Average Loss: 1.038314
  Diagnostics: H_ent_norm=1.0000, H_maxp=0.0505, pi_ent_norm=1.0000, pi_std=0.000018, effC=20.00, Lvar=0.000003, Lvar_active=0.0005, scale/adh_std=1
Epoch [80/200], Average Loss: 1.038243
  Diagnostics: H_ent_norm=1.0000, H_maxp=0.0505, pi_ent_norm=1.0000, pi_std=0.000015, effC=20.00, Lvar=0.000003, Lvar_active=0.0005, scale/adh_std=1
Epoch [90/200], Average Loss: 1.038195
  Diagnostics: H_ent_norm=1.0000, H_maxp=0.0504, pi_ent_norm=1.0000, pi_std=0.000015, effC=20.00, Lvar=0.000004, Lvar_active=0.0005, scale/adh_std=1
Epoch [100/200], Average Loss: 1.038158
  Diagnostics: H_ent_norm=1.0000, H_maxp=0.0504, pi_ent_norm=1.0000, pi_std=0.000011, effC=20.00, Lvar=0.000004, Lvar_active=0.0005, scale/adh_std=1
Epoch [110/200], Average Loss: 1.038132
  Diagnostics: H_ent_norm=1.0000, H_maxp=0.0503, pi_ent_norm=1.0000, pi_std=0.000009, effC=20.00, Lvar=0.000004, Lvar_active=0.0005, scale/adh_std=1
Epoch [120/200], Average Loss: 1.038111
  Diagnostics: H_ent_norm=1.0000, H_maxp=0.0503, pi_ent_norm=1.0000, pi_std=0.000008, effC=20.00, Lvar=0.000005, Lvar_active=0.0010, scale/adh_std=1
Epoch [130/200], Average Loss: 1.038096
  Diagnostics: H_ent_norm=1.0000, H_maxp=0.0503, pi_ent_norm=1.0000, pi_std=0.000007, effC=20.00, Lvar=0.000006, Lvar_active=0.0010, scale/adh_std=1
Epoch [140/200], Average Loss: 1.038083
  Diagnostics: H_ent_norm=1.0000, H_maxp=0.0502, pi_ent_norm=1.0000, pi_std=0.000007, effC=20.00, Lvar=0.000006, Lvar_active=0.0010, scale/adh_std=1
Epoch [150/200], Average Loss: 1.038072
  Diagnostics: H_ent_norm=1.0000, H_maxp=0.0502, pi_ent_norm=1.0000, pi_std=0.000007, effC=20.00, Lvar=0.000007, Lvar_active=0.0010, scale/adh_std=1
Epoch [160/200], Average Loss: 1.038065
  Diagnostics: H_ent_norm=1.0000, H_maxp=0.0502, pi_ent_norm=1.0000, pi_std=0.000005, effC=20.00, Lvar=0.000008, Lvar_active=0.0015, scale/adh_std=1
Epoch [170/200], Average Loss: 1.038058
  Diagnostics: H_ent_norm=1.0000, H_maxp=0.0502, pi_ent_norm=1.0000, pi_std=0.000006, effC=20.00, Lvar=0.000009, Lvar_active=0.0015, scale/adh_std=1
Epoch [180/200], Average Loss: 1.038052
  Diagnostics: H_ent_norm=1.0000, H_maxp=0.0502, pi_ent_norm=1.0000, pi_std=0.000005, effC=20.00, Lvar=0.000011, Lvar_active=0.0020, scale/adh_std=1
Epoch [190/200], Average Loss: 1.038048
  Diagnostics: H_ent_norm=1.0000, H_maxp=0.0501, pi_ent_norm=1.0000, pi_std=0.000004, effC=20.00, Lvar=0.000013, Lvar_active=0.0020, scale/adh_std=1
Epoch [200/200], Average Loss: 1.038044
  Diagnostics: H_ent_norm=1.0000, H_maxp=0.0501, pi_ent_norm=1.0000, pi_std=0.000004, effC=20.00, Lvar=0.000015, Lvar_active=0.0024, scale/adh_std=1
训练完成！实际训练 200 个epochs

--- 评估阶段 ---
  Facebook: AUROC=0.5631, AUPRC=0.0441
  cora: AUROC=0.8426, AUPRC=0.4251
  citeseer: AUROC=0.8993, AUPRC=0.4419
  ACM: AUROC=0.7973, AUPRC=0.3662
  BlogCatalog: AUROC=0.7230, AUPRC=0.3337
  weibo: AUROC=0.7401, AUPRC=0.3036
  Reddit: AUROC=0.5966, AUPRC=0.0457
  Amazon: AUROC=0.7353, AUPRC=0.1354

--- 保存模型 ---
检查点已保存到: /autodl-fs/data/recap/tuning_hyperparams/interaction_tuning/results/interaction_paper_v1/checkpoints/graph__k24__C20__L2/recap/trial_1/model.pt
模型已保存到: /autodl-fs/data/recap/tuning_hyperparams/interaction_tuning/results/interaction_paper_v1/checkpoints/graph__k24__C20__L2/recap/trial_1/model.pt

======================================================================
Trial 2 开始训练 (seed=2)
======================================================================
🔧 模型初始化视图数: 1 (单视图模式)

--- 训练阶段 ---
开始训练，共 200 个epochs...
关闭early stopping，训练将跑满设定epochs
🔧 Assignment layer LR multiplier: 10 (base_lr=5e-05, assignment_lr=0.0005)
Epoch [1/200], Average Loss: 1.050959
  Diagnostics: H_ent_norm=0.9984, H_maxp=0.0573, pi_ent_norm=1.0000, pi_std=0.000347, effC=20.00, Lvar=0.000000, Lvar_active=0.0000, scale/adh_std=1
Epoch [10/200], Average Loss: 1.041750
  Diagnostics: H_ent_norm=0.9997, H_maxp=0.0530, pi_ent_norm=1.0000, pi_std=0.000152, effC=20.00, Lvar=0.000000, Lvar_active=0.0000, scale/adh_std=1
Epoch [20/200], Average Loss: 1.039716
  Diagnostics: H_ent_norm=0.9999, H_maxp=0.0516, pi_ent_norm=1.0000, pi_std=0.000089, effC=20.00, Lvar=0.000000, Lvar_active=0.0000, scale/adh_std=1
Epoch [30/200], Average Loss: 1.039031
  Diagnostics: H_ent_norm=1.0000, H_maxp=0.0512, pi_ent_norm=1.0000, pi_std=0.000060, effC=20.00, Lvar=0.000000, Lvar_active=0.0000, scale/adh_std=1
Epoch [40/200], Average Loss: 1.038683
  Diagnostics: H_ent_norm=1.0000, H_maxp=0.0509, pi_ent_norm=1.0000, pi_std=0.000047, effC=20.00, Lvar=0.000000, Lvar_active=0.0000, scale/adh_std=1
Epoch [50/200], Average Loss: 1.038484
  Diagnostics: H_ent_norm=1.0000, H_maxp=0.0507, pi_ent_norm=1.0000, pi_std=0.000038, effC=20.00, Lvar=0.000000, Lvar_active=0.0000, scale/adh_std=1
Epoch [60/200], Average Loss: 1.038354
  Diagnostics: H_ent_norm=1.0000, H_maxp=0.0506, pi_ent_norm=1.0000, pi_std=0.000029, effC=20.00, Lvar=0.000000, Lvar_active=0.0000, scale/adh_std=1
Epoch [70/200], Average Loss: 1.038269
  Diagnostics: H_ent_norm=1.0000, H_maxp=0.0505, pi_ent_norm=1.0000, pi_std=0.000022, effC=20.00, Lvar=0.000000, Lvar_active=0.0000, scale/adh_std=1
Epoch [80/200], Average Loss: 1.038208
  Diagnostics: H_ent_norm=1.0000, H_maxp=0.0504, pi_ent_norm=1.0000, pi_std=0.000019, effC=20.00, Lvar=0.000000, Lvar_active=0.0000, scale/adh_std=1
Epoch [90/200], Average Loss: 1.038167
  Diagnostics: H_ent_norm=1.0000, H_maxp=0.0504, pi_ent_norm=1.0000, pi_std=0.000016, effC=20.00, Lvar=0.000000, Lvar_active=0.0000, scale/adh_std=1
Epoch [100/200], Average Loss: 1.038136
  Diagnostics: H_ent_norm=1.0000, H_maxp=0.0503, pi_ent_norm=1.0000, pi_std=0.000014, effC=20.00, Lvar=0.000000, Lvar_active=0.0005, scale/adh_std=1
Epoch [110/200], Average Loss: 1.038113
  Diagnostics: H_ent_norm=1.0000, H_maxp=0.0503, pi_ent_norm=1.0000, pi_std=0.000013, effC=20.00, Lvar=0.000001, Lvar_active=0.0005, scale/adh_std=1
Epoch [120/200], Average Loss: 1.038096
  Diagnostics: H_ent_norm=1.0000, H_maxp=0.0503, pi_ent_norm=1.0000, pi_std=0.000012, effC=20.00, Lvar=0.000001, Lvar_active=0.0005, scale/adh_std=1
Epoch [130/200], Average Loss: 1.038082
  Diagnostics: H_ent_norm=1.0000, H_maxp=0.0502, pi_ent_norm=1.0000, pi_std=0.000009, effC=20.00, Lvar=0.000002, Lvar_active=0.0010, scale/adh_std=1
Epoch [140/200], Average Loss: 1.038071
  Diagnostics: H_ent_norm=1.0000, H_maxp=0.0502, pi_ent_norm=1.0000, pi_std=0.000007, effC=20.00, Lvar=0.000003, Lvar_active=0.0010, scale/adh_std=1
Epoch [150/200], Average Loss: 1.038063
  Diagnostics: H_ent_norm=1.0000, H_maxp=0.0502, pi_ent_norm=1.0000, pi_std=0.000006, effC=20.00, Lvar=0.000004, Lvar_active=0.0010, scale/adh_std=1
Epoch [160/200], Average Loss: 1.038056
  Diagnostics: H_ent_norm=1.0000, H_maxp=0.0502, pi_ent_norm=1.0000, pi_std=0.000006, effC=20.00, Lvar=0.000005, Lvar_active=0.0015, scale/adh_std=1
Epoch [170/200], Average Loss: 1.038050
  Diagnostics: H_ent_norm=1.0000, H_maxp=0.0501, pi_ent_norm=1.0000, pi_std=0.000005, effC=20.00, Lvar=0.000006, Lvar_active=0.0015, scale/adh_std=1
Epoch [180/200], Average Loss: 1.038046
  Diagnostics: H_ent_norm=1.0000, H_maxp=0.0501, pi_ent_norm=1.0000, pi_std=0.000006, effC=20.00, Lvar=0.000008, Lvar_active=0.0015, scale/adh_std=1
Epoch [190/200], Average Loss: 1.038042
  Diagnostics: H_ent_norm=1.0000, H_maxp=0.0501, pi_ent_norm=1.0000, pi_std=0.000004, effC=20.00, Lvar=0.000010, Lvar_active=0.0020, scale/adh_std=1
Epoch [200/200], Average Loss: 1.038039
  Diagnostics: H_ent_norm=1.0000, H_maxp=0.0501, pi_ent_norm=1.0000, pi_std=0.000004, effC=20.00, Lvar=0.000013, Lvar_active=0.0029, scale/adh_std=1
训练完成！实际训练 200 个epochs

--- 评估阶段 ---
  Facebook: AUROC=0.5569, AUPRC=0.0319
  cora: AUROC=0.8347, AUPRC=0.4088
  citeseer: AUROC=0.9013, AUPRC=0.4226
  ACM: AUROC=0.8001, AUPRC=0.3707
  BlogCatalog: AUROC=0.7275, AUPRC=0.3351
  weibo: AUROC=0.7385, AUPRC=0.2973
  Reddit: AUROC=0.5938, AUPRC=0.0450
  Amazon: AUROC=0.7204, AUPRC=0.1292

--- 保存模型 ---
检查点已保存到: /autodl-fs/data/recap/tuning_hyperparams/interaction_tuning/results/interaction_paper_v1/checkpoints/graph__k24__C20__L2/recap/trial_2/model.pt
模型已保存到: /autodl-fs/data/recap/tuning_hyperparams/interaction_tuning/results/interaction_paper_v1/checkpoints/graph__k24__C20__L2/recap/trial_2/model.pt

======================================================================
聚合 3 次试验的结果
======================================================================

------------------------- Facebook -------------------------
AUROC: 0.5632 ± 0.0051
AUPRC: 0.0389 ± 0.0052

------------------------- cora -------------------------
AUROC: 0.8393 ± 0.0033
AUPRC: 0.4237 ± 0.0116

------------------------- citeseer -------------------------
AUROC: 0.9008 ± 0.0011
AUPRC: 0.4282 ± 0.0097

------------------------- ACM -------------------------
AUROC: 0.7994 ± 0.0015
AUPRC: 0.3682 ± 0.0019

------------------------- BlogCatalog -------------------------
AUROC: 0.7250 ± 0.0019
AUPRC: 0.3337 ± 0.0011

------------------------- weibo -------------------------
AUROC: 0.7412 ± 0.0028
AUPRC: 0.3028 ± 0.0042

------------------------- Reddit -------------------------
AUROC: 0.5961 ± 0.0018
AUPRC: 0.0459 ± 0.0008

------------------------- Amazon -------------------------
AUROC: 0.7255 ± 0.0069
AUPRC: 0.1314 ± 0.0028


======================================================================
训练完成！
所有模型已保存到: /autodl-fs/data/recap/tuning_hyperparams/interaction_tuning/results/interaction_paper_v1/checkpoints/graph__k24__C20__L2/recap/
======================================================================

