/root/miniconda3/lib/python3.12/site-packages/torch_geometric/__init__.py:4: UserWarning: An issue occurred while importing 'torch-scatter'. Disabling its usage. Stacktrace: Could not load this library: /root/miniconda3/lib/python3.12/site-packages/torch_scatter/_version_cuda.so
  import torch_geometric.typing
/root/miniconda3/lib/python3.12/site-packages/torch_geometric/__init__.py:4: UserWarning: An issue occurred while importing 'torch-cluster'. Disabling its usage. Stacktrace: Could not load this library: /root/miniconda3/lib/python3.12/site-packages/torch_cluster/_version_cuda.so
  import torch_geometric.typing
/root/miniconda3/lib/python3.12/site-packages/torch_geometric/__init__.py:4: UserWarning: An issue occurred while importing 'torch-spline-conv'. Disabling its usage. Stacktrace: Could not load this library: /root/miniconda3/lib/python3.12/site-packages/torch_spline_conv/_version_cuda.so
  import torch_geometric.typing
/root/miniconda3/lib/python3.12/site-packages/torch_geometric/__init__.py:4: UserWarning: An issue occurred while importing 'torch-sparse'. Disabling its usage. Stacktrace: Could not load this library: /root/miniconda3/lib/python3.12/site-packages/torch_sparse/_version_cuda.so
  import torch_geometric.typing
使用保存的最佳模型配置

======================================================================
recap 异常检测模型训练
======================================================================

📋 训练配置:
  device: cuda:0
  epochs: 200
  trials: 3
  seed: 0
  output_dir: /autodl-fs/data/recap/tuning_hyperparams/interaction_tuning/results/interaction_paper_v1/checkpoints/graph__k16__C20__L3
  save_checkpoint: True
  early_stop: False
  patience: 30
  log_diagnostics: True
  diagnostics_interval: 10

🔧 模型配置:
  model: recap
  lr: 5e-05
  dropout_rate: 0.2
  h_feats: 256
  num_hops: 3
  weight_decay: 5e-05
  dims: 32
  num_layers: 2
  activation: ELU
  num_views: 1
  num_clusters: 20
  knn_k: 16
  cluster_lr_multiplier: 10.0
  tau_s: 0.05
  sim_block_size: 256
  knn_cache_enabled: True
  knn_cache_dir: /autodl-fs/data/recap/knn_cache
  knn_search_dtype: auto
  lambda_H: 0.35
  lambda_bal: 0.01
  lambda_E: 0.1
  gamma: 0.1
  tau_e: 1.0
  beta: 0.005
  eps: 1e-08
  lambda_ortho: 0.35
  lambda_min_usage: 0.01
  lambda_diversity: 0.1
  min_cluster_ratio: 0.1

💾 保存设置:
  保存目录：/autodl-fs/data/recap/tuning_hyperparams/interaction_tuning/results/interaction_paper_v1/checkpoints/graph__k16__C20__L3
  保存检查点：True
======================================================================


📊 使用指定的训练数据集: ['pubmed', 'Flickr', 'questions', 'YelpChi']

📊 使用指定的测试数据集: ['Facebook', 'cora', 'citeseer', 'ACM', 'BlogCatalog', 'weibo', 'Reddit', 'Amazon']
加载 4 个训练数据集: ['pubmed', 'Flickr', 'questions', 'YelpChi']
加载 8 个测试数据集: ['Facebook', 'cora', 'citeseer', 'ACM', 'BlogCatalog', 'weibo', 'Reddit', 'Amazon']
进行 3 跳特征传播...

======================================================================
Trial 0 开始训练 (seed=0)
======================================================================
🔧 模型初始化视图数: 1 (单视图模式)

--- 训练阶段 ---
开始训练，共 200 个epochs...
关闭early stopping，训练将跑满设定epochs
🔧 Assignment layer LR multiplier: 10 (base_lr=5e-05, assignment_lr=0.0005)
Epoch [1/200], Average Loss: 1.049660
  Diagnostics: H_ent_norm=0.9985, H_maxp=0.0571, pi_ent_norm=1.0000, pi_std=0.000255, effC=20.00, Lvar=0.000000, Lvar_active=0.0000, scale/adh_std=1
Epoch [10/200], Average Loss: 1.041276
  Diagnostics: H_ent_norm=0.9998, H_maxp=0.0527, pi_ent_norm=1.0000, pi_std=0.000133, effC=20.00, Lvar=0.000000, Lvar_active=0.0000, scale/adh_std=1
Epoch [20/200], Average Loss: 1.039611
  Diagnostics: H_ent_norm=0.9999, H_maxp=0.0516, pi_ent_norm=1.0000, pi_std=0.000078, effC=20.00, Lvar=0.000000, Lvar_active=0.0000, scale/adh_std=1
Epoch [30/200], Average Loss: 1.039055
  Diagnostics: H_ent_norm=1.0000, H_maxp=0.0512, pi_ent_norm=1.0000, pi_std=0.000055, effC=20.00, Lvar=0.000000, Lvar_active=0.0000, scale/adh_std=1
Epoch [40/200], Average Loss: 1.038733
  Diagnostics: H_ent_norm=1.0000, H_maxp=0.0509, pi_ent_norm=1.0000, pi_std=0.000030, effC=20.00, Lvar=0.000000, Lvar_active=0.0000, scale/adh_std=1
Epoch [50/200], Average Loss: 1.038539
  Diagnostics: H_ent_norm=1.0000, H_maxp=0.0507, pi_ent_norm=1.0000, pi_std=0.000030, effC=20.00, Lvar=0.000000, Lvar_active=0.0000, scale/adh_std=1
Epoch [60/200], Average Loss: 1.038410
  Diagnostics: H_ent_norm=1.0000, H_maxp=0.0507, pi_ent_norm=1.0000, pi_std=0.000033, effC=20.00, Lvar=0.000000, Lvar_active=0.0000, scale/adh_std=1
Epoch [70/200], Average Loss: 1.038311
  Diagnostics: H_ent_norm=1.0000, H_maxp=0.0505, pi_ent_norm=1.0000, pi_std=0.000022, effC=20.00, Lvar=0.000000, Lvar_active=0.0000, scale/adh_std=1
Epoch [80/200], Average Loss: 1.038246
  Diagnostics: H_ent_norm=1.0000, H_maxp=0.0504, pi_ent_norm=1.0000, pi_std=0.000015, effC=20.00, Lvar=0.000000, Lvar_active=0.0000, scale/adh_std=1
Epoch [90/200], Average Loss: 1.038198
  Diagnostics: H_ent_norm=1.0000, H_maxp=0.0504, pi_ent_norm=1.0000, pi_std=0.000014, effC=20.00, Lvar=0.000000, Lvar_active=0.0000, scale/adh_std=1
Epoch [100/200], Average Loss: 1.038161
  Diagnostics: H_ent_norm=1.0000, H_maxp=0.0503, pi_ent_norm=1.0000, pi_std=0.000012, effC=20.00, Lvar=0.000000, Lvar_active=0.0000, scale/adh_std=1
Epoch [110/200], Average Loss: 1.038135
  Diagnostics: H_ent_norm=1.0000, H_maxp=0.0503, pi_ent_norm=1.0000, pi_std=0.000013, effC=20.00, Lvar=0.000000, Lvar_active=0.0000, scale/adh_std=1
Epoch [120/200], Average Loss: 1.038114
  Diagnostics: H_ent_norm=1.0000, H_maxp=0.0503, pi_ent_norm=1.0000, pi_std=0.000009, effC=20.00, Lvar=0.000000, Lvar_active=0.0000, scale/adh_std=1
Epoch [130/200], Average Loss: 1.038097
  Diagnostics: H_ent_norm=1.0000, H_maxp=0.0502, pi_ent_norm=1.0000, pi_std=0.000008, effC=20.00, Lvar=0.000000, Lvar_active=0.0003, scale/adh_std=1
Epoch [140/200], Average Loss: 1.038085
  Diagnostics: H_ent_norm=1.0000, H_maxp=0.0502, pi_ent_norm=1.0000, pi_std=0.000009, effC=20.00, Lvar=0.000001, Lvar_active=0.0010, scale/adh_std=1
Epoch [150/200], Average Loss: 1.038073
  Diagnostics: H_ent_norm=1.0000, H_maxp=0.0502, pi_ent_norm=1.0000, pi_std=0.000005, effC=20.00, Lvar=0.000002, Lvar_active=0.0013, scale/adh_std=1
Epoch [160/200], Average Loss: 1.038065
  Diagnostics: H_ent_norm=1.0000, H_maxp=0.0502, pi_ent_norm=1.0000, pi_std=0.000005, effC=20.00, Lvar=0.000004, Lvar_active=0.0013, scale/adh_std=1
Epoch [170/200], Average Loss: 1.038059
  Diagnostics: H_ent_norm=1.0000, H_maxp=0.0502, pi_ent_norm=1.0000, pi_std=0.000006, effC=20.00, Lvar=0.000005, Lvar_active=0.0016, scale/adh_std=1
Epoch [180/200], Average Loss: 1.038053
  Diagnostics: H_ent_norm=1.0000, H_maxp=0.0501, pi_ent_norm=1.0000, pi_std=0.000005, effC=20.00, Lvar=0.000008, Lvar_active=0.0023, scale/adh_std=1
Epoch [190/200], Average Loss: 1.038048
  Diagnostics: H_ent_norm=1.0000, H_maxp=0.0501, pi_ent_norm=1.0000, pi_std=0.000005, effC=20.00, Lvar=0.000011, Lvar_active=0.0023, scale/adh_std=1
Epoch [200/200], Average Loss: 1.038045
  Diagnostics: H_ent_norm=1.0000, H_maxp=0.0501, pi_ent_norm=1.0000, pi_std=0.000005, effC=20.00, Lvar=0.000014, Lvar_active=0.0033, scale/adh_std=1
训练完成！实际训练 200 个epochs

--- 评估阶段 ---
  Facebook: AUROC=0.5817, AUPRC=0.0495
  cora: AUROC=0.8319, AUPRC=0.4293
  citeseer: AUROC=0.9039, AUPRC=0.4385
  ACM: AUROC=0.7966, AUPRC=0.3730
  BlogCatalog: AUROC=0.7244, AUPRC=0.3344
  weibo: AUROC=0.7576, AUPRC=0.3098
  Reddit: AUROC=0.5975, AUPRC=0.0478
  Amazon: AUROC=0.7256, AUPRC=0.1304

--- 保存模型 ---
检查点已保存到: /autodl-fs/data/recap/tuning_hyperparams/interaction_tuning/results/interaction_paper_v1/checkpoints/graph__k16__C20__L3/recap/trial_0/model.pt
模型已保存到: /autodl-fs/data/recap/tuning_hyperparams/interaction_tuning/results/interaction_paper_v1/checkpoints/graph__k16__C20__L3/recap/trial_0/model.pt

======================================================================
Trial 1 开始训练 (seed=1)
======================================================================
🔧 模型初始化视图数: 1 (单视图模式)

--- 训练阶段 ---
开始训练，共 200 个epochs...
关闭early stopping，训练将跑满设定epochs
🔧 Assignment layer LR multiplier: 10 (base_lr=5e-05, assignment_lr=0.0005)
Epoch [1/200], Average Loss: 1.050856
  Diagnostics: H_ent_norm=0.9984, H_maxp=0.0574, pi_ent_norm=1.0000, pi_std=0.000314, effC=20.00, Lvar=0.000001, Lvar_active=0.0003, scale/adh_std=1
Epoch [10/200], Average Loss: 1.041145
  Diagnostics: H_ent_norm=0.9998, H_maxp=0.0527, pi_ent_norm=1.0000, pi_std=0.000129, effC=20.00, Lvar=0.000002, Lvar_active=0.0003, scale/adh_std=1
Epoch [20/200], Average Loss: 1.039535
  Diagnostics: H_ent_norm=0.9999, H_maxp=0.0515, pi_ent_norm=1.0000, pi_std=0.000068, effC=20.00, Lvar=0.000002, Lvar_active=0.0003, scale/adh_std=1
Epoch [30/200], Average Loss: 1.039001
  Diagnostics: H_ent_norm=1.0000, H_maxp=0.0511, pi_ent_norm=1.0000, pi_std=0.000045, effC=20.00, Lvar=0.000002, Lvar_active=0.0003, scale/adh_std=1
Epoch [40/200], Average Loss: 1.038682
  Diagnostics: H_ent_norm=1.0000, H_maxp=0.0509, pi_ent_norm=1.0000, pi_std=0.000027, effC=20.00, Lvar=0.000002, Lvar_active=0.0003, scale/adh_std=1
Epoch [50/200], Average Loss: 1.038501
  Diagnostics: H_ent_norm=1.0000, H_maxp=0.0507, pi_ent_norm=1.0000, pi_std=0.000020, effC=20.00, Lvar=0.000003, Lvar_active=0.0003, scale/adh_std=1
Epoch [60/200], Average Loss: 1.038379
  Diagnostics: H_ent_norm=1.0000, H_maxp=0.0506, pi_ent_norm=1.0000, pi_std=0.000015, effC=20.00, Lvar=0.000003, Lvar_active=0.0003, scale/adh_std=1
Epoch [70/200], Average Loss: 1.038293
  Diagnostics: H_ent_norm=1.0000, H_maxp=0.0505, pi_ent_norm=1.0000, pi_std=0.000015, effC=20.00, Lvar=0.000003, Lvar_active=0.0003, scale/adh_std=1
Epoch [80/200], Average Loss: 1.038229
  Diagnostics: H_ent_norm=1.0000, H_maxp=0.0504, pi_ent_norm=1.0000, pi_std=0.000013, effC=20.00, Lvar=0.000003, Lvar_active=0.0003, scale/adh_std=1
Epoch [90/200], Average Loss: 1.038183
  Diagnostics: H_ent_norm=1.0000, H_maxp=0.0504, pi_ent_norm=1.0000, pi_std=0.000011, effC=20.00, Lvar=0.000003, Lvar_active=0.0007, scale/adh_std=1
Epoch [100/200], Average Loss: 1.038152
  Diagnostics: H_ent_norm=1.0000, H_maxp=0.0503, pi_ent_norm=1.0000, pi_std=0.000008, effC=20.00, Lvar=0.000004, Lvar_active=0.0007, scale/adh_std=1
Epoch [110/200], Average Loss: 1.038127
  Diagnostics: H_ent_norm=1.0000, H_maxp=0.0503, pi_ent_norm=1.0000, pi_std=0.000008, effC=20.00, Lvar=0.000004, Lvar_active=0.0007, scale/adh_std=1
Epoch [120/200], Average Loss: 1.038109
  Diagnostics: H_ent_norm=1.0000, H_maxp=0.0502, pi_ent_norm=1.0000, pi_std=0.000008, effC=20.00, Lvar=0.000005, Lvar_active=0.0007, scale/adh_std=1
Epoch [130/200], Average Loss: 1.038092
  Diagnostics: H_ent_norm=1.0000, H_maxp=0.0502, pi_ent_norm=1.0000, pi_std=0.000007, effC=20.00, Lvar=0.000006, Lvar_active=0.0010, scale/adh_std=1
Epoch [140/200], Average Loss: 1.038080
  Diagnostics: H_ent_norm=1.0000, H_maxp=0.0502, pi_ent_norm=1.0000, pi_std=0.000007, effC=20.00, Lvar=0.000006, Lvar_active=0.0013, scale/adh_std=1
Epoch [150/200], Average Loss: 1.038071
  Diagnostics: H_ent_norm=1.0000, H_maxp=0.0502, pi_ent_norm=1.0000, pi_std=0.000005, effC=20.00, Lvar=0.000008, Lvar_active=0.0013, scale/adh_std=1
Epoch [160/200], Average Loss: 1.038063
  Diagnostics: H_ent_norm=1.0000, H_maxp=0.0502, pi_ent_norm=1.0000, pi_std=0.000006, effC=20.00, Lvar=0.000009, Lvar_active=0.0013, scale/adh_std=1
Epoch [170/200], Average Loss: 1.038057
  Diagnostics: H_ent_norm=1.0000, H_maxp=0.0502, pi_ent_norm=1.0000, pi_std=0.000006, effC=20.00, Lvar=0.000010, Lvar_active=0.0013, scale/adh_std=1
Epoch [180/200], Average Loss: 1.038052
  Diagnostics: H_ent_norm=1.0000, H_maxp=0.0501, pi_ent_norm=1.0000, pi_std=0.000005, effC=20.00, Lvar=0.000012, Lvar_active=0.0016, scale/adh_std=1
Epoch [190/200], Average Loss: 1.038047
  Diagnostics: H_ent_norm=1.0000, H_maxp=0.0501, pi_ent_norm=1.0000, pi_std=0.000004, effC=20.00, Lvar=0.000013, Lvar_active=0.0023, scale/adh_std=1
Epoch [200/200], Average Loss: 1.038043
  Diagnostics: H_ent_norm=1.0000, H_maxp=0.0501, pi_ent_norm=1.0000, pi_std=0.000004, effC=20.00, Lvar=0.000017, Lvar_active=0.0029, scale/adh_std=1
训练完成！实际训练 200 个epochs

--- 评估阶段 ---
  Facebook: AUROC=0.5789, AUPRC=0.0435
  cora: AUROC=0.8321, AUPRC=0.4254
  citeseer: AUROC=0.8999, AUPRC=0.4584
  ACM: AUROC=0.7929, AUPRC=0.3717
  BlogCatalog: AUROC=0.7239, AUPRC=0.3362
  weibo: AUROC=0.7512, AUPRC=0.3048
  Reddit: AUROC=0.5959, AUPRC=0.0461
  Amazon: AUROC=0.7434, AUPRC=0.1384

--- 保存模型 ---
检查点已保存到: /autodl-fs/data/recap/tuning_hyperparams/interaction_tuning/results/interaction_paper_v1/checkpoints/graph__k16__C20__L3/recap/trial_1/model.pt
模型已保存到: /autodl-fs/data/recap/tuning_hyperparams/interaction_tuning/results/interaction_paper_v1/checkpoints/graph__k16__C20__L3/recap/trial_1/model.pt

======================================================================
Trial 2 开始训练 (seed=2)
======================================================================
🔧 模型初始化视图数: 1 (单视图模式)

--- 训练阶段 ---
开始训练，共 200 个epochs...
关闭early stopping，训练将跑满设定epochs
🔧 Assignment layer LR multiplier: 10 (base_lr=5e-05, assignment_lr=0.0005)
Epoch [1/200], Average Loss: 1.049820
  Diagnostics: H_ent_norm=0.9984, H_maxp=0.0574, pi_ent_norm=1.0000, pi_std=0.000317, effC=20.00, Lvar=0.000000, Lvar_active=0.0000, scale/adh_std=1
Epoch [10/200], Average Loss: 1.041197
  Diagnostics: H_ent_norm=0.9997, H_maxp=0.0527, pi_ent_norm=1.0000, pi_std=0.000142, effC=20.00, Lvar=0.000000, Lvar_active=0.0000, scale/adh_std=1
Epoch [20/200], Average Loss: 1.039577
  Diagnostics: H_ent_norm=0.9999, H_maxp=0.0515, pi_ent_norm=1.0000, pi_std=0.000070, effC=20.00, Lvar=0.000000, Lvar_active=0.0000, scale/adh_std=1
Epoch [30/200], Average Loss: 1.039000
  Diagnostics: H_ent_norm=1.0000, H_maxp=0.0511, pi_ent_norm=1.0000, pi_std=0.000045, effC=20.00, Lvar=0.000000, Lvar_active=0.0000, scale/adh_std=1
Epoch [40/200], Average Loss: 1.038709
  Diagnostics: H_ent_norm=1.0000, H_maxp=0.0508, pi_ent_norm=1.0000, pi_std=0.000030, effC=20.00, Lvar=0.000000, Lvar_active=0.0000, scale/adh_std=1
Epoch [50/200], Average Loss: 1.038521
  Diagnostics: H_ent_norm=1.0000, H_maxp=0.0507, pi_ent_norm=1.0000, pi_std=0.000026, effC=20.00, Lvar=0.000000, Lvar_active=0.0000, scale/adh_std=1
Epoch [60/200], Average Loss: 1.038392
  Diagnostics: H_ent_norm=1.0000, H_maxp=0.0505, pi_ent_norm=1.0000, pi_std=0.000017, effC=20.00, Lvar=0.000000, Lvar_active=0.0000, scale/adh_std=1
Epoch [70/200], Average Loss: 1.038302
  Diagnostics: H_ent_norm=1.0000, H_maxp=0.0505, pi_ent_norm=1.0000, pi_std=0.000018, effC=20.00, Lvar=0.000000, Lvar_active=0.0000, scale/adh_std=1
Epoch [80/200], Average Loss: 1.038241
  Diagnostics: H_ent_norm=1.0000, H_maxp=0.0504, pi_ent_norm=1.0000, pi_std=0.000016, effC=20.00, Lvar=0.000000, Lvar_active=0.0000, scale/adh_std=1
Epoch [90/200], Average Loss: 1.038192
  Diagnostics: H_ent_norm=1.0000, H_maxp=0.0503, pi_ent_norm=1.0000, pi_std=0.000013, effC=20.00, Lvar=0.000000, Lvar_active=0.0003, scale/adh_std=1
Epoch [100/200], Average Loss: 1.038159
  Diagnostics: H_ent_norm=1.0000, H_maxp=0.0503, pi_ent_norm=1.0000, pi_std=0.000011, effC=20.00, Lvar=0.000000, Lvar_active=0.0003, scale/adh_std=1
Epoch [110/200], Average Loss: 1.038133
  Diagnostics: H_ent_norm=1.0000, H_maxp=0.0503, pi_ent_norm=1.0000, pi_std=0.000011, effC=20.00, Lvar=0.000001, Lvar_active=0.0003, scale/adh_std=1
Epoch [120/200], Average Loss: 1.038112
  Diagnostics: H_ent_norm=1.0000, H_maxp=0.0502, pi_ent_norm=1.0000, pi_std=0.000007, effC=20.00, Lvar=0.000001, Lvar_active=0.0003, scale/adh_std=1
Epoch [130/200], Average Loss: 1.038096
  Diagnostics: H_ent_norm=1.0000, H_maxp=0.0502, pi_ent_norm=1.0000, pi_std=0.000007, effC=20.00, Lvar=0.000002, Lvar_active=0.0007, scale/adh_std=1
Epoch [140/200], Average Loss: 1.038084
  Diagnostics: H_ent_norm=1.0000, H_maxp=0.0502, pi_ent_norm=1.0000, pi_std=0.000007, effC=20.00, Lvar=0.000002, Lvar_active=0.0007, scale/adh_std=1
Epoch [150/200], Average Loss: 1.038074
  Diagnostics: H_ent_norm=1.0000, H_maxp=0.0502, pi_ent_norm=1.0000, pi_std=0.000006, effC=20.00, Lvar=0.000003, Lvar_active=0.0010, scale/adh_std=1
Epoch [160/200], Average Loss: 1.038065
  Diagnostics: H_ent_norm=1.0000, H_maxp=0.0502, pi_ent_norm=1.0000, pi_std=0.000006, effC=20.00, Lvar=0.000004, Lvar_active=0.0010, scale/adh_std=1
Epoch [170/200], Average Loss: 1.038059
  Diagnostics: H_ent_norm=1.0000, H_maxp=0.0501, pi_ent_norm=1.0000, pi_std=0.000005, effC=20.00, Lvar=0.000005, Lvar_active=0.0013, scale/adh_std=1
Epoch [180/200], Average Loss: 1.038053
  Diagnostics: H_ent_norm=1.0000, H_maxp=0.0501, pi_ent_norm=1.0000, pi_std=0.000005, effC=20.00, Lvar=0.000006, Lvar_active=0.0013, scale/adh_std=1
Epoch [190/200], Average Loss: 1.038048
  Diagnostics: H_ent_norm=1.0000, H_maxp=0.0501, pi_ent_norm=1.0000, pi_std=0.000005, effC=20.00, Lvar=0.000008, Lvar_active=0.0016, scale/adh_std=1
Epoch [200/200], Average Loss: 1.038045
  Diagnostics: H_ent_norm=1.0000, H_maxp=0.0501, pi_ent_norm=1.0000, pi_std=0.000004, effC=20.00, Lvar=0.000010, Lvar_active=0.0023, scale/adh_std=1
训练完成！实际训练 200 个epochs

--- 评估阶段 ---
  Facebook: AUROC=0.5781, AUPRC=0.0365
  cora: AUROC=0.8249, AUPRC=0.4069
  citeseer: AUROC=0.9012, AUPRC=0.4389
  ACM: AUROC=0.7956, AUPRC=0.3752
  BlogCatalog: AUROC=0.7288, AUPRC=0.3372
  weibo: AUROC=0.7474, AUPRC=0.2995
  Reddit: AUROC=0.5917, AUPRC=0.0451
  Amazon: AUROC=0.7274, AUPRC=0.1316

--- 保存模型 ---
检查点已保存到: /autodl-fs/data/recap/tuning_hyperparams/interaction_tuning/results/interaction_paper_v1/checkpoints/graph__k16__C20__L3/recap/trial_2/model.pt
模型已保存到: /autodl-fs/data/recap/tuning_hyperparams/interaction_tuning/results/interaction_paper_v1/checkpoints/graph__k16__C20__L3/recap/trial_2/model.pt

======================================================================
聚合 3 次试验的结果
======================================================================

------------------------- Facebook -------------------------
AUROC: 0.5795 ± 0.0015
AUPRC: 0.0432 ± 0.0053

------------------------- cora -------------------------
AUROC: 0.8296 ± 0.0034
AUPRC: 0.4205 ± 0.0098

------------------------- citeseer -------------------------
AUROC: 0.9017 ± 0.0017
AUPRC: 0.4453 ± 0.0093

------------------------- ACM -------------------------
AUROC: 0.7951 ± 0.0016
AUPRC: 0.3733 ± 0.0015

------------------------- BlogCatalog -------------------------
AUROC: 0.7257 ± 0.0022
AUPRC: 0.3359 ± 0.0012

------------------------- weibo -------------------------
AUROC: 0.7521 ± 0.0042
AUPRC: 0.3047 ± 0.0042

------------------------- Reddit -------------------------
AUROC: 0.5950 ± 0.0024
AUPRC: 0.0463 ± 0.0011

------------------------- Amazon -------------------------
AUROC: 0.7321 ± 0.0080
AUPRC: 0.1335 ± 0.0036


======================================================================
训练完成！
所有模型已保存到: /autodl-fs/data/recap/tuning_hyperparams/interaction_tuning/results/interaction_paper_v1/checkpoints/graph__k16__C20__L3/recap/
======================================================================

