/root/miniconda3/lib/python3.12/site-packages/torch_geometric/__init__.py:4: UserWarning: An issue occurred while importing 'torch-scatter'. Disabling its usage. Stacktrace: Could not load this library: /root/miniconda3/lib/python3.12/site-packages/torch_scatter/_version_cuda.so
  import torch_geometric.typing
/root/miniconda3/lib/python3.12/site-packages/torch_geometric/__init__.py:4: UserWarning: An issue occurred while importing 'torch-cluster'. Disabling its usage. Stacktrace: Could not load this library: /root/miniconda3/lib/python3.12/site-packages/torch_cluster/_version_cuda.so
  import torch_geometric.typing
/root/miniconda3/lib/python3.12/site-packages/torch_geometric/__init__.py:4: UserWarning: An issue occurred while importing 'torch-spline-conv'. Disabling its usage. Stacktrace: Could not load this library: /root/miniconda3/lib/python3.12/site-packages/torch_spline_conv/_version_cuda.so
  import torch_geometric.typing
/root/miniconda3/lib/python3.12/site-packages/torch_geometric/__init__.py:4: UserWarning: An issue occurred while importing 'torch-sparse'. Disabling its usage. Stacktrace: Could not load this library: /root/miniconda3/lib/python3.12/site-packages/torch_sparse/_version_cuda.so
  import torch_geometric.typing
使用保存的最佳模型配置

======================================================================
recap 异常检测模型训练
======================================================================

📋 训练配置:
  device: cuda:0
  epochs: 200
  trials: 3
  seed: 0
  output_dir: /autodl-fs/data/recap/tuning_hyperparams/interaction_tuning/results/interaction_paper_v1/checkpoints/graph__k24__C28__L1
  save_checkpoint: True
  early_stop: False
  patience: 30
  log_diagnostics: True
  diagnostics_interval: 10

🔧 模型配置:
  model: recap
  lr: 5e-05
  dropout_rate: 0.2
  h_feats: 256
  num_hops: 1
  weight_decay: 5e-05
  dims: 32
  num_layers: 2
  activation: ELU
  num_views: 1
  num_clusters: 28
  knn_k: 24
  cluster_lr_multiplier: 10.0
  tau_s: 0.05
  sim_block_size: 256
  knn_cache_enabled: True
  knn_cache_dir: /autodl-fs/data/recap/knn_cache
  knn_search_dtype: auto
  lambda_H: 0.35
  lambda_bal: 0.01
  lambda_E: 0.1
  gamma: 0.1
  tau_e: 1.0
  beta: 0.005
  eps: 1e-08
  lambda_ortho: 0.35
  lambda_min_usage: 0.01
  lambda_diversity: 0.1
  min_cluster_ratio: 0.1

💾 保存设置:
  保存目录：/autodl-fs/data/recap/tuning_hyperparams/interaction_tuning/results/interaction_paper_v1/checkpoints/graph__k24__C28__L1
  保存检查点：True
======================================================================


📊 使用指定的训练数据集: ['pubmed', 'Flickr', 'questions', 'YelpChi']

📊 使用指定的测试数据集: ['Facebook', 'cora', 'citeseer', 'ACM', 'BlogCatalog', 'weibo', 'Reddit', 'Amazon']
加载 4 个训练数据集: ['pubmed', 'Flickr', 'questions', 'YelpChi']
加载 8 个测试数据集: ['Facebook', 'cora', 'citeseer', 'ACM', 'BlogCatalog', 'weibo', 'Reddit', 'Amazon']
进行 1 跳特征传播...

======================================================================
Trial 0 开始训练 (seed=0)
======================================================================
🔧 模型初始化视图数: 1 (单视图模式)

--- 训练阶段 ---
开始训练，共 200 个epochs...
关闭early stopping，训练将跑满设定epochs
🔧 Assignment layer LR multiplier: 10 (base_lr=5e-05, assignment_lr=0.0005)
Epoch [1/200], Average Loss: 1.167569
  Diagnostics: H_ent_norm=0.9985, H_maxp=0.0416, pi_ent_norm=1.0000, pi_std=0.000274, effC=28.00, Lvar=0.000000, Lvar_active=0.0000, scale/adh_std=1
Epoch [10/200], Average Loss: 1.160304
  Diagnostics: H_ent_norm=0.9994, H_maxp=0.0391, pi_ent_norm=1.0000, pi_std=0.000110, effC=28.00, Lvar=0.000000, Lvar_active=0.0000, scale/adh_std=1
Epoch [20/200], Average Loss: 1.157718
  Diagnostics: H_ent_norm=0.9998, H_maxp=0.0378, pi_ent_norm=1.0000, pi_std=0.000079, effC=28.00, Lvar=0.000000, Lvar_active=0.0000, scale/adh_std=1
Epoch [30/200], Average Loss: 1.156464
  Diagnostics: H_ent_norm=0.9999, H_maxp=0.0372, pi_ent_norm=1.0000, pi_std=0.000051, effC=28.00, Lvar=0.000000, Lvar_active=0.0000, scale/adh_std=1
Epoch [40/200], Average Loss: 1.155798
  Diagnostics: H_ent_norm=0.9999, H_maxp=0.0368, pi_ent_norm=1.0000, pi_std=0.000041, effC=28.00, Lvar=0.000000, Lvar_active=0.0000, scale/adh_std=1
Epoch [50/200], Average Loss: 1.155397
  Diagnostics: H_ent_norm=1.0000, H_maxp=0.0365, pi_ent_norm=1.0000, pi_std=0.000029, effC=28.00, Lvar=0.000000, Lvar_active=0.0000, scale/adh_std=1
Epoch [60/200], Average Loss: 1.155147
  Diagnostics: H_ent_norm=1.0000, H_maxp=0.0364, pi_ent_norm=1.0000, pi_std=0.000024, effC=28.00, Lvar=0.000000, Lvar_active=0.0000, scale/adh_std=1
Epoch [70/200], Average Loss: 1.154994
  Diagnostics: H_ent_norm=1.0000, H_maxp=0.0363, pi_ent_norm=1.0000, pi_std=0.000016, effC=28.00, Lvar=0.000000, Lvar_active=0.0000, scale/adh_std=1
Epoch [80/200], Average Loss: 1.154896
  Diagnostics: H_ent_norm=1.0000, H_maxp=0.0362, pi_ent_norm=1.0000, pi_std=0.000015, effC=28.00, Lvar=0.000000, Lvar_active=0.0000, scale/adh_std=1
Epoch [90/200], Average Loss: 1.154823
  Diagnostics: H_ent_norm=1.0000, H_maxp=0.0361, pi_ent_norm=1.0000, pi_std=0.000014, effC=28.00, Lvar=0.000000, Lvar_active=0.0000, scale/adh_std=1
Epoch [100/200], Average Loss: 1.154776
  Diagnostics: H_ent_norm=1.0000, H_maxp=0.0361, pi_ent_norm=1.0000, pi_std=0.000012, effC=28.00, Lvar=0.000000, Lvar_active=0.0000, scale/adh_std=1
Epoch [110/200], Average Loss: 1.154739
  Diagnostics: H_ent_norm=1.0000, H_maxp=0.0360, pi_ent_norm=1.0000, pi_std=0.000010, effC=28.00, Lvar=0.000000, Lvar_active=0.0000, scale/adh_std=1
Epoch [120/200], Average Loss: 1.154712
  Diagnostics: H_ent_norm=1.0000, H_maxp=0.0360, pi_ent_norm=1.0000, pi_std=0.000009, effC=28.00, Lvar=0.000000, Lvar_active=0.0000, scale/adh_std=1
Epoch [130/200], Average Loss: 1.154692
  Diagnostics: H_ent_norm=1.0000, H_maxp=0.0360, pi_ent_norm=1.0000, pi_std=0.000009, effC=28.00, Lvar=0.000000, Lvar_active=0.0000, scale/adh_std=1
Epoch [140/200], Average Loss: 1.154676
  Diagnostics: H_ent_norm=1.0000, H_maxp=0.0359, pi_ent_norm=1.0000, pi_std=0.000007, effC=28.00, Lvar=0.000000, Lvar_active=0.0000, scale/adh_std=1
Epoch [150/200], Average Loss: 1.154663
  Diagnostics: H_ent_norm=1.0000, H_maxp=0.0359, pi_ent_norm=1.0000, pi_std=0.000006, effC=28.00, Lvar=0.000000, Lvar_active=0.0000, scale/adh_std=1
Epoch [160/200], Average Loss: 1.154653
  Diagnostics: H_ent_norm=1.0000, H_maxp=0.0359, pi_ent_norm=1.0000, pi_std=0.000006, effC=28.00, Lvar=0.000000, Lvar_active=0.0010, scale/adh_std=1
Epoch [170/200], Average Loss: 1.154646
  Diagnostics: H_ent_norm=1.0000, H_maxp=0.0359, pi_ent_norm=1.0000, pi_std=0.000005, effC=28.00, Lvar=0.000001, Lvar_active=0.0010, scale/adh_std=1
Epoch [180/200], Average Loss: 1.154640
  Diagnostics: H_ent_norm=1.0000, H_maxp=0.0359, pi_ent_norm=1.0000, pi_std=0.000005, effC=28.00, Lvar=0.000002, Lvar_active=0.0010, scale/adh_std=1
Epoch [190/200], Average Loss: 1.154635
  Diagnostics: H_ent_norm=1.0000, H_maxp=0.0358, pi_ent_norm=1.0000, pi_std=0.000005, effC=28.00, Lvar=0.000003, Lvar_active=0.0010, scale/adh_std=1
Epoch [200/200], Average Loss: 1.154631
  Diagnostics: H_ent_norm=1.0000, H_maxp=0.0358, pi_ent_norm=1.0000, pi_std=0.000004, effC=28.00, Lvar=0.000005, Lvar_active=0.0029, scale/adh_std=1
训练完成！实际训练 200 个epochs

--- 评估阶段 ---
  Facebook: AUROC=0.5547, AUPRC=0.0387
  cora: AUROC=0.8346, AUPRC=0.3748
  citeseer: AUROC=0.8721, AUPRC=0.3194
  ACM: AUROC=0.8070, AUPRC=0.3537
  BlogCatalog: AUROC=0.7218, AUPRC=0.3270
  weibo: AUROC=0.7067, AUPRC=0.2991
  Reddit: AUROC=0.6056, AUPRC=0.0468
  Amazon: AUROC=0.7050, AUPRC=0.1244

--- 保存模型 ---
检查点已保存到: /autodl-fs/data/recap/tuning_hyperparams/interaction_tuning/results/interaction_paper_v1/checkpoints/graph__k24__C28__L1/recap/trial_0/model.pt
模型已保存到: /autodl-fs/data/recap/tuning_hyperparams/interaction_tuning/results/interaction_paper_v1/checkpoints/graph__k24__C28__L1/recap/trial_0/model.pt

======================================================================
Trial 1 开始训练 (seed=1)
======================================================================
🔧 模型初始化视图数: 1 (单视图模式)

--- 训练阶段 ---
开始训练，共 200 个epochs...
关闭early stopping，训练将跑满设定epochs
🔧 Assignment layer LR multiplier: 10 (base_lr=5e-05, assignment_lr=0.0005)
Epoch [1/200], Average Loss: 1.167307
  Diagnostics: H_ent_norm=0.9987, H_maxp=0.0412, pi_ent_norm=1.0000, pi_std=0.000222, effC=28.00, Lvar=0.000003, Lvar_active=0.0010, scale/adh_std=1
Epoch [10/200], Average Loss: 1.160436
  Diagnostics: H_ent_norm=0.9995, H_maxp=0.0389, pi_ent_norm=1.0000, pi_std=0.000129, effC=28.00, Lvar=0.000004, Lvar_active=0.0010, scale/adh_std=1
Epoch [20/200], Average Loss: 1.157891
  Diagnostics: H_ent_norm=0.9998, H_maxp=0.0378, pi_ent_norm=1.0000, pi_std=0.000100, effC=28.00, Lvar=0.000005, Lvar_active=0.0010, scale/adh_std=1
Epoch [30/200], Average Loss: 1.156551
  Diagnostics: H_ent_norm=0.9999, H_maxp=0.0371, pi_ent_norm=1.0000, pi_std=0.000068, effC=28.00, Lvar=0.000005, Lvar_active=0.0010, scale/adh_std=1
Epoch [40/200], Average Loss: 1.155881
  Diagnostics: H_ent_norm=0.9999, H_maxp=0.0368, pi_ent_norm=1.0000, pi_std=0.000049, effC=28.00, Lvar=0.000005, Lvar_active=0.0010, scale/adh_std=1
Epoch [50/200], Average Loss: 1.155470
  Diagnostics: H_ent_norm=1.0000, H_maxp=0.0365, pi_ent_norm=1.0000, pi_std=0.000042, effC=28.00, Lvar=0.000005, Lvar_active=0.0010, scale/adh_std=1
Epoch [60/200], Average Loss: 1.155216
  Diagnostics: H_ent_norm=1.0000, H_maxp=0.0364, pi_ent_norm=1.0000, pi_std=0.000033, effC=28.00, Lvar=0.000006, Lvar_active=0.0010, scale/adh_std=1
Epoch [70/200], Average Loss: 1.155044
  Diagnostics: H_ent_norm=1.0000, H_maxp=0.0363, pi_ent_norm=1.0000, pi_std=0.000027, effC=28.00, Lvar=0.000006, Lvar_active=0.0010, scale/adh_std=1
Epoch [80/200], Average Loss: 1.154933
  Diagnostics: H_ent_norm=1.0000, H_maxp=0.0362, pi_ent_norm=1.0000, pi_std=0.000023, effC=28.00, Lvar=0.000006, Lvar_active=0.0010, scale/adh_std=1
Epoch [90/200], Average Loss: 1.154857
  Diagnostics: H_ent_norm=1.0000, H_maxp=0.0361, pi_ent_norm=1.0000, pi_std=0.000018, effC=28.00, Lvar=0.000007, Lvar_active=0.0010, scale/adh_std=1
Epoch [100/200], Average Loss: 1.154800
  Diagnostics: H_ent_norm=1.0000, H_maxp=0.0361, pi_ent_norm=1.0000, pi_std=0.000016, effC=28.00, Lvar=0.000007, Lvar_active=0.0010, scale/adh_std=1
Epoch [110/200], Average Loss: 1.154759
  Diagnostics: H_ent_norm=1.0000, H_maxp=0.0360, pi_ent_norm=1.0000, pi_std=0.000013, effC=28.00, Lvar=0.000008, Lvar_active=0.0010, scale/adh_std=1
Epoch [120/200], Average Loss: 1.154728
  Diagnostics: H_ent_norm=1.0000, H_maxp=0.0360, pi_ent_norm=1.0000, pi_std=0.000012, effC=28.00, Lvar=0.000008, Lvar_active=0.0010, scale/adh_std=1
Epoch [130/200], Average Loss: 1.154706
  Diagnostics: H_ent_norm=1.0000, H_maxp=0.0359, pi_ent_norm=1.0000, pi_std=0.000010, effC=28.00, Lvar=0.000009, Lvar_active=0.0010, scale/adh_std=1
Epoch [140/200], Average Loss: 1.154688
  Diagnostics: H_ent_norm=1.0000, H_maxp=0.0359, pi_ent_norm=1.0000, pi_std=0.000010, effC=28.00, Lvar=0.000009, Lvar_active=0.0010, scale/adh_std=1
Epoch [150/200], Average Loss: 1.154673
  Diagnostics: H_ent_norm=1.0000, H_maxp=0.0359, pi_ent_norm=1.0000, pi_std=0.000008, effC=28.00, Lvar=0.000010, Lvar_active=0.0010, scale/adh_std=1
Epoch [160/200], Average Loss: 1.154662
  Diagnostics: H_ent_norm=1.0000, H_maxp=0.0359, pi_ent_norm=1.0000, pi_std=0.000007, effC=28.00, Lvar=0.000010, Lvar_active=0.0010, scale/adh_std=1
Epoch [170/200], Average Loss: 1.154653
  Diagnostics: H_ent_norm=1.0000, H_maxp=0.0359, pi_ent_norm=1.0000, pi_std=0.000006, effC=28.00, Lvar=0.000011, Lvar_active=0.0020, scale/adh_std=1
Epoch [180/200], Average Loss: 1.154646
  Diagnostics: H_ent_norm=1.0000, H_maxp=0.0359, pi_ent_norm=1.0000, pi_std=0.000006, effC=28.00, Lvar=0.000013, Lvar_active=0.0020, scale/adh_std=1
Epoch [190/200], Average Loss: 1.154641
  Diagnostics: H_ent_norm=1.0000, H_maxp=0.0358, pi_ent_norm=1.0000, pi_std=0.000005, effC=28.00, Lvar=0.000014, Lvar_active=0.0020, scale/adh_std=1
Epoch [200/200], Average Loss: 1.154635
  Diagnostics: H_ent_norm=1.0000, H_maxp=0.0358, pi_ent_norm=1.0000, pi_std=0.000005, effC=28.00, Lvar=0.000016, Lvar_active=0.0029, scale/adh_std=1
训练完成！实际训练 200 个epochs

--- 评估阶段 ---
  Facebook: AUROC=0.5444, AUPRC=0.0352
  cora: AUROC=0.8334, AUPRC=0.3554
  citeseer: AUROC=0.8726, AUPRC=0.3451
  ACM: AUROC=0.8044, AUPRC=0.3489
  BlogCatalog: AUROC=0.7210, AUPRC=0.3286
  weibo: AUROC=0.6988, AUPRC=0.2943
  Reddit: AUROC=0.6041, AUPRC=0.0457
  Amazon: AUROC=0.7194, AUPRC=0.1304

--- 保存模型 ---
检查点已保存到: /autodl-fs/data/recap/tuning_hyperparams/interaction_tuning/results/interaction_paper_v1/checkpoints/graph__k24__C28__L1/recap/trial_1/model.pt
模型已保存到: /autodl-fs/data/recap/tuning_hyperparams/interaction_tuning/results/interaction_paper_v1/checkpoints/graph__k24__C28__L1/recap/trial_1/model.pt

======================================================================
Trial 2 开始训练 (seed=2)
======================================================================
🔧 模型初始化视图数: 1 (单视图模式)

--- 训练阶段 ---
开始训练，共 200 个epochs...
关闭early stopping，训练将跑满设定epochs
🔧 Assignment layer LR multiplier: 10 (base_lr=5e-05, assignment_lr=0.0005)
Epoch [1/200], Average Loss: 1.167704
  Diagnostics: H_ent_norm=0.9985, H_maxp=0.0414, pi_ent_norm=1.0000, pi_std=0.000250, effC=28.00, Lvar=0.000000, Lvar_active=0.0000, scale/adh_std=1
Epoch [10/200], Average Loss: 1.160140
  Diagnostics: H_ent_norm=0.9995, H_maxp=0.0390, pi_ent_norm=1.0000, pi_std=0.000138, effC=28.00, Lvar=0.000000, Lvar_active=0.0000, scale/adh_std=1
Epoch [20/200], Average Loss: 1.157525
  Diagnostics: H_ent_norm=0.9998, H_maxp=0.0378, pi_ent_norm=1.0000, pi_std=0.000100, effC=28.00, Lvar=0.000000, Lvar_active=0.0000, scale/adh_std=1
Epoch [30/200], Average Loss: 1.156340
  Diagnostics: H_ent_norm=0.9999, H_maxp=0.0371, pi_ent_norm=1.0000, pi_std=0.000066, effC=28.00, Lvar=0.000000, Lvar_active=0.0000, scale/adh_std=1
Epoch [40/200], Average Loss: 1.155709
  Diagnostics: H_ent_norm=0.9999, H_maxp=0.0367, pi_ent_norm=1.0000, pi_std=0.000053, effC=28.00, Lvar=0.000000, Lvar_active=0.0000, scale/adh_std=1
Epoch [50/200], Average Loss: 1.155340
  Diagnostics: H_ent_norm=1.0000, H_maxp=0.0365, pi_ent_norm=1.0000, pi_std=0.000043, effC=28.00, Lvar=0.000000, Lvar_active=0.0000, scale/adh_std=1
Epoch [60/200], Average Loss: 1.155128
  Diagnostics: H_ent_norm=1.0000, H_maxp=0.0363, pi_ent_norm=1.0000, pi_std=0.000031, effC=28.00, Lvar=0.000000, Lvar_active=0.0000, scale/adh_std=1
Epoch [70/200], Average Loss: 1.154991
  Diagnostics: H_ent_norm=1.0000, H_maxp=0.0362, pi_ent_norm=1.0000, pi_std=0.000027, effC=28.00, Lvar=0.000000, Lvar_active=0.0000, scale/adh_std=1
Epoch [80/200], Average Loss: 1.154888
  Diagnostics: H_ent_norm=1.0000, H_maxp=0.0362, pi_ent_norm=1.0000, pi_std=0.000024, effC=28.00, Lvar=0.000000, Lvar_active=0.0000, scale/adh_std=1
Epoch [90/200], Average Loss: 1.154825
  Diagnostics: H_ent_norm=1.0000, H_maxp=0.0361, pi_ent_norm=1.0000, pi_std=0.000018, effC=28.00, Lvar=0.000000, Lvar_active=0.0000, scale/adh_std=1
Epoch [100/200], Average Loss: 1.154776
  Diagnostics: H_ent_norm=1.0000, H_maxp=0.0360, pi_ent_norm=1.0000, pi_std=0.000015, effC=28.00, Lvar=0.000000, Lvar_active=0.0010, scale/adh_std=1
Epoch [110/200], Average Loss: 1.154739
  Diagnostics: H_ent_norm=1.0000, H_maxp=0.0360, pi_ent_norm=1.0000, pi_std=0.000013, effC=28.00, Lvar=0.000001, Lvar_active=0.0010, scale/adh_std=1
Epoch [120/200], Average Loss: 1.154713
  Diagnostics: H_ent_norm=1.0000, H_maxp=0.0360, pi_ent_norm=1.0000, pi_std=0.000010, effC=28.00, Lvar=0.000001, Lvar_active=0.0010, scale/adh_std=1
Epoch [130/200], Average Loss: 1.154692
  Diagnostics: H_ent_norm=1.0000, H_maxp=0.0359, pi_ent_norm=1.0000, pi_std=0.000008, effC=28.00, Lvar=0.000002, Lvar_active=0.0010, scale/adh_std=1
Epoch [140/200], Average Loss: 1.154678
  Diagnostics: H_ent_norm=1.0000, H_maxp=0.0359, pi_ent_norm=1.0000, pi_std=0.000008, effC=28.00, Lvar=0.000004, Lvar_active=0.0020, scale/adh_std=1
Epoch [150/200], Average Loss: 1.154665
  Diagnostics: H_ent_norm=1.0000, H_maxp=0.0359, pi_ent_norm=1.0000, pi_std=0.000007, effC=28.00, Lvar=0.000005, Lvar_active=0.0020, scale/adh_std=1
Epoch [160/200], Average Loss: 1.154655
  Diagnostics: H_ent_norm=1.0000, H_maxp=0.0359, pi_ent_norm=1.0000, pi_std=0.000006, effC=28.00, Lvar=0.000007, Lvar_active=0.0020, scale/adh_std=1
Epoch [170/200], Average Loss: 1.154647
  Diagnostics: H_ent_norm=1.0000, H_maxp=0.0359, pi_ent_norm=1.0000, pi_std=0.000005, effC=28.00, Lvar=0.000009, Lvar_active=0.0029, scale/adh_std=1
Epoch [180/200], Average Loss: 1.154641
  Diagnostics: H_ent_norm=1.0000, H_maxp=0.0359, pi_ent_norm=1.0000, pi_std=0.000004, effC=28.00, Lvar=0.000011, Lvar_active=0.0029, scale/adh_std=1
Epoch [190/200], Average Loss: 1.154636
  Diagnostics: H_ent_norm=1.0000, H_maxp=0.0358, pi_ent_norm=1.0000, pi_std=0.000003, effC=28.00, Lvar=0.000014, Lvar_active=0.0039, scale/adh_std=1
Epoch [200/200], Average Loss: 1.154632
  Diagnostics: H_ent_norm=1.0000, H_maxp=0.0358, pi_ent_norm=1.0000, pi_std=0.000004, effC=28.00, Lvar=0.000018, Lvar_active=0.0039, scale/adh_std=1
训练完成！实际训练 200 个epochs

--- 评估阶段 ---
  Facebook: AUROC=0.5370, AUPRC=0.0291
  cora: AUROC=0.8265, AUPRC=0.3384
  citeseer: AUROC=0.8735, AUPRC=0.3224
  ACM: AUROC=0.8066, AUPRC=0.3542
  BlogCatalog: AUROC=0.7271, AUPRC=0.3310
  weibo: AUROC=0.6950, AUPRC=0.2883
  Reddit: AUROC=0.6026, AUPRC=0.0453
  Amazon: AUROC=0.7063, AUPRC=0.1258

--- 保存模型 ---
检查点已保存到: /autodl-fs/data/recap/tuning_hyperparams/interaction_tuning/results/interaction_paper_v1/checkpoints/graph__k24__C28__L1/recap/trial_2/model.pt
模型已保存到: /autodl-fs/data/recap/tuning_hyperparams/interaction_tuning/results/interaction_paper_v1/checkpoints/graph__k24__C28__L1/recap/trial_2/model.pt

======================================================================
聚合 3 次试验的结果
======================================================================

------------------------- Facebook -------------------------
AUROC: 0.5454 ± 0.0073
AUPRC: 0.0344 ± 0.0040

------------------------- cora -------------------------
AUROC: 0.8315 ± 0.0035
AUPRC: 0.3562 ± 0.0149

------------------------- citeseer -------------------------
AUROC: 0.8727 ± 0.0006
AUPRC: 0.3290 ± 0.0114

------------------------- ACM -------------------------
AUROC: 0.8060 ± 0.0012
AUPRC: 0.3523 ± 0.0024

------------------------- BlogCatalog -------------------------
AUROC: 0.7233 ± 0.0027
AUPRC: 0.3289 ± 0.0016

------------------------- weibo -------------------------
AUROC: 0.7002 ± 0.0049
AUPRC: 0.2939 ± 0.0044

------------------------- Reddit -------------------------
AUROC: 0.6041 ± 0.0012
AUPRC: 0.0459 ± 0.0006

------------------------- Amazon -------------------------
AUROC: 0.7102 ± 0.0065
AUPRC: 0.1269 ± 0.0026


======================================================================
训练完成！
所有模型已保存到: /autodl-fs/data/recap/tuning_hyperparams/interaction_tuning/results/interaction_paper_v1/checkpoints/graph__k24__C28__L1/recap/
======================================================================

