/root/miniconda3/lib/python3.12/site-packages/torch_geometric/__init__.py:4: UserWarning: An issue occurred while importing 'torch-scatter'. Disabling its usage. Stacktrace: Could not load this library: /root/miniconda3/lib/python3.12/site-packages/torch_scatter/_version_cuda.so
  import torch_geometric.typing
/root/miniconda3/lib/python3.12/site-packages/torch_geometric/__init__.py:4: UserWarning: An issue occurred while importing 'torch-cluster'. Disabling its usage. Stacktrace: Could not load this library: /root/miniconda3/lib/python3.12/site-packages/torch_cluster/_version_cuda.so
  import torch_geometric.typing
/root/miniconda3/lib/python3.12/site-packages/torch_geometric/__init__.py:4: UserWarning: An issue occurred while importing 'torch-spline-conv'. Disabling its usage. Stacktrace: Could not load this library: /root/miniconda3/lib/python3.12/site-packages/torch_spline_conv/_version_cuda.so
  import torch_geometric.typing
/root/miniconda3/lib/python3.12/site-packages/torch_geometric/__init__.py:4: UserWarning: An issue occurred while importing 'torch-sparse'. Disabling its usage. Stacktrace: Could not load this library: /root/miniconda3/lib/python3.12/site-packages/torch_sparse/_version_cuda.so
  import torch_geometric.typing
使用保存的最佳模型配置

======================================================================
recap 异常检测模型训练
======================================================================

📋 训练配置:
  device: cuda:0
  epochs: 200
  trials: 3
  seed: 0
  output_dir: /autodl-fs/data/recap/tuning_hyperparams/interaction_tuning/results/interaction_paper_v1/checkpoints/graph__k20__C36__L3
  save_checkpoint: True
  early_stop: False
  patience: 30
  log_diagnostics: True
  diagnostics_interval: 10

🔧 模型配置:
  model: recap
  lr: 5e-05
  dropout_rate: 0.2
  h_feats: 256
  num_hops: 3
  weight_decay: 5e-05
  dims: 32
  num_layers: 2
  activation: ELU
  num_views: 1
  num_clusters: 36
  knn_k: 20
  cluster_lr_multiplier: 10.0
  tau_s: 0.05
  sim_block_size: 256
  knn_cache_enabled: True
  knn_cache_dir: /autodl-fs/data/recap/knn_cache
  knn_search_dtype: auto
  lambda_H: 0.35
  lambda_bal: 0.01
  lambda_E: 0.1
  gamma: 0.1
  tau_e: 1.0
  beta: 0.005
  eps: 1e-08
  lambda_ortho: 0.35
  lambda_min_usage: 0.01
  lambda_diversity: 0.1
  min_cluster_ratio: 0.1

💾 保存设置:
  保存目录：/autodl-fs/data/recap/tuning_hyperparams/interaction_tuning/results/interaction_paper_v1/checkpoints/graph__k20__C36__L3
  保存检查点：True
======================================================================


📊 使用指定的训练数据集: ['pubmed', 'Flickr', 'questions', 'YelpChi']

📊 使用指定的测试数据集: ['Facebook', 'cora', 'citeseer', 'ACM', 'BlogCatalog', 'weibo', 'Reddit', 'Amazon']
加载 4 个训练数据集: ['pubmed', 'Flickr', 'questions', 'YelpChi']
加载 8 个测试数据集: ['Facebook', 'cora', 'citeseer', 'ACM', 'BlogCatalog', 'weibo', 'Reddit', 'Amazon']
进行 3 跳特征传播...

======================================================================
Trial 0 开始训练 (seed=0)
======================================================================
🔧 模型初始化视图数: 1 (单视图模式)

--- 训练阶段 ---
开始训练，共 200 个epochs...
关闭early stopping，训练将跑满设定epochs
🔧 Assignment layer LR multiplier: 10 (base_lr=5e-05, assignment_lr=0.0005)
Epoch [1/200], Average Loss: 1.254249
  Diagnostics: H_ent_norm=0.9987, H_maxp=0.0323, pi_ent_norm=1.0000, pi_std=0.000166, effC=36.00, Lvar=0.000000, Lvar_active=0.0000, scale/adh_std=1
Epoch [10/200], Average Loss: 1.245791
  Diagnostics: H_ent_norm=0.9997, H_maxp=0.0298, pi_ent_norm=1.0000, pi_std=0.000087, effC=36.00, Lvar=0.000000, Lvar_active=0.0000, scale/adh_std=1
Epoch [20/200], Average Loss: 1.243853
  Diagnostics: H_ent_norm=0.9999, H_maxp=0.0289, pi_ent_norm=1.0000, pi_std=0.000055, effC=36.00, Lvar=0.000000, Lvar_active=0.0000, scale/adh_std=1
Epoch [30/200], Average Loss: 1.243091
  Diagnostics: H_ent_norm=0.9999, H_maxp=0.0287, pi_ent_norm=1.0000, pi_std=0.000041, effC=36.00, Lvar=0.000000, Lvar_active=0.0000, scale/adh_std=1
Epoch [40/200], Average Loss: 1.242694
  Diagnostics: H_ent_norm=1.0000, H_maxp=0.0285, pi_ent_norm=1.0000, pi_std=0.000023, effC=36.00, Lvar=0.000000, Lvar_active=0.0000, scale/adh_std=1
Epoch [50/200], Average Loss: 1.242439
  Diagnostics: H_ent_norm=1.0000, H_maxp=0.0283, pi_ent_norm=1.0000, pi_std=0.000017, effC=36.00, Lvar=0.000000, Lvar_active=0.0000, scale/adh_std=1
Epoch [60/200], Average Loss: 1.242271
  Diagnostics: H_ent_norm=1.0000, H_maxp=0.0283, pi_ent_norm=1.0000, pi_std=0.000020, effC=36.00, Lvar=0.000000, Lvar_active=0.0000, scale/adh_std=1
Epoch [70/200], Average Loss: 1.242145
  Diagnostics: H_ent_norm=1.0000, H_maxp=0.0282, pi_ent_norm=1.0000, pi_std=0.000012, effC=36.00, Lvar=0.000000, Lvar_active=0.0000, scale/adh_std=1
Epoch [80/200], Average Loss: 1.242054
  Diagnostics: H_ent_norm=1.0000, H_maxp=0.0281, pi_ent_norm=1.0000, pi_std=0.000011, effC=36.00, Lvar=0.000000, Lvar_active=0.0000, scale/adh_std=1
Epoch [90/200], Average Loss: 1.241983
  Diagnostics: H_ent_norm=1.0000, H_maxp=0.0281, pi_ent_norm=1.0000, pi_std=0.000010, effC=36.00, Lvar=0.000000, Lvar_active=0.0000, scale/adh_std=1
Epoch [100/200], Average Loss: 1.241928
  Diagnostics: H_ent_norm=1.0000, H_maxp=0.0281, pi_ent_norm=1.0000, pi_std=0.000008, effC=36.00, Lvar=0.000000, Lvar_active=0.0000, scale/adh_std=1
Epoch [110/200], Average Loss: 1.241892
  Diagnostics: H_ent_norm=1.0000, H_maxp=0.0280, pi_ent_norm=1.0000, pi_std=0.000008, effC=36.00, Lvar=0.000000, Lvar_active=0.0000, scale/adh_std=1
Epoch [120/200], Average Loss: 1.241854
  Diagnostics: H_ent_norm=1.0000, H_maxp=0.0280, pi_ent_norm=1.0000, pi_std=0.000006, effC=36.00, Lvar=0.000000, Lvar_active=0.0000, scale/adh_std=1
Epoch [130/200], Average Loss: 1.241826
  Diagnostics: H_ent_norm=1.0000, H_maxp=0.0280, pi_ent_norm=1.0000, pi_std=0.000007, effC=36.00, Lvar=0.000000, Lvar_active=0.0003, scale/adh_std=1
Epoch [140/200], Average Loss: 1.241806
  Diagnostics: H_ent_norm=1.0000, H_maxp=0.0280, pi_ent_norm=1.0000, pi_std=0.000006, effC=36.00, Lvar=0.000000, Lvar_active=0.0003, scale/adh_std=1
Epoch [150/200], Average Loss: 1.241787
  Diagnostics: H_ent_norm=1.0000, H_maxp=0.0279, pi_ent_norm=1.0000, pi_std=0.000004, effC=36.00, Lvar=0.000001, Lvar_active=0.0010, scale/adh_std=1
Epoch [160/200], Average Loss: 1.241773
  Diagnostics: H_ent_norm=1.0000, H_maxp=0.0279, pi_ent_norm=1.0000, pi_std=0.000004, effC=36.00, Lvar=0.000002, Lvar_active=0.0013, scale/adh_std=1
Epoch [170/200], Average Loss: 1.241761
  Diagnostics: H_ent_norm=1.0000, H_maxp=0.0279, pi_ent_norm=1.0000, pi_std=0.000004, effC=36.00, Lvar=0.000003, Lvar_active=0.0013, scale/adh_std=1
Epoch [180/200], Average Loss: 1.241751
  Diagnostics: H_ent_norm=1.0000, H_maxp=0.0279, pi_ent_norm=1.0000, pi_std=0.000004, effC=36.00, Lvar=0.000005, Lvar_active=0.0013, scale/adh_std=1
Epoch [190/200], Average Loss: 1.241742
  Diagnostics: H_ent_norm=1.0000, H_maxp=0.0279, pi_ent_norm=1.0000, pi_std=0.000003, effC=36.00, Lvar=0.000007, Lvar_active=0.0023, scale/adh_std=1
Epoch [200/200], Average Loss: 1.241735
  Diagnostics: H_ent_norm=1.0000, H_maxp=0.0279, pi_ent_norm=1.0000, pi_std=0.000003, effC=36.00, Lvar=0.000009, Lvar_active=0.0023, scale/adh_std=1
训练完成！实际训练 200 个epochs

--- 评估阶段 ---
  Facebook: AUROC=0.5835, AUPRC=0.0495
  cora: AUROC=0.8319, AUPRC=0.4303
  citeseer: AUROC=0.9042, AUPRC=0.4392
  ACM: AUROC=0.7968, AUPRC=0.3728
  BlogCatalog: AUROC=0.7252, AUPRC=0.3343
  weibo: AUROC=0.7554, AUPRC=0.3095
  Reddit: AUROC=0.5977, AUPRC=0.0479
  Amazon: AUROC=0.7262, AUPRC=0.1308

--- 保存模型 ---
检查点已保存到: /autodl-fs/data/recap/tuning_hyperparams/interaction_tuning/results/interaction_paper_v1/checkpoints/graph__k20__C36__L3/recap/trial_0/model.pt
模型已保存到: /autodl-fs/data/recap/tuning_hyperparams/interaction_tuning/results/interaction_paper_v1/checkpoints/graph__k20__C36__L3/recap/trial_0/model.pt

======================================================================
Trial 1 开始训练 (seed=1)
======================================================================
🔧 模型初始化视图数: 1 (单视图模式)

--- 训练阶段 ---
开始训练，共 200 个epochs...
关闭early stopping，训练将跑满设定epochs
🔧 Assignment layer LR multiplier: 10 (base_lr=5e-05, assignment_lr=0.0005)
Epoch [1/200], Average Loss: 1.255781
  Diagnostics: H_ent_norm=0.9986, H_maxp=0.0325, pi_ent_norm=1.0000, pi_std=0.000182, effC=36.00, Lvar=0.000001, Lvar_active=0.0003, scale/adh_std=1
Epoch [10/200], Average Loss: 1.245566
  Diagnostics: H_ent_norm=0.9997, H_maxp=0.0297, pi_ent_norm=1.0000, pi_std=0.000098, effC=36.00, Lvar=0.000002, Lvar_active=0.0003, scale/adh_std=1
Epoch [20/200], Average Loss: 1.243660
  Diagnostics: H_ent_norm=0.9999, H_maxp=0.0290, pi_ent_norm=1.0000, pi_std=0.000056, effC=36.00, Lvar=0.000002, Lvar_active=0.0003, scale/adh_std=1
Epoch [30/200], Average Loss: 1.243014
  Diagnostics: H_ent_norm=0.9999, H_maxp=0.0286, pi_ent_norm=1.0000, pi_std=0.000039, effC=36.00, Lvar=0.000002, Lvar_active=0.0003, scale/adh_std=1
Epoch [40/200], Average Loss: 1.242602
  Diagnostics: H_ent_norm=1.0000, H_maxp=0.0284, pi_ent_norm=1.0000, pi_std=0.000025, effC=36.00, Lvar=0.000002, Lvar_active=0.0003, scale/adh_std=1
Epoch [50/200], Average Loss: 1.242371
  Diagnostics: H_ent_norm=1.0000, H_maxp=0.0283, pi_ent_norm=1.0000, pi_std=0.000018, effC=36.00, Lvar=0.000002, Lvar_active=0.0003, scale/adh_std=1
Epoch [60/200], Average Loss: 1.242211
  Diagnostics: H_ent_norm=1.0000, H_maxp=0.0282, pi_ent_norm=1.0000, pi_std=0.000016, effC=36.00, Lvar=0.000003, Lvar_active=0.0003, scale/adh_std=1
Epoch [70/200], Average Loss: 1.242095
  Diagnostics: H_ent_norm=1.0000, H_maxp=0.0282, pi_ent_norm=1.0000, pi_std=0.000015, effC=36.00, Lvar=0.000003, Lvar_active=0.0003, scale/adh_std=1
Epoch [80/200], Average Loss: 1.242010
  Diagnostics: H_ent_norm=1.0000, H_maxp=0.0281, pi_ent_norm=1.0000, pi_std=0.000013, effC=36.00, Lvar=0.000003, Lvar_active=0.0003, scale/adh_std=1
Epoch [90/200], Average Loss: 1.241941
  Diagnostics: H_ent_norm=1.0000, H_maxp=0.0281, pi_ent_norm=1.0000, pi_std=0.000010, effC=36.00, Lvar=0.000003, Lvar_active=0.0003, scale/adh_std=1
Epoch [100/200], Average Loss: 1.241895
  Diagnostics: H_ent_norm=1.0000, H_maxp=0.0280, pi_ent_norm=1.0000, pi_std=0.000008, effC=36.00, Lvar=0.000003, Lvar_active=0.0007, scale/adh_std=1
Epoch [110/200], Average Loss: 1.241858
  Diagnostics: H_ent_norm=1.0000, H_maxp=0.0280, pi_ent_norm=1.0000, pi_std=0.000008, effC=36.00, Lvar=0.000004, Lvar_active=0.0007, scale/adh_std=1
Epoch [120/200], Average Loss: 1.241829
  Diagnostics: H_ent_norm=1.0000, H_maxp=0.0280, pi_ent_norm=1.0000, pi_std=0.000007, effC=36.00, Lvar=0.000004, Lvar_active=0.0007, scale/adh_std=1
Epoch [130/200], Average Loss: 1.241806
  Diagnostics: H_ent_norm=1.0000, H_maxp=0.0280, pi_ent_norm=1.0000, pi_std=0.000006, effC=36.00, Lvar=0.000005, Lvar_active=0.0007, scale/adh_std=1
Epoch [140/200], Average Loss: 1.241787
  Diagnostics: H_ent_norm=1.0000, H_maxp=0.0280, pi_ent_norm=1.0000, pi_std=0.000006, effC=36.00, Lvar=0.000005, Lvar_active=0.0007, scale/adh_std=1
Epoch [150/200], Average Loss: 1.241772
  Diagnostics: H_ent_norm=1.0000, H_maxp=0.0279, pi_ent_norm=1.0000, pi_std=0.000005, effC=36.00, Lvar=0.000006, Lvar_active=0.0013, scale/adh_std=1
Epoch [160/200], Average Loss: 1.241759
  Diagnostics: H_ent_norm=1.0000, H_maxp=0.0279, pi_ent_norm=1.0000, pi_std=0.000005, effC=36.00, Lvar=0.000007, Lvar_active=0.0013, scale/adh_std=1
Epoch [170/200], Average Loss: 1.241749
  Diagnostics: H_ent_norm=1.0000, H_maxp=0.0279, pi_ent_norm=1.0000, pi_std=0.000004, effC=36.00, Lvar=0.000008, Lvar_active=0.0013, scale/adh_std=1
Epoch [180/200], Average Loss: 1.241741
  Diagnostics: H_ent_norm=1.0000, H_maxp=0.0279, pi_ent_norm=1.0000, pi_std=0.000004, effC=36.00, Lvar=0.000009, Lvar_active=0.0013, scale/adh_std=1
Epoch [190/200], Average Loss: 1.241734
  Diagnostics: H_ent_norm=1.0000, H_maxp=0.0279, pi_ent_norm=1.0000, pi_std=0.000003, effC=36.00, Lvar=0.000010, Lvar_active=0.0016, scale/adh_std=1
Epoch [200/200], Average Loss: 1.241727
  Diagnostics: H_ent_norm=1.0000, H_maxp=0.0279, pi_ent_norm=1.0000, pi_std=0.000003, effC=36.00, Lvar=0.000012, Lvar_active=0.0016, scale/adh_std=1
训练完成！实际训练 200 个epochs

--- 评估阶段 ---
  Facebook: AUROC=0.5786, AUPRC=0.0455
  cora: AUROC=0.8325, AUPRC=0.4213
  citeseer: AUROC=0.9005, AUPRC=0.4583
  ACM: AUROC=0.7930, AUPRC=0.3722
  BlogCatalog: AUROC=0.7232, AUPRC=0.3358
  weibo: AUROC=0.7518, AUPRC=0.3047
  Reddit: AUROC=0.5964, AUPRC=0.0462
  Amazon: AUROC=0.7433, AUPRC=0.1386

--- 保存模型 ---
检查点已保存到: /autodl-fs/data/recap/tuning_hyperparams/interaction_tuning/results/interaction_paper_v1/checkpoints/graph__k20__C36__L3/recap/trial_1/model.pt
模型已保存到: /autodl-fs/data/recap/tuning_hyperparams/interaction_tuning/results/interaction_paper_v1/checkpoints/graph__k20__C36__L3/recap/trial_1/model.pt

======================================================================
Trial 2 开始训练 (seed=2)
======================================================================
🔧 模型初始化视图数: 1 (单视图模式)

--- 训练阶段 ---
开始训练，共 200 个epochs...
关闭early stopping，训练将跑满设定epochs
🔧 Assignment layer LR multiplier: 10 (base_lr=5e-05, assignment_lr=0.0005)
Epoch [1/200], Average Loss: 1.257119
  Diagnostics: H_ent_norm=0.9985, H_maxp=0.0328, pi_ent_norm=1.0000, pi_std=0.000210, effC=36.00, Lvar=0.000000, Lvar_active=0.0000, scale/adh_std=1
Epoch [10/200], Average Loss: 1.246129
  Diagnostics: H_ent_norm=0.9996, H_maxp=0.0301, pi_ent_norm=1.0000, pi_std=0.000118, effC=36.00, Lvar=0.000000, Lvar_active=0.0000, scale/adh_std=1
Epoch [20/200], Average Loss: 1.244017
  Diagnostics: H_ent_norm=0.9999, H_maxp=0.0292, pi_ent_norm=1.0000, pi_std=0.000065, effC=36.00, Lvar=0.000000, Lvar_active=0.0000, scale/adh_std=1
Epoch [30/200], Average Loss: 1.243232
  Diagnostics: H_ent_norm=0.9999, H_maxp=0.0288, pi_ent_norm=1.0000, pi_std=0.000052, effC=36.00, Lvar=0.000000, Lvar_active=0.0000, scale/adh_std=1
Epoch [40/200], Average Loss: 1.242821
  Diagnostics: H_ent_norm=1.0000, H_maxp=0.0286, pi_ent_norm=1.0000, pi_std=0.000036, effC=36.00, Lvar=0.000000, Lvar_active=0.0000, scale/adh_std=1
Epoch [50/200], Average Loss: 1.242557
  Diagnostics: H_ent_norm=1.0000, H_maxp=0.0284, pi_ent_norm=1.0000, pi_std=0.000029, effC=36.00, Lvar=0.000000, Lvar_active=0.0000, scale/adh_std=1
Epoch [60/200], Average Loss: 1.242364
  Diagnostics: H_ent_norm=1.0000, H_maxp=0.0283, pi_ent_norm=1.0000, pi_std=0.000020, effC=36.00, Lvar=0.000000, Lvar_active=0.0000, scale/adh_std=1
Epoch [70/200], Average Loss: 1.242222
  Diagnostics: H_ent_norm=1.0000, H_maxp=0.0283, pi_ent_norm=1.0000, pi_std=0.000016, effC=36.00, Lvar=0.000000, Lvar_active=0.0000, scale/adh_std=1
Epoch [80/200], Average Loss: 1.242124
  Diagnostics: H_ent_norm=1.0000, H_maxp=0.0282, pi_ent_norm=1.0000, pi_std=0.000014, effC=36.00, Lvar=0.000000, Lvar_active=0.0000, scale/adh_std=1
Epoch [90/200], Average Loss: 1.242043
  Diagnostics: H_ent_norm=1.0000, H_maxp=0.0281, pi_ent_norm=1.0000, pi_std=0.000012, effC=36.00, Lvar=0.000000, Lvar_active=0.0000, scale/adh_std=1
Epoch [100/200], Average Loss: 1.241984
  Diagnostics: H_ent_norm=1.0000, H_maxp=0.0281, pi_ent_norm=1.0000, pi_std=0.000011, effC=36.00, Lvar=0.000000, Lvar_active=0.0000, scale/adh_std=1
Epoch [110/200], Average Loss: 1.241934
  Diagnostics: H_ent_norm=1.0000, H_maxp=0.0281, pi_ent_norm=1.0000, pi_std=0.000009, effC=36.00, Lvar=0.000000, Lvar_active=0.0000, scale/adh_std=1
Epoch [120/200], Average Loss: 1.241892
  Diagnostics: H_ent_norm=1.0000, H_maxp=0.0280, pi_ent_norm=1.0000, pi_std=0.000008, effC=36.00, Lvar=0.000000, Lvar_active=0.0000, scale/adh_std=1
Epoch [130/200], Average Loss: 1.241863
  Diagnostics: H_ent_norm=1.0000, H_maxp=0.0280, pi_ent_norm=1.0000, pi_std=0.000007, effC=36.00, Lvar=0.000000, Lvar_active=0.0003, scale/adh_std=1
Epoch [140/200], Average Loss: 1.241837
  Diagnostics: H_ent_norm=1.0000, H_maxp=0.0280, pi_ent_norm=1.0000, pi_std=0.000007, effC=36.00, Lvar=0.000000, Lvar_active=0.0003, scale/adh_std=1
Epoch [150/200], Average Loss: 1.241816
  Diagnostics: H_ent_norm=1.0000, H_maxp=0.0280, pi_ent_norm=1.0000, pi_std=0.000005, effC=36.00, Lvar=0.000001, Lvar_active=0.0003, scale/adh_std=1
Epoch [160/200], Average Loss: 1.241798
  Diagnostics: H_ent_norm=1.0000, H_maxp=0.0280, pi_ent_norm=1.0000, pi_std=0.000006, effC=36.00, Lvar=0.000001, Lvar_active=0.0003, scale/adh_std=1
Epoch [170/200], Average Loss: 1.241784
  Diagnostics: H_ent_norm=1.0000, H_maxp=0.0280, pi_ent_norm=1.0000, pi_std=0.000005, effC=36.00, Lvar=0.000001, Lvar_active=0.0007, scale/adh_std=1
Epoch [180/200], Average Loss: 1.241771
  Diagnostics: H_ent_norm=1.0000, H_maxp=0.0279, pi_ent_norm=1.0000, pi_std=0.000005, effC=36.00, Lvar=0.000002, Lvar_active=0.0010, scale/adh_std=1
Epoch [190/200], Average Loss: 1.241760
  Diagnostics: H_ent_norm=1.0000, H_maxp=0.0279, pi_ent_norm=1.0000, pi_std=0.000004, effC=36.00, Lvar=0.000002, Lvar_active=0.0010, scale/adh_std=1
Epoch [200/200], Average Loss: 1.241751
  Diagnostics: H_ent_norm=1.0000, H_maxp=0.0279, pi_ent_norm=1.0000, pi_std=0.000004, effC=36.00, Lvar=0.000003, Lvar_active=0.0010, scale/adh_std=1
训练完成！实际训练 200 个epochs

--- 评估阶段 ---
  Facebook: AUROC=0.5791, AUPRC=0.0366
  cora: AUROC=0.8248, AUPRC=0.4075
  citeseer: AUROC=0.9020, AUPRC=0.4406
  ACM: AUROC=0.7960, AUPRC=0.3761
  BlogCatalog: AUROC=0.7292, AUPRC=0.3374
  weibo: AUROC=0.7416, AUPRC=0.2990
  Reddit: AUROC=0.5918, AUPRC=0.0451
  Amazon: AUROC=0.7295, AUPRC=0.1327

--- 保存模型 ---
检查点已保存到: /autodl-fs/data/recap/tuning_hyperparams/interaction_tuning/results/interaction_paper_v1/checkpoints/graph__k20__C36__L3/recap/trial_2/model.pt
模型已保存到: /autodl-fs/data/recap/tuning_hyperparams/interaction_tuning/results/interaction_paper_v1/checkpoints/graph__k20__C36__L3/recap/trial_2/model.pt

======================================================================
聚合 3 次试验的结果
======================================================================

------------------------- Facebook -------------------------
AUROC: 0.5804 ± 0.0022
AUPRC: 0.0439 ± 0.0054

------------------------- cora -------------------------
AUROC: 0.8297 ± 0.0035
AUPRC: 0.4197 ± 0.0094

------------------------- citeseer -------------------------
AUROC: 0.9022 ± 0.0015
AUPRC: 0.4460 ± 0.0087

------------------------- ACM -------------------------
AUROC: 0.7953 ± 0.0016
AUPRC: 0.3737 ± 0.0017

------------------------- BlogCatalog -------------------------
AUROC: 0.7259 ± 0.0025
AUPRC: 0.3359 ± 0.0013

------------------------- weibo -------------------------
AUROC: 0.7496 ± 0.0058
AUPRC: 0.3044 ± 0.0043

------------------------- Reddit -------------------------
AUROC: 0.5953 ± 0.0026
AUPRC: 0.0464 ± 0.0011

------------------------- Amazon -------------------------
AUROC: 0.7330 ± 0.0074
AUPRC: 0.1340 ± 0.0033


======================================================================
训练完成！
所有模型已保存到: /autodl-fs/data/recap/tuning_hyperparams/interaction_tuning/results/interaction_paper_v1/checkpoints/graph__k20__C36__L3/recap/
======================================================================

