/root/miniconda3/lib/python3.12/site-packages/torch_geometric/__init__.py:4: UserWarning: An issue occurred while importing 'torch-scatter'. Disabling its usage. Stacktrace: Could not load this library: /root/miniconda3/lib/python3.12/site-packages/torch_scatter/_version_cuda.so
  import torch_geometric.typing
/root/miniconda3/lib/python3.12/site-packages/torch_geometric/__init__.py:4: UserWarning: An issue occurred while importing 'torch-cluster'. Disabling its usage. Stacktrace: Could not load this library: /root/miniconda3/lib/python3.12/site-packages/torch_cluster/_version_cuda.so
  import torch_geometric.typing
/root/miniconda3/lib/python3.12/site-packages/torch_geometric/__init__.py:4: UserWarning: An issue occurred while importing 'torch-spline-conv'. Disabling its usage. Stacktrace: Could not load this library: /root/miniconda3/lib/python3.12/site-packages/torch_spline_conv/_version_cuda.so
  import torch_geometric.typing
/root/miniconda3/lib/python3.12/site-packages/torch_geometric/__init__.py:4: UserWarning: An issue occurred while importing 'torch-sparse'. Disabling its usage. Stacktrace: Could not load this library: /root/miniconda3/lib/python3.12/site-packages/torch_sparse/_version_cuda.so
  import torch_geometric.typing
使用保存的最佳模型配置

======================================================================
recap 异常检测模型训练
======================================================================

📋 训练配置:
  device: cuda:0
  epochs: 200
  trials: 3
  seed: 0
  output_dir: /autodl-fs/data/recap/tuning_hyperparams/interaction_tuning/results/interaction_paper_v1/checkpoints/graph__k20__C20__L1
  save_checkpoint: True
  early_stop: False
  patience: 30
  log_diagnostics: True
  diagnostics_interval: 10

🔧 模型配置:
  model: recap
  lr: 5e-05
  dropout_rate: 0.2
  h_feats: 256
  num_hops: 1
  weight_decay: 5e-05
  dims: 32
  num_layers: 2
  activation: ELU
  num_views: 1
  num_clusters: 20
  knn_k: 20
  cluster_lr_multiplier: 10.0
  tau_s: 0.05
  sim_block_size: 256
  knn_cache_enabled: True
  knn_cache_dir: /autodl-fs/data/recap/knn_cache
  knn_search_dtype: auto
  lambda_H: 0.35
  lambda_bal: 0.01
  lambda_E: 0.1
  gamma: 0.1
  tau_e: 1.0
  beta: 0.005
  eps: 1e-08
  lambda_ortho: 0.35
  lambda_min_usage: 0.01
  lambda_diversity: 0.1
  min_cluster_ratio: 0.1

💾 保存设置:
  保存目录：/autodl-fs/data/recap/tuning_hyperparams/interaction_tuning/results/interaction_paper_v1/checkpoints/graph__k20__C20__L1
  保存检查点：True
======================================================================


📊 使用指定的训练数据集: ['pubmed', 'Flickr', 'questions', 'YelpChi']

📊 使用指定的测试数据集: ['Facebook', 'cora', 'citeseer', 'ACM', 'BlogCatalog', 'weibo', 'Reddit', 'Amazon']
加载 4 个训练数据集: ['pubmed', 'Flickr', 'questions', 'YelpChi']
加载 8 个测试数据集: ['Facebook', 'cora', 'citeseer', 'ACM', 'BlogCatalog', 'weibo', 'Reddit', 'Amazon']
进行 1 跳特征传播...

======================================================================
Trial 0 开始训练 (seed=0)
======================================================================
🔧 模型初始化视图数: 1 (单视图模式)

--- 训练阶段 ---
开始训练，共 200 个epochs...
关闭early stopping，训练将跑满设定epochs
🔧 Assignment layer LR multiplier: 10 (base_lr=5e-05, assignment_lr=0.0005)
Epoch [1/200], Average Loss: 1.049775
  Diagnostics: H_ent_norm=0.9984, H_maxp=0.0572, pi_ent_norm=1.0000, pi_std=0.000369, effC=20.00, Lvar=0.000000, Lvar_active=0.0000, scale/adh_std=1
Epoch [10/200], Average Loss: 1.042959
  Diagnostics: H_ent_norm=0.9995, H_maxp=0.0539, pi_ent_norm=1.0000, pi_std=0.000101, effC=20.00, Lvar=0.000000, Lvar_active=0.0000, scale/adh_std=1
Epoch [20/200], Average Loss: 1.040574
  Diagnostics: H_ent_norm=0.9998, H_maxp=0.0523, pi_ent_norm=1.0000, pi_std=0.000078, effC=20.00, Lvar=0.000000, Lvar_active=0.0000, scale/adh_std=1
Epoch [30/200], Average Loss: 1.039461
  Diagnostics: H_ent_norm=0.9999, H_maxp=0.0515, pi_ent_norm=1.0000, pi_std=0.000050, effC=20.00, Lvar=0.000000, Lvar_active=0.0000, scale/adh_std=1
Epoch [40/200], Average Loss: 1.038914
  Diagnostics: H_ent_norm=1.0000, H_maxp=0.0511, pi_ent_norm=1.0000, pi_std=0.000038, effC=20.00, Lvar=0.000000, Lvar_active=0.0000, scale/adh_std=1
Epoch [50/200], Average Loss: 1.038592
  Diagnostics: H_ent_norm=1.0000, H_maxp=0.0509, pi_ent_norm=1.0000, pi_std=0.000029, effC=20.00, Lvar=0.000000, Lvar_active=0.0000, scale/adh_std=1
Epoch [60/200], Average Loss: 1.038402
  Diagnostics: H_ent_norm=1.0000, H_maxp=0.0507, pi_ent_norm=1.0000, pi_std=0.000025, effC=20.00, Lvar=0.000000, Lvar_active=0.0000, scale/adh_std=1
Epoch [70/200], Average Loss: 1.038287
  Diagnostics: H_ent_norm=1.0000, H_maxp=0.0506, pi_ent_norm=1.0000, pi_std=0.000018, effC=20.00, Lvar=0.000000, Lvar_active=0.0000, scale/adh_std=1
Epoch [80/200], Average Loss: 1.038214
  Diagnostics: H_ent_norm=1.0000, H_maxp=0.0505, pi_ent_norm=1.0000, pi_std=0.000016, effC=20.00, Lvar=0.000000, Lvar_active=0.0000, scale/adh_std=1
Epoch [90/200], Average Loss: 1.038164
  Diagnostics: H_ent_norm=1.0000, H_maxp=0.0504, pi_ent_norm=1.0000, pi_std=0.000015, effC=20.00, Lvar=0.000000, Lvar_active=0.0000, scale/adh_std=1
Epoch [100/200], Average Loss: 1.038130
  Diagnostics: H_ent_norm=1.0000, H_maxp=0.0504, pi_ent_norm=1.0000, pi_std=0.000013, effC=20.00, Lvar=0.000000, Lvar_active=0.0000, scale/adh_std=1
Epoch [110/200], Average Loss: 1.038103
  Diagnostics: H_ent_norm=1.0000, H_maxp=0.0503, pi_ent_norm=1.0000, pi_std=0.000012, effC=20.00, Lvar=0.000000, Lvar_active=0.0000, scale/adh_std=1
Epoch [120/200], Average Loss: 1.038086
  Diagnostics: H_ent_norm=1.0000, H_maxp=0.0503, pi_ent_norm=1.0000, pi_std=0.000011, effC=20.00, Lvar=0.000000, Lvar_active=0.0000, scale/adh_std=1
Epoch [130/200], Average Loss: 1.038072
  Diagnostics: H_ent_norm=1.0000, H_maxp=0.0502, pi_ent_norm=1.0000, pi_std=0.000010, effC=20.00, Lvar=0.000000, Lvar_active=0.0000, scale/adh_std=1
Epoch [140/200], Average Loss: 1.038062
  Diagnostics: H_ent_norm=1.0000, H_maxp=0.0502, pi_ent_norm=1.0000, pi_std=0.000009, effC=20.00, Lvar=0.000000, Lvar_active=0.0000, scale/adh_std=1
Epoch [150/200], Average Loss: 1.038054
  Diagnostics: H_ent_norm=1.0000, H_maxp=0.0502, pi_ent_norm=1.0000, pi_std=0.000007, effC=20.00, Lvar=0.000000, Lvar_active=0.0000, scale/adh_std=1
Epoch [160/200], Average Loss: 1.038047
  Diagnostics: H_ent_norm=1.0000, H_maxp=0.0502, pi_ent_norm=1.0000, pi_std=0.000006, effC=20.00, Lvar=0.000000, Lvar_active=0.0000, scale/adh_std=1
Epoch [170/200], Average Loss: 1.038043
  Diagnostics: H_ent_norm=1.0000, H_maxp=0.0502, pi_ent_norm=1.0000, pi_std=0.000005, effC=20.00, Lvar=0.000000, Lvar_active=0.0010, scale/adh_std=1
Epoch [180/200], Average Loss: 1.038039
  Diagnostics: H_ent_norm=1.0000, H_maxp=0.0501, pi_ent_norm=1.0000, pi_std=0.000005, effC=20.00, Lvar=0.000001, Lvar_active=0.0010, scale/adh_std=1
Epoch [190/200], Average Loss: 1.038036
  Diagnostics: H_ent_norm=1.0000, H_maxp=0.0501, pi_ent_norm=1.0000, pi_std=0.000005, effC=20.00, Lvar=0.000002, Lvar_active=0.0010, scale/adh_std=1
Epoch [200/200], Average Loss: 1.038034
  Diagnostics: H_ent_norm=1.0000, H_maxp=0.0501, pi_ent_norm=1.0000, pi_std=0.000005, effC=20.00, Lvar=0.000003, Lvar_active=0.0010, scale/adh_std=1
训练完成！实际训练 200 个epochs

--- 评估阶段 ---
  Facebook: AUROC=0.5546, AUPRC=0.0388
  cora: AUROC=0.8342, AUPRC=0.3746
  citeseer: AUROC=0.8724, AUPRC=0.3210
  ACM: AUROC=0.8071, AUPRC=0.3536
  BlogCatalog: AUROC=0.7221, AUPRC=0.3273
  weibo: AUROC=0.7065, AUPRC=0.2991
  Reddit: AUROC=0.6057, AUPRC=0.0468
  Amazon: AUROC=0.7056, AUPRC=0.1247

--- 保存模型 ---
检查点已保存到: /autodl-fs/data/recap/tuning_hyperparams/interaction_tuning/results/interaction_paper_v1/checkpoints/graph__k20__C20__L1/recap/trial_0/model.pt
模型已保存到: /autodl-fs/data/recap/tuning_hyperparams/interaction_tuning/results/interaction_paper_v1/checkpoints/graph__k20__C20__L1/recap/trial_0/model.pt

======================================================================
Trial 1 开始训练 (seed=1)
======================================================================
🔧 模型初始化视图数: 1 (单视图模式)

--- 训练阶段 ---
开始训练，共 200 个epochs...
关闭early stopping，训练将跑满设定epochs
🔧 Assignment layer LR multiplier: 10 (base_lr=5e-05, assignment_lr=0.0005)
Epoch [1/200], Average Loss: 1.049398
  Diagnostics: H_ent_norm=0.9986, H_maxp=0.0567, pi_ent_norm=1.0000, pi_std=0.000270, effC=20.00, Lvar=0.000003, Lvar_active=0.0010, scale/adh_std=1
Epoch [10/200], Average Loss: 1.042958
  Diagnostics: H_ent_norm=0.9996, H_maxp=0.0536, pi_ent_norm=1.0000, pi_std=0.000151, effC=20.00, Lvar=0.000003, Lvar_active=0.0010, scale/adh_std=1
Epoch [20/200], Average Loss: 1.040673
  Diagnostics: H_ent_norm=0.9998, H_maxp=0.0522, pi_ent_norm=1.0000, pi_std=0.000098, effC=20.00, Lvar=0.000004, Lvar_active=0.0010, scale/adh_std=1
Epoch [30/200], Average Loss: 1.039491
  Diagnostics: H_ent_norm=0.9999, H_maxp=0.0515, pi_ent_norm=1.0000, pi_std=0.000067, effC=20.00, Lvar=0.000005, Lvar_active=0.0010, scale/adh_std=1
Epoch [40/200], Average Loss: 1.038924
  Diagnostics: H_ent_norm=1.0000, H_maxp=0.0511, pi_ent_norm=1.0000, pi_std=0.000047, effC=20.00, Lvar=0.000005, Lvar_active=0.0010, scale/adh_std=1
Epoch [50/200], Average Loss: 1.038605
  Diagnostics: H_ent_norm=1.0000, H_maxp=0.0508, pi_ent_norm=1.0000, pi_std=0.000037, effC=20.00, Lvar=0.000005, Lvar_active=0.0010, scale/adh_std=1
Epoch [60/200], Average Loss: 1.038418
  Diagnostics: H_ent_norm=1.0000, H_maxp=0.0507, pi_ent_norm=1.0000, pi_std=0.000033, effC=20.00, Lvar=0.000006, Lvar_active=0.0010, scale/adh_std=1
Epoch [70/200], Average Loss: 1.038294
  Diagnostics: H_ent_norm=1.0000, H_maxp=0.0505, pi_ent_norm=1.0000, pi_std=0.000025, effC=20.00, Lvar=0.000006, Lvar_active=0.0010, scale/adh_std=1
Epoch [80/200], Average Loss: 1.038220
  Diagnostics: H_ent_norm=1.0000, H_maxp=0.0504, pi_ent_norm=1.0000, pi_std=0.000022, effC=20.00, Lvar=0.000007, Lvar_active=0.0010, scale/adh_std=1
Epoch [90/200], Average Loss: 1.038167
  Diagnostics: H_ent_norm=1.0000, H_maxp=0.0504, pi_ent_norm=1.0000, pi_std=0.000019, effC=20.00, Lvar=0.000007, Lvar_active=0.0010, scale/adh_std=1
Epoch [100/200], Average Loss: 1.038132
  Diagnostics: H_ent_norm=1.0000, H_maxp=0.0503, pi_ent_norm=1.0000, pi_std=0.000016, effC=20.00, Lvar=0.000008, Lvar_active=0.0010, scale/adh_std=1
Epoch [110/200], Average Loss: 1.038106
  Diagnostics: H_ent_norm=1.0000, H_maxp=0.0503, pi_ent_norm=1.0000, pi_std=0.000014, effC=20.00, Lvar=0.000008, Lvar_active=0.0010, scale/adh_std=1
Epoch [120/200], Average Loss: 1.038086
  Diagnostics: H_ent_norm=1.0000, H_maxp=0.0502, pi_ent_norm=1.0000, pi_std=0.000013, effC=20.00, Lvar=0.000009, Lvar_active=0.0010, scale/adh_std=1
Epoch [130/200], Average Loss: 1.038073
  Diagnostics: H_ent_norm=1.0000, H_maxp=0.0502, pi_ent_norm=1.0000, pi_std=0.000012, effC=20.00, Lvar=0.000010, Lvar_active=0.0010, scale/adh_std=1
Epoch [140/200], Average Loss: 1.038063
  Diagnostics: H_ent_norm=1.0000, H_maxp=0.0502, pi_ent_norm=1.0000, pi_std=0.000011, effC=20.00, Lvar=0.000011, Lvar_active=0.0020, scale/adh_std=1
Epoch [150/200], Average Loss: 1.038054
  Diagnostics: H_ent_norm=1.0000, H_maxp=0.0502, pi_ent_norm=1.0000, pi_std=0.000009, effC=20.00, Lvar=0.000012, Lvar_active=0.0020, scale/adh_std=1
Epoch [160/200], Average Loss: 1.038048
  Diagnostics: H_ent_norm=1.0000, H_maxp=0.0502, pi_ent_norm=1.0000, pi_std=0.000008, effC=20.00, Lvar=0.000014, Lvar_active=0.0020, scale/adh_std=1
Epoch [170/200], Average Loss: 1.038043
  Diagnostics: H_ent_norm=1.0000, H_maxp=0.0501, pi_ent_norm=1.0000, pi_std=0.000007, effC=20.00, Lvar=0.000015, Lvar_active=0.0020, scale/adh_std=1
Epoch [180/200], Average Loss: 1.038039
  Diagnostics: H_ent_norm=1.0000, H_maxp=0.0501, pi_ent_norm=1.0000, pi_std=0.000007, effC=20.00, Lvar=0.000018, Lvar_active=0.0029, scale/adh_std=1
Epoch [190/200], Average Loss: 1.038036
  Diagnostics: H_ent_norm=1.0000, H_maxp=0.0501, pi_ent_norm=1.0000, pi_std=0.000005, effC=20.00, Lvar=0.000020, Lvar_active=0.0039, scale/adh_std=1
Epoch [200/200], Average Loss: 1.038034
  Diagnostics: H_ent_norm=1.0000, H_maxp=0.0501, pi_ent_norm=1.0000, pi_std=0.000005, effC=20.00, Lvar=0.000024, Lvar_active=0.0039, scale/adh_std=1
训练完成！实际训练 200 个epochs

--- 评估阶段 ---
  Facebook: AUROC=0.5441, AUPRC=0.0346
  cora: AUROC=0.8328, AUPRC=0.3542
  citeseer: AUROC=0.8723, AUPRC=0.3435
  ACM: AUROC=0.8043, AUPRC=0.3490
  BlogCatalog: AUROC=0.7212, AUPRC=0.3290
  weibo: AUROC=0.6993, AUPRC=0.2944
  Reddit: AUROC=0.6036, AUPRC=0.0456
  Amazon: AUROC=0.7188, AUPRC=0.1300

--- 保存模型 ---
检查点已保存到: /autodl-fs/data/recap/tuning_hyperparams/interaction_tuning/results/interaction_paper_v1/checkpoints/graph__k20__C20__L1/recap/trial_1/model.pt
模型已保存到: /autodl-fs/data/recap/tuning_hyperparams/interaction_tuning/results/interaction_paper_v1/checkpoints/graph__k20__C20__L1/recap/trial_1/model.pt

======================================================================
Trial 2 开始训练 (seed=2)
======================================================================
🔧 模型初始化视图数: 1 (单视图模式)

--- 训练阶段 ---
开始训练，共 200 个epochs...
关闭early stopping，训练将跑满设定epochs
🔧 Assignment layer LR multiplier: 10 (base_lr=5e-05, assignment_lr=0.0005)
Epoch [1/200], Average Loss: 1.050178
  Diagnostics: H_ent_norm=0.9984, H_maxp=0.0573, pi_ent_norm=1.0000, pi_std=0.000331, effC=20.00, Lvar=0.000000, Lvar_active=0.0000, scale/adh_std=1
Epoch [10/200], Average Loss: 1.043026
  Diagnostics: H_ent_norm=0.9995, H_maxp=0.0540, pi_ent_norm=1.0000, pi_std=0.000187, effC=20.00, Lvar=0.000000, Lvar_active=0.0000, scale/adh_std=1
Epoch [20/200], Average Loss: 1.040517
  Diagnostics: H_ent_norm=0.9998, H_maxp=0.0524, pi_ent_norm=1.0000, pi_std=0.000115, effC=20.00, Lvar=0.000000, Lvar_active=0.0000, scale/adh_std=1
Epoch [30/200], Average Loss: 1.039412
  Diagnostics: H_ent_norm=0.9999, H_maxp=0.0515, pi_ent_norm=1.0000, pi_std=0.000077, effC=20.00, Lvar=0.000000, Lvar_active=0.0000, scale/adh_std=1
Epoch [40/200], Average Loss: 1.038886
  Diagnostics: H_ent_norm=1.0000, H_maxp=0.0511, pi_ent_norm=1.0000, pi_std=0.000055, effC=20.00, Lvar=0.000000, Lvar_active=0.0000, scale/adh_std=1
Epoch [50/200], Average Loss: 1.038574
  Diagnostics: H_ent_norm=1.0000, H_maxp=0.0508, pi_ent_norm=1.0000, pi_std=0.000044, effC=20.00, Lvar=0.000000, Lvar_active=0.0000, scale/adh_std=1
Epoch [60/200], Average Loss: 1.038401
  Diagnostics: H_ent_norm=1.0000, H_maxp=0.0507, pi_ent_norm=1.0000, pi_std=0.000032, effC=20.00, Lvar=0.000000, Lvar_active=0.0000, scale/adh_std=1
Epoch [70/200], Average Loss: 1.038296
  Diagnostics: H_ent_norm=1.0000, H_maxp=0.0506, pi_ent_norm=1.0000, pi_std=0.000025, effC=20.00, Lvar=0.000000, Lvar_active=0.0000, scale/adh_std=1
Epoch [80/200], Average Loss: 1.038218
  Diagnostics: H_ent_norm=1.0000, H_maxp=0.0505, pi_ent_norm=1.0000, pi_std=0.000025, effC=20.00, Lvar=0.000000, Lvar_active=0.0000, scale/adh_std=1
Epoch [90/200], Average Loss: 1.038170
  Diagnostics: H_ent_norm=1.0000, H_maxp=0.0504, pi_ent_norm=1.0000, pi_std=0.000018, effC=20.00, Lvar=0.000000, Lvar_active=0.0000, scale/adh_std=1
Epoch [100/200], Average Loss: 1.038134
  Diagnostics: H_ent_norm=1.0000, H_maxp=0.0503, pi_ent_norm=1.0000, pi_std=0.000015, effC=20.00, Lvar=0.000000, Lvar_active=0.0000, scale/adh_std=1
Epoch [110/200], Average Loss: 1.038107
  Diagnostics: H_ent_norm=1.0000, H_maxp=0.0503, pi_ent_norm=1.0000, pi_std=0.000012, effC=20.00, Lvar=0.000000, Lvar_active=0.0010, scale/adh_std=1
Epoch [120/200], Average Loss: 1.038089
  Diagnostics: H_ent_norm=1.0000, H_maxp=0.0503, pi_ent_norm=1.0000, pi_std=0.000010, effC=20.00, Lvar=0.000001, Lvar_active=0.0010, scale/adh_std=1
Epoch [130/200], Average Loss: 1.038074
  Diagnostics: H_ent_norm=1.0000, H_maxp=0.0502, pi_ent_norm=1.0000, pi_std=0.000008, effC=20.00, Lvar=0.000002, Lvar_active=0.0010, scale/adh_std=1
Epoch [140/200], Average Loss: 1.038064
  Diagnostics: H_ent_norm=1.0000, H_maxp=0.0502, pi_ent_norm=1.0000, pi_std=0.000007, effC=20.00, Lvar=0.000003, Lvar_active=0.0020, scale/adh_std=1
Epoch [150/200], Average Loss: 1.038055
  Diagnostics: H_ent_norm=1.0000, H_maxp=0.0502, pi_ent_norm=1.0000, pi_std=0.000006, effC=20.00, Lvar=0.000004, Lvar_active=0.0020, scale/adh_std=1
Epoch [160/200], Average Loss: 1.038049
  Diagnostics: H_ent_norm=1.0000, H_maxp=0.0502, pi_ent_norm=1.0000, pi_std=0.000006, effC=20.00, Lvar=0.000006, Lvar_active=0.0029, scale/adh_std=1
Epoch [170/200], Average Loss: 1.038044
  Diagnostics: H_ent_norm=1.0000, H_maxp=0.0501, pi_ent_norm=1.0000, pi_std=0.000005, effC=20.00, Lvar=0.000009, Lvar_active=0.0029, scale/adh_std=1
Epoch [180/200], Average Loss: 1.038040
  Diagnostics: H_ent_norm=1.0000, H_maxp=0.0501, pi_ent_norm=1.0000, pi_std=0.000004, effC=20.00, Lvar=0.000012, Lvar_active=0.0029, scale/adh_std=1
Epoch [190/200], Average Loss: 1.038037
  Diagnostics: H_ent_norm=1.0000, H_maxp=0.0501, pi_ent_norm=1.0000, pi_std=0.000003, effC=20.00, Lvar=0.000015, Lvar_active=0.0039, scale/adh_std=1
Epoch [200/200], Average Loss: 1.038034
  Diagnostics: H_ent_norm=1.0000, H_maxp=0.0501, pi_ent_norm=1.0000, pi_std=0.000003, effC=20.00, Lvar=0.000019, Lvar_active=0.0039, scale/adh_std=1
训练完成！实际训练 200 个epochs

--- 评估阶段 ---
  Facebook: AUROC=0.5364, AUPRC=0.0291
  cora: AUROC=0.8269, AUPRC=0.3386
  citeseer: AUROC=0.8736, AUPRC=0.3223
  ACM: AUROC=0.8066, AUPRC=0.3544
  BlogCatalog: AUROC=0.7273, AUPRC=0.3308
  weibo: AUROC=0.6943, AUPRC=0.2880
  Reddit: AUROC=0.6025, AUPRC=0.0453
  Amazon: AUROC=0.7062, AUPRC=0.1259

--- 保存模型 ---
检查点已保存到: /autodl-fs/data/recap/tuning_hyperparams/interaction_tuning/results/interaction_paper_v1/checkpoints/graph__k20__C20__L1/recap/trial_2/model.pt
模型已保存到: /autodl-fs/data/recap/tuning_hyperparams/interaction_tuning/results/interaction_paper_v1/checkpoints/graph__k20__C20__L1/recap/trial_2/model.pt

======================================================================
聚合 3 次试验的结果
======================================================================

------------------------- Facebook -------------------------
AUROC: 0.5451 ± 0.0075
AUPRC: 0.0342 ± 0.0040

------------------------- cora -------------------------
AUROC: 0.8313 ± 0.0032
AUPRC: 0.3558 ± 0.0147

------------------------- citeseer -------------------------
AUROC: 0.8728 ± 0.0006
AUPRC: 0.3289 ± 0.0103

------------------------- ACM -------------------------
AUROC: 0.8060 ± 0.0012
AUPRC: 0.3523 ± 0.0024

------------------------- BlogCatalog -------------------------
AUROC: 0.7235 ± 0.0027
AUPRC: 0.3290 ± 0.0014

------------------------- weibo -------------------------
AUROC: 0.7000 ± 0.0050
AUPRC: 0.2938 ± 0.0045

------------------------- Reddit -------------------------
AUROC: 0.6039 ± 0.0013
AUPRC: 0.0459 ± 0.0006

------------------------- Amazon -------------------------
AUROC: 0.7102 ± 0.0061
AUPRC: 0.1269 ± 0.0023


======================================================================
训练完成！
所有模型已保存到: /autodl-fs/data/recap/tuning_hyperparams/interaction_tuning/results/interaction_paper_v1/checkpoints/graph__k20__C20__L1/recap/
======================================================================

