/root/miniconda3/lib/python3.12/site-packages/torch_geometric/__init__.py:4: UserWarning: An issue occurred while importing 'torch-scatter'. Disabling its usage. Stacktrace: Could not load this library: /root/miniconda3/lib/python3.12/site-packages/torch_scatter/_version_cuda.so
  import torch_geometric.typing
/root/miniconda3/lib/python3.12/site-packages/torch_geometric/__init__.py:4: UserWarning: An issue occurred while importing 'torch-cluster'. Disabling its usage. Stacktrace: Could not load this library: /root/miniconda3/lib/python3.12/site-packages/torch_cluster/_version_cuda.so
  import torch_geometric.typing
/root/miniconda3/lib/python3.12/site-packages/torch_geometric/__init__.py:4: UserWarning: An issue occurred while importing 'torch-spline-conv'. Disabling its usage. Stacktrace: Could not load this library: /root/miniconda3/lib/python3.12/site-packages/torch_spline_conv/_version_cuda.so
  import torch_geometric.typing
/root/miniconda3/lib/python3.12/site-packages/torch_geometric/__init__.py:4: UserWarning: An issue occurred while importing 'torch-sparse'. Disabling its usage. Stacktrace: Could not load this library: /root/miniconda3/lib/python3.12/site-packages/torch_sparse/_version_cuda.so
  import torch_geometric.typing
使用保存的最佳模型配置

======================================================================
recap 异常检测模型训练
======================================================================

📋 训练配置:
  device: cuda:0
  epochs: 100
  trials: 3
  seed: 0
  output_dir: /autodl-fs/data/recap/tuning_hyperparams/interaction_tuning/k_c_heatmap_results/k_c_paper_v2_auprc_best/checkpoints/k16__C20
  save_checkpoint: True
  early_stop: False
  patience: 30
  log_diagnostics: True
  diagnostics_interval: 10

🔧 模型配置:
  model: recap
  lr: 5e-05
  dropout_rate: 0.2
  h_feats: 256
  num_hops: 4
  weight_decay: 5e-05
  dims: 32
  num_layers: 2
  activation: ELU
  num_views: 1
  num_clusters: 20
  knn_k: 16
  cluster_lr_multiplier: 10.0
  tau_s: 0.3
  tau_c: 0.3
  cluster_init_gain: 1.5
  sim_block_size: 256
  knn_cache_enabled: True
  knn_cache_dir: /autodl-fs/data/recap/knn_cache
  knn_search_dtype: auto
  lambda_H: 0.1
  lambda_bal: 0.0
  lambda_E: 0.1
  lambda_usage_entropy: 0.1
  assignment_entropy_lower: 0.45
  assignment_entropy_upper: 0.85
  usage_entropy_lower: 0.65
  usage_entropy_upper: 0.9
  gamma: 0.1
  tau_e: 1.0
  beta: 0.02
  eps: 1e-08
  lambda_ortho: 0.1
  lambda_min_usage: 0.0
  lambda_diversity: 0.1
  min_cluster_ratio: 0.1

💾 保存设置:
  保存目录：/autodl-fs/data/recap/tuning_hyperparams/interaction_tuning/k_c_heatmap_results/k_c_paper_v2_auprc_best/checkpoints/k16__C20
  保存检查点：True
======================================================================


📊 使用指定的训练数据集: ['pubmed', 'Flickr', 'questions', 'YelpChi']

📊 使用指定的测试数据集: ['Facebook', 'cora', 'citeseer', 'ACM', 'BlogCatalog', 'weibo', 'Reddit', 'Amazon']
加载 4 个训练数据集: ['pubmed', 'Flickr', 'questions', 'YelpChi']
加载 8 个测试数据集: ['Facebook', 'cora', 'citeseer', 'ACM', 'BlogCatalog', 'weibo', 'Reddit', 'Amazon']
进行 4 跳特征传播...

======================================================================
Trial 0 开始训练 (seed=0)
======================================================================
🔧 模型初始化视图数: 1 (单视图模式)

--- 训练阶段 ---
开始训练，共 100 个epochs...
关闭early stopping，训练将跑满设定epochs
🔧 Assignment layer LR multiplier: 10 (base_lr=5e-05, assignment_lr=0.0005)
Epoch [1/100], Average Loss: 0.503606
  Diagnostics: H_ent_norm=0.8283, H_maxp=0.2364, pi_ent_norm=0.9935, pi_std=0.009275, effC=19.62, Lvar=0.000000, Lvar_active=0.0000, scale/adh_std=1
Epoch [10/100], Average Loss: 0.346776
  Diagnostics: H_ent_norm=0.7156, H_maxp=0.3636, pi_ent_norm=0.9486, pi_std=0.028407, effC=17.23, Lvar=0.000000, Lvar_active=0.0000, scale/adh_std=1
Epoch [20/100], Average Loss: 0.281733
  Diagnostics: H_ent_norm=0.6445, H_maxp=0.4360, pi_ent_norm=0.9092, pi_std=0.039232, effC=15.46, Lvar=0.000000, Lvar_active=0.0000, scale/adh_std=1
Epoch [30/100], Average Loss: 0.262995
  Diagnostics: H_ent_norm=0.6405, H_maxp=0.4427, pi_ent_norm=0.9021, pi_std=0.041716, effC=15.17, Lvar=0.000000, Lvar_active=0.0000, scale/adh_std=1
Epoch [40/100], Average Loss: 0.247530
  Diagnostics: H_ent_norm=0.6369, H_maxp=0.4474, pi_ent_norm=0.8946, pi_std=0.044860, effC=14.87, Lvar=0.000000, Lvar_active=0.0000, scale/adh_std=1
Epoch [50/100], Average Loss: 0.234468
  Diagnostics: H_ent_norm=0.6378, H_maxp=0.4479, pi_ent_norm=0.8860, pi_std=0.049273, effC=14.51, Lvar=0.000000, Lvar_active=0.0000, scale/adh_std=1
Epoch [60/100], Average Loss: 0.222020
  Diagnostics: H_ent_norm=0.6294, H_maxp=0.4610, pi_ent_norm=0.8702, pi_std=0.055265, effC=13.87, Lvar=0.000000, Lvar_active=0.0000, scale/adh_std=1
Epoch [70/100], Average Loss: 0.207007
  Diagnostics: H_ent_norm=0.6101, H_maxp=0.4857, pi_ent_norm=0.8458, pi_std=0.064132, effC=12.88, Lvar=0.000000, Lvar_active=0.0000, scale/adh_std=1
Epoch [80/100], Average Loss: 0.192307
  Diagnostics: H_ent_norm=0.5829, H_maxp=0.5164, pi_ent_norm=0.8135, pi_std=0.075518, effC=11.56, Lvar=0.000000, Lvar_active=0.0000, scale/adh_std=1
Epoch [90/100], Average Loss: 0.175042
  Diagnostics: H_ent_norm=0.5430, H_maxp=0.5514, pi_ent_norm=0.7697, pi_std=0.088525, effC=10.08, Lvar=0.000000, Lvar_active=0.0000, scale/adh_std=1
Epoch [100/100], Average Loss: 0.159690
  Diagnostics: H_ent_norm=0.5124, H_maxp=0.5759, pi_ent_norm=0.7286, pi_std=0.099396, effC=8.97, Lvar=0.000000, Lvar_active=0.0000, scale/adh_std=1
训练完成！实际训练 100 个epochs

--- 评估阶段 ---
  Facebook: AUROC=0.5981, AUPRC=0.0519
  cora: AUROC=0.8264, AUPRC=0.4321
  citeseer: AUROC=0.9026, AUPRC=0.4572
  ACM: AUROC=0.7869, AUPRC=0.3712
  BlogCatalog: AUROC=0.7290, AUPRC=0.3278
  weibo: AUROC=0.7584, AUPRC=0.3133
  Reddit: AUROC=0.5965, AUPRC=0.0483
  Amazon: AUROC=0.7382, AUPRC=0.1371

--- 保存模型 ---
检查点已保存到: /autodl-fs/data/recap/tuning_hyperparams/interaction_tuning/k_c_heatmap_results/k_c_paper_v2_auprc_best/checkpoints/k16__C20/recap/trial_0/model.pt
模型已保存到: /autodl-fs/data/recap/tuning_hyperparams/interaction_tuning/k_c_heatmap_results/k_c_paper_v2_auprc_best/checkpoints/k16__C20/recap/trial_0/model.pt

======================================================================
Trial 1 开始训练 (seed=1)
======================================================================
🔧 模型初始化视图数: 1 (单视图模式)

--- 训练阶段 ---
开始训练，共 100 个epochs...
关闭early stopping，训练将跑满设定epochs
🔧 Assignment layer LR multiplier: 10 (base_lr=5e-05, assignment_lr=0.0005)
Epoch [1/100], Average Loss: 0.503909
  Diagnostics: H_ent_norm=0.8336, H_maxp=0.2287, pi_ent_norm=0.9953, pi_std=0.007634, effC=19.72, Lvar=0.000001, Lvar_active=0.0002, scale/adh_std=1
Epoch [10/100], Average Loss: 0.342491
  Diagnostics: H_ent_norm=0.7232, H_maxp=0.3522, pi_ent_norm=0.9549, pi_std=0.024746, effC=17.57, Lvar=0.000001, Lvar_active=0.0002, scale/adh_std=1
Epoch [20/100], Average Loss: 0.284364
  Diagnostics: H_ent_norm=0.6569, H_maxp=0.4234, pi_ent_norm=0.9199, pi_std=0.035513, effC=15.95, Lvar=0.000000, Lvar_active=0.0002, scale/adh_std=1
Epoch [30/100], Average Loss: 0.259111
  Diagnostics: H_ent_norm=0.6334, H_maxp=0.4474, pi_ent_norm=0.9007, pi_std=0.041655, effC=15.13, Lvar=0.000001, Lvar_active=0.0002, scale/adh_std=1
Epoch [40/100], Average Loss: 0.242771
  Diagnostics: H_ent_norm=0.6266, H_maxp=0.4567, pi_ent_norm=0.8866, pi_std=0.046159, effC=14.57, Lvar=0.000001, Lvar_active=0.0002, scale/adh_std=1
Epoch [50/100], Average Loss: 0.232688
  Diagnostics: H_ent_norm=0.6224, H_maxp=0.4634, pi_ent_norm=0.8775, pi_std=0.048944, effC=14.22, Lvar=0.000001, Lvar_active=0.0002, scale/adh_std=1
Epoch [60/100], Average Loss: 0.225045
  Diagnostics: H_ent_norm=0.6124, H_maxp=0.4751, pi_ent_norm=0.8673, pi_std=0.051943, effC=13.82, Lvar=0.000001, Lvar_active=0.0002, scale/adh_std=1
Epoch [70/100], Average Loss: 0.217918
  Diagnostics: H_ent_norm=0.6032, H_maxp=0.4867, pi_ent_norm=0.8555, pi_std=0.055700, effC=13.38, Lvar=0.000001, Lvar_active=0.0002, scale/adh_std=1
Epoch [80/100], Average Loss: 0.211372
  Diagnostics: H_ent_norm=0.5997, H_maxp=0.4937, pi_ent_norm=0.8483, pi_std=0.058418, effC=13.10, Lvar=0.000001, Lvar_active=0.0002, scale/adh_std=1
Epoch [90/100], Average Loss: 0.204472
  Diagnostics: H_ent_norm=0.5901, H_maxp=0.5070, pi_ent_norm=0.8360, pi_std=0.062873, effC=12.61, Lvar=0.000002, Lvar_active=0.0002, scale/adh_std=1
Epoch [100/100], Average Loss: 0.194730
  Diagnostics: H_ent_norm=0.5781, H_maxp=0.5241, pi_ent_norm=0.8199, pi_std=0.069484, effC=11.93, Lvar=0.000002, Lvar_active=0.0002, scale/adh_std=1
训练完成！实际训练 100 个epochs

--- 评估阶段 ---
  Facebook: AUROC=0.5972, AUPRC=0.0441
  cora: AUROC=0.8262, AUPRC=0.4118
  citeseer: AUROC=0.9013, AUPRC=0.4712
  ACM: AUROC=0.7824, AUPRC=0.3753
  BlogCatalog: AUROC=0.7295, AUPRC=0.3307
  weibo: AUROC=0.7552, AUPRC=0.3091
  Reddit: AUROC=0.5929, AUPRC=0.0467
  Amazon: AUROC=0.7298, AUPRC=0.1288

--- 保存模型 ---
检查点已保存到: /autodl-fs/data/recap/tuning_hyperparams/interaction_tuning/k_c_heatmap_results/k_c_paper_v2_auprc_best/checkpoints/k16__C20/recap/trial_1/model.pt
模型已保存到: /autodl-fs/data/recap/tuning_hyperparams/interaction_tuning/k_c_heatmap_results/k_c_paper_v2_auprc_best/checkpoints/k16__C20/recap/trial_1/model.pt

======================================================================
Trial 2 开始训练 (seed=2)
======================================================================
🔧 模型初始化视图数: 1 (单视图模式)

--- 训练阶段 ---
开始训练，共 100 个epochs...
关闭early stopping，训练将跑满设定epochs
🔧 Assignment layer LR multiplier: 10 (base_lr=5e-05, assignment_lr=0.0005)
Epoch [1/100], Average Loss: 0.502262
  Diagnostics: H_ent_norm=0.8264, H_maxp=0.2370, pi_ent_norm=0.9934, pi_std=0.009359, effC=19.61, Lvar=0.000000, Lvar_active=0.0000, scale/adh_std=1
Epoch [10/100], Average Loss: 0.349373
  Diagnostics: H_ent_norm=0.7053, H_maxp=0.3706, pi_ent_norm=0.9375, pi_std=0.030406, effC=16.73, Lvar=0.000000, Lvar_active=0.0000, scale/adh_std=1
Epoch [20/100], Average Loss: 0.296486
  Diagnostics: H_ent_norm=0.6386, H_maxp=0.4439, pi_ent_norm=0.8943, pi_std=0.041619, effC=14.87, Lvar=0.000000, Lvar_active=0.0000, scale/adh_std=1
Epoch [30/100], Average Loss: 0.273384
  Diagnostics: H_ent_norm=0.6309, H_maxp=0.4562, pi_ent_norm=0.8821, pi_std=0.045216, effC=14.39, Lvar=0.000000, Lvar_active=0.0000, scale/adh_std=1
Epoch [40/100], Average Loss: 0.258489
  Diagnostics: H_ent_norm=0.6261, H_maxp=0.4634, pi_ent_norm=0.8754, pi_std=0.047207, effC=14.13, Lvar=0.000000, Lvar_active=0.0000, scale/adh_std=1
Epoch [50/100], Average Loss: 0.249996
  Diagnostics: H_ent_norm=0.6212, H_maxp=0.4690, pi_ent_norm=0.8687, pi_std=0.049194, effC=13.88, Lvar=0.000000, Lvar_active=0.0000, scale/adh_std=1
Epoch [60/100], Average Loss: 0.241576
  Diagnostics: H_ent_norm=0.6162, H_maxp=0.4754, pi_ent_norm=0.8601, pi_std=0.051705, effC=13.57, Lvar=0.000000, Lvar_active=0.0000, scale/adh_std=1
Epoch [70/100], Average Loss: 0.234734
  Diagnostics: H_ent_norm=0.6148, H_maxp=0.4784, pi_ent_norm=0.8517, pi_std=0.054260, effC=13.28, Lvar=0.000000, Lvar_active=0.0000, scale/adh_std=1
Epoch [80/100], Average Loss: 0.224389
  Diagnostics: H_ent_norm=0.6147, H_maxp=0.4800, pi_ent_norm=0.8429, pi_std=0.056871, effC=12.99, Lvar=0.000000, Lvar_active=0.0000, scale/adh_std=1
Epoch [90/100], Average Loss: 0.216529
  Diagnostics: H_ent_norm=0.6113, H_maxp=0.4841, pi_ent_norm=0.8335, pi_std=0.059397, effC=12.69, Lvar=0.000000, Lvar_active=0.0000, scale/adh_std=1
Epoch [100/100], Average Loss: 0.210837
  Diagnostics: H_ent_norm=0.6101, H_maxp=0.4859, pi_ent_norm=0.8301, pi_std=0.060052, effC=12.59, Lvar=0.000000, Lvar_active=0.0000, scale/adh_std=1
训练完成！实际训练 100 个epochs

--- 评估阶段 ---
  Facebook: AUROC=0.5866, AUPRC=0.0440
  cora: AUROC=0.8142, AUPRC=0.4069
  citeseer: AUROC=0.9011, AUPRC=0.4595
  ACM: AUROC=0.7810, AUPRC=0.3785
  BlogCatalog: AUROC=0.7310, AUPRC=0.3329
  weibo: AUROC=0.7334, AUPRC=0.2940
  Reddit: AUROC=0.5890, AUPRC=0.0458
  Amazon: AUROC=0.7320, AUPRC=0.1333

--- 保存模型 ---
检查点已保存到: /autodl-fs/data/recap/tuning_hyperparams/interaction_tuning/k_c_heatmap_results/k_c_paper_v2_auprc_best/checkpoints/k16__C20/recap/trial_2/model.pt
模型已保存到: /autodl-fs/data/recap/tuning_hyperparams/interaction_tuning/k_c_heatmap_results/k_c_paper_v2_auprc_best/checkpoints/k16__C20/recap/trial_2/model.pt

======================================================================
聚合 3 次试验的结果
======================================================================

------------------------- Facebook -------------------------
AUROC: 0.5940 ± 0.0052
AUPRC: 0.0467 ± 0.0037

------------------------- cora -------------------------
AUROC: 0.8223 ± 0.0057
AUPRC: 0.4169 ± 0.0109

------------------------- citeseer -------------------------
AUROC: 0.9017 ± 0.0007
AUPRC: 0.4626 ± 0.0061

------------------------- ACM -------------------------
AUROC: 0.7834 ± 0.0025
AUPRC: 0.3750 ± 0.0030

------------------------- BlogCatalog -------------------------
AUROC: 0.7299 ± 0.0009
AUPRC: 0.3305 ± 0.0021

------------------------- weibo -------------------------
AUROC: 0.7490 ± 0.0111
AUPRC: 0.3055 ± 0.0083

------------------------- Reddit -------------------------
AUROC: 0.5928 ± 0.0030
AUPRC: 0.0469 ± 0.0010

------------------------- Amazon -------------------------
AUROC: 0.7333 ± 0.0036
AUPRC: 0.1331 ± 0.0034


======================================================================
训练完成！
所有模型已保存到: /autodl-fs/data/recap/tuning_hyperparams/interaction_tuning/k_c_heatmap_results/k_c_paper_v2_auprc_best/checkpoints/k16__C20/recap/
======================================================================

