/root/miniconda3/lib/python3.12/site-packages/torch_geometric/__init__.py:4: UserWarning: An issue occurred while importing 'torch-scatter'. Disabling its usage. Stacktrace: Could not load this library: /root/miniconda3/lib/python3.12/site-packages/torch_scatter/_version_cuda.so
  import torch_geometric.typing
/root/miniconda3/lib/python3.12/site-packages/torch_geometric/__init__.py:4: UserWarning: An issue occurred while importing 'torch-cluster'. Disabling its usage. Stacktrace: Could not load this library: /root/miniconda3/lib/python3.12/site-packages/torch_cluster/_version_cuda.so
  import torch_geometric.typing
/root/miniconda3/lib/python3.12/site-packages/torch_geometric/__init__.py:4: UserWarning: An issue occurred while importing 'torch-spline-conv'. Disabling its usage. Stacktrace: Could not load this library: /root/miniconda3/lib/python3.12/site-packages/torch_spline_conv/_version_cuda.so
  import torch_geometric.typing
/root/miniconda3/lib/python3.12/site-packages/torch_geometric/__init__.py:4: UserWarning: An issue occurred while importing 'torch-sparse'. Disabling its usage. Stacktrace: Could not load this library: /root/miniconda3/lib/python3.12/site-packages/torch_sparse/_version_cuda.so
  import torch_geometric.typing
使用保存的最佳模型配置

======================================================================
recap 异常检测模型训练
======================================================================

📋 训练配置:
  device: cuda:0
  epochs: 100
  trials: 3
  seed: 0
  output_dir: /autodl-fs/data/recap/tuning_hyperparams/interaction_tuning/k_c_heatmap_results/k_c_paper_v2_auprc_best/checkpoints/k16__C36
  save_checkpoint: True
  early_stop: False
  patience: 30
  log_diagnostics: True
  diagnostics_interval: 10

🔧 模型配置:
  model: recap
  lr: 5e-05
  dropout_rate: 0.2
  h_feats: 256
  num_hops: 4
  weight_decay: 5e-05
  dims: 32
  num_layers: 2
  activation: ELU
  num_views: 1
  num_clusters: 36
  knn_k: 16
  cluster_lr_multiplier: 10.0
  tau_s: 0.3
  tau_c: 0.3
  cluster_init_gain: 1.5
  sim_block_size: 256
  knn_cache_enabled: True
  knn_cache_dir: /autodl-fs/data/recap/knn_cache
  knn_search_dtype: auto
  lambda_H: 0.1
  lambda_bal: 0.0
  lambda_E: 0.1
  lambda_usage_entropy: 0.1
  assignment_entropy_lower: 0.45
  assignment_entropy_upper: 0.85
  usage_entropy_lower: 0.65
  usage_entropy_upper: 0.9
  gamma: 0.1
  tau_e: 1.0
  beta: 0.02
  eps: 1e-08
  lambda_ortho: 0.1
  lambda_min_usage: 0.0
  lambda_diversity: 0.1
  min_cluster_ratio: 0.1

💾 保存设置:
  保存目录：/autodl-fs/data/recap/tuning_hyperparams/interaction_tuning/k_c_heatmap_results/k_c_paper_v2_auprc_best/checkpoints/k16__C36
  保存检查点：True
======================================================================


📊 使用指定的训练数据集: ['pubmed', 'Flickr', 'questions', 'YelpChi']

📊 使用指定的测试数据集: ['Facebook', 'cora', 'citeseer', 'ACM', 'BlogCatalog', 'weibo', 'Reddit', 'Amazon']
加载 4 个训练数据集: ['pubmed', 'Flickr', 'questions', 'YelpChi']
加载 8 个测试数据集: ['Facebook', 'cora', 'citeseer', 'ACM', 'BlogCatalog', 'weibo', 'Reddit', 'Amazon']
进行 4 跳特征传播...

======================================================================
Trial 0 开始训练 (seed=0)
======================================================================
🔧 模型初始化视图数: 1 (单视图模式)

--- 训练阶段 ---
开始训练，共 100 个epochs...
关闭early stopping，训练将跑满设定epochs
🔧 Assignment layer LR multiplier: 10 (base_lr=5e-05, assignment_lr=0.0005)
Epoch [1/100], Average Loss: 0.570771
  Diagnostics: H_ent_norm=0.8414, H_maxp=0.1804, pi_ent_norm=0.9942, pi_std=0.005343, effC=35.27, Lvar=0.000000, Lvar_active=0.0000, scale/adh_std=1
Epoch [10/100], Average Loss: 0.391697
  Diagnostics: H_ent_norm=0.7204, H_maxp=0.3210, pi_ent_norm=0.9405, pi_std=0.019496, effC=29.39, Lvar=0.000000, Lvar_active=0.0000, scale/adh_std=1
Epoch [20/100], Average Loss: 0.316863
  Diagnostics: H_ent_norm=0.6418, H_maxp=0.4037, pi_ent_norm=0.8911, pi_std=0.029262, effC=25.14, Lvar=0.000000, Lvar_active=0.0000, scale/adh_std=1
Epoch [30/100], Average Loss: 0.287480
  Diagnostics: H_ent_norm=0.6328, H_maxp=0.4156, pi_ent_norm=0.8768, pi_std=0.033219, effC=24.04, Lvar=0.000000, Lvar_active=0.0000, scale/adh_std=1
Epoch [40/100], Average Loss: 0.267492
  Diagnostics: H_ent_norm=0.6224, H_maxp=0.4268, pi_ent_norm=0.8627, pi_std=0.037232, effC=23.00, Lvar=0.000000, Lvar_active=0.0000, scale/adh_std=1
Epoch [50/100], Average Loss: 0.249795
  Diagnostics: H_ent_norm=0.6132, H_maxp=0.4350, pi_ent_norm=0.8499, pi_std=0.041183, effC=22.09, Lvar=0.000000, Lvar_active=0.0000, scale/adh_std=1
Epoch [60/100], Average Loss: 0.235626
  Diagnostics: H_ent_norm=0.6044, H_maxp=0.4425, pi_ent_norm=0.8384, pi_std=0.044514, effC=21.31, Lvar=0.000000, Lvar_active=0.0000, scale/adh_std=1
Epoch [70/100], Average Loss: 0.224472
  Diagnostics: H_ent_norm=0.5993, H_maxp=0.4458, pi_ent_norm=0.8271, pi_std=0.047546, effC=20.60, Lvar=0.000000, Lvar_active=0.0000, scale/adh_std=1
Epoch [80/100], Average Loss: 0.214360
  Diagnostics: H_ent_norm=0.5973, H_maxp=0.4461, pi_ent_norm=0.8183, pi_std=0.049852, effC=20.06, Lvar=0.000000, Lvar_active=0.0000, scale/adh_std=1
Epoch [90/100], Average Loss: 0.205536
  Diagnostics: H_ent_norm=0.5932, H_maxp=0.4491, pi_ent_norm=0.8104, pi_std=0.051699, effC=19.59, Lvar=0.000000, Lvar_active=0.0000, scale/adh_std=1
Epoch [100/100], Average Loss: 0.198625
  Diagnostics: H_ent_norm=0.5876, H_maxp=0.4543, pi_ent_norm=0.8014, pi_std=0.053534, effC=19.09, Lvar=0.000000, Lvar_active=0.0000, scale/adh_std=1
训练完成！实际训练 100 个epochs

--- 评估阶段 ---
  Facebook: AUROC=0.6017, AUPRC=0.0718
  cora: AUROC=0.8224, AUPRC=0.4297
  citeseer: AUROC=0.8982, AUPRC=0.4346
  ACM: AUROC=0.7822, AUPRC=0.3719
  BlogCatalog: AUROC=0.7246, AUPRC=0.3239
  weibo: AUROC=0.7561, AUPRC=0.3259
  Reddit: AUROC=0.5819, AUPRC=0.0459
  Amazon: AUROC=0.7219, AUPRC=0.1290

--- 保存模型 ---
检查点已保存到: /autodl-fs/data/recap/tuning_hyperparams/interaction_tuning/k_c_heatmap_results/k_c_paper_v2_auprc_best/checkpoints/k16__C36/recap/trial_0/model.pt
模型已保存到: /autodl-fs/data/recap/tuning_hyperparams/interaction_tuning/k_c_heatmap_results/k_c_paper_v2_auprc_best/checkpoints/k16__C36/recap/trial_0/model.pt

======================================================================
Trial 1 开始训练 (seed=1)
======================================================================
🔧 模型初始化视图数: 1 (单视图模式)

--- 训练阶段 ---
开始训练，共 100 个epochs...
关闭early stopping，训练将跑满设定epochs
🔧 Assignment layer LR multiplier: 10 (base_lr=5e-05, assignment_lr=0.0005)
Epoch [1/100], Average Loss: 0.576343
  Diagnostics: H_ent_norm=0.8390, H_maxp=0.1817, pi_ent_norm=0.9956, pi_std=0.004673, effC=35.44, Lvar=0.000001, Lvar_active=0.0002, scale/adh_std=1
Epoch [10/100], Average Loss: 0.381633
  Diagnostics: H_ent_norm=0.7371, H_maxp=0.2993, pi_ent_norm=0.9589, pi_std=0.016397, effC=31.19, Lvar=0.000001, Lvar_active=0.0002, scale/adh_std=1
Epoch [20/100], Average Loss: 0.318950
  Diagnostics: H_ent_norm=0.6969, H_maxp=0.3471, pi_ent_norm=0.9291, pi_std=0.024611, effC=28.22, Lvar=0.000001, Lvar_active=0.0002, scale/adh_std=1
Epoch [30/100], Average Loss: 0.290994
  Diagnostics: H_ent_norm=0.6802, H_maxp=0.3700, pi_ent_norm=0.9093, pi_std=0.029873, effC=26.44, Lvar=0.000001, Lvar_active=0.0002, scale/adh_std=1
Epoch [40/100], Average Loss: 0.272345
  Diagnostics: H_ent_norm=0.6642, H_maxp=0.3905, pi_ent_norm=0.8912, pi_std=0.034457, effC=24.90, Lvar=0.000001, Lvar_active=0.0002, scale/adh_std=1
Epoch [50/100], Average Loss: 0.257397
  Diagnostics: H_ent_norm=0.6410, H_maxp=0.4190, pi_ent_norm=0.8684, pi_std=0.039900, effC=23.04, Lvar=0.000001, Lvar_active=0.0002, scale/adh_std=1
Epoch [60/100], Average Loss: 0.233826
  Diagnostics: H_ent_norm=0.5961, H_maxp=0.4709, pi_ent_norm=0.8247, pi_std=0.050144, effC=19.55, Lvar=0.000001, Lvar_active=0.0002, scale/adh_std=1
Epoch [70/100], Average Loss: 0.209186
  Diagnostics: H_ent_norm=0.5405, H_maxp=0.5267, pi_ent_norm=0.7693, pi_std=0.062112, effC=15.82, Lvar=0.000001, Lvar_active=0.0002, scale/adh_std=1
Epoch [80/100], Average Loss: 0.187539
  Diagnostics: H_ent_norm=0.5024, H_maxp=0.5574, pi_ent_norm=0.7202, pi_std=0.071788, effC=13.51, Lvar=0.000001, Lvar_active=0.0002, scale/adh_std=1
Epoch [90/100], Average Loss: 0.172520
  Diagnostics: H_ent_norm=0.4845, H_maxp=0.5687, pi_ent_norm=0.6909, pi_std=0.077137, effC=12.39, Lvar=0.000001, Lvar_active=0.0002, scale/adh_std=1
Epoch [100/100], Average Loss: 0.162876
  Diagnostics: H_ent_norm=0.4849, H_maxp=0.5686, pi_ent_norm=0.6820, pi_std=0.078870, effC=11.98, Lvar=0.000001, Lvar_active=0.0002, scale/adh_std=1
训练完成！实际训练 100 个epochs

--- 评估阶段 ---
  Facebook: AUROC=0.5957, AUPRC=0.0556
  cora: AUROC=0.8245, AUPRC=0.4178
  citeseer: AUROC=0.9030, AUPRC=0.4701
  ACM: AUROC=0.7801, AUPRC=0.3703
  BlogCatalog: AUROC=0.7352, AUPRC=0.3296
  weibo: AUROC=0.7738, AUPRC=0.3238
  Reddit: AUROC=0.5918, AUPRC=0.0465
  Amazon: AUROC=0.7296, AUPRC=0.1321

--- 保存模型 ---
检查点已保存到: /autodl-fs/data/recap/tuning_hyperparams/interaction_tuning/k_c_heatmap_results/k_c_paper_v2_auprc_best/checkpoints/k16__C36/recap/trial_1/model.pt
模型已保存到: /autodl-fs/data/recap/tuning_hyperparams/interaction_tuning/k_c_heatmap_results/k_c_paper_v2_auprc_best/checkpoints/k16__C36/recap/trial_1/model.pt

======================================================================
Trial 2 开始训练 (seed=2)
======================================================================
🔧 模型初始化视图数: 1 (单视图模式)

--- 训练阶段 ---
开始训练，共 100 个epochs...
关闭early stopping，训练将跑满设定epochs
🔧 Assignment layer LR multiplier: 10 (base_lr=5e-05, assignment_lr=0.0005)
Epoch [1/100], Average Loss: 0.564762
  Diagnostics: H_ent_norm=0.8417, H_maxp=0.1829, pi_ent_norm=0.9924, pi_std=0.006192, effC=35.03, Lvar=0.000000, Lvar_active=0.0000, scale/adh_std=1
Epoch [10/100], Average Loss: 0.381645
  Diagnostics: H_ent_norm=0.7218, H_maxp=0.3221, pi_ent_norm=0.9375, pi_std=0.019963, effC=29.06, Lvar=0.000000, Lvar_active=0.0000, scale/adh_std=1
Epoch [20/100], Average Loss: 0.324293
  Diagnostics: H_ent_norm=0.6625, H_maxp=0.3844, pi_ent_norm=0.9017, pi_std=0.027249, effC=25.91, Lvar=0.000000, Lvar_active=0.0000, scale/adh_std=1
Epoch [30/100], Average Loss: 0.301142
  Diagnostics: H_ent_norm=0.6438, H_maxp=0.4043, pi_ent_norm=0.8893, pi_std=0.029945, effC=24.93, Lvar=0.000000, Lvar_active=0.0000, scale/adh_std=1
Epoch [40/100], Average Loss: 0.283868
  Diagnostics: H_ent_norm=0.6346, H_maxp=0.4137, pi_ent_norm=0.8829, pi_std=0.031710, effC=24.42, Lvar=0.000000, Lvar_active=0.0000, scale/adh_std=1
Epoch [50/100], Average Loss: 0.272913
  Diagnostics: H_ent_norm=0.6269, H_maxp=0.4223, pi_ent_norm=0.8756, pi_std=0.033918, effC=23.84, Lvar=0.000000, Lvar_active=0.0000, scale/adh_std=1
Epoch [60/100], Average Loss: 0.261116
  Diagnostics: H_ent_norm=0.6169, H_maxp=0.4345, pi_ent_norm=0.8653, pi_std=0.036688, effC=23.06, Lvar=0.000000, Lvar_active=0.0000, scale/adh_std=1
Epoch [70/100], Average Loss: 0.249587
  Diagnostics: H_ent_norm=0.6048, H_maxp=0.4484, pi_ent_norm=0.8509, pi_std=0.040950, effC=21.98, Lvar=0.000000, Lvar_active=0.0000, scale/adh_std=1
Epoch [80/100], Average Loss: 0.239267
  Diagnostics: H_ent_norm=0.5950, H_maxp=0.4615, pi_ent_norm=0.8370, pi_std=0.045098, effC=20.91, Lvar=0.000000, Lvar_active=0.0000, scale/adh_std=1
Epoch [90/100], Average Loss: 0.222492
  Diagnostics: H_ent_norm=0.5791, H_maxp=0.4828, pi_ent_norm=0.8151, pi_std=0.051493, effC=19.07, Lvar=0.000000, Lvar_active=0.0000, scale/adh_std=1
Epoch [100/100], Average Loss: 0.199647
  Diagnostics: H_ent_norm=0.5472, H_maxp=0.5197, pi_ent_norm=0.7729, pi_std=0.061527, effC=16.04, Lvar=0.000000, Lvar_active=0.0000, scale/adh_std=1
训练完成！实际训练 100 个epochs

--- 评估阶段 ---
  Facebook: AUROC=0.5922, AUPRC=0.0388
  cora: AUROC=0.8225, AUPRC=0.4100
  citeseer: AUROC=0.9040, AUPRC=0.4556
  ACM: AUROC=0.7857, AUPRC=0.3747
  BlogCatalog: AUROC=0.7365, AUPRC=0.3265
  weibo: AUROC=0.7947, AUPRC=0.3190
  Reddit: AUROC=0.5899, AUPRC=0.0462
  Amazon: AUROC=0.7380, AUPRC=0.1363

--- 保存模型 ---
检查点已保存到: /autodl-fs/data/recap/tuning_hyperparams/interaction_tuning/k_c_heatmap_results/k_c_paper_v2_auprc_best/checkpoints/k16__C36/recap/trial_2/model.pt
模型已保存到: /autodl-fs/data/recap/tuning_hyperparams/interaction_tuning/k_c_heatmap_results/k_c_paper_v2_auprc_best/checkpoints/k16__C36/recap/trial_2/model.pt

======================================================================
聚合 3 次试验的结果
======================================================================

------------------------- Facebook -------------------------
AUROC: 0.5965 ± 0.0039
AUPRC: 0.0554 ± 0.0134

------------------------- cora -------------------------
AUROC: 0.8231 ± 0.0010
AUPRC: 0.4192 ± 0.0081

------------------------- citeseer -------------------------
AUROC: 0.9018 ± 0.0025
AUPRC: 0.4534 ± 0.0146

------------------------- ACM -------------------------
AUROC: 0.7827 ± 0.0023
AUPRC: 0.3723 ± 0.0018

------------------------- BlogCatalog -------------------------
AUROC: 0.7321 ± 0.0053
AUPRC: 0.3267 ± 0.0023

------------------------- weibo -------------------------
AUROC: 0.7749 ± 0.0158
AUPRC: 0.3229 ± 0.0029

------------------------- Reddit -------------------------
AUROC: 0.5879 ± 0.0043
AUPRC: 0.0462 ± 0.0002

------------------------- Amazon -------------------------
AUROC: 0.7298 ± 0.0066
AUPRC: 0.1325 ± 0.0030


======================================================================
训练完成！
所有模型已保存到: /autodl-fs/data/recap/tuning_hyperparams/interaction_tuning/k_c_heatmap_results/k_c_paper_v2_auprc_best/checkpoints/k16__C36/recap/
======================================================================

