/root/miniconda3/lib/python3.12/site-packages/torch_geometric/__init__.py:4: UserWarning: An issue occurred while importing 'torch-scatter'. Disabling its usage. Stacktrace: Could not load this library: /root/miniconda3/lib/python3.12/site-packages/torch_scatter/_version_cuda.so
  import torch_geometric.typing
/root/miniconda3/lib/python3.12/site-packages/torch_geometric/__init__.py:4: UserWarning: An issue occurred while importing 'torch-cluster'. Disabling its usage. Stacktrace: Could not load this library: /root/miniconda3/lib/python3.12/site-packages/torch_cluster/_version_cuda.so
  import torch_geometric.typing
/root/miniconda3/lib/python3.12/site-packages/torch_geometric/__init__.py:4: UserWarning: An issue occurred while importing 'torch-spline-conv'. Disabling its usage. Stacktrace: Could not load this library: /root/miniconda3/lib/python3.12/site-packages/torch_spline_conv/_version_cuda.so
  import torch_geometric.typing
/root/miniconda3/lib/python3.12/site-packages/torch_geometric/__init__.py:4: UserWarning: An issue occurred while importing 'torch-sparse'. Disabling its usage. Stacktrace: Could not load this library: /root/miniconda3/lib/python3.12/site-packages/torch_sparse/_version_cuda.so
  import torch_geometric.typing
使用保存的最佳模型配置

======================================================================
recap 异常检测模型训练
======================================================================

📋 训练配置:
  device: cuda:0
  epochs: 100
  trials: 3
  seed: 0
  output_dir: /autodl-fs/data/recap/tuning_hyperparams/interaction_tuning/k_c_heatmap_results/k_c_paper_v2_auprc_best/checkpoints/k16__C40
  save_checkpoint: True
  early_stop: False
  patience: 30
  log_diagnostics: True
  diagnostics_interval: 10

🔧 模型配置:
  model: recap
  lr: 5e-05
  dropout_rate: 0.2
  h_feats: 256
  num_hops: 4
  weight_decay: 5e-05
  dims: 32
  num_layers: 2
  activation: ELU
  num_views: 1
  num_clusters: 40
  knn_k: 16
  cluster_lr_multiplier: 10.0
  tau_s: 0.3
  tau_c: 0.3
  cluster_init_gain: 1.5
  sim_block_size: 256
  knn_cache_enabled: True
  knn_cache_dir: /autodl-fs/data/recap/knn_cache
  knn_search_dtype: auto
  lambda_H: 0.1
  lambda_bal: 0.0
  lambda_E: 0.1
  lambda_usage_entropy: 0.1
  assignment_entropy_lower: 0.45
  assignment_entropy_upper: 0.85
  usage_entropy_lower: 0.65
  usage_entropy_upper: 0.9
  gamma: 0.1
  tau_e: 1.0
  beta: 0.02
  eps: 1e-08
  lambda_ortho: 0.1
  lambda_min_usage: 0.0
  lambda_diversity: 0.1
  min_cluster_ratio: 0.1

💾 保存设置:
  保存目录：/autodl-fs/data/recap/tuning_hyperparams/interaction_tuning/k_c_heatmap_results/k_c_paper_v2_auprc_best/checkpoints/k16__C40
  保存检查点：True
======================================================================


📊 使用指定的训练数据集: ['pubmed', 'Flickr', 'questions', 'YelpChi']

📊 使用指定的测试数据集: ['Facebook', 'cora', 'citeseer', 'ACM', 'BlogCatalog', 'weibo', 'Reddit', 'Amazon']
加载 4 个训练数据集: ['pubmed', 'Flickr', 'questions', 'YelpChi']
加载 8 个测试数据集: ['Facebook', 'cora', 'citeseer', 'ACM', 'BlogCatalog', 'weibo', 'Reddit', 'Amazon']
进行 4 跳特征传播...

======================================================================
Trial 0 开始训练 (seed=0)
======================================================================
🔧 模型初始化视图数: 1 (单视图模式)

--- 训练阶段 ---
开始训练，共 100 个epochs...
关闭early stopping，训练将跑满设定epochs
🔧 Assignment layer LR multiplier: 10 (base_lr=5e-05, assignment_lr=0.0005)
Epoch [1/100], Average Loss: 0.585432
  Diagnostics: H_ent_norm=0.8482, H_maxp=0.1683, pi_ent_norm=0.9940, pi_std=0.004976, effC=39.13, Lvar=0.000000, Lvar_active=0.0000, scale/adh_std=1
Epoch [10/100], Average Loss: 0.396837
  Diagnostics: H_ent_norm=0.7270, H_maxp=0.3109, pi_ent_norm=0.9409, pi_std=0.017859, effC=32.53, Lvar=0.000000, Lvar_active=0.0000, scale/adh_std=1
Epoch [20/100], Average Loss: 0.315046
  Diagnostics: H_ent_norm=0.6434, H_maxp=0.3992, pi_ent_norm=0.8872, pi_std=0.027869, effC=27.34, Lvar=0.000000, Lvar_active=0.0000, scale/adh_std=1
Epoch [30/100], Average Loss: 0.285021
  Diagnostics: H_ent_norm=0.6295, H_maxp=0.4147, pi_ent_norm=0.8699, pi_std=0.032240, effC=25.86, Lvar=0.000000, Lvar_active=0.0000, scale/adh_std=1
Epoch [40/100], Average Loss: 0.263837
  Diagnostics: H_ent_norm=0.6214, H_maxp=0.4233, pi_ent_norm=0.8573, pi_std=0.035972, effC=24.82, Lvar=0.000000, Lvar_active=0.0000, scale/adh_std=1
Epoch [50/100], Average Loss: 0.246363
  Diagnostics: H_ent_norm=0.6105, H_maxp=0.4332, pi_ent_norm=0.8424, pi_std=0.039986, effC=23.67, Lvar=0.000000, Lvar_active=0.0000, scale/adh_std=1
Epoch [60/100], Average Loss: 0.231700
  Diagnostics: H_ent_norm=0.6044, H_maxp=0.4374, pi_ent_norm=0.8307, pi_std=0.043356, effC=22.83, Lvar=0.000000, Lvar_active=0.0000, scale/adh_std=1
Epoch [70/100], Average Loss: 0.222103
  Diagnostics: H_ent_norm=0.5979, H_maxp=0.4424, pi_ent_norm=0.8198, pi_std=0.045974, effC=22.08, Lvar=0.000000, Lvar_active=0.0000, scale/adh_std=1
Epoch [80/100], Average Loss: 0.213540
  Diagnostics: H_ent_norm=0.5933, H_maxp=0.4459, pi_ent_norm=0.8090, pi_std=0.048485, effC=21.38, Lvar=0.000000, Lvar_active=0.0000, scale/adh_std=1
Epoch [90/100], Average Loss: 0.205168
  Diagnostics: H_ent_norm=0.5908, H_maxp=0.4485, pi_ent_norm=0.8008, pi_std=0.050225, effC=20.86, Lvar=0.000000, Lvar_active=0.0000, scale/adh_std=1
Epoch [100/100], Average Loss: 0.198809
  Diagnostics: H_ent_norm=0.5877, H_maxp=0.4519, pi_ent_norm=0.7936, pi_std=0.051790, effC=20.42, Lvar=0.000000, Lvar_active=0.0000, scale/adh_std=1
训练完成！实际训练 100 个epochs

--- 评估阶段 ---
  Facebook: AUROC=0.5952, AUPRC=0.0708
  cora: AUROC=0.8244, AUPRC=0.4270
  citeseer: AUROC=0.9012, AUPRC=0.4413
  ACM: AUROC=0.7813, AUPRC=0.3726
  BlogCatalog: AUROC=0.7263, AUPRC=0.3234
  weibo: AUROC=0.7555, AUPRC=0.3271
  Reddit: AUROC=0.5855, AUPRC=0.0461
  Amazon: AUROC=0.7253, AUPRC=0.1286

--- 保存模型 ---
检查点已保存到: /autodl-fs/data/recap/tuning_hyperparams/interaction_tuning/k_c_heatmap_results/k_c_paper_v2_auprc_best/checkpoints/k16__C40/recap/trial_0/model.pt
模型已保存到: /autodl-fs/data/recap/tuning_hyperparams/interaction_tuning/k_c_heatmap_results/k_c_paper_v2_auprc_best/checkpoints/k16__C40/recap/trial_0/model.pt

======================================================================
Trial 1 开始训练 (seed=1)
======================================================================
🔧 模型初始化视图数: 1 (单视图模式)

--- 训练阶段 ---
开始训练，共 100 个epochs...
关闭early stopping，训练将跑满设定epochs
🔧 Assignment layer LR multiplier: 10 (base_lr=5e-05, assignment_lr=0.0005)
Epoch [1/100], Average Loss: 0.590826
  Diagnostics: H_ent_norm=0.8431, H_maxp=0.1718, pi_ent_norm=0.9948, pi_std=0.004609, effC=39.25, Lvar=0.000001, Lvar_active=0.0002, scale/adh_std=1
Epoch [10/100], Average Loss: 0.381762
  Diagnostics: H_ent_norm=0.7314, H_maxp=0.3040, pi_ent_norm=0.9493, pi_std=0.016367, effC=33.40, Lvar=0.000001, Lvar_active=0.0002, scale/adh_std=1
Epoch [20/100], Average Loss: 0.325658
  Diagnostics: H_ent_norm=0.6844, H_maxp=0.3552, pi_ent_norm=0.9267, pi_std=0.021143, effC=30.94, Lvar=0.000001, Lvar_active=0.0002, scale/adh_std=1
Epoch [30/100], Average Loss: 0.297669
  Diagnostics: H_ent_norm=0.6600, H_maxp=0.3829, pi_ent_norm=0.9103, pi_std=0.024736, effC=29.29, Lvar=0.000001, Lvar_active=0.0002, scale/adh_std=1
Epoch [40/100], Average Loss: 0.279528
  Diagnostics: H_ent_norm=0.6428, H_maxp=0.4034, pi_ent_norm=0.8957, pi_std=0.028095, effC=27.91, Lvar=0.000001, Lvar_active=0.0002, scale/adh_std=1
Epoch [50/100], Average Loss: 0.267205
  Diagnostics: H_ent_norm=0.6230, H_maxp=0.4266, pi_ent_norm=0.8778, pi_std=0.031828, effC=26.33, Lvar=0.000001, Lvar_active=0.0002, scale/adh_std=1
Epoch [60/100], Average Loss: 0.257599
  Diagnostics: H_ent_norm=0.6119, H_maxp=0.4414, pi_ent_norm=0.8653, pi_std=0.034590, effC=25.23, Lvar=0.000001, Lvar_active=0.0002, scale/adh_std=1
Epoch [70/100], Average Loss: 0.248583
  Diagnostics: H_ent_norm=0.6025, H_maxp=0.4553, pi_ent_norm=0.8525, pi_std=0.037947, effC=24.04, Lvar=0.000001, Lvar_active=0.0002, scale/adh_std=1
Epoch [80/100], Average Loss: 0.236153
  Diagnostics: H_ent_norm=0.5798, H_maxp=0.4840, pi_ent_norm=0.8258, pi_std=0.044768, effC=21.54, Lvar=0.000001, Lvar_active=0.0002, scale/adh_std=1
Epoch [90/100], Average Loss: 0.220087
  Diagnostics: H_ent_norm=0.5554, H_maxp=0.5122, pi_ent_norm=0.7921, pi_std=0.052767, effC=18.70, Lvar=0.000002, Lvar_active=0.0002, scale/adh_std=1
Epoch [100/100], Average Loss: 0.199489
  Diagnostics: H_ent_norm=0.5160, H_maxp=0.5478, pi_ent_norm=0.7417, pi_std=0.063177, effC=15.51, Lvar=0.000002, Lvar_active=0.0002, scale/adh_std=1
训练完成！实际训练 100 个epochs

--- 评估阶段 ---
  Facebook: AUROC=0.5916, AUPRC=0.0562
  cora: AUROC=0.8278, AUPRC=0.4271
  citeseer: AUROC=0.8988, AUPRC=0.4546
  ACM: AUROC=0.7839, AUPRC=0.3729
  BlogCatalog: AUROC=0.7279, AUPRC=0.3282
  weibo: AUROC=0.7927, AUPRC=0.3272
  Reddit: AUROC=0.5967, AUPRC=0.0464
  Amazon: AUROC=0.7127, AUPRC=0.1235

--- 保存模型 ---
检查点已保存到: /autodl-fs/data/recap/tuning_hyperparams/interaction_tuning/k_c_heatmap_results/k_c_paper_v2_auprc_best/checkpoints/k16__C40/recap/trial_1/model.pt
模型已保存到: /autodl-fs/data/recap/tuning_hyperparams/interaction_tuning/k_c_heatmap_results/k_c_paper_v2_auprc_best/checkpoints/k16__C40/recap/trial_1/model.pt

======================================================================
Trial 2 开始训练 (seed=2)
======================================================================
🔧 模型初始化视图数: 1 (单视图模式)

--- 训练阶段 ---
开始训练，共 100 个epochs...
关闭early stopping，训练将跑满设定epochs
🔧 Assignment layer LR multiplier: 10 (base_lr=5e-05, assignment_lr=0.0005)
Epoch [1/100], Average Loss: 0.578840
  Diagnostics: H_ent_norm=0.8439, H_maxp=0.1739, pi_ent_norm=0.9927, pi_std=0.005531, effC=38.95, Lvar=0.000000, Lvar_active=0.0000, scale/adh_std=1
Epoch [10/100], Average Loss: 0.383134
  Diagnostics: H_ent_norm=0.7190, H_maxp=0.3209, pi_ent_norm=0.9351, pi_std=0.019242, effC=31.83, Lvar=0.000000, Lvar_active=0.0000, scale/adh_std=1
Epoch [20/100], Average Loss: 0.320526
  Diagnostics: H_ent_norm=0.6513, H_maxp=0.3917, pi_ent_norm=0.8941, pi_std=0.026741, effC=27.88, Lvar=0.000000, Lvar_active=0.0000, scale/adh_std=1
Epoch [30/100], Average Loss: 0.295968
  Diagnostics: H_ent_norm=0.6343, H_maxp=0.4105, pi_ent_norm=0.8819, pi_std=0.028875, effC=26.83, Lvar=0.000000, Lvar_active=0.0000, scale/adh_std=1
Epoch [40/100], Average Loss: 0.279338
  Diagnostics: H_ent_norm=0.6269, H_maxp=0.4200, pi_ent_norm=0.8739, pi_std=0.030572, effC=26.14, Lvar=0.000000, Lvar_active=0.0000, scale/adh_std=1
Epoch [50/100], Average Loss: 0.269908
  Diagnostics: H_ent_norm=0.6189, H_maxp=0.4299, pi_ent_norm=0.8658, pi_std=0.032255, effC=25.47, Lvar=0.000000, Lvar_active=0.0000, scale/adh_std=1
Epoch [60/100], Average Loss: 0.260461
  Diagnostics: H_ent_norm=0.6147, H_maxp=0.4362, pi_ent_norm=0.8598, pi_std=0.033818, effC=24.96, Lvar=0.000000, Lvar_active=0.0000, scale/adh_std=1
Epoch [70/100], Average Loss: 0.251823
  Diagnostics: H_ent_norm=0.6084, H_maxp=0.4444, pi_ent_norm=0.8508, pi_std=0.036062, effC=24.24, Lvar=0.000000, Lvar_active=0.0000, scale/adh_std=1
Epoch [80/100], Average Loss: 0.242922
  Diagnostics: H_ent_norm=0.5992, H_maxp=0.4549, pi_ent_norm=0.8404, pi_std=0.038672, effC=23.42, Lvar=0.000000, Lvar_active=0.0000, scale/adh_std=1
Epoch [90/100], Average Loss: 0.235573
  Diagnostics: H_ent_norm=0.5918, H_maxp=0.4639, pi_ent_norm=0.8316, pi_std=0.040949, effC=22.71, Lvar=0.000000, Lvar_active=0.0000, scale/adh_std=1
Epoch [100/100], Average Loss: 0.227997
  Diagnostics: H_ent_norm=0.5829, H_maxp=0.4753, pi_ent_norm=0.8214, pi_std=0.043990, effC=21.83, Lvar=0.000000, Lvar_active=0.0000, scale/adh_std=1
训练完成！实际训练 100 个epochs

--- 评估阶段 ---
  Facebook: AUROC=0.5914, AUPRC=0.0344
  cora: AUROC=0.8233, AUPRC=0.4148
  citeseer: AUROC=0.9039, AUPRC=0.4549
  ACM: AUROC=0.7843, AUPRC=0.3768
  BlogCatalog: AUROC=0.7376, AUPRC=0.3314
  weibo: AUROC=0.7473, AUPRC=0.3093
  Reddit: AUROC=0.5818, AUPRC=0.0441
  Amazon: AUROC=0.7438, AUPRC=0.1395

--- 保存模型 ---
检查点已保存到: /autodl-fs/data/recap/tuning_hyperparams/interaction_tuning/k_c_heatmap_results/k_c_paper_v2_auprc_best/checkpoints/k16__C40/recap/trial_2/model.pt
模型已保存到: /autodl-fs/data/recap/tuning_hyperparams/interaction_tuning/k_c_heatmap_results/k_c_paper_v2_auprc_best/checkpoints/k16__C40/recap/trial_2/model.pt

======================================================================
聚合 3 次试验的结果
======================================================================

------------------------- Facebook -------------------------
AUROC: 0.5927 ± 0.0017
AUPRC: 0.0538 ± 0.0149

------------------------- cora -------------------------
AUROC: 0.8252 ± 0.0019
AUPRC: 0.4230 ± 0.0058

------------------------- citeseer -------------------------
AUROC: 0.9013 ± 0.0021
AUPRC: 0.4503 ± 0.0064

------------------------- ACM -------------------------
AUROC: 0.7832 ± 0.0013
AUPRC: 0.3741 ± 0.0019

------------------------- BlogCatalog -------------------------
AUROC: 0.7306 ± 0.0050
AUPRC: 0.3277 ± 0.0033

------------------------- weibo -------------------------
AUROC: 0.7652 ± 0.0198
AUPRC: 0.3212 ± 0.0084

------------------------- Reddit -------------------------
AUROC: 0.5880 ± 0.0063
AUPRC: 0.0455 ± 0.0010

------------------------- Amazon -------------------------
AUROC: 0.7273 ± 0.0128
AUPRC: 0.1306 ± 0.0067


======================================================================
训练完成！
所有模型已保存到: /autodl-fs/data/recap/tuning_hyperparams/interaction_tuning/k_c_heatmap_results/k_c_paper_v2_auprc_best/checkpoints/k16__C40/recap/
======================================================================

