/root/miniconda3/lib/python3.12/site-packages/torch_geometric/__init__.py:4: UserWarning: An issue occurred while importing 'torch-scatter'. Disabling its usage. Stacktrace: Could not load this library: /root/miniconda3/lib/python3.12/site-packages/torch_scatter/_version_cuda.so
  import torch_geometric.typing
/root/miniconda3/lib/python3.12/site-packages/torch_geometric/__init__.py:4: UserWarning: An issue occurred while importing 'torch-cluster'. Disabling its usage. Stacktrace: Could not load this library: /root/miniconda3/lib/python3.12/site-packages/torch_cluster/_version_cuda.so
  import torch_geometric.typing
/root/miniconda3/lib/python3.12/site-packages/torch_geometric/__init__.py:4: UserWarning: An issue occurred while importing 'torch-spline-conv'. Disabling its usage. Stacktrace: Could not load this library: /root/miniconda3/lib/python3.12/site-packages/torch_spline_conv/_version_cuda.so
  import torch_geometric.typing
/root/miniconda3/lib/python3.12/site-packages/torch_geometric/__init__.py:4: UserWarning: An issue occurred while importing 'torch-sparse'. Disabling its usage. Stacktrace: Could not load this library: /root/miniconda3/lib/python3.12/site-packages/torch_sparse/_version_cuda.so
  import torch_geometric.typing
使用保存的最佳模型配置

======================================================================
recap 异常检测模型训练
======================================================================

📋 训练配置:
  device: cuda:0
  epochs: 100
  trials: 3
  seed: 0
  output_dir: /autodl-fs/data/recap/tuning_hyperparams/interaction_tuning/k_c_heatmap_results/k_c_paper_v2_auprc_best/checkpoints/k24__C32
  save_checkpoint: True
  early_stop: False
  patience: 30
  log_diagnostics: True
  diagnostics_interval: 10

🔧 模型配置:
  model: recap
  lr: 5e-05
  dropout_rate: 0.2
  h_feats: 256
  num_hops: 4
  weight_decay: 5e-05
  dims: 32
  num_layers: 2
  activation: ELU
  num_views: 1
  num_clusters: 32
  knn_k: 24
  cluster_lr_multiplier: 10.0
  tau_s: 0.3
  tau_c: 0.3
  cluster_init_gain: 1.5
  sim_block_size: 256
  knn_cache_enabled: True
  knn_cache_dir: /autodl-fs/data/recap/knn_cache
  knn_search_dtype: auto
  lambda_H: 0.1
  lambda_bal: 0.0
  lambda_E: 0.1
  lambda_usage_entropy: 0.1
  assignment_entropy_lower: 0.45
  assignment_entropy_upper: 0.85
  usage_entropy_lower: 0.65
  usage_entropy_upper: 0.9
  gamma: 0.1
  tau_e: 1.0
  beta: 0.02
  eps: 1e-08
  lambda_ortho: 0.1
  lambda_min_usage: 0.0
  lambda_diversity: 0.1
  min_cluster_ratio: 0.1

💾 保存设置:
  保存目录：/autodl-fs/data/recap/tuning_hyperparams/interaction_tuning/k_c_heatmap_results/k_c_paper_v2_auprc_best/checkpoints/k24__C32
  保存检查点：True
======================================================================


📊 使用指定的训练数据集: ['pubmed', 'Flickr', 'questions', 'YelpChi']

📊 使用指定的测试数据集: ['Facebook', 'cora', 'citeseer', 'ACM', 'BlogCatalog', 'weibo', 'Reddit', 'Amazon']
加载 4 个训练数据集: ['pubmed', 'Flickr', 'questions', 'YelpChi']
加载 8 个测试数据集: ['Facebook', 'cora', 'citeseer', 'ACM', 'BlogCatalog', 'weibo', 'Reddit', 'Amazon']
进行 4 跳特征传播...

======================================================================
Trial 0 开始训练 (seed=0)
======================================================================
🔧 模型初始化视图数: 1 (单视图模式)

--- 训练阶段 ---
开始训练，共 100 个epochs...
关闭early stopping，训练将跑满设定epochs
🔧 Assignment layer LR multiplier: 10 (base_lr=5e-05, assignment_lr=0.0005)
Epoch [1/100], Average Loss: 0.565412
  Diagnostics: H_ent_norm=0.8401, H_maxp=0.1892, pi_ent_norm=0.9944, pi_std=0.005864, effC=31.39, Lvar=0.000000, Lvar_active=0.0000, scale/adh_std=1
Epoch [10/100], Average Loss: 0.393858
  Diagnostics: H_ent_norm=0.7299, H_maxp=0.3189, pi_ent_norm=0.9479, pi_std=0.019775, effC=26.91, Lvar=0.000000, Lvar_active=0.0000, scale/adh_std=1
Epoch [20/100], Average Loss: 0.316736
  Diagnostics: H_ent_norm=0.6589, H_maxp=0.3950, pi_ent_norm=0.8995, pi_std=0.030860, effC=23.13, Lvar=0.000000, Lvar_active=0.0000, scale/adh_std=1
Epoch [30/100], Average Loss: 0.288771
  Diagnostics: H_ent_norm=0.6271, H_maxp=0.4303, pi_ent_norm=0.8658, pi_std=0.037971, effC=20.92, Lvar=0.000000, Lvar_active=0.0000, scale/adh_std=1
Epoch [40/100], Average Loss: 0.270785
  Diagnostics: H_ent_norm=0.6113, H_maxp=0.4469, pi_ent_norm=0.8474, pi_std=0.042088, effC=19.83, Lvar=0.000000, Lvar_active=0.0000, scale/adh_std=1
Epoch [50/100], Average Loss: 0.257772
  Diagnostics: H_ent_norm=0.6047, H_maxp=0.4529, pi_ent_norm=0.8374, pi_std=0.044915, effC=19.26, Lvar=0.000000, Lvar_active=0.0000, scale/adh_std=1
Epoch [60/100], Average Loss: 0.246978
  Diagnostics: H_ent_norm=0.6033, H_maxp=0.4535, pi_ent_norm=0.8318, pi_std=0.047206, effC=18.93, Lvar=0.000000, Lvar_active=0.0000, scale/adh_std=1
Epoch [70/100], Average Loss: 0.239355
  Diagnostics: H_ent_norm=0.6042, H_maxp=0.4527, pi_ent_norm=0.8286, pi_std=0.048705, effC=18.73, Lvar=0.000000, Lvar_active=0.0000, scale/adh_std=1
Epoch [80/100], Average Loss: 0.230864
  Diagnostics: H_ent_norm=0.6021, H_maxp=0.4560, pi_ent_norm=0.8207, pi_std=0.051165, effC=18.29, Lvar=0.000000, Lvar_active=0.0000, scale/adh_std=1
Epoch [90/100], Average Loss: 0.222282
  Diagnostics: H_ent_norm=0.5981, H_maxp=0.4618, pi_ent_norm=0.8136, pi_std=0.053480, effC=17.84, Lvar=0.000000, Lvar_active=0.0000, scale/adh_std=1
Epoch [100/100], Average Loss: 0.211321
  Diagnostics: H_ent_norm=0.5838, H_maxp=0.4791, pi_ent_norm=0.7969, pi_std=0.058151, effC=16.78, Lvar=0.000000, Lvar_active=0.0000, scale/adh_std=1
训练完成！实际训练 100 个epochs

--- 评估阶段 ---
  Facebook: AUROC=0.6097, AUPRC=0.0730
  cora: AUROC=0.8227, AUPRC=0.4279
  citeseer: AUROC=0.9065, AUPRC=0.4618
  ACM: AUROC=0.7815, AUPRC=0.3718
  BlogCatalog: AUROC=0.7275, AUPRC=0.3320
  weibo: AUROC=0.7535, AUPRC=0.3260
  Reddit: AUROC=0.5910, AUPRC=0.0473
  Amazon: AUROC=0.6919, AUPRC=0.1202

--- 保存模型 ---
检查点已保存到: /autodl-fs/data/recap/tuning_hyperparams/interaction_tuning/k_c_heatmap_results/k_c_paper_v2_auprc_best/checkpoints/k24__C32/recap/trial_0/model.pt
模型已保存到: /autodl-fs/data/recap/tuning_hyperparams/interaction_tuning/k_c_heatmap_results/k_c_paper_v2_auprc_best/checkpoints/k24__C32/recap/trial_0/model.pt

======================================================================
Trial 1 开始训练 (seed=1)
======================================================================
🔧 模型初始化视图数: 1 (单视图模式)

--- 训练阶段 ---
开始训练，共 100 个epochs...
关闭early stopping，训练将跑满设定epochs
🔧 Assignment layer LR multiplier: 10 (base_lr=5e-05, assignment_lr=0.0005)
Epoch [1/100], Average Loss: 0.566836
  Diagnostics: H_ent_norm=0.8374, H_maxp=0.1916, pi_ent_norm=0.9956, pi_std=0.005180, effC=31.52, Lvar=0.000001, Lvar_active=0.0002, scale/adh_std=1
Epoch [10/100], Average Loss: 0.382726
  Diagnostics: H_ent_norm=0.7321, H_maxp=0.3125, pi_ent_norm=0.9556, pi_std=0.018572, effC=27.55, Lvar=0.000001, Lvar_active=0.0002, scale/adh_std=1
Epoch [20/100], Average Loss: 0.324500
  Diagnostics: H_ent_norm=0.7017, H_maxp=0.3494, pi_ent_norm=0.9300, pi_std=0.026396, effC=25.35, Lvar=0.000001, Lvar_active=0.0002, scale/adh_std=1
Epoch [30/100], Average Loss: 0.294994
  Diagnostics: H_ent_norm=0.6952, H_maxp=0.3619, pi_ent_norm=0.9144, pi_std=0.031893, effC=24.10, Lvar=0.000001, Lvar_active=0.0002, scale/adh_std=1
Epoch [40/100], Average Loss: 0.275436
  Diagnostics: H_ent_norm=0.6909, H_maxp=0.3708, pi_ent_norm=0.8989, pi_std=0.037167, effC=22.88, Lvar=0.000001, Lvar_active=0.0002, scale/adh_std=1
Epoch [50/100], Average Loss: 0.250673
  Diagnostics: H_ent_norm=0.6663, H_maxp=0.4015, pi_ent_norm=0.8679, pi_std=0.045996, effC=20.57, Lvar=0.000001, Lvar_active=0.0002, scale/adh_std=1
Epoch [60/100], Average Loss: 0.215837
  Diagnostics: H_ent_norm=0.6003, H_maxp=0.4736, pi_ent_norm=0.8060, pi_std=0.060805, effC=16.41, Lvar=0.000001, Lvar_active=0.0002, scale/adh_std=1
Epoch [70/100], Average Loss: 0.188176
  Diagnostics: H_ent_norm=0.5274, H_maxp=0.5413, pi_ent_norm=0.7374, pi_std=0.074509, effC=13.05, Lvar=0.000001, Lvar_active=0.0002, scale/adh_std=1
Epoch [80/100], Average Loss: 0.174294
  Diagnostics: H_ent_norm=0.4977, H_maxp=0.5642, pi_ent_norm=0.6997, pi_std=0.081412, effC=11.69, Lvar=0.000001, Lvar_active=0.0002, scale/adh_std=1
Epoch [90/100], Average Loss: 0.165319
  Diagnostics: H_ent_norm=0.4903, H_maxp=0.5701, pi_ent_norm=0.6854, pi_std=0.083964, effC=11.18, Lvar=0.000001, Lvar_active=0.0002, scale/adh_std=1
Epoch [100/100], Average Loss: 0.158619
  Diagnostics: H_ent_norm=0.4870, H_maxp=0.5724, pi_ent_norm=0.6762, pi_std=0.085660, effC=10.83, Lvar=0.000001, Lvar_active=0.0002, scale/adh_std=1
训练完成！实际训练 100 个epochs

--- 评估阶段 ---
  Facebook: AUROC=0.5958, AUPRC=0.0555
  cora: AUROC=0.8272, AUPRC=0.4252
  citeseer: AUROC=0.9040, AUPRC=0.4702
  ACM: AUROC=0.7848, AUPRC=0.3702
  BlogCatalog: AUROC=0.7253, AUPRC=0.3263
  weibo: AUROC=0.7758, AUPRC=0.3320
  Reddit: AUROC=0.5911, AUPRC=0.0470
  Amazon: AUROC=0.7367, AUPRC=0.1357

--- 保存模型 ---
检查点已保存到: /autodl-fs/data/recap/tuning_hyperparams/interaction_tuning/k_c_heatmap_results/k_c_paper_v2_auprc_best/checkpoints/k24__C32/recap/trial_1/model.pt
模型已保存到: /autodl-fs/data/recap/tuning_hyperparams/interaction_tuning/k_c_heatmap_results/k_c_paper_v2_auprc_best/checkpoints/k24__C32/recap/trial_1/model.pt

======================================================================
Trial 2 开始训练 (seed=2)
======================================================================
🔧 模型初始化视图数: 1 (单视图模式)

--- 训练阶段 ---
开始训练，共 100 个epochs...
关闭early stopping，训练将跑满设定epochs
🔧 Assignment layer LR multiplier: 10 (base_lr=5e-05, assignment_lr=0.0005)
Epoch [1/100], Average Loss: 0.555456
  Diagnostics: H_ent_norm=0.8392, H_maxp=0.1912, pi_ent_norm=0.9930, pi_std=0.006389, effC=31.24, Lvar=0.000000, Lvar_active=0.0000, scale/adh_std=1
Epoch [10/100], Average Loss: 0.390079
  Diagnostics: H_ent_norm=0.7365, H_maxp=0.3089, pi_ent_norm=0.9517, pi_std=0.018463, effC=27.23, Lvar=0.000000, Lvar_active=0.0000, scale/adh_std=1
Epoch [20/100], Average Loss: 0.334402
  Diagnostics: H_ent_norm=0.6928, H_maxp=0.3570, pi_ent_norm=0.9262, pi_std=0.024423, effC=25.12, Lvar=0.000000, Lvar_active=0.0000, scale/adh_std=1
Epoch [30/100], Average Loss: 0.308936
  Diagnostics: H_ent_norm=0.6806, H_maxp=0.3720, pi_ent_norm=0.9169, pi_std=0.026899, effC=24.40, Lvar=0.000000, Lvar_active=0.0000, scale/adh_std=1
Epoch [40/100], Average Loss: 0.292175
  Diagnostics: H_ent_norm=0.6656, H_maxp=0.3880, pi_ent_norm=0.9085, pi_std=0.028990, effC=23.77, Lvar=0.000000, Lvar_active=0.0000, scale/adh_std=1
Epoch [50/100], Average Loss: 0.278828
  Diagnostics: H_ent_norm=0.6513, H_maxp=0.4034, pi_ent_norm=0.8961, pi_std=0.032286, effC=22.87, Lvar=0.000000, Lvar_active=0.0000, scale/adh_std=1
Epoch [60/100], Average Loss: 0.265958
  Diagnostics: H_ent_norm=0.6308, H_maxp=0.4267, pi_ent_norm=0.8760, pi_std=0.037018, effC=21.53, Lvar=0.000000, Lvar_active=0.0000, scale/adh_std=1
Epoch [70/100], Average Loss: 0.254215
  Diagnostics: H_ent_norm=0.6155, H_maxp=0.4443, pi_ent_norm=0.8577, pi_std=0.041814, effC=20.35, Lvar=0.000000, Lvar_active=0.0000, scale/adh_std=1
Epoch [80/100], Average Loss: 0.239612
  Diagnostics: H_ent_norm=0.5960, H_maxp=0.4664, pi_ent_norm=0.8324, pi_std=0.048667, effC=18.81, Lvar=0.000000, Lvar_active=0.0000, scale/adh_std=1
Epoch [90/100], Average Loss: 0.223258
  Diagnostics: H_ent_norm=0.5829, H_maxp=0.4825, pi_ent_norm=0.8092, pi_std=0.055461, effC=17.40, Lvar=0.000000, Lvar_active=0.0000, scale/adh_std=1
Epoch [100/100], Average Loss: 0.202949
  Diagnostics: H_ent_norm=0.5638, H_maxp=0.5052, pi_ent_norm=0.7784, pi_std=0.064167, effC=15.36, Lvar=0.000000, Lvar_active=0.0002, scale/adh_std=1
训练完成！实际训练 100 个epochs

--- 评估阶段 ---
  Facebook: AUROC=0.5893, AUPRC=0.0345
  cora: AUROC=0.8243, AUPRC=0.4126
  citeseer: AUROC=0.9052, AUPRC=0.4598
  ACM: AUROC=0.7784, AUPRC=0.3757
  BlogCatalog: AUROC=0.7298, AUPRC=0.3294
  weibo: AUROC=0.7638, AUPRC=0.3196
  Reddit: AUROC=0.5910, AUPRC=0.0460
  Amazon: AUROC=0.7202, AUPRC=0.1297

--- 保存模型 ---
检查点已保存到: /autodl-fs/data/recap/tuning_hyperparams/interaction_tuning/k_c_heatmap_results/k_c_paper_v2_auprc_best/checkpoints/k24__C32/recap/trial_2/model.pt
模型已保存到: /autodl-fs/data/recap/tuning_hyperparams/interaction_tuning/k_c_heatmap_results/k_c_paper_v2_auprc_best/checkpoints/k24__C32/recap/trial_2/model.pt

======================================================================
聚合 3 次试验的结果
======================================================================

------------------------- Facebook -------------------------
AUROC: 0.5983 ± 0.0085
AUPRC: 0.0543 ± 0.0157

------------------------- cora -------------------------
AUROC: 0.8247 ± 0.0018
AUPRC: 0.4219 ± 0.0067

------------------------- citeseer -------------------------
AUROC: 0.9052 ± 0.0010
AUPRC: 0.4640 ± 0.0045

------------------------- ACM -------------------------
AUROC: 0.7815 ± 0.0026
AUPRC: 0.3725 ± 0.0023

------------------------- BlogCatalog -------------------------
AUROC: 0.7276 ± 0.0018
AUPRC: 0.3292 ± 0.0023

------------------------- weibo -------------------------
AUROC: 0.7644 ± 0.0091
AUPRC: 0.3259 ± 0.0050

------------------------- Reddit -------------------------
AUROC: 0.5910 ± 0.0000
AUPRC: 0.0468 ± 0.0006

------------------------- Amazon -------------------------
AUROC: 0.7162 ± 0.0185
AUPRC: 0.1285 ± 0.0064


======================================================================
训练完成！
所有模型已保存到: /autodl-fs/data/recap/tuning_hyperparams/interaction_tuning/k_c_heatmap_results/k_c_paper_v2_auprc_best/checkpoints/k24__C32/recap/
======================================================================

