/root/miniconda3/lib/python3.12/site-packages/torch_geometric/__init__.py:4: UserWarning: An issue occurred while importing 'torch-scatter'. Disabling its usage. Stacktrace: Could not load this library: /root/miniconda3/lib/python3.12/site-packages/torch_scatter/_version_cuda.so
  import torch_geometric.typing
/root/miniconda3/lib/python3.12/site-packages/torch_geometric/__init__.py:4: UserWarning: An issue occurred while importing 'torch-cluster'. Disabling its usage. Stacktrace: Could not load this library: /root/miniconda3/lib/python3.12/site-packages/torch_cluster/_version_cuda.so
  import torch_geometric.typing
/root/miniconda3/lib/python3.12/site-packages/torch_geometric/__init__.py:4: UserWarning: An issue occurred while importing 'torch-spline-conv'. Disabling its usage. Stacktrace: Could not load this library: /root/miniconda3/lib/python3.12/site-packages/torch_spline_conv/_version_cuda.so
  import torch_geometric.typing
/root/miniconda3/lib/python3.12/site-packages/torch_geometric/__init__.py:4: UserWarning: An issue occurred while importing 'torch-sparse'. Disabling its usage. Stacktrace: Could not load this library: /root/miniconda3/lib/python3.12/site-packages/torch_sparse/_version_cuda.so
  import torch_geometric.typing
使用保存的最佳模型配置

======================================================================
recap 异常检测模型训练
======================================================================

📋 训练配置:
  device: cuda:0
  epochs: 100
  trials: 3
  seed: 0
  output_dir: /autodl-fs/data/recap/tuning_hyperparams/interaction_tuning/k_c_heatmap_results/k_c_paper_v2_auprc_best/checkpoints/k24__C48
  save_checkpoint: True
  early_stop: False
  patience: 30
  log_diagnostics: True
  diagnostics_interval: 10

🔧 模型配置:
  model: recap
  lr: 5e-05
  dropout_rate: 0.2
  h_feats: 256
  num_hops: 4
  weight_decay: 5e-05
  dims: 32
  num_layers: 2
  activation: ELU
  num_views: 1
  num_clusters: 48
  knn_k: 24
  cluster_lr_multiplier: 10.0
  tau_s: 0.3
  tau_c: 0.3
  cluster_init_gain: 1.5
  sim_block_size: 256
  knn_cache_enabled: True
  knn_cache_dir: /autodl-fs/data/recap/knn_cache
  knn_search_dtype: auto
  lambda_H: 0.1
  lambda_bal: 0.0
  lambda_E: 0.1
  lambda_usage_entropy: 0.1
  assignment_entropy_lower: 0.45
  assignment_entropy_upper: 0.85
  usage_entropy_lower: 0.65
  usage_entropy_upper: 0.9
  gamma: 0.1
  tau_e: 1.0
  beta: 0.02
  eps: 1e-08
  lambda_ortho: 0.1
  lambda_min_usage: 0.0
  lambda_diversity: 0.1
  min_cluster_ratio: 0.1

💾 保存设置:
  保存目录：/autodl-fs/data/recap/tuning_hyperparams/interaction_tuning/k_c_heatmap_results/k_c_paper_v2_auprc_best/checkpoints/k24__C48
  保存检查点：True
======================================================================


📊 使用指定的训练数据集: ['pubmed', 'Flickr', 'questions', 'YelpChi']

📊 使用指定的测试数据集: ['Facebook', 'cora', 'citeseer', 'ACM', 'BlogCatalog', 'weibo', 'Reddit', 'Amazon']
加载 4 个训练数据集: ['pubmed', 'Flickr', 'questions', 'YelpChi']
加载 8 个测试数据集: ['Facebook', 'cora', 'citeseer', 'ACM', 'BlogCatalog', 'weibo', 'Reddit', 'Amazon']
进行 4 跳特征传播...

======================================================================
Trial 0 开始训练 (seed=0)
======================================================================
🔧 模型初始化视图数: 1 (单视图模式)

--- 训练阶段 ---
开始训练，共 100 个epochs...
关闭early stopping，训练将跑满设定epochs
🔧 Assignment layer LR multiplier: 10 (base_lr=5e-05, assignment_lr=0.0005)
Epoch [1/100], Average Loss: 0.611992
  Diagnostics: H_ent_norm=0.8502, H_maxp=0.1572, pi_ent_norm=0.9926, pi_std=0.004718, effC=46.65, Lvar=0.000000, Lvar_active=0.0000, scale/adh_std=1
Epoch [10/100], Average Loss: 0.410127
  Diagnostics: H_ent_norm=0.7225, H_maxp=0.3101, pi_ent_norm=0.9298, pi_std=0.017638, effC=37.19, Lvar=0.000000, Lvar_active=0.0000, scale/adh_std=1
Epoch [20/100], Average Loss: 0.338807
  Diagnostics: H_ent_norm=0.6539, H_maxp=0.3827, pi_ent_norm=0.8808, pi_std=0.026301, effC=31.69, Lvar=0.000000, Lvar_active=0.0000, scale/adh_std=1
Epoch [30/100], Average Loss: 0.314707
  Diagnostics: H_ent_norm=0.6492, H_maxp=0.3898, pi_ent_norm=0.8696, pi_std=0.029001, effC=30.59, Lvar=0.000000, Lvar_active=0.0000, scale/adh_std=1
Epoch [40/100], Average Loss: 0.296486
  Diagnostics: H_ent_norm=0.6448, H_maxp=0.3956, pi_ent_norm=0.8599, pi_std=0.031445, effC=29.63, Lvar=0.000000, Lvar_active=0.0000, scale/adh_std=1
Epoch [50/100], Average Loss: 0.286501
  Diagnostics: H_ent_norm=0.6371, H_maxp=0.4042, pi_ent_norm=0.8482, pi_std=0.034251, effC=28.53, Lvar=0.000000, Lvar_active=0.0000, scale/adh_std=1
Epoch [60/100], Average Loss: 0.268895
  Diagnostics: H_ent_norm=0.6256, H_maxp=0.4155, pi_ent_norm=0.8338, pi_std=0.037724, effC=27.18, Lvar=0.000000, Lvar_active=0.0000, scale/adh_std=1
Epoch [70/100], Average Loss: 0.254824
  Diagnostics: H_ent_norm=0.6164, H_maxp=0.4242, pi_ent_norm=0.8198, pi_std=0.041512, effC=25.84, Lvar=0.000000, Lvar_active=0.0000, scale/adh_std=1
Epoch [80/100], Average Loss: 0.240507
  Diagnostics: H_ent_norm=0.5968, H_maxp=0.4467, pi_ent_norm=0.7979, pi_std=0.046579, effC=23.65, Lvar=0.000000, Lvar_active=0.0000, scale/adh_std=1
Epoch [90/100], Average Loss: 0.207446
  Diagnostics: H_ent_norm=0.5613, H_maxp=0.4881, pi_ent_norm=0.7540, pi_std=0.055840, effC=19.05, Lvar=0.000000, Lvar_active=0.0000, scale/adh_std=1
Epoch [100/100], Average Loss: 0.175379
  Diagnostics: H_ent_norm=0.5084, H_maxp=0.5381, pi_ent_norm=0.6953, pi_std=0.065535, effC=14.83, Lvar=0.000000, Lvar_active=0.0000, scale/adh_std=1
训练完成！实际训练 100 个epochs

--- 评估阶段 ---
  Facebook: AUROC=0.5922, AUPRC=0.0715
  cora: AUROC=0.8228, AUPRC=0.4350
  citeseer: AUROC=0.9059, AUPRC=0.4593
  ACM: AUROC=0.7696, AUPRC=0.3679
  BlogCatalog: AUROC=0.7198, AUPRC=0.3271
  weibo: AUROC=0.7716, AUPRC=0.3305
  Reddit: AUROC=0.5902, AUPRC=0.0469
  Amazon: AUROC=0.7252, AUPRC=0.1314

--- 保存模型 ---
检查点已保存到: /autodl-fs/data/recap/tuning_hyperparams/interaction_tuning/k_c_heatmap_results/k_c_paper_v2_auprc_best/checkpoints/k24__C48/recap/trial_0/model.pt
模型已保存到: /autodl-fs/data/recap/tuning_hyperparams/interaction_tuning/k_c_heatmap_results/k_c_paper_v2_auprc_best/checkpoints/k24__C48/recap/trial_0/model.pt

======================================================================
Trial 1 开始训练 (seed=1)
======================================================================
🔧 模型初始化视图数: 1 (单视图模式)

--- 训练阶段 ---
开始训练，共 100 个epochs...
关闭early stopping，训练将跑满设定epochs
🔧 Assignment layer LR multiplier: 10 (base_lr=5e-05, assignment_lr=0.0005)
Epoch [1/100], Average Loss: 0.622336
  Diagnostics: H_ent_norm=0.8550, H_maxp=0.1506, pi_ent_norm=0.9959, pi_std=0.003523, effC=47.24, Lvar=0.000001, Lvar_active=0.0002, scale/adh_std=1
Epoch [10/100], Average Loss: 0.402543
  Diagnostics: H_ent_norm=0.7459, H_maxp=0.2810, pi_ent_norm=0.9526, pi_std=0.013683, effC=40.22, Lvar=0.000001, Lvar_active=0.0002, scale/adh_std=1
Epoch [20/100], Average Loss: 0.349707
  Diagnostics: H_ent_norm=0.7113, H_maxp=0.3205, pi_ent_norm=0.9337, pi_std=0.017204, effC=37.59, Lvar=0.000001, Lvar_active=0.0002, scale/adh_std=1
Epoch [30/100], Average Loss: 0.325396
  Diagnostics: H_ent_norm=0.7085, H_maxp=0.3266, pi_ent_norm=0.9285, pi_std=0.018642, effC=36.89, Lvar=0.000001, Lvar_active=0.0002, scale/adh_std=1
Epoch [40/100], Average Loss: 0.310289
  Diagnostics: H_ent_norm=0.7084, H_maxp=0.3292, pi_ent_norm=0.9250, pi_std=0.019673, effC=36.42, Lvar=0.000001, Lvar_active=0.0002, scale/adh_std=1
Epoch [50/100], Average Loss: 0.297827
  Diagnostics: H_ent_norm=0.7117, H_maxp=0.3276, pi_ent_norm=0.9236, pi_std=0.020417, effC=36.21, Lvar=0.000001, Lvar_active=0.0002, scale/adh_std=1
Epoch [60/100], Average Loss: 0.286720
  Diagnostics: H_ent_norm=0.7151, H_maxp=0.3252, pi_ent_norm=0.9233, pi_std=0.020905, effC=36.16, Lvar=0.000001, Lvar_active=0.0002, scale/adh_std=1
Epoch [70/100], Average Loss: 0.280449
  Diagnostics: H_ent_norm=0.7170, H_maxp=0.3231, pi_ent_norm=0.9228, pi_std=0.021367, effC=36.06, Lvar=0.000001, Lvar_active=0.0002, scale/adh_std=1
Epoch [80/100], Average Loss: 0.272201
  Diagnostics: H_ent_norm=0.7178, H_maxp=0.3199, pi_ent_norm=0.9215, pi_std=0.021972, effC=35.86, Lvar=0.000001, Lvar_active=0.0002, scale/adh_std=1
Epoch [90/100], Average Loss: 0.264777
  Diagnostics: H_ent_norm=0.7113, H_maxp=0.3238, pi_ent_norm=0.9160, pi_std=0.023184, effC=35.09, Lvar=0.000000, Lvar_active=0.0002, scale/adh_std=1
Epoch [100/100], Average Loss: 0.253425
  Diagnostics: H_ent_norm=0.6898, H_maxp=0.3412, pi_ent_norm=0.8979, pi_std=0.026853, effC=32.70, Lvar=0.000000, Lvar_active=0.0002, scale/adh_std=1
训练完成！实际训练 100 个epochs

--- 评估阶段 ---
  Facebook: AUROC=0.5897, AUPRC=0.0462
  cora: AUROC=0.8268, AUPRC=0.4236
  citeseer: AUROC=0.8998, AUPRC=0.4596
  ACM: AUROC=0.7827, AUPRC=0.3747
  BlogCatalog: AUROC=0.7384, AUPRC=0.3342
  weibo: AUROC=0.7980, AUPRC=0.3234
  Reddit: AUROC=0.5996, AUPRC=0.0472
  Amazon: AUROC=0.6945, AUPRC=0.1202

--- 保存模型 ---
检查点已保存到: /autodl-fs/data/recap/tuning_hyperparams/interaction_tuning/k_c_heatmap_results/k_c_paper_v2_auprc_best/checkpoints/k24__C48/recap/trial_1/model.pt
模型已保存到: /autodl-fs/data/recap/tuning_hyperparams/interaction_tuning/k_c_heatmap_results/k_c_paper_v2_auprc_best/checkpoints/k24__C48/recap/trial_1/model.pt

======================================================================
Trial 2 开始训练 (seed=2)
======================================================================
🔧 模型初始化视图数: 1 (单视图模式)

--- 训练阶段 ---
开始训练，共 100 个epochs...
关闭early stopping，训练将跑满设定epochs
🔧 Assignment layer LR multiplier: 10 (base_lr=5e-05, assignment_lr=0.0005)
Epoch [1/100], Average Loss: 0.610801
  Diagnostics: H_ent_norm=0.8519, H_maxp=0.1566, pi_ent_norm=0.9932, pi_std=0.004560, effC=46.76, Lvar=0.000000, Lvar_active=0.0000, scale/adh_std=1
Epoch [10/100], Average Loss: 0.415575
  Diagnostics: H_ent_norm=0.7314, H_maxp=0.2996, pi_ent_norm=0.9471, pi_std=0.014699, effC=39.45, Lvar=0.000000, Lvar_active=0.0000, scale/adh_std=1
Epoch [20/100], Average Loss: 0.342333
  Diagnostics: H_ent_norm=0.6628, H_maxp=0.3694, pi_ent_norm=0.9163, pi_std=0.020437, effC=35.43, Lvar=0.000000, Lvar_active=0.0000, scale/adh_std=1
Epoch [30/100], Average Loss: 0.315470
  Diagnostics: H_ent_norm=0.6406, H_maxp=0.3930, pi_ent_norm=0.9021, pi_std=0.023240, effC=33.76, Lvar=0.000000, Lvar_active=0.0000, scale/adh_std=1
Epoch [40/100], Average Loss: 0.298188
  Diagnostics: H_ent_norm=0.6231, H_maxp=0.4117, pi_ent_norm=0.8865, pi_std=0.026520, effC=32.02, Lvar=0.000000, Lvar_active=0.0000, scale/adh_std=1
Epoch [50/100], Average Loss: 0.288205
  Diagnostics: H_ent_norm=0.6102, H_maxp=0.4255, pi_ent_norm=0.8765, pi_std=0.028639, effC=30.93, Lvar=0.000000, Lvar_active=0.0000, scale/adh_std=1
Epoch [60/100], Average Loss: 0.277688
  Diagnostics: H_ent_norm=0.6038, H_maxp=0.4333, pi_ent_norm=0.8666, pi_std=0.030978, effC=29.88, Lvar=0.000000, Lvar_active=0.0000, scale/adh_std=1
Epoch [70/100], Average Loss: 0.269698
  Diagnostics: H_ent_norm=0.5984, H_maxp=0.4405, pi_ent_norm=0.8570, pi_std=0.033348, effC=28.86, Lvar=0.000000, Lvar_active=0.0000, scale/adh_std=1
Epoch [80/100], Average Loss: 0.261761
  Diagnostics: H_ent_norm=0.5941, H_maxp=0.4471, pi_ent_norm=0.8492, pi_std=0.035460, effC=27.96, Lvar=0.000000, Lvar_active=0.0000, scale/adh_std=1
Epoch [90/100], Average Loss: 0.251086
  Diagnostics: H_ent_norm=0.5856, H_maxp=0.4599, pi_ent_norm=0.8348, pi_std=0.039145, effC=26.27, Lvar=0.000000, Lvar_active=0.0000, scale/adh_std=1
Epoch [100/100], Average Loss: 0.229996
  Diagnostics: H_ent_norm=0.5597, H_maxp=0.4927, pi_ent_norm=0.7979, pi_std=0.047204, effC=22.27, Lvar=0.000000, Lvar_active=0.0000, scale/adh_std=1
训练完成！实际训练 100 个epochs

--- 评估阶段 ---
  Facebook: AUROC=0.5837, AUPRC=0.0346
  cora: AUROC=0.8128, AUPRC=0.4060
  citeseer: AUROC=0.9044, AUPRC=0.4559
  ACM: AUROC=0.7840, AUPRC=0.3739
  BlogCatalog: AUROC=0.7282, AUPRC=0.3259
  weibo: AUROC=0.7997, AUPRC=0.3262
  Reddit: AUROC=0.5852, AUPRC=0.0439
  Amazon: AUROC=0.7266, AUPRC=0.1337

--- 保存模型 ---
检查点已保存到: /autodl-fs/data/recap/tuning_hyperparams/interaction_tuning/k_c_heatmap_results/k_c_paper_v2_auprc_best/checkpoints/k24__C48/recap/trial_2/model.pt
模型已保存到: /autodl-fs/data/recap/tuning_hyperparams/interaction_tuning/k_c_heatmap_results/k_c_paper_v2_auprc_best/checkpoints/k24__C48/recap/trial_2/model.pt

======================================================================
聚合 3 次试验的结果
======================================================================

------------------------- Facebook -------------------------
AUROC: 0.5885 ± 0.0036
AUPRC: 0.0507 ± 0.0154

------------------------- cora -------------------------
AUROC: 0.8208 ± 0.0059
AUPRC: 0.4215 ± 0.0119

------------------------- citeseer -------------------------
AUROC: 0.9034 ± 0.0026
AUPRC: 0.4582 ± 0.0017

------------------------- ACM -------------------------
AUROC: 0.7788 ± 0.0065
AUPRC: 0.3722 ± 0.0030

------------------------- BlogCatalog -------------------------
AUROC: 0.7288 ± 0.0076
AUPRC: 0.3290 ± 0.0036

------------------------- weibo -------------------------
AUROC: 0.7898 ± 0.0129
AUPRC: 0.3267 ± 0.0029

------------------------- Reddit -------------------------
AUROC: 0.5916 ± 0.0060
AUPRC: 0.0460 ± 0.0015

------------------------- Amazon -------------------------
AUROC: 0.7154 ± 0.0148
AUPRC: 0.1284 ± 0.0059


======================================================================
训练完成！
所有模型已保存到: /autodl-fs/data/recap/tuning_hyperparams/interaction_tuning/k_c_heatmap_results/k_c_paper_v2_auprc_best/checkpoints/k24__C48/recap/
======================================================================

