/root/miniconda3/lib/python3.12/site-packages/torch_geometric/__init__.py:4: UserWarning: An issue occurred while importing 'torch-scatter'. Disabling its usage. Stacktrace: Could not load this library: /root/miniconda3/lib/python3.12/site-packages/torch_scatter/_version_cuda.so
  import torch_geometric.typing
/root/miniconda3/lib/python3.12/site-packages/torch_geometric/__init__.py:4: UserWarning: An issue occurred while importing 'torch-cluster'. Disabling its usage. Stacktrace: Could not load this library: /root/miniconda3/lib/python3.12/site-packages/torch_cluster/_version_cuda.so
  import torch_geometric.typing
/root/miniconda3/lib/python3.12/site-packages/torch_geometric/__init__.py:4: UserWarning: An issue occurred while importing 'torch-spline-conv'. Disabling its usage. Stacktrace: Could not load this library: /root/miniconda3/lib/python3.12/site-packages/torch_spline_conv/_version_cuda.so
  import torch_geometric.typing
/root/miniconda3/lib/python3.12/site-packages/torch_geometric/__init__.py:4: UserWarning: An issue occurred while importing 'torch-sparse'. Disabling its usage. Stacktrace: Could not load this library: /root/miniconda3/lib/python3.12/site-packages/torch_sparse/_version_cuda.so
  import torch_geometric.typing
使用保存的最佳模型配置

======================================================================
recap 异常检测模型训练
======================================================================

📋 训练配置:
  device: cuda:0
  epochs: 100
  trials: 3
  seed: 0
  output_dir: /autodl-fs/data/recap/tuning_hyperparams/interaction_tuning/k_c_heatmap_results/k_c_paper_v2_auprc_best/checkpoints/k24__C20
  save_checkpoint: True
  early_stop: False
  patience: 30
  log_diagnostics: True
  diagnostics_interval: 10

🔧 模型配置:
  model: recap
  lr: 5e-05
  dropout_rate: 0.2
  h_feats: 256
  num_hops: 4
  weight_decay: 5e-05
  dims: 32
  num_layers: 2
  activation: ELU
  num_views: 1
  num_clusters: 20
  knn_k: 24
  cluster_lr_multiplier: 10.0
  tau_s: 0.3
  tau_c: 0.3
  cluster_init_gain: 1.5
  sim_block_size: 256
  knn_cache_enabled: True
  knn_cache_dir: /autodl-fs/data/recap/knn_cache
  knn_search_dtype: auto
  lambda_H: 0.1
  lambda_bal: 0.0
  lambda_E: 0.1
  lambda_usage_entropy: 0.1
  assignment_entropy_lower: 0.45
  assignment_entropy_upper: 0.85
  usage_entropy_lower: 0.65
  usage_entropy_upper: 0.9
  gamma: 0.1
  tau_e: 1.0
  beta: 0.02
  eps: 1e-08
  lambda_ortho: 0.1
  lambda_min_usage: 0.0
  lambda_diversity: 0.1
  min_cluster_ratio: 0.1

💾 保存设置:
  保存目录：/autodl-fs/data/recap/tuning_hyperparams/interaction_tuning/k_c_heatmap_results/k_c_paper_v2_auprc_best/checkpoints/k24__C20
  保存检查点：True
======================================================================


📊 使用指定的训练数据集: ['pubmed', 'Flickr', 'questions', 'YelpChi']

📊 使用指定的测试数据集: ['Facebook', 'cora', 'citeseer', 'ACM', 'BlogCatalog', 'weibo', 'Reddit', 'Amazon']
加载 4 个训练数据集: ['pubmed', 'Flickr', 'questions', 'YelpChi']
加载 8 个测试数据集: ['Facebook', 'cora', 'citeseer', 'ACM', 'BlogCatalog', 'weibo', 'Reddit', 'Amazon']
进行 4 跳特征传播...

======================================================================
Trial 0 开始训练 (seed=0)
======================================================================
🔧 模型初始化视图数: 1 (单视图模式)

--- 训练阶段 ---
开始训练，共 100 个epochs...
关闭early stopping，训练将跑满设定epochs
🔧 Assignment layer LR multiplier: 10 (base_lr=5e-05, assignment_lr=0.0005)
Epoch [1/100], Average Loss: 0.508451
  Diagnostics: H_ent_norm=0.8288, H_maxp=0.2359, pi_ent_norm=0.9935, pi_std=0.009291, effC=19.61, Lvar=0.000000, Lvar_active=0.0000, scale/adh_std=1
Epoch [10/100], Average Loss: 0.352214
  Diagnostics: H_ent_norm=0.7202, H_maxp=0.3598, pi_ent_norm=0.9487, pi_std=0.028583, effC=17.24, Lvar=0.000000, Lvar_active=0.0000, scale/adh_std=1
Epoch [20/100], Average Loss: 0.289504
  Diagnostics: H_ent_norm=0.6608, H_maxp=0.4207, pi_ent_norm=0.9136, pi_std=0.039175, effC=15.64, Lvar=0.000000, Lvar_active=0.0000, scale/adh_std=1
Epoch [30/100], Average Loss: 0.266363
  Diagnostics: H_ent_norm=0.6505, H_maxp=0.4325, pi_ent_norm=0.9005, pi_std=0.044268, effC=15.10, Lvar=0.000000, Lvar_active=0.0000, scale/adh_std=1
Epoch [40/100], Average Loss: 0.245041
  Diagnostics: H_ent_norm=0.6463, H_maxp=0.4387, pi_ent_norm=0.8864, pi_std=0.050535, effC=14.52, Lvar=0.000000, Lvar_active=0.0000, scale/adh_std=1
Epoch [50/100], Average Loss: 0.231641
  Diagnostics: H_ent_norm=0.6380, H_maxp=0.4508, pi_ent_norm=0.8706, pi_std=0.056652, effC=13.88, Lvar=0.000000, Lvar_active=0.0000, scale/adh_std=1
Epoch [60/100], Average Loss: 0.213903
  Diagnostics: H_ent_norm=0.6221, H_maxp=0.4712, pi_ent_norm=0.8474, pi_std=0.065469, effC=12.93, Lvar=0.000000, Lvar_active=0.0000, scale/adh_std=1
Epoch [70/100], Average Loss: 0.194659
  Diagnostics: H_ent_norm=0.5812, H_maxp=0.5168, pi_ent_norm=0.8027, pi_std=0.079618, effC=11.21, Lvar=0.000000, Lvar_active=0.0000, scale/adh_std=1
Epoch [80/100], Average Loss: 0.175173
  Diagnostics: H_ent_norm=0.5421, H_maxp=0.5526, pi_ent_norm=0.7551, pi_std=0.093139, effC=9.66, Lvar=0.000000, Lvar_active=0.0000, scale/adh_std=1
Epoch [90/100], Average Loss: 0.160568
  Diagnostics: H_ent_norm=0.5052, H_maxp=0.5812, pi_ent_norm=0.7102, pi_std=0.104182, effC=8.51, Lvar=0.000000, Lvar_active=0.0000, scale/adh_std=1
Epoch [100/100], Average Loss: 0.148348
  Diagnostics: H_ent_norm=0.4844, H_maxp=0.5937, pi_ent_norm=0.6801, pi_std=0.111004, effC=7.86, Lvar=0.000000, Lvar_active=0.0000, scale/adh_std=1
训练完成！实际训练 100 个epochs

--- 评估阶段 ---
  Facebook: AUROC=0.6002, AUPRC=0.0521
  cora: AUROC=0.8285, AUPRC=0.4390
  citeseer: AUROC=0.9023, AUPRC=0.4565
  ACM: AUROC=0.7864, AUPRC=0.3693
  BlogCatalog: AUROC=0.7255, AUPRC=0.3261
  weibo: AUROC=0.7721, AUPRC=0.3206
  Reddit: AUROC=0.5946, AUPRC=0.0482
  Amazon: AUROC=0.7460, AUPRC=0.1426

--- 保存模型 ---
检查点已保存到: /autodl-fs/data/recap/tuning_hyperparams/interaction_tuning/k_c_heatmap_results/k_c_paper_v2_auprc_best/checkpoints/k24__C20/recap/trial_0/model.pt
模型已保存到: /autodl-fs/data/recap/tuning_hyperparams/interaction_tuning/k_c_heatmap_results/k_c_paper_v2_auprc_best/checkpoints/k24__C20/recap/trial_0/model.pt

======================================================================
Trial 1 开始训练 (seed=1)
======================================================================
🔧 模型初始化视图数: 1 (单视图模式)

--- 训练阶段 ---
开始训练，共 100 个epochs...
关闭early stopping，训练将跑满设定epochs
🔧 Assignment layer LR multiplier: 10 (base_lr=5e-05, assignment_lr=0.0005)
Epoch [1/100], Average Loss: 0.508939
  Diagnostics: H_ent_norm=0.8343, H_maxp=0.2281, pi_ent_norm=0.9954, pi_std=0.007629, effC=19.72, Lvar=0.000001, Lvar_active=0.0002, scale/adh_std=1
Epoch [10/100], Average Loss: 0.351255
  Diagnostics: H_ent_norm=0.7305, H_maxp=0.3450, pi_ent_norm=0.9586, pi_std=0.023591, effC=17.74, Lvar=0.000001, Lvar_active=0.0002, scale/adh_std=1
Epoch [20/100], Average Loss: 0.292554
  Diagnostics: H_ent_norm=0.6773, H_maxp=0.4029, pi_ent_norm=0.9347, pi_std=0.031659, effC=16.59, Lvar=0.000000, Lvar_active=0.0002, scale/adh_std=1
Epoch [30/100], Average Loss: 0.268257
  Diagnostics: H_ent_norm=0.6644, H_maxp=0.4148, pi_ent_norm=0.9230, pi_std=0.036510, effC=16.06, Lvar=0.000001, Lvar_active=0.0002, scale/adh_std=1
Epoch [40/100], Average Loss: 0.250572
  Diagnostics: H_ent_norm=0.6603, H_maxp=0.4197, pi_ent_norm=0.9128, pi_std=0.040686, effC=15.62, Lvar=0.000001, Lvar_active=0.0002, scale/adh_std=1
Epoch [50/100], Average Loss: 0.238908
  Diagnostics: H_ent_norm=0.6561, H_maxp=0.4240, pi_ent_norm=0.9047, pi_std=0.043880, effC=15.28, Lvar=0.000001, Lvar_active=0.0002, scale/adh_std=1
Epoch [60/100], Average Loss: 0.229833
  Diagnostics: H_ent_norm=0.6522, H_maxp=0.4273, pi_ent_norm=0.8969, pi_std=0.046944, effC=14.95, Lvar=0.000001, Lvar_active=0.0002, scale/adh_std=1
Epoch [70/100], Average Loss: 0.221832
  Diagnostics: H_ent_norm=0.6499, H_maxp=0.4288, pi_ent_norm=0.8901, pi_std=0.049560, effC=14.67, Lvar=0.000001, Lvar_active=0.0002, scale/adh_std=1
Epoch [80/100], Average Loss: 0.216255
  Diagnostics: H_ent_norm=0.6483, H_maxp=0.4292, pi_ent_norm=0.8835, pi_std=0.052070, effC=14.41, Lvar=0.000001, Lvar_active=0.0002, scale/adh_std=1
Epoch [90/100], Average Loss: 0.210229
  Diagnostics: H_ent_norm=0.6457, H_maxp=0.4294, pi_ent_norm=0.8762, pi_std=0.054939, effC=14.12, Lvar=0.000001, Lvar_active=0.0002, scale/adh_std=1
Epoch [100/100], Average Loss: 0.201582
  Diagnostics: H_ent_norm=0.6417, H_maxp=0.4292, pi_ent_norm=0.8661, pi_std=0.058535, effC=13.75, Lvar=0.000001, Lvar_active=0.0002, scale/adh_std=1
训练完成！实际训练 100 个epochs

--- 评估阶段 ---
  Facebook: AUROC=0.5863, AUPRC=0.0469
  cora: AUROC=0.8229, AUPRC=0.4197
  citeseer: AUROC=0.8996, AUPRC=0.4668
  ACM: AUROC=0.7757, AUPRC=0.3745
  BlogCatalog: AUROC=0.7301, AUPRC=0.3337
  weibo: AUROC=0.7700, AUPRC=0.3171
  Reddit: AUROC=0.5947, AUPRC=0.0467
  Amazon: AUROC=0.7277, AUPRC=0.1280

--- 保存模型 ---
检查点已保存到: /autodl-fs/data/recap/tuning_hyperparams/interaction_tuning/k_c_heatmap_results/k_c_paper_v2_auprc_best/checkpoints/k24__C20/recap/trial_1/model.pt
模型已保存到: /autodl-fs/data/recap/tuning_hyperparams/interaction_tuning/k_c_heatmap_results/k_c_paper_v2_auprc_best/checkpoints/k24__C20/recap/trial_1/model.pt

======================================================================
Trial 2 开始训练 (seed=2)
======================================================================
🔧 模型初始化视图数: 1 (单视图模式)

--- 训练阶段 ---
开始训练，共 100 个epochs...
关闭early stopping，训练将跑满设定epochs
🔧 Assignment layer LR multiplier: 10 (base_lr=5e-05, assignment_lr=0.0005)
Epoch [1/100], Average Loss: 0.507234
  Diagnostics: H_ent_norm=0.8269, H_maxp=0.2365, pi_ent_norm=0.9934, pi_std=0.009318, effC=19.61, Lvar=0.000000, Lvar_active=0.0000, scale/adh_std=1
Epoch [10/100], Average Loss: 0.355030
  Diagnostics: H_ent_norm=0.7054, H_maxp=0.3715, pi_ent_norm=0.9354, pi_std=0.031235, effC=16.63, Lvar=0.000000, Lvar_active=0.0000, scale/adh_std=1
Epoch [20/100], Average Loss: 0.304384
  Diagnostics: H_ent_norm=0.6402, H_maxp=0.4430, pi_ent_norm=0.8947, pi_std=0.041738, effC=14.88, Lvar=0.000000, Lvar_active=0.0000, scale/adh_std=1
Epoch [30/100], Average Loss: 0.281511
  Diagnostics: H_ent_norm=0.6293, H_maxp=0.4582, pi_ent_norm=0.8816, pi_std=0.045563, effC=14.37, Lvar=0.000000, Lvar_active=0.0000, scale/adh_std=1
Epoch [40/100], Average Loss: 0.266060
  Diagnostics: H_ent_norm=0.6227, H_maxp=0.4676, pi_ent_norm=0.8711, pi_std=0.048714, effC=13.96, Lvar=0.000000, Lvar_active=0.0000, scale/adh_std=1
Epoch [50/100], Average Loss: 0.253892
  Diagnostics: H_ent_norm=0.6185, H_maxp=0.4744, pi_ent_norm=0.8593, pi_std=0.052442, effC=13.54, Lvar=0.000000, Lvar_active=0.0000, scale/adh_std=1
Epoch [60/100], Average Loss: 0.240673
  Diagnostics: H_ent_norm=0.6103, H_maxp=0.4846, pi_ent_norm=0.8429, pi_std=0.057409, effC=12.98, Lvar=0.000000, Lvar_active=0.0000, scale/adh_std=1
Epoch [70/100], Average Loss: 0.229200
  Diagnostics: H_ent_norm=0.6033, H_maxp=0.4926, pi_ent_norm=0.8284, pi_std=0.062082, effC=12.52, Lvar=0.000000, Lvar_active=0.0000, scale/adh_std=1
Epoch [80/100], Average Loss: 0.220149
  Diagnostics: H_ent_norm=0.6013, H_maxp=0.4963, pi_ent_norm=0.8195, pi_std=0.065247, effC=12.24, Lvar=0.000000, Lvar_active=0.0000, scale/adh_std=1
Epoch [90/100], Average Loss: 0.212047
  Diagnostics: H_ent_norm=0.6046, H_maxp=0.4935, pi_ent_norm=0.8171, pi_std=0.067620, effC=12.13, Lvar=0.000000, Lvar_active=0.0000, scale/adh_std=1
Epoch [100/100], Average Loss: 0.202336
  Diagnostics: H_ent_norm=0.6068, H_maxp=0.4903, pi_ent_norm=0.8132, pi_std=0.071854, effC=11.92, Lvar=0.000000, Lvar_active=0.0000, scale/adh_std=1
训练完成！实际训练 100 个epochs

--- 评估阶段 ---
  Facebook: AUROC=0.5917, AUPRC=0.0438
  cora: AUROC=0.8127, AUPRC=0.3996
  citeseer: AUROC=0.9030, AUPRC=0.4551
  ACM: AUROC=0.7823, AUPRC=0.3793
  BlogCatalog: AUROC=0.7307, AUPRC=0.3304
  weibo: AUROC=0.7412, AUPRC=0.3016
  Reddit: AUROC=0.5856, AUPRC=0.0452
  Amazon: AUROC=0.7141, AUPRC=0.1248

--- 保存模型 ---
检查点已保存到: /autodl-fs/data/recap/tuning_hyperparams/interaction_tuning/k_c_heatmap_results/k_c_paper_v2_auprc_best/checkpoints/k24__C20/recap/trial_2/model.pt
模型已保存到: /autodl-fs/data/recap/tuning_hyperparams/interaction_tuning/k_c_heatmap_results/k_c_paper_v2_auprc_best/checkpoints/k24__C20/recap/trial_2/model.pt

======================================================================
聚合 3 次试验的结果
======================================================================

------------------------- Facebook -------------------------
AUROC: 0.5927 ± 0.0057
AUPRC: 0.0476 ± 0.0034

------------------------- cora -------------------------
AUROC: 0.8213 ± 0.0065
AUPRC: 0.4195 ± 0.0161

------------------------- citeseer -------------------------
AUROC: 0.9016 ± 0.0015
AUPRC: 0.4595 ± 0.0052

------------------------- ACM -------------------------
AUROC: 0.7814 ± 0.0044
AUPRC: 0.3744 ± 0.0041

------------------------- BlogCatalog -------------------------
AUROC: 0.7288 ± 0.0024
AUPRC: 0.3301 ± 0.0031

------------------------- weibo -------------------------
AUROC: 0.7611 ± 0.0141
AUPRC: 0.3131 ± 0.0082

------------------------- Reddit -------------------------
AUROC: 0.5917 ± 0.0042
AUPRC: 0.0467 ± 0.0012

------------------------- Amazon -------------------------
AUROC: 0.7293 ± 0.0131
AUPRC: 0.1318 ± 0.0078


======================================================================
训练完成！
所有模型已保存到: /autodl-fs/data/recap/tuning_hyperparams/interaction_tuning/k_c_heatmap_results/k_c_paper_v2_auprc_best/checkpoints/k24__C20/recap/
======================================================================

