/root/miniconda3/lib/python3.12/site-packages/torch_geometric/__init__.py:4: UserWarning: An issue occurred while importing 'torch-scatter'. Disabling its usage. Stacktrace: Could not load this library: /root/miniconda3/lib/python3.12/site-packages/torch_scatter/_version_cuda.so
  import torch_geometric.typing
/root/miniconda3/lib/python3.12/site-packages/torch_geometric/__init__.py:4: UserWarning: An issue occurred while importing 'torch-cluster'. Disabling its usage. Stacktrace: Could not load this library: /root/miniconda3/lib/python3.12/site-packages/torch_cluster/_version_cuda.so
  import torch_geometric.typing
/root/miniconda3/lib/python3.12/site-packages/torch_geometric/__init__.py:4: UserWarning: An issue occurred while importing 'torch-spline-conv'. Disabling its usage. Stacktrace: Could not load this library: /root/miniconda3/lib/python3.12/site-packages/torch_spline_conv/_version_cuda.so
  import torch_geometric.typing
/root/miniconda3/lib/python3.12/site-packages/torch_geometric/__init__.py:4: UserWarning: An issue occurred while importing 'torch-sparse'. Disabling its usage. Stacktrace: Could not load this library: /root/miniconda3/lib/python3.12/site-packages/torch_sparse/_version_cuda.so
  import torch_geometric.typing
使用保存的最佳模型配置

======================================================================
recap 异常检测模型训练
======================================================================

📋 训练配置:
  device: cuda:0
  epochs: 100
  trials: 3
  seed: 0
  output_dir: /autodl-fs/data/recap/tuning_hyperparams/interaction_tuning/k_c_heatmap_results/k_c_paper_v2_auprc_best/checkpoints/k24__C16
  save_checkpoint: True
  early_stop: False
  patience: 30
  log_diagnostics: True
  diagnostics_interval: 10

🔧 模型配置:
  model: recap
  lr: 5e-05
  dropout_rate: 0.2
  h_feats: 256
  num_hops: 4
  weight_decay: 5e-05
  dims: 32
  num_layers: 2
  activation: ELU
  num_views: 1
  num_clusters: 16
  knn_k: 24
  cluster_lr_multiplier: 10.0
  tau_s: 0.3
  tau_c: 0.3
  cluster_init_gain: 1.5
  sim_block_size: 256
  knn_cache_enabled: True
  knn_cache_dir: /autodl-fs/data/recap/knn_cache
  knn_search_dtype: auto
  lambda_H: 0.1
  lambda_bal: 0.0
  lambda_E: 0.1
  lambda_usage_entropy: 0.1
  assignment_entropy_lower: 0.45
  assignment_entropy_upper: 0.85
  usage_entropy_lower: 0.65
  usage_entropy_upper: 0.9
  gamma: 0.1
  tau_e: 1.0
  beta: 0.02
  eps: 1e-08
  lambda_ortho: 0.1
  lambda_min_usage: 0.0
  lambda_diversity: 0.1
  min_cluster_ratio: 0.1

💾 保存设置:
  保存目录：/autodl-fs/data/recap/tuning_hyperparams/interaction_tuning/k_c_heatmap_results/k_c_paper_v2_auprc_best/checkpoints/k24__C16
  保存检查点：True
======================================================================


📊 使用指定的训练数据集: ['pubmed', 'Flickr', 'questions', 'YelpChi']

📊 使用指定的测试数据集: ['Facebook', 'cora', 'citeseer', 'ACM', 'BlogCatalog', 'weibo', 'Reddit', 'Amazon']
加载 4 个训练数据集: ['pubmed', 'Flickr', 'questions', 'YelpChi']
加载 8 个测试数据集: ['Facebook', 'cora', 'citeseer', 'ACM', 'BlogCatalog', 'weibo', 'Reddit', 'Amazon']
进行 4 跳特征传播...

======================================================================
Trial 0 开始训练 (seed=0)
======================================================================
🔧 模型初始化视图数: 1 (单视图模式)

--- 训练阶段 ---
开始训练，共 100 个epochs...
关闭early stopping，训练将跑满设定epochs
🔧 Assignment layer LR multiplier: 10 (base_lr=5e-05, assignment_lr=0.0005)
Epoch [1/100], Average Loss: 0.476451
  Diagnostics: H_ent_norm=0.8208, H_maxp=0.2655, pi_ent_norm=0.9901, pi_std=0.013889, effC=15.57, Lvar=0.000000, Lvar_active=0.0000, scale/adh_std=1
Epoch [10/100], Average Loss: 0.313211
  Diagnostics: H_ent_norm=0.6801, H_maxp=0.4232, pi_ent_norm=0.9166, pi_std=0.045019, effC=12.83, Lvar=0.000000, Lvar_active=0.0000, scale/adh_std=1
Epoch [20/100], Average Loss: 0.259692
  Diagnostics: H_ent_norm=0.6003, H_maxp=0.5071, pi_ent_norm=0.8550, pi_std=0.064637, effC=10.98, Lvar=0.000000, Lvar_active=0.0000, scale/adh_std=1
Epoch [30/100], Average Loss: 0.230950
  Diagnostics: H_ent_norm=0.5914, H_maxp=0.5258, pi_ent_norm=0.8290, pi_std=0.076508, effC=10.19, Lvar=0.000000, Lvar_active=0.0000, scale/adh_std=1
Epoch [40/100], Average Loss: 0.200201
  Diagnostics: H_ent_norm=0.5722, H_maxp=0.5474, pi_ent_norm=0.7946, pi_std=0.091696, effC=9.14, Lvar=0.000000, Lvar_active=0.0000, scale/adh_std=1
Epoch [50/100], Average Loss: 0.174379
  Diagnostics: H_ent_norm=0.5431, H_maxp=0.5660, pi_ent_norm=0.7547, pi_std=0.105831, effC=8.15, Lvar=0.000000, Lvar_active=0.0000, scale/adh_std=1
Epoch [60/100], Average Loss: 0.159223
  Diagnostics: H_ent_norm=0.5198, H_maxp=0.5763, pi_ent_norm=0.7220, pi_std=0.115248, effC=7.50, Lvar=0.000000, Lvar_active=0.0000, scale/adh_std=1
Epoch [70/100], Average Loss: 0.149422
  Diagnostics: H_ent_norm=0.5015, H_maxp=0.5846, pi_ent_norm=0.7006, pi_std=0.120603, effC=7.12, Lvar=0.000000, Lvar_active=0.0000, scale/adh_std=1
Epoch [80/100], Average Loss: 0.144024
  Diagnostics: H_ent_norm=0.4872, H_maxp=0.5945, pi_ent_norm=0.6872, pi_std=0.123794, effC=6.90, Lvar=0.000000, Lvar_active=0.0000, scale/adh_std=1
Epoch [90/100], Average Loss: 0.139387
  Diagnostics: H_ent_norm=0.4832, H_maxp=0.5966, pi_ent_norm=0.6831, pi_std=0.124766, effC=6.84, Lvar=0.000000, Lvar_active=0.0000, scale/adh_std=1
Epoch [100/100], Average Loss: 0.135578
  Diagnostics: H_ent_norm=0.4835, H_maxp=0.5958, pi_ent_norm=0.6827, pi_std=0.124916, effC=6.83, Lvar=0.000000, Lvar_active=0.0000, scale/adh_std=1
训练完成！实际训练 100 个epochs

--- 评估阶段 ---
  Facebook: AUROC=0.6110, AUPRC=0.0470
  cora: AUROC=0.8219, AUPRC=0.4120
  citeseer: AUROC=0.9029, AUPRC=0.4522
  ACM: AUROC=0.7853, AUPRC=0.3732
  BlogCatalog: AUROC=0.7268, AUPRC=0.3198
  weibo: AUROC=0.7801, AUPRC=0.3325
  Reddit: AUROC=0.5917, AUPRC=0.0481
  Amazon: AUROC=0.7352, AUPRC=0.1349

--- 保存模型 ---
检查点已保存到: /autodl-fs/data/recap/tuning_hyperparams/interaction_tuning/k_c_heatmap_results/k_c_paper_v2_auprc_best/checkpoints/k24__C16/recap/trial_0/model.pt
模型已保存到: /autodl-fs/data/recap/tuning_hyperparams/interaction_tuning/k_c_heatmap_results/k_c_paper_v2_auprc_best/checkpoints/k24__C16/recap/trial_0/model.pt

======================================================================
Trial 1 开始训练 (seed=1)
======================================================================
🔧 模型初始化视图数: 1 (单视图模式)

--- 训练阶段 ---
开始训练，共 100 个epochs...
关闭early stopping，训练将跑满设定epochs
🔧 Assignment layer LR multiplier: 10 (base_lr=5e-05, assignment_lr=0.0005)
Epoch [1/100], Average Loss: 0.483413
  Diagnostics: H_ent_norm=0.8295, H_maxp=0.2516, pi_ent_norm=0.9951, pi_std=0.009166, effC=15.79, Lvar=0.000001, Lvar_active=0.0002, scale/adh_std=1
Epoch [10/100], Average Loss: 0.355091
  Diagnostics: H_ent_norm=0.7406, H_maxp=0.3492, pi_ent_norm=0.9693, pi_std=0.022551, effC=14.73, Lvar=0.000000, Lvar_active=0.0002, scale/adh_std=1
Epoch [20/100], Average Loss: 0.290790
  Diagnostics: H_ent_norm=0.7085, H_maxp=0.3848, pi_ent_norm=0.9574, pi_std=0.028378, effC=14.26, Lvar=0.000000, Lvar_active=0.0000, scale/adh_std=1
Epoch [30/100], Average Loss: 0.260658
  Diagnostics: H_ent_norm=0.7133, H_maxp=0.3833, pi_ent_norm=0.9559, pi_std=0.029784, effC=14.20, Lvar=0.000000, Lvar_active=0.0000, scale/adh_std=1
Epoch [40/100], Average Loss: 0.245473
  Diagnostics: H_ent_norm=0.7349, H_maxp=0.3647, pi_ent_norm=0.9607, pi_std=0.028652, effC=14.38, Lvar=0.000000, Lvar_active=0.0000, scale/adh_std=1
Epoch [50/100], Average Loss: 0.231371
  Diagnostics: H_ent_norm=0.7668, H_maxp=0.3348, pi_ent_norm=0.9691, pi_std=0.025454, effC=14.70, Lvar=0.000000, Lvar_active=0.0000, scale/adh_std=1
Epoch [60/100], Average Loss: 0.219247
  Diagnostics: H_ent_norm=0.8011, H_maxp=0.3018, pi_ent_norm=0.9764, pi_std=0.022517, effC=15.00, Lvar=0.000000, Lvar_active=0.0000, scale/adh_std=1
Epoch [70/100], Average Loss: 0.206715
  Diagnostics: H_ent_norm=0.8349, H_maxp=0.2682, pi_ent_norm=0.9822, pi_std=0.019630, effC=15.23, Lvar=0.000000, Lvar_active=0.0000, scale/adh_std=1
Epoch [80/100], Average Loss: 0.192741
  Diagnostics: H_ent_norm=0.8615, H_maxp=0.2399, pi_ent_norm=0.9872, pi_std=0.016389, effC=15.45, Lvar=0.000000, Lvar_active=0.0000, scale/adh_std=1
Epoch [90/100], Average Loss: 0.180063
  Diagnostics: H_ent_norm=0.8802, H_maxp=0.2192, pi_ent_norm=0.9890, pi_std=0.015217, effC=15.52, Lvar=0.000000, Lvar_active=0.0000, scale/adh_std=1
Epoch [100/100], Average Loss: 0.173167
  Diagnostics: H_ent_norm=0.8836, H_maxp=0.2144, pi_ent_norm=0.9887, pi_std=0.015602, effC=15.51, Lvar=0.000000, Lvar_active=0.0000, scale/adh_std=1
训练完成！实际训练 100 个epochs

--- 评估阶段 ---
  Facebook: AUROC=0.5938, AUPRC=0.0465
  cora: AUROC=0.8323, AUPRC=0.4266
  citeseer: AUROC=0.9021, AUPRC=0.4716
  ACM: AUROC=0.7860, AUPRC=0.3734
  BlogCatalog: AUROC=0.7262, AUPRC=0.3342
  weibo: AUROC=0.7720, AUPRC=0.3137
  Reddit: AUROC=0.5933, AUPRC=0.0464
  Amazon: AUROC=0.7419, AUPRC=0.1341

--- 保存模型 ---
检查点已保存到: /autodl-fs/data/recap/tuning_hyperparams/interaction_tuning/k_c_heatmap_results/k_c_paper_v2_auprc_best/checkpoints/k24__C16/recap/trial_1/model.pt
模型已保存到: /autodl-fs/data/recap/tuning_hyperparams/interaction_tuning/k_c_heatmap_results/k_c_paper_v2_auprc_best/checkpoints/k24__C16/recap/trial_1/model.pt

======================================================================
Trial 2 开始训练 (seed=2)
======================================================================
🔧 模型初始化视图数: 1 (单视图模式)

--- 训练阶段 ---
开始训练，共 100 个epochs...
关闭early stopping，训练将跑满设定epochs
🔧 Assignment layer LR multiplier: 10 (base_lr=5e-05, assignment_lr=0.0005)
Epoch [1/100], Average Loss: 0.477373
  Diagnostics: H_ent_norm=0.8165, H_maxp=0.2686, pi_ent_norm=0.9938, pi_std=0.011034, effC=15.73, Lvar=0.000000, Lvar_active=0.0000, scale/adh_std=1
Epoch [10/100], Average Loss: 0.333149
  Diagnostics: H_ent_norm=0.6953, H_maxp=0.3988, pi_ent_norm=0.9424, pi_std=0.034878, effC=13.71, Lvar=0.000000, Lvar_active=0.0000, scale/adh_std=1
Epoch [20/100], Average Loss: 0.282812
  Diagnostics: H_ent_norm=0.6623, H_maxp=0.4359, pi_ent_norm=0.9143, pi_std=0.046718, effC=12.75, Lvar=0.000000, Lvar_active=0.0000, scale/adh_std=1
Epoch [30/100], Average Loss: 0.254582
  Diagnostics: H_ent_norm=0.6706, H_maxp=0.4314, pi_ent_norm=0.9022, pi_std=0.053792, effC=12.35, Lvar=0.000000, Lvar_active=0.0000, scale/adh_std=1
Epoch [40/100], Average Loss: 0.228834
  Diagnostics: H_ent_norm=0.6735, H_maxp=0.4332, pi_ent_norm=0.8847, pi_std=0.062276, effC=11.78, Lvar=0.000000, Lvar_active=0.0000, scale/adh_std=1
Epoch [50/100], Average Loss: 0.211360
  Diagnostics: H_ent_norm=0.6582, H_maxp=0.4515, pi_ent_norm=0.8600, pi_std=0.072639, effC=11.01, Lvar=0.000000, Lvar_active=0.0000, scale/adh_std=1
Epoch [60/100], Average Loss: 0.185393
  Diagnostics: H_ent_norm=0.6046, H_maxp=0.5046, pi_ent_norm=0.8099, pi_std=0.090261, effC=9.52, Lvar=0.000000, Lvar_active=0.0000, scale/adh_std=1
Epoch [70/100], Average Loss: 0.168977
  Diagnostics: H_ent_norm=0.5552, H_maxp=0.5469, pi_ent_norm=0.7648, pi_std=0.103908, effC=8.36, Lvar=0.000000, Lvar_active=0.0000, scale/adh_std=1
Epoch [80/100], Average Loss: 0.158375
  Diagnostics: H_ent_norm=0.5226, H_maxp=0.5700, pi_ent_norm=0.7329, pi_std=0.112601, effC=7.68, Lvar=0.000000, Lvar_active=0.0000, scale/adh_std=1
Epoch [90/100], Average Loss: 0.151335
  Diagnostics: H_ent_norm=0.5065, H_maxp=0.5797, pi_ent_norm=0.7157, pi_std=0.116978, effC=7.36, Lvar=0.000000, Lvar_active=0.0000, scale/adh_std=1
Epoch [100/100], Average Loss: 0.146920
  Diagnostics: H_ent_norm=0.4971, H_maxp=0.5858, pi_ent_norm=0.7060, pi_std=0.119375, effC=7.19, Lvar=0.000000, Lvar_active=0.0000, scale/adh_std=1
训练完成！实际训练 100 个epochs

--- 评估阶段 ---
  Facebook: AUROC=0.5977, AUPRC=0.0373
  cora: AUROC=0.8131, AUPRC=0.4099
  citeseer: AUROC=0.9043, AUPRC=0.4642
  ACM: AUROC=0.7780, AUPRC=0.3710
  BlogCatalog: AUROC=0.7257, AUPRC=0.3281
  weibo: AUROC=0.7758, AUPRC=0.3242
  Reddit: AUROC=0.5850, AUPRC=0.0451
  Amazon: AUROC=0.7192, AUPRC=0.1319

--- 保存模型 ---
检查点已保存到: /autodl-fs/data/recap/tuning_hyperparams/interaction_tuning/k_c_heatmap_results/k_c_paper_v2_auprc_best/checkpoints/k24__C16/recap/trial_2/model.pt
模型已保存到: /autodl-fs/data/recap/tuning_hyperparams/interaction_tuning/k_c_heatmap_results/k_c_paper_v2_auprc_best/checkpoints/k24__C16/recap/trial_2/model.pt

======================================================================
聚合 3 次试验的结果
======================================================================

------------------------- Facebook -------------------------
AUROC: 0.6009 ± 0.0074
AUPRC: 0.0436 ± 0.0045

------------------------- cora -------------------------
AUROC: 0.8224 ± 0.0078
AUPRC: 0.4162 ± 0.0074

------------------------- citeseer -------------------------
AUROC: 0.9031 ± 0.0009
AUPRC: 0.4627 ± 0.0080

------------------------- ACM -------------------------
AUROC: 0.7831 ± 0.0036
AUPRC: 0.3725 ± 0.0011

------------------------- BlogCatalog -------------------------
AUROC: 0.7262 ± 0.0004
AUPRC: 0.3274 ± 0.0059

------------------------- weibo -------------------------
AUROC: 0.7760 ± 0.0033
AUPRC: 0.3235 ± 0.0077

------------------------- Reddit -------------------------
AUROC: 0.5900 ± 0.0036
AUPRC: 0.0466 ± 0.0012

------------------------- Amazon -------------------------
AUROC: 0.7321 ± 0.0095
AUPRC: 0.1336 ± 0.0013


======================================================================
训练完成！
所有模型已保存到: /autodl-fs/data/recap/tuning_hyperparams/interaction_tuning/k_c_heatmap_results/k_c_paper_v2_auprc_best/checkpoints/k24__C16/recap/
======================================================================

