/root/miniconda3/lib/python3.12/site-packages/torch_geometric/__init__.py:4: UserWarning: An issue occurred while importing 'torch-scatter'. Disabling its usage. Stacktrace: Could not load this library: /root/miniconda3/lib/python3.12/site-packages/torch_scatter/_version_cuda.so
  import torch_geometric.typing
/root/miniconda3/lib/python3.12/site-packages/torch_geometric/__init__.py:4: UserWarning: An issue occurred while importing 'torch-cluster'. Disabling its usage. Stacktrace: Could not load this library: /root/miniconda3/lib/python3.12/site-packages/torch_cluster/_version_cuda.so
  import torch_geometric.typing
/root/miniconda3/lib/python3.12/site-packages/torch_geometric/__init__.py:4: UserWarning: An issue occurred while importing 'torch-spline-conv'. Disabling its usage. Stacktrace: Could not load this library: /root/miniconda3/lib/python3.12/site-packages/torch_spline_conv/_version_cuda.so
  import torch_geometric.typing
/root/miniconda3/lib/python3.12/site-packages/torch_geometric/__init__.py:4: UserWarning: An issue occurred while importing 'torch-sparse'. Disabling its usage. Stacktrace: Could not load this library: /root/miniconda3/lib/python3.12/site-packages/torch_sparse/_version_cuda.so
  import torch_geometric.typing
使用保存的最佳模型配置

======================================================================
recap 异常检测模型训练
======================================================================

📋 训练配置:
  device: cuda:0
  epochs: 100
  trials: 3
  seed: 0
  output_dir: /autodl-fs/data/recap/tuning_hyperparams/interaction_tuning/k_c_heatmap_results/k_c_paper_v2_auprc_best/checkpoints/k24__C28
  save_checkpoint: True
  early_stop: False
  patience: 30
  log_diagnostics: True
  diagnostics_interval: 10

🔧 模型配置:
  model: recap
  lr: 5e-05
  dropout_rate: 0.2
  h_feats: 256
  num_hops: 4
  weight_decay: 5e-05
  dims: 32
  num_layers: 2
  activation: ELU
  num_views: 1
  num_clusters: 28
  knn_k: 24
  cluster_lr_multiplier: 10.0
  tau_s: 0.3
  tau_c: 0.3
  cluster_init_gain: 1.5
  sim_block_size: 256
  knn_cache_enabled: True
  knn_cache_dir: /autodl-fs/data/recap/knn_cache
  knn_search_dtype: auto
  lambda_H: 0.1
  lambda_bal: 0.0
  lambda_E: 0.1
  lambda_usage_entropy: 0.1
  assignment_entropy_lower: 0.45
  assignment_entropy_upper: 0.85
  usage_entropy_lower: 0.65
  usage_entropy_upper: 0.9
  gamma: 0.1
  tau_e: 1.0
  beta: 0.02
  eps: 1e-08
  lambda_ortho: 0.1
  lambda_min_usage: 0.0
  lambda_diversity: 0.1
  min_cluster_ratio: 0.1

💾 保存设置:
  保存目录：/autodl-fs/data/recap/tuning_hyperparams/interaction_tuning/k_c_heatmap_results/k_c_paper_v2_auprc_best/checkpoints/k24__C28
  保存检查点：True
======================================================================


📊 使用指定的训练数据集: ['pubmed', 'Flickr', 'questions', 'YelpChi']

📊 使用指定的测试数据集: ['Facebook', 'cora', 'citeseer', 'ACM', 'BlogCatalog', 'weibo', 'Reddit', 'Amazon']
加载 4 个训练数据集: ['pubmed', 'Flickr', 'questions', 'YelpChi']
加载 8 个测试数据集: ['Facebook', 'cora', 'citeseer', 'ACM', 'BlogCatalog', 'weibo', 'Reddit', 'Amazon']
进行 4 跳特征传播...

======================================================================
Trial 0 开始训练 (seed=0)
======================================================================
🔧 模型初始化视图数: 1 (单视图模式)

--- 训练阶段 ---
开始训练，共 100 个epochs...
关闭early stopping，训练将跑满设定epochs
🔧 Assignment layer LR multiplier: 10 (base_lr=5e-05, assignment_lr=0.0005)
Epoch [1/100], Average Loss: 0.549418
  Diagnostics: H_ent_norm=0.8372, H_maxp=0.2033, pi_ent_norm=0.9930, pi_std=0.007375, effC=27.36, Lvar=0.000000, Lvar_active=0.0000, scale/adh_std=1
Epoch [10/100], Average Loss: 0.376285
  Diagnostics: H_ent_norm=0.7173, H_maxp=0.3429, pi_ent_norm=0.9410, pi_std=0.023556, effC=23.19, Lvar=0.000000, Lvar_active=0.0000, scale/adh_std=1
Epoch [20/100], Average Loss: 0.315232
  Diagnostics: H_ent_norm=0.6540, H_maxp=0.4075, pi_ent_norm=0.9040, pi_std=0.031513, effC=20.76, Lvar=0.000000, Lvar_active=0.0000, scale/adh_std=1
Epoch [30/100], Average Loss: 0.296631
  Diagnostics: H_ent_norm=0.6417, H_maxp=0.4216, pi_ent_norm=0.8939, pi_std=0.033649, effC=20.16, Lvar=0.000000, Lvar_active=0.0000, scale/adh_std=1
Epoch [40/100], Average Loss: 0.284296
  Diagnostics: H_ent_norm=0.6402, H_maxp=0.4244, pi_ent_norm=0.8895, pi_std=0.035160, effC=19.89, Lvar=0.000000, Lvar_active=0.0000, scale/adh_std=1
Epoch [50/100], Average Loss: 0.271185
  Diagnostics: H_ent_norm=0.6345, H_maxp=0.4316, pi_ent_norm=0.8785, pi_std=0.038218, effC=19.25, Lvar=0.000000, Lvar_active=0.0000, scale/adh_std=1
Epoch [60/100], Average Loss: 0.258510
  Diagnostics: H_ent_norm=0.6196, H_maxp=0.4477, pi_ent_norm=0.8601, pi_std=0.042530, effC=18.26, Lvar=0.000000, Lvar_active=0.0000, scale/adh_std=1
Epoch [70/100], Average Loss: 0.248632
  Diagnostics: H_ent_norm=0.6034, H_maxp=0.4653, pi_ent_norm=0.8413, pi_std=0.046564, effC=17.31, Lvar=0.000000, Lvar_active=0.0000, scale/adh_std=1
Epoch [80/100], Average Loss: 0.242006
  Diagnostics: H_ent_norm=0.5997, H_maxp=0.4687, pi_ent_norm=0.8366, pi_std=0.047897, effC=17.06, Lvar=0.000000, Lvar_active=0.0000, scale/adh_std=1
Epoch [90/100], Average Loss: 0.236170
  Diagnostics: H_ent_norm=0.5936, H_maxp=0.4734, pi_ent_norm=0.8289, pi_std=0.049737, effC=16.68, Lvar=0.000000, Lvar_active=0.0000, scale/adh_std=1
Epoch [100/100], Average Loss: 0.230455
  Diagnostics: H_ent_norm=0.5957, H_maxp=0.4694, pi_ent_norm=0.8295, pi_std=0.050110, effC=16.68, Lvar=0.000000, Lvar_active=0.0000, scale/adh_std=1
训练完成！实际训练 100 个epochs

--- 评估阶段 ---
  Facebook: AUROC=0.6036, AUPRC=0.0734
  cora: AUROC=0.8214, AUPRC=0.4272
  citeseer: AUROC=0.9058, AUPRC=0.4667
  ACM: AUROC=0.7886, AUPRC=0.3721
  BlogCatalog: AUROC=0.7332, AUPRC=0.3334
  weibo: AUROC=0.7664, AUPRC=0.3220
  Reddit: AUROC=0.5886, AUPRC=0.0468
  Amazon: AUROC=0.7077, AUPRC=0.1232

--- 保存模型 ---
检查点已保存到: /autodl-fs/data/recap/tuning_hyperparams/interaction_tuning/k_c_heatmap_results/k_c_paper_v2_auprc_best/checkpoints/k24__C28/recap/trial_0/model.pt
模型已保存到: /autodl-fs/data/recap/tuning_hyperparams/interaction_tuning/k_c_heatmap_results/k_c_paper_v2_auprc_best/checkpoints/k24__C28/recap/trial_0/model.pt

======================================================================
Trial 1 开始训练 (seed=1)
======================================================================
🔧 模型初始化视图数: 1 (单视图模式)

--- 训练阶段 ---
开始训练，共 100 个epochs...
关闭early stopping，训练将跑满设定epochs
🔧 Assignment layer LR multiplier: 10 (base_lr=5e-05, assignment_lr=0.0005)
Epoch [1/100], Average Loss: 0.551418
  Diagnostics: H_ent_norm=0.8360, H_maxp=0.2002, pi_ent_norm=0.9962, pi_std=0.005333, effC=27.65, Lvar=0.000001, Lvar_active=0.0002, scale/adh_std=1
Epoch [10/100], Average Loss: 0.373965
  Diagnostics: H_ent_norm=0.7293, H_maxp=0.3234, pi_ent_norm=0.9584, pi_std=0.018354, effC=24.47, Lvar=0.000001, Lvar_active=0.0002, scale/adh_std=1
Epoch [20/100], Average Loss: 0.318314
  Diagnostics: H_ent_norm=0.6839, H_maxp=0.3746, pi_ent_norm=0.9351, pi_std=0.023942, effC=22.78, Lvar=0.000002, Lvar_active=0.0002, scale/adh_std=1
Epoch [30/100], Average Loss: 0.292059
  Diagnostics: H_ent_norm=0.6689, H_maxp=0.3929, pi_ent_norm=0.9224, pi_std=0.027562, effC=21.92, Lvar=0.000002, Lvar_active=0.0002, scale/adh_std=1
Epoch [40/100], Average Loss: 0.275162
  Diagnostics: H_ent_norm=0.6618, H_maxp=0.4021, pi_ent_norm=0.9119, pi_std=0.030752, effC=21.26, Lvar=0.000002, Lvar_active=0.0002, scale/adh_std=1
Epoch [50/100], Average Loss: 0.262746
  Diagnostics: H_ent_norm=0.6537, H_maxp=0.4115, pi_ent_norm=0.9017, pi_std=0.033734, effC=20.62, Lvar=0.000002, Lvar_active=0.0002, scale/adh_std=1
Epoch [60/100], Average Loss: 0.254241
  Diagnostics: H_ent_norm=0.6462, H_maxp=0.4193, pi_ent_norm=0.8925, pi_std=0.036349, effC=20.07, Lvar=0.000002, Lvar_active=0.0002, scale/adh_std=1
Epoch [70/100], Average Loss: 0.247123
  Diagnostics: H_ent_norm=0.6422, H_maxp=0.4233, pi_ent_norm=0.8874, pi_std=0.037967, effC=19.77, Lvar=0.000002, Lvar_active=0.0002, scale/adh_std=1
Epoch [80/100], Average Loss: 0.240394
  Diagnostics: H_ent_norm=0.6343, H_maxp=0.4309, pi_ent_norm=0.8791, pi_std=0.039999, effC=19.30, Lvar=0.000002, Lvar_active=0.0002, scale/adh_std=1
Epoch [90/100], Average Loss: 0.235772
  Diagnostics: H_ent_norm=0.6259, H_maxp=0.4388, pi_ent_norm=0.8687, pi_std=0.042469, effC=18.73, Lvar=0.000002, Lvar_active=0.0002, scale/adh_std=1
Epoch [100/100], Average Loss: 0.228523
  Diagnostics: H_ent_norm=0.6168, H_maxp=0.4483, pi_ent_norm=0.8591, pi_std=0.044780, effC=18.22, Lvar=0.000002, Lvar_active=0.0002, scale/adh_std=1
训练完成！实际训练 100 个epochs

--- 评估阶段 ---
  Facebook: AUROC=0.5941, AUPRC=0.0462
  cora: AUROC=0.8287, AUPRC=0.4290
  citeseer: AUROC=0.9034, AUPRC=0.4768
  ACM: AUROC=0.7735, AUPRC=0.3736
  BlogCatalog: AUROC=0.7304, AUPRC=0.3363
  weibo: AUROC=0.7572, AUPRC=0.3091
  Reddit: AUROC=0.5935, AUPRC=0.0467
  Amazon: AUROC=0.7200, AUPRC=0.1280

--- 保存模型 ---
检查点已保存到: /autodl-fs/data/recap/tuning_hyperparams/interaction_tuning/k_c_heatmap_results/k_c_paper_v2_auprc_best/checkpoints/k24__C28/recap/trial_1/model.pt
模型已保存到: /autodl-fs/data/recap/tuning_hyperparams/interaction_tuning/k_c_heatmap_results/k_c_paper_v2_auprc_best/checkpoints/k24__C28/recap/trial_1/model.pt

======================================================================
Trial 2 开始训练 (seed=2)
======================================================================
🔧 模型初始化视图数: 1 (单视图模式)

--- 训练阶段 ---
开始训练，共 100 个epochs...
关闭early stopping，训练将跑满设定epochs
🔧 Assignment layer LR multiplier: 10 (base_lr=5e-05, assignment_lr=0.0005)
Epoch [1/100], Average Loss: 0.540881
  Diagnostics: H_ent_norm=0.8428, H_maxp=0.1982, pi_ent_norm=0.9929, pi_std=0.007343, effC=27.35, Lvar=0.000000, Lvar_active=0.0000, scale/adh_std=1
Epoch [10/100], Average Loss: 0.367276
  Diagnostics: H_ent_norm=0.7299, H_maxp=0.3291, pi_ent_norm=0.9370, pi_std=0.024645, effC=22.92, Lvar=0.000000, Lvar_active=0.0000, scale/adh_std=1
Epoch [20/100], Average Loss: 0.321770
  Diagnostics: H_ent_norm=0.6957, H_maxp=0.3670, pi_ent_norm=0.9136, pi_std=0.030141, effC=21.38, Lvar=0.000000, Lvar_active=0.0000, scale/adh_std=1
Epoch [30/100], Average Loss: 0.297905
  Diagnostics: H_ent_norm=0.6965, H_maxp=0.3677, pi_ent_norm=0.9118, pi_std=0.031110, effC=21.25, Lvar=0.000000, Lvar_active=0.0000, scale/adh_std=1
Epoch [40/100], Average Loss: 0.283182
  Diagnostics: H_ent_norm=0.7056, H_maxp=0.3593, pi_ent_norm=0.9151, pi_std=0.031151, effC=21.45, Lvar=0.000000, Lvar_active=0.0000, scale/adh_std=1
Epoch [50/100], Average Loss: 0.272855
  Diagnostics: H_ent_norm=0.7155, H_maxp=0.3497, pi_ent_norm=0.9196, pi_std=0.030627, effC=21.72, Lvar=0.000000, Lvar_active=0.0000, scale/adh_std=1
Epoch [60/100], Average Loss: 0.266073
  Diagnostics: H_ent_norm=0.7199, H_maxp=0.3463, pi_ent_norm=0.9199, pi_std=0.030751, effC=21.73, Lvar=0.000000, Lvar_active=0.0000, scale/adh_std=1
Epoch [70/100], Average Loss: 0.258058
  Diagnostics: H_ent_norm=0.7236, H_maxp=0.3431, pi_ent_norm=0.9202, pi_std=0.030848, effC=21.74, Lvar=0.000000, Lvar_active=0.0000, scale/adh_std=1
Epoch [80/100], Average Loss: 0.253146
  Diagnostics: H_ent_norm=0.7300, H_maxp=0.3375, pi_ent_norm=0.9243, pi_std=0.029891, effC=22.01, Lvar=0.000000, Lvar_active=0.0000, scale/adh_std=1
Epoch [90/100], Average Loss: 0.249897
  Diagnostics: H_ent_norm=0.7383, H_maxp=0.3291, pi_ent_norm=0.9284, pi_std=0.029043, effC=22.28, Lvar=0.000000, Lvar_active=0.0000, scale/adh_std=1
Epoch [100/100], Average Loss: 0.241777
  Diagnostics: H_ent_norm=0.7456, H_maxp=0.3220, pi_ent_norm=0.9316, pi_std=0.028267, effC=22.49, Lvar=0.000000, Lvar_active=0.0000, scale/adh_std=1
训练完成！实际训练 100 个epochs

--- 评估阶段 ---
  Facebook: AUROC=0.5824, AUPRC=0.0370
  cora: AUROC=0.8199, AUPRC=0.4084
  citeseer: AUROC=0.9026, AUPRC=0.4549
  ACM: AUROC=0.7872, AUPRC=0.3765
  BlogCatalog: AUROC=0.7280, AUPRC=0.3331
  weibo: AUROC=0.7714, AUPRC=0.3080
  Reddit: AUROC=0.5919, AUPRC=0.0462
  Amazon: AUROC=0.7368, AUPRC=0.1335

--- 保存模型 ---
检查点已保存到: /autodl-fs/data/recap/tuning_hyperparams/interaction_tuning/k_c_heatmap_results/k_c_paper_v2_auprc_best/checkpoints/k24__C28/recap/trial_2/model.pt
模型已保存到: /autodl-fs/data/recap/tuning_hyperparams/interaction_tuning/k_c_heatmap_results/k_c_paper_v2_auprc_best/checkpoints/k24__C28/recap/trial_2/model.pt

======================================================================
聚合 3 次试验的结果
======================================================================

------------------------- Facebook -------------------------
AUROC: 0.5934 ± 0.0087
AUPRC: 0.0522 ± 0.0155

------------------------- cora -------------------------
AUROC: 0.8233 ± 0.0038
AUPRC: 0.4215 ± 0.0093

------------------------- citeseer -------------------------
AUROC: 0.9039 ± 0.0014
AUPRC: 0.4661 ± 0.0089

------------------------- ACM -------------------------
AUROC: 0.7831 ± 0.0068
AUPRC: 0.3741 ± 0.0018

------------------------- BlogCatalog -------------------------
AUROC: 0.7305 ± 0.0021
AUPRC: 0.3342 ± 0.0014

------------------------- weibo -------------------------
AUROC: 0.7650 ± 0.0059
AUPRC: 0.3130 ± 0.0063

------------------------- Reddit -------------------------
AUROC: 0.5913 ± 0.0020
AUPRC: 0.0466 ± 0.0003

------------------------- Amazon -------------------------
AUROC: 0.7215 ± 0.0119
AUPRC: 0.1282 ± 0.0042


======================================================================
训练完成！
所有模型已保存到: /autodl-fs/data/recap/tuning_hyperparams/interaction_tuning/k_c_heatmap_results/k_c_paper_v2_auprc_best/checkpoints/k24__C28/recap/
======================================================================

