/root/miniconda3/lib/python3.12/site-packages/torch_geometric/__init__.py:4: UserWarning: An issue occurred while importing 'torch-scatter'. Disabling its usage. Stacktrace: Could not load this library: /root/miniconda3/lib/python3.12/site-packages/torch_scatter/_version_cuda.so
  import torch_geometric.typing
/root/miniconda3/lib/python3.12/site-packages/torch_geometric/__init__.py:4: UserWarning: An issue occurred while importing 'torch-cluster'. Disabling its usage. Stacktrace: Could not load this library: /root/miniconda3/lib/python3.12/site-packages/torch_cluster/_version_cuda.so
  import torch_geometric.typing
/root/miniconda3/lib/python3.12/site-packages/torch_geometric/__init__.py:4: UserWarning: An issue occurred while importing 'torch-spline-conv'. Disabling its usage. Stacktrace: Could not load this library: /root/miniconda3/lib/python3.12/site-packages/torch_spline_conv/_version_cuda.so
  import torch_geometric.typing
/root/miniconda3/lib/python3.12/site-packages/torch_geometric/__init__.py:4: UserWarning: An issue occurred while importing 'torch-sparse'. Disabling its usage. Stacktrace: Could not load this library: /root/miniconda3/lib/python3.12/site-packages/torch_sparse/_version_cuda.so
  import torch_geometric.typing
使用保存的最佳模型配置

======================================================================
recap 异常检测模型训练
======================================================================

📋 训练配置:
  device: cuda:0
  epochs: 100
  trials: 3
  seed: 0
  output_dir: /autodl-fs/data/recap/tuning_hyperparams/interaction_tuning/k_c_heatmap_results/k_c_paper_v2_auprc_best/checkpoints/k30__C36
  save_checkpoint: True
  early_stop: False
  patience: 30
  log_diagnostics: True
  diagnostics_interval: 10

🔧 模型配置:
  model: recap
  lr: 5e-05
  dropout_rate: 0.2
  h_feats: 256
  num_hops: 4
  weight_decay: 5e-05
  dims: 32
  num_layers: 2
  activation: ELU
  num_views: 1
  num_clusters: 36
  knn_k: 30
  cluster_lr_multiplier: 10.0
  tau_s: 0.3
  tau_c: 0.3
  cluster_init_gain: 1.5
  sim_block_size: 256
  knn_cache_enabled: True
  knn_cache_dir: /autodl-fs/data/recap/knn_cache
  knn_search_dtype: auto
  lambda_H: 0.1
  lambda_bal: 0.0
  lambda_E: 0.1
  lambda_usage_entropy: 0.1
  assignment_entropy_lower: 0.45
  assignment_entropy_upper: 0.85
  usage_entropy_lower: 0.65
  usage_entropy_upper: 0.9
  gamma: 0.1
  tau_e: 1.0
  beta: 0.02
  eps: 1e-08
  lambda_ortho: 0.1
  lambda_min_usage: 0.0
  lambda_diversity: 0.1
  min_cluster_ratio: 0.1

💾 保存设置:
  保存目录：/autodl-fs/data/recap/tuning_hyperparams/interaction_tuning/k_c_heatmap_results/k_c_paper_v2_auprc_best/checkpoints/k30__C36
  保存检查点：True
======================================================================


📊 使用指定的训练数据集: ['pubmed', 'Flickr', 'questions', 'YelpChi']

📊 使用指定的测试数据集: ['Facebook', 'cora', 'citeseer', 'ACM', 'BlogCatalog', 'weibo', 'Reddit', 'Amazon']
加载 4 个训练数据集: ['pubmed', 'Flickr', 'questions', 'YelpChi']
加载 8 个测试数据集: ['Facebook', 'cora', 'citeseer', 'ACM', 'BlogCatalog', 'weibo', 'Reddit', 'Amazon']
进行 4 跳特征传播...

======================================================================
Trial 0 开始训练 (seed=0)
======================================================================
🔧 模型初始化视图数: 1 (单视图模式)

--- 训练阶段 ---
开始训练，共 100 个epochs...
关闭early stopping，训练将跑满设定epochs
🔧 Assignment layer LR multiplier: 10 (base_lr=5e-05, assignment_lr=0.0005)
Epoch [1/100], Average Loss: 0.580719
  Diagnostics: H_ent_norm=0.8421, H_maxp=0.1798, pi_ent_norm=0.9943, pi_std=0.005293, effC=35.28, Lvar=0.000000, Lvar_active=0.0000, scale/adh_std=1
Epoch [10/100], Average Loss: 0.409499
  Diagnostics: H_ent_norm=0.7265, H_maxp=0.3153, pi_ent_norm=0.9445, pi_std=0.018589, effC=29.78, Lvar=0.000000, Lvar_active=0.0000, scale/adh_std=1
Epoch [20/100], Average Loss: 0.340279
  Diagnostics: H_ent_norm=0.6535, H_maxp=0.3931, pi_ent_norm=0.8949, pi_std=0.028573, effC=25.46, Lvar=0.000000, Lvar_active=0.0000, scale/adh_std=1
Epoch [30/100], Average Loss: 0.312209
  Diagnostics: H_ent_norm=0.6419, H_maxp=0.4072, pi_ent_norm=0.8770, pi_std=0.032852, effC=24.08, Lvar=0.000000, Lvar_active=0.0000, scale/adh_std=1
Epoch [40/100], Average Loss: 0.290214
  Diagnostics: H_ent_norm=0.6316, H_maxp=0.4189, pi_ent_norm=0.8614, pi_std=0.037132, effC=22.95, Lvar=0.000000, Lvar_active=0.0000, scale/adh_std=1
Epoch [50/100], Average Loss: 0.272685
  Diagnostics: H_ent_norm=0.6193, H_maxp=0.4317, pi_ent_norm=0.8441, pi_std=0.042069, effC=21.76, Lvar=0.000000, Lvar_active=0.0000, scale/adh_std=1
Epoch [60/100], Average Loss: 0.255293
  Diagnostics: H_ent_norm=0.6060, H_maxp=0.4461, pi_ent_norm=0.8293, pi_std=0.046178, effC=20.76, Lvar=0.000000, Lvar_active=0.0000, scale/adh_std=1
Epoch [70/100], Average Loss: 0.241758
  Diagnostics: H_ent_norm=0.5960, H_maxp=0.4577, pi_ent_norm=0.8153, pi_std=0.050456, effC=19.78, Lvar=0.000000, Lvar_active=0.0000, scale/adh_std=1
Epoch [80/100], Average Loss: 0.221606
  Diagnostics: H_ent_norm=0.5811, H_maxp=0.4775, pi_ent_norm=0.7925, pi_std=0.057003, effC=17.96, Lvar=0.000000, Lvar_active=0.0000, scale/adh_std=1
Epoch [90/100], Average Loss: 0.193893
  Diagnostics: H_ent_norm=0.5493, H_maxp=0.5137, pi_ent_norm=0.7496, pi_std=0.067143, effC=14.85, Lvar=0.000000, Lvar_active=0.0000, scale/adh_std=1
Epoch [100/100], Average Loss: 0.171916
  Diagnostics: H_ent_norm=0.5092, H_maxp=0.5489, pi_ent_norm=0.7031, pi_std=0.075939, effC=12.49, Lvar=0.000000, Lvar_active=0.0000, scale/adh_std=1
训练完成！实际训练 100 个epochs

--- 评估阶段 ---
  Facebook: AUROC=0.5932, AUPRC=0.0713
  cora: AUROC=0.8237, AUPRC=0.4280
  citeseer: AUROC=0.9035, AUPRC=0.4582
  ACM: AUROC=0.7814, AUPRC=0.3719
  BlogCatalog: AUROC=0.7150, AUPRC=0.3252
  weibo: AUROC=0.7836, AUPRC=0.3388
  Reddit: AUROC=0.5902, AUPRC=0.0471
  Amazon: AUROC=0.7154, AUPRC=0.1279

--- 保存模型 ---
检查点已保存到: /autodl-fs/data/recap/tuning_hyperparams/interaction_tuning/k_c_heatmap_results/k_c_paper_v2_auprc_best/checkpoints/k30__C36/recap/trial_0/model.pt
模型已保存到: /autodl-fs/data/recap/tuning_hyperparams/interaction_tuning/k_c_heatmap_results/k_c_paper_v2_auprc_best/checkpoints/k30__C36/recap/trial_0/model.pt

======================================================================
Trial 1 开始训练 (seed=1)
======================================================================
🔧 模型初始化视图数: 1 (单视图模式)

--- 训练阶段 ---
开始训练，共 100 个epochs...
关闭early stopping，训练将跑满设定epochs
🔧 Assignment layer LR multiplier: 10 (base_lr=5e-05, assignment_lr=0.0005)
Epoch [1/100], Average Loss: 0.585368
  Diagnostics: H_ent_norm=0.8398, H_maxp=0.1808, pi_ent_norm=0.9957, pi_std=0.004631, effC=35.45, Lvar=0.000001, Lvar_active=0.0002, scale/adh_std=1
Epoch [10/100], Average Loss: 0.395335
  Diagnostics: H_ent_norm=0.7454, H_maxp=0.2923, pi_ent_norm=0.9588, pi_std=0.016537, effC=31.18, Lvar=0.000001, Lvar_active=0.0002, scale/adh_std=1
Epoch [20/100], Average Loss: 0.334245
  Diagnostics: H_ent_norm=0.7196, H_maxp=0.3253, pi_ent_norm=0.9328, pi_std=0.024479, effC=28.56, Lvar=0.000001, Lvar_active=0.0002, scale/adh_std=1
Epoch [30/100], Average Loss: 0.303250
  Diagnostics: H_ent_norm=0.7103, H_maxp=0.3417, pi_ent_norm=0.9118, pi_std=0.030783, effC=26.63, Lvar=0.000001, Lvar_active=0.0002, scale/adh_std=1
Epoch [40/100], Average Loss: 0.276994
  Diagnostics: H_ent_norm=0.6910, H_maxp=0.3668, pi_ent_norm=0.8846, pi_std=0.038009, effC=24.32, Lvar=0.000001, Lvar_active=0.0002, scale/adh_std=1
Epoch [50/100], Average Loss: 0.250732
  Diagnostics: H_ent_norm=0.6518, H_maxp=0.4125, pi_ent_norm=0.8457, pi_std=0.047534, effC=21.15, Lvar=0.000001, Lvar_active=0.0002, scale/adh_std=1
Epoch [60/100], Average Loss: 0.216156
  Diagnostics: H_ent_norm=0.5878, H_maxp=0.4805, pi_ent_norm=0.7864, pi_std=0.060477, effC=16.83, Lvar=0.000001, Lvar_active=0.0002, scale/adh_std=1
Epoch [70/100], Average Loss: 0.190928
  Diagnostics: H_ent_norm=0.5231, H_maxp=0.5398, pi_ent_norm=0.7238, pi_std=0.072085, effC=13.57, Lvar=0.000001, Lvar_active=0.0002, scale/adh_std=1
Epoch [80/100], Average Loss: 0.176561
  Diagnostics: H_ent_norm=0.4947, H_maxp=0.5618, pi_ent_norm=0.6883, pi_std=0.078150, effC=12.20, Lvar=0.000001, Lvar_active=0.0002, scale/adh_std=1
Epoch [90/100], Average Loss: 0.167077
  Diagnostics: H_ent_norm=0.4858, H_maxp=0.5693, pi_ent_norm=0.6737, pi_std=0.080596, effC=11.61, Lvar=0.000001, Lvar_active=0.0002, scale/adh_std=1
Epoch [100/100], Average Loss: 0.160476
  Diagnostics: H_ent_norm=0.4849, H_maxp=0.5702, pi_ent_norm=0.6671, pi_std=0.081789, effC=11.30, Lvar=0.000001, Lvar_active=0.0002, scale/adh_std=1
训练完成！实际训练 100 个epochs

--- 评估阶段 ---
  Facebook: AUROC=0.5972, AUPRC=0.0488
  cora: AUROC=0.8243, AUPRC=0.4226
  citeseer: AUROC=0.9021, AUPRC=0.4672
  ACM: AUROC=0.7825, AUPRC=0.3706
  BlogCatalog: AUROC=0.7257, AUPRC=0.3287
  weibo: AUROC=0.7886, AUPRC=0.3359
  Reddit: AUROC=0.5930, AUPRC=0.0467
  Amazon: AUROC=0.7387, AUPRC=0.1362

--- 保存模型 ---
检查点已保存到: /autodl-fs/data/recap/tuning_hyperparams/interaction_tuning/k_c_heatmap_results/k_c_paper_v2_auprc_best/checkpoints/k30__C36/recap/trial_1/model.pt
模型已保存到: /autodl-fs/data/recap/tuning_hyperparams/interaction_tuning/k_c_heatmap_results/k_c_paper_v2_auprc_best/checkpoints/k30__C36/recap/trial_1/model.pt

======================================================================
Trial 2 开始训练 (seed=2)
======================================================================
🔧 模型初始化视图数: 1 (单视图模式)

--- 训练阶段 ---
开始训练，共 100 个epochs...
关闭early stopping，训练将跑满设定epochs
🔧 Assignment layer LR multiplier: 10 (base_lr=5e-05, assignment_lr=0.0005)
Epoch [1/100], Average Loss: 0.573909
  Diagnostics: H_ent_norm=0.8422, H_maxp=0.1825, pi_ent_norm=0.9924, pi_std=0.006194, effC=35.03, Lvar=0.000000, Lvar_active=0.0000, scale/adh_std=1
Epoch [10/100], Average Loss: 0.395861
  Diagnostics: H_ent_norm=0.7248, H_maxp=0.3204, pi_ent_norm=0.9369, pi_std=0.020517, effC=28.99, Lvar=0.000000, Lvar_active=0.0000, scale/adh_std=1
Epoch [20/100], Average Loss: 0.339278
  Diagnostics: H_ent_norm=0.6777, H_maxp=0.3699, pi_ent_norm=0.9086, pi_std=0.026697, effC=26.47, Lvar=0.000000, Lvar_active=0.0000, scale/adh_std=1
Epoch [30/100], Average Loss: 0.316529
  Diagnostics: H_ent_norm=0.6640, H_maxp=0.3855, pi_ent_norm=0.8960, pi_std=0.029814, effC=25.42, Lvar=0.000000, Lvar_active=0.0000, scale/adh_std=1
Epoch [40/100], Average Loss: 0.297069
  Diagnostics: H_ent_norm=0.6503, H_maxp=0.4012, pi_ent_norm=0.8829, pi_std=0.033136, effC=24.38, Lvar=0.000000, Lvar_active=0.0000, scale/adh_std=1
Epoch [50/100], Average Loss: 0.283930
  Diagnostics: H_ent_norm=0.6366, H_maxp=0.4171, pi_ent_norm=0.8667, pi_std=0.037399, effC=23.13, Lvar=0.000000, Lvar_active=0.0000, scale/adh_std=1
Epoch [60/100], Average Loss: 0.263982
  Diagnostics: H_ent_norm=0.6126, H_maxp=0.4443, pi_ent_norm=0.8423, pi_std=0.043633, effC=21.34, Lvar=0.000000, Lvar_active=0.0000, scale/adh_std=1
Epoch [70/100], Average Loss: 0.241991
  Diagnostics: H_ent_norm=0.5886, H_maxp=0.4740, pi_ent_norm=0.8121, pi_std=0.051853, effC=18.99, Lvar=0.000000, Lvar_active=0.0000, scale/adh_std=1
Epoch [80/100], Average Loss: 0.210892
  Diagnostics: H_ent_norm=0.5549, H_maxp=0.5111, pi_ent_norm=0.7665, pi_std=0.062964, effC=15.72, Lvar=0.000000, Lvar_active=0.0000, scale/adh_std=1
Epoch [90/100], Average Loss: 0.187786
  Diagnostics: H_ent_norm=0.5162, H_maxp=0.5453, pi_ent_norm=0.7185, pi_std=0.072574, effC=13.19, Lvar=0.000000, Lvar_active=0.0000, scale/adh_std=1
Epoch [100/100], Average Loss: 0.172169
  Diagnostics: H_ent_norm=0.4883, H_maxp=0.5667, pi_ent_norm=0.6826, pi_std=0.078841, effC=11.78, Lvar=0.000000, Lvar_active=0.0000, scale/adh_std=1
训练完成！实际训练 100 个epochs

--- 评估阶段 ---
  Facebook: AUROC=0.5918, AUPRC=0.0358
  cora: AUROC=0.8222, AUPRC=0.4074
  citeseer: AUROC=0.9038, AUPRC=0.4614
  ACM: AUROC=0.7814, AUPRC=0.3715
  BlogCatalog: AUROC=0.7325, AUPRC=0.3222
  weibo: AUROC=0.8076, AUPRC=0.3303
  Reddit: AUROC=0.5911, AUPRC=0.0460
  Amazon: AUROC=0.7276, AUPRC=0.1340

--- 保存模型 ---
检查点已保存到: /autodl-fs/data/recap/tuning_hyperparams/interaction_tuning/k_c_heatmap_results/k_c_paper_v2_auprc_best/checkpoints/k30__C36/recap/trial_2/model.pt
模型已保存到: /autodl-fs/data/recap/tuning_hyperparams/interaction_tuning/k_c_heatmap_results/k_c_paper_v2_auprc_best/checkpoints/k30__C36/recap/trial_2/model.pt

======================================================================
聚合 3 次试验的结果
======================================================================

------------------------- Facebook -------------------------
AUROC: 0.5941 ± 0.0023
AUPRC: 0.0520 ± 0.0147

------------------------- cora -------------------------
AUROC: 0.8234 ± 0.0009
AUPRC: 0.4193 ± 0.0087

------------------------- citeseer -------------------------
AUROC: 0.9031 ± 0.0007
AUPRC: 0.4623 ± 0.0037

------------------------- ACM -------------------------
AUROC: 0.7818 ± 0.0005
AUPRC: 0.3714 ± 0.0005

------------------------- BlogCatalog -------------------------
AUROC: 0.7244 ± 0.0072
AUPRC: 0.3253 ± 0.0026

------------------------- weibo -------------------------
AUROC: 0.7933 ± 0.0103
AUPRC: 0.3350 ± 0.0035

------------------------- Reddit -------------------------
AUROC: 0.5914 ± 0.0011
AUPRC: 0.0466 ± 0.0004

------------------------- Amazon -------------------------
AUROC: 0.7272 ± 0.0095
AUPRC: 0.1327 ± 0.0035


======================================================================
训练完成！
所有模型已保存到: /autodl-fs/data/recap/tuning_hyperparams/interaction_tuning/k_c_heatmap_results/k_c_paper_v2_auprc_best/checkpoints/k30__C36/recap/
======================================================================

