/root/miniconda3/lib/python3.12/site-packages/torch_geometric/__init__.py:4: UserWarning: An issue occurred while importing 'torch-scatter'. Disabling its usage. Stacktrace: Could not load this library: /root/miniconda3/lib/python3.12/site-packages/torch_scatter/_version_cuda.so
  import torch_geometric.typing
/root/miniconda3/lib/python3.12/site-packages/torch_geometric/__init__.py:4: UserWarning: An issue occurred while importing 'torch-cluster'. Disabling its usage. Stacktrace: Could not load this library: /root/miniconda3/lib/python3.12/site-packages/torch_cluster/_version_cuda.so
  import torch_geometric.typing
/root/miniconda3/lib/python3.12/site-packages/torch_geometric/__init__.py:4: UserWarning: An issue occurred while importing 'torch-spline-conv'. Disabling its usage. Stacktrace: Could not load this library: /root/miniconda3/lib/python3.12/site-packages/torch_spline_conv/_version_cuda.so
  import torch_geometric.typing
/root/miniconda3/lib/python3.12/site-packages/torch_geometric/__init__.py:4: UserWarning: An issue occurred while importing 'torch-sparse'. Disabling its usage. Stacktrace: Could not load this library: /root/miniconda3/lib/python3.12/site-packages/torch_sparse/_version_cuda.so
  import torch_geometric.typing
使用保存的最佳模型配置

======================================================================
recap 异常检测模型训练
======================================================================

📋 训练配置:
  device: cuda:0
  epochs: 100
  trials: 3
  seed: 0
  output_dir: /autodl-fs/data/recap/tuning_hyperparams/interaction_tuning/k_c_heatmap_results/k_c_paper_v2_auprc_best/checkpoints/k30__C40
  save_checkpoint: True
  early_stop: False
  patience: 30
  log_diagnostics: True
  diagnostics_interval: 10

🔧 模型配置:
  model: recap
  lr: 5e-05
  dropout_rate: 0.2
  h_feats: 256
  num_hops: 4
  weight_decay: 5e-05
  dims: 32
  num_layers: 2
  activation: ELU
  num_views: 1
  num_clusters: 40
  knn_k: 30
  cluster_lr_multiplier: 10.0
  tau_s: 0.3
  tau_c: 0.3
  cluster_init_gain: 1.5
  sim_block_size: 256
  knn_cache_enabled: True
  knn_cache_dir: /autodl-fs/data/recap/knn_cache
  knn_search_dtype: auto
  lambda_H: 0.1
  lambda_bal: 0.0
  lambda_E: 0.1
  lambda_usage_entropy: 0.1
  assignment_entropy_lower: 0.45
  assignment_entropy_upper: 0.85
  usage_entropy_lower: 0.65
  usage_entropy_upper: 0.9
  gamma: 0.1
  tau_e: 1.0
  beta: 0.02
  eps: 1e-08
  lambda_ortho: 0.1
  lambda_min_usage: 0.0
  lambda_diversity: 0.1
  min_cluster_ratio: 0.1

💾 保存设置:
  保存目录：/autodl-fs/data/recap/tuning_hyperparams/interaction_tuning/k_c_heatmap_results/k_c_paper_v2_auprc_best/checkpoints/k30__C40
  保存检查点：True
======================================================================


📊 使用指定的训练数据集: ['pubmed', 'Flickr', 'questions', 'YelpChi']

📊 使用指定的测试数据集: ['Facebook', 'cora', 'citeseer', 'ACM', 'BlogCatalog', 'weibo', 'Reddit', 'Amazon']
加载 4 个训练数据集: ['pubmed', 'Flickr', 'questions', 'YelpChi']
加载 8 个测试数据集: ['Facebook', 'cora', 'citeseer', 'ACM', 'BlogCatalog', 'weibo', 'Reddit', 'Amazon']
进行 4 跳特征传播...

======================================================================
Trial 0 开始训练 (seed=0)
======================================================================
🔧 模型初始化视图数: 1 (单视图模式)

--- 训练阶段 ---
开始训练，共 100 个epochs...
关闭early stopping，训练将跑满设定epochs
🔧 Assignment layer LR multiplier: 10 (base_lr=5e-05, assignment_lr=0.0005)
Epoch [1/100], Average Loss: 0.595166
  Diagnostics: H_ent_norm=0.8489, H_maxp=0.1678, pi_ent_norm=0.9941, pi_std=0.004946, effC=39.14, Lvar=0.000000, Lvar_active=0.0000, scale/adh_std=1
Epoch [10/100], Average Loss: 0.408656
  Diagnostics: H_ent_norm=0.7290, H_maxp=0.3103, pi_ent_norm=0.9400, pi_std=0.017980, effC=32.43, Lvar=0.000000, Lvar_active=0.0000, scale/adh_std=1
Epoch [20/100], Average Loss: 0.343744
  Diagnostics: H_ent_norm=0.6679, H_maxp=0.3750, pi_ent_norm=0.9024, pi_std=0.024681, effC=28.70, Lvar=0.000000, Lvar_active=0.0000, scale/adh_std=1
Epoch [30/100], Average Loss: 0.318315
  Diagnostics: H_ent_norm=0.6467, H_maxp=0.3979, pi_ent_norm=0.8838, pi_std=0.028226, effC=27.09, Lvar=0.000000, Lvar_active=0.0000, scale/adh_std=1
Epoch [40/100], Average Loss: 0.303112
  Diagnostics: H_ent_norm=0.6376, H_maxp=0.4079, pi_ent_norm=0.8713, pi_std=0.031119, effC=26.03, Lvar=0.000000, Lvar_active=0.0000, scale/adh_std=1
Epoch [50/100], Average Loss: 0.286669
  Diagnostics: H_ent_norm=0.6293, H_maxp=0.4170, pi_ent_norm=0.8588, pi_std=0.034448, effC=25.02, Lvar=0.000000, Lvar_active=0.0000, scale/adh_std=1
Epoch [60/100], Average Loss: 0.270804
  Diagnostics: H_ent_norm=0.6184, H_maxp=0.4268, pi_ent_norm=0.8467, pi_std=0.038126, effC=24.06, Lvar=0.000000, Lvar_active=0.0000, scale/adh_std=1
Epoch [70/100], Average Loss: 0.258907
  Diagnostics: H_ent_norm=0.6086, H_maxp=0.4355, pi_ent_norm=0.8354, pi_std=0.041575, effC=23.22, Lvar=0.000000, Lvar_active=0.0000, scale/adh_std=1
Epoch [80/100], Average Loss: 0.249811
  Diagnostics: H_ent_norm=0.5977, H_maxp=0.4454, pi_ent_norm=0.8256, pi_std=0.044116, effC=22.51, Lvar=0.000000, Lvar_active=0.0000, scale/adh_std=1
Epoch [90/100], Average Loss: 0.241236
  Diagnostics: H_ent_norm=0.5940, H_maxp=0.4492, pi_ent_norm=0.8175, pi_std=0.046362, effC=21.92, Lvar=0.000000, Lvar_active=0.0000, scale/adh_std=1
Epoch [100/100], Average Loss: 0.234715
  Diagnostics: H_ent_norm=0.5883, H_maxp=0.4558, pi_ent_norm=0.8073, pi_std=0.048926, effC=21.17, Lvar=0.000000, Lvar_active=0.0000, scale/adh_std=1
训练完成！实际训练 100 个epochs

--- 评估阶段 ---
  Facebook: AUROC=0.6004, AUPRC=0.0728
  cora: AUROC=0.8259, AUPRC=0.4321
  citeseer: AUROC=0.9074, AUPRC=0.4621
  ACM: AUROC=0.7858, AUPRC=0.3725
  BlogCatalog: AUROC=0.7279, AUPRC=0.3322
  weibo: AUROC=0.7402, AUPRC=0.3214
  Reddit: AUROC=0.5915, AUPRC=0.0469
  Amazon: AUROC=0.7158, AUPRC=0.1267

--- 保存模型 ---
检查点已保存到: /autodl-fs/data/recap/tuning_hyperparams/interaction_tuning/k_c_heatmap_results/k_c_paper_v2_auprc_best/checkpoints/k30__C40/recap/trial_0/model.pt
模型已保存到: /autodl-fs/data/recap/tuning_hyperparams/interaction_tuning/k_c_heatmap_results/k_c_paper_v2_auprc_best/checkpoints/k30__C40/recap/trial_0/model.pt

======================================================================
Trial 1 开始训练 (seed=1)
======================================================================
🔧 模型初始化视图数: 1 (单视图模式)

--- 训练阶段 ---
开始训练，共 100 个epochs...
关闭early stopping，训练将跑满设定epochs
🔧 Assignment layer LR multiplier: 10 (base_lr=5e-05, assignment_lr=0.0005)
Epoch [1/100], Average Loss: 0.599731
  Diagnostics: H_ent_norm=0.8438, H_maxp=0.1712, pi_ent_norm=0.9949, pi_std=0.004582, effC=39.26, Lvar=0.000001, Lvar_active=0.0002, scale/adh_std=1
Epoch [10/100], Average Loss: 0.397462
  Diagnostics: H_ent_norm=0.7383, H_maxp=0.2980, pi_ent_norm=0.9514, pi_std=0.016006, effC=33.65, Lvar=0.000001, Lvar_active=0.0002, scale/adh_std=1
Epoch [20/100], Average Loss: 0.341739
  Diagnostics: H_ent_norm=0.6988, H_maxp=0.3415, pi_ent_norm=0.9339, pi_std=0.019906, effC=31.68, Lvar=0.000001, Lvar_active=0.0002, scale/adh_std=1
Epoch [30/100], Average Loss: 0.311696
  Diagnostics: H_ent_norm=0.6789, H_maxp=0.3646, pi_ent_norm=0.9203, pi_std=0.023277, effC=30.25, Lvar=0.000001, Lvar_active=0.0002, scale/adh_std=1
Epoch [40/100], Average Loss: 0.291804
  Diagnostics: H_ent_norm=0.6559, H_maxp=0.3920, pi_ent_norm=0.9005, pi_std=0.027573, effC=28.33, Lvar=0.000001, Lvar_active=0.0002, scale/adh_std=1
Epoch [50/100], Average Loss: 0.278439
  Diagnostics: H_ent_norm=0.6296, H_maxp=0.4218, pi_ent_norm=0.8784, pi_std=0.032165, effC=26.35, Lvar=0.000001, Lvar_active=0.0002, scale/adh_std=1
Epoch [60/100], Average Loss: 0.266066
  Diagnostics: H_ent_norm=0.6070, H_maxp=0.4489, pi_ent_norm=0.8590, pi_std=0.036478, effC=24.60, Lvar=0.000001, Lvar_active=0.0002, scale/adh_std=1
Epoch [70/100], Average Loss: 0.250519
  Diagnostics: H_ent_norm=0.5821, H_maxp=0.4811, pi_ent_norm=0.8316, pi_std=0.043333, effC=22.02, Lvar=0.000001, Lvar_active=0.0002, scale/adh_std=1
Epoch [80/100], Average Loss: 0.230457
  Diagnostics: H_ent_norm=0.5521, H_maxp=0.5158, pi_ent_norm=0.7932, pi_std=0.052663, effC=18.75, Lvar=0.000001, Lvar_active=0.0002, scale/adh_std=1
Epoch [90/100], Average Loss: 0.207785
  Diagnostics: H_ent_norm=0.5091, H_maxp=0.5542, pi_ent_norm=0.7406, pi_std=0.063388, effC=15.49, Lvar=0.000002, Lvar_active=0.0002, scale/adh_std=1
Epoch [100/100], Average Loss: 0.190656
  Diagnostics: H_ent_norm=0.4833, H_maxp=0.5718, pi_ent_norm=0.7015, pi_std=0.070675, effC=13.73, Lvar=0.000002, Lvar_active=0.0002, scale/adh_std=1
训练完成！实际训练 100 个epochs

--- 评估阶段 ---
  Facebook: AUROC=0.5933, AUPRC=0.0569
  cora: AUROC=0.8267, AUPRC=0.4292
  citeseer: AUROC=0.8999, AUPRC=0.4606
  ACM: AUROC=0.7829, AUPRC=0.3717
  BlogCatalog: AUROC=0.7359, AUPRC=0.3299
  weibo: AUROC=0.8030, AUPRC=0.3336
  Reddit: AUROC=0.5952, AUPRC=0.0465
  Amazon: AUROC=0.7174, AUPRC=0.1259

--- 保存模型 ---
检查点已保存到: /autodl-fs/data/recap/tuning_hyperparams/interaction_tuning/k_c_heatmap_results/k_c_paper_v2_auprc_best/checkpoints/k30__C40/recap/trial_1/model.pt
模型已保存到: /autodl-fs/data/recap/tuning_hyperparams/interaction_tuning/k_c_heatmap_results/k_c_paper_v2_auprc_best/checkpoints/k30__C40/recap/trial_1/model.pt

======================================================================
Trial 2 开始训练 (seed=2)
======================================================================
🔧 模型初始化视图数: 1 (单视图模式)

--- 训练阶段 ---
开始训练，共 100 个epochs...
关闭early stopping，训练将跑满设定epochs
🔧 Assignment layer LR multiplier: 10 (base_lr=5e-05, assignment_lr=0.0005)
Epoch [1/100], Average Loss: 0.587711
  Diagnostics: H_ent_norm=0.8446, H_maxp=0.1733, pi_ent_norm=0.9928, pi_std=0.005515, effC=38.95, Lvar=0.000000, Lvar_active=0.0000, scale/adh_std=1
Epoch [10/100], Average Loss: 0.400837
  Diagnostics: H_ent_norm=0.7246, H_maxp=0.3162, pi_ent_norm=0.9373, pi_std=0.018868, effC=32.06, Lvar=0.000000, Lvar_active=0.0000, scale/adh_std=1
Epoch [20/100], Average Loss: 0.338963
  Diagnostics: H_ent_norm=0.6586, H_maxp=0.3857, pi_ent_norm=0.8969, pi_std=0.026459, effC=28.11, Lvar=0.000000, Lvar_active=0.0000, scale/adh_std=1
Epoch [30/100], Average Loss: 0.311864
  Diagnostics: H_ent_norm=0.6296, H_maxp=0.4166, pi_ent_norm=0.8775, pi_std=0.029547, effC=26.45, Lvar=0.000000, Lvar_active=0.0000, scale/adh_std=1
Epoch [40/100], Average Loss: 0.295655
  Diagnostics: H_ent_norm=0.6212, H_maxp=0.4264, pi_ent_norm=0.8705, pi_std=0.031065, effC=25.84, Lvar=0.000000, Lvar_active=0.0000, scale/adh_std=1
Epoch [50/100], Average Loss: 0.282583
  Diagnostics: H_ent_norm=0.6147, H_maxp=0.4349, pi_ent_norm=0.8620, pi_std=0.033225, effC=25.13, Lvar=0.000000, Lvar_active=0.0000, scale/adh_std=1
Epoch [60/100], Average Loss: 0.270116
  Diagnostics: H_ent_norm=0.6092, H_maxp=0.4430, pi_ent_norm=0.8539, pi_std=0.035409, effC=24.46, Lvar=0.000000, Lvar_active=0.0000, scale/adh_std=1
Epoch [70/100], Average Loss: 0.261343
  Diagnostics: H_ent_norm=0.6007, H_maxp=0.4535, pi_ent_norm=0.8435, pi_std=0.038166, effC=23.60, Lvar=0.000000, Lvar_active=0.0000, scale/adh_std=1
Epoch [80/100], Average Loss: 0.250715
  Diagnostics: H_ent_norm=0.5886, H_maxp=0.4683, pi_ent_norm=0.8288, pi_std=0.042009, effC=22.37, Lvar=0.000000, Lvar_active=0.0000, scale/adh_std=1
Epoch [90/100], Average Loss: 0.236725
  Diagnostics: H_ent_norm=0.5768, H_maxp=0.4853, pi_ent_norm=0.8102, pi_std=0.047318, effC=20.69, Lvar=0.000000, Lvar_active=0.0000, scale/adh_std=1
Epoch [100/100], Average Loss: 0.217583
  Diagnostics: H_ent_norm=0.5514, H_maxp=0.5154, pi_ent_norm=0.7776, pi_std=0.055398, effC=17.88, Lvar=0.000000, Lvar_active=0.0000, scale/adh_std=1
训练完成！实际训练 100 个epochs

--- 评估阶段 ---
  Facebook: AUROC=0.5796, AUPRC=0.0336
  cora: AUROC=0.8229, AUPRC=0.3984
  citeseer: AUROC=0.9046, AUPRC=0.4583
  ACM: AUROC=0.7818, AUPRC=0.3755
  BlogCatalog: AUROC=0.7351, AUPRC=0.3286
  weibo: AUROC=0.8008, AUPRC=0.3254
  Reddit: AUROC=0.5860, AUPRC=0.0456
  Amazon: AUROC=0.7275, AUPRC=0.1331

--- 保存模型 ---
检查点已保存到: /autodl-fs/data/recap/tuning_hyperparams/interaction_tuning/k_c_heatmap_results/k_c_paper_v2_auprc_best/checkpoints/k30__C40/recap/trial_2/model.pt
模型已保存到: /autodl-fs/data/recap/tuning_hyperparams/interaction_tuning/k_c_heatmap_results/k_c_paper_v2_auprc_best/checkpoints/k30__C40/recap/trial_2/model.pt

======================================================================
聚合 3 次试验的结果
======================================================================

------------------------- Facebook -------------------------
AUROC: 0.5911 ± 0.0086
AUPRC: 0.0545 ± 0.0161

------------------------- cora -------------------------
AUROC: 0.8252 ± 0.0016
AUPRC: 0.4199 ± 0.0152

------------------------- citeseer -------------------------
AUROC: 0.9040 ± 0.0031
AUPRC: 0.4603 ± 0.0015

------------------------- ACM -------------------------
AUROC: 0.7835 ± 0.0017
AUPRC: 0.3732 ± 0.0016

------------------------- BlogCatalog -------------------------
AUROC: 0.7330 ± 0.0036
AUPRC: 0.3302 ± 0.0015

------------------------- weibo -------------------------
AUROC: 0.7813 ± 0.0291
AUPRC: 0.3268 ± 0.0051

------------------------- Reddit -------------------------
AUROC: 0.5909 ± 0.0038
AUPRC: 0.0463 ± 0.0006

------------------------- Amazon -------------------------
AUROC: 0.7202 ± 0.0052
AUPRC: 0.1286 ± 0.0032


======================================================================
训练完成！
所有模型已保存到: /autodl-fs/data/recap/tuning_hyperparams/interaction_tuning/k_c_heatmap_results/k_c_paper_v2_auprc_best/checkpoints/k30__C40/recap/
======================================================================

