/root/miniconda3/lib/python3.12/site-packages/torch_geometric/__init__.py:4: UserWarning: An issue occurred while importing 'torch-scatter'. Disabling its usage. Stacktrace: Could not load this library: /root/miniconda3/lib/python3.12/site-packages/torch_scatter/_version_cuda.so
  import torch_geometric.typing
/root/miniconda3/lib/python3.12/site-packages/torch_geometric/__init__.py:4: UserWarning: An issue occurred while importing 'torch-cluster'. Disabling its usage. Stacktrace: Could not load this library: /root/miniconda3/lib/python3.12/site-packages/torch_cluster/_version_cuda.so
  import torch_geometric.typing
/root/miniconda3/lib/python3.12/site-packages/torch_geometric/__init__.py:4: UserWarning: An issue occurred while importing 'torch-spline-conv'. Disabling its usage. Stacktrace: Could not load this library: /root/miniconda3/lib/python3.12/site-packages/torch_spline_conv/_version_cuda.so
  import torch_geometric.typing
/root/miniconda3/lib/python3.12/site-packages/torch_geometric/__init__.py:4: UserWarning: An issue occurred while importing 'torch-sparse'. Disabling its usage. Stacktrace: Could not load this library: /root/miniconda3/lib/python3.12/site-packages/torch_sparse/_version_cuda.so
  import torch_geometric.typing
使用保存的最佳模型配置

======================================================================
recap 异常检测模型训练
======================================================================

📋 训练配置:
  device: cuda:0
  epochs: 100
  trials: 3
  seed: 0
  output_dir: /autodl-fs/data/recap/tuning_hyperparams/interaction_tuning/k_c_heatmap_results/k_c_paper_v2_auprc_best/checkpoints/k36__C20
  save_checkpoint: True
  early_stop: False
  patience: 30
  log_diagnostics: True
  diagnostics_interval: 10

🔧 模型配置:
  model: recap
  lr: 5e-05
  dropout_rate: 0.2
  h_feats: 256
  num_hops: 4
  weight_decay: 5e-05
  dims: 32
  num_layers: 2
  activation: ELU
  num_views: 1
  num_clusters: 20
  knn_k: 36
  cluster_lr_multiplier: 10.0
  tau_s: 0.3
  tau_c: 0.3
  cluster_init_gain: 1.5
  sim_block_size: 256
  knn_cache_enabled: True
  knn_cache_dir: /autodl-fs/data/recap/knn_cache
  knn_search_dtype: auto
  lambda_H: 0.1
  lambda_bal: 0.0
  lambda_E: 0.1
  lambda_usage_entropy: 0.1
  assignment_entropy_lower: 0.45
  assignment_entropy_upper: 0.85
  usage_entropy_lower: 0.65
  usage_entropy_upper: 0.9
  gamma: 0.1
  tau_e: 1.0
  beta: 0.02
  eps: 1e-08
  lambda_ortho: 0.1
  lambda_min_usage: 0.0
  lambda_diversity: 0.1
  min_cluster_ratio: 0.1

💾 保存设置:
  保存目录：/autodl-fs/data/recap/tuning_hyperparams/interaction_tuning/k_c_heatmap_results/k_c_paper_v2_auprc_best/checkpoints/k36__C20
  保存检查点：True
======================================================================


📊 使用指定的训练数据集: ['pubmed', 'Flickr', 'questions', 'YelpChi']

📊 使用指定的测试数据集: ['Facebook', 'cora', 'citeseer', 'ACM', 'BlogCatalog', 'weibo', 'Reddit', 'Amazon']
加载 4 个训练数据集: ['pubmed', 'Flickr', 'questions', 'YelpChi']
加载 8 个测试数据集: ['Facebook', 'cora', 'citeseer', 'ACM', 'BlogCatalog', 'weibo', 'Reddit', 'Amazon']
进行 4 跳特征传播...

======================================================================
Trial 0 开始训练 (seed=0)
======================================================================
🔧 模型初始化视图数: 1 (单视图模式)

--- 训练阶段 ---
开始训练，共 100 个epochs...
关闭early stopping，训练将跑满设定epochs
🔧 Assignment layer LR multiplier: 10 (base_lr=5e-05, assignment_lr=0.0005)
Epoch [1/100], Average Loss: 0.513214
  Diagnostics: H_ent_norm=0.8294, H_maxp=0.2354, pi_ent_norm=0.9935, pi_std=0.009291, effC=19.62, Lvar=0.000000, Lvar_active=0.0000, scale/adh_std=1
Epoch [10/100], Average Loss: 0.357264
  Diagnostics: H_ent_norm=0.7238, H_maxp=0.3576, pi_ent_norm=0.9472, pi_std=0.029170, effC=17.16, Lvar=0.000000, Lvar_active=0.0000, scale/adh_std=1
Epoch [20/100], Average Loss: 0.296244
  Diagnostics: H_ent_norm=0.6696, H_maxp=0.4141, pi_ent_norm=0.9118, pi_std=0.039644, effC=15.57, Lvar=0.000000, Lvar_active=0.0000, scale/adh_std=1
Epoch [30/100], Average Loss: 0.274642
  Diagnostics: H_ent_norm=0.6637, H_maxp=0.4236, pi_ent_norm=0.8998, pi_std=0.043791, effC=15.07, Lvar=0.000000, Lvar_active=0.0000, scale/adh_std=1
Epoch [40/100], Average Loss: 0.259441
  Diagnostics: H_ent_norm=0.6667, H_maxp=0.4226, pi_ent_norm=0.8951, pi_std=0.046357, effC=14.86, Lvar=0.000000, Lvar_active=0.0000, scale/adh_std=1
Epoch [50/100], Average Loss: 0.243975
  Diagnostics: H_ent_norm=0.6804, H_maxp=0.4097, pi_ent_norm=0.8929, pi_std=0.050157, effC=14.75, Lvar=0.000000, Lvar_active=0.0000, scale/adh_std=1
Epoch [60/100], Average Loss: 0.224672
  Diagnostics: H_ent_norm=0.6777, H_maxp=0.4149, pi_ent_norm=0.8737, pi_std=0.058293, effC=13.94, Lvar=0.000000, Lvar_active=0.0000, scale/adh_std=1
Epoch [70/100], Average Loss: 0.202803
  Diagnostics: H_ent_norm=0.6368, H_maxp=0.4614, pi_ent_norm=0.8330, pi_std=0.071806, effC=12.30, Lvar=0.000000, Lvar_active=0.0000, scale/adh_std=1
Epoch [80/100], Average Loss: 0.182368
  Diagnostics: H_ent_norm=0.5737, H_maxp=0.5243, pi_ent_norm=0.7760, pi_std=0.088149, effC=10.27, Lvar=0.000000, Lvar_active=0.0000, scale/adh_std=1
Epoch [90/100], Average Loss: 0.165337
  Diagnostics: H_ent_norm=0.5153, H_maxp=0.5730, pi_ent_norm=0.7170, pi_std=0.102761, effC=8.66, Lvar=0.000000, Lvar_active=0.0000, scale/adh_std=1
Epoch [100/100], Average Loss: 0.153135
  Diagnostics: H_ent_norm=0.4907, H_maxp=0.5901, pi_ent_norm=0.6844, pi_std=0.110195, effC=7.93, Lvar=0.000000, Lvar_active=0.0000, scale/adh_std=1
训练完成！实际训练 100 个epochs

--- 评估阶段 ---
  Facebook: AUROC=0.6020, AUPRC=0.0729
  cora: AUROC=0.8276, AUPRC=0.4402
  citeseer: AUROC=0.9044, AUPRC=0.4562
  ACM: AUROC=0.7897, AUPRC=0.3715
  BlogCatalog: AUROC=0.7273, AUPRC=0.3295
  weibo: AUROC=0.7761, AUPRC=0.3238
  Reddit: AUROC=0.5973, AUPRC=0.0485
  Amazon: AUROC=0.7401, AUPRC=0.1381

--- 保存模型 ---
检查点已保存到: /autodl-fs/data/recap/tuning_hyperparams/interaction_tuning/k_c_heatmap_results/k_c_paper_v2_auprc_best/checkpoints/k36__C20/recap/trial_0/model.pt
模型已保存到: /autodl-fs/data/recap/tuning_hyperparams/interaction_tuning/k_c_heatmap_results/k_c_paper_v2_auprc_best/checkpoints/k36__C20/recap/trial_0/model.pt

======================================================================
Trial 1 开始训练 (seed=1)
======================================================================
🔧 模型初始化视图数: 1 (单视图模式)

--- 训练阶段 ---
开始训练，共 100 个epochs...
关闭early stopping，训练将跑满设定epochs
🔧 Assignment layer LR multiplier: 10 (base_lr=5e-05, assignment_lr=0.0005)
Epoch [1/100], Average Loss: 0.513970
  Diagnostics: H_ent_norm=0.8350, H_maxp=0.2274, pi_ent_norm=0.9954, pi_std=0.007611, effC=19.73, Lvar=0.000001, Lvar_active=0.0002, scale/adh_std=1
Epoch [10/100], Average Loss: 0.359019
  Diagnostics: H_ent_norm=0.7323, H_maxp=0.3448, pi_ent_norm=0.9579, pi_std=0.023709, effC=17.71, Lvar=0.000001, Lvar_active=0.0002, scale/adh_std=1
Epoch [20/100], Average Loss: 0.301346
  Diagnostics: H_ent_norm=0.6748, H_maxp=0.4066, pi_ent_norm=0.9304, pi_std=0.032742, effC=16.40, Lvar=0.000000, Lvar_active=0.0002, scale/adh_std=1
Epoch [30/100], Average Loss: 0.275039
  Diagnostics: H_ent_norm=0.6519, H_maxp=0.4293, pi_ent_norm=0.9118, pi_std=0.038992, effC=15.58, Lvar=0.000001, Lvar_active=0.0002, scale/adh_std=1
Epoch [40/100], Average Loss: 0.258188
  Diagnostics: H_ent_norm=0.6363, H_maxp=0.4464, pi_ent_norm=0.8951, pi_std=0.044072, effC=14.91, Lvar=0.000001, Lvar_active=0.0002, scale/adh_std=1
Epoch [50/100], Average Loss: 0.249036
  Diagnostics: H_ent_norm=0.6294, H_maxp=0.4540, pi_ent_norm=0.8868, pi_std=0.046812, effC=14.58, Lvar=0.000001, Lvar_active=0.0002, scale/adh_std=1
Epoch [60/100], Average Loss: 0.239260
  Diagnostics: H_ent_norm=0.6256, H_maxp=0.4577, pi_ent_norm=0.8787, pi_std=0.049482, effC=14.27, Lvar=0.000001, Lvar_active=0.0002, scale/adh_std=1
Epoch [70/100], Average Loss: 0.230654
  Diagnostics: H_ent_norm=0.6201, H_maxp=0.4633, pi_ent_norm=0.8702, pi_std=0.052156, effC=13.95, Lvar=0.000001, Lvar_active=0.0002, scale/adh_std=1
Epoch [80/100], Average Loss: 0.224679
  Diagnostics: H_ent_norm=0.6184, H_maxp=0.4647, pi_ent_norm=0.8659, pi_std=0.053582, effC=13.80, Lvar=0.000001, Lvar_active=0.0002, scale/adh_std=1
Epoch [90/100], Average Loss: 0.219505
  Diagnostics: H_ent_norm=0.6147, H_maxp=0.4669, pi_ent_norm=0.8607, pi_std=0.055381, effC=13.60, Lvar=0.000001, Lvar_active=0.0002, scale/adh_std=1
Epoch [100/100], Average Loss: 0.213503
  Diagnostics: H_ent_norm=0.6117, H_maxp=0.4685, pi_ent_norm=0.8563, pi_std=0.056865, effC=13.45, Lvar=0.000001, Lvar_active=0.0002, scale/adh_std=1
训练完成！实际训练 100 个epochs

--- 评估阶段 ---
  Facebook: AUROC=0.5898, AUPRC=0.0514
  cora: AUROC=0.8261, AUPRC=0.4148
  citeseer: AUROC=0.9003, AUPRC=0.4673
  ACM: AUROC=0.7772, AUPRC=0.3737
  BlogCatalog: AUROC=0.7312, AUPRC=0.3352
  weibo: AUROC=0.7851, AUPRC=0.3091
  Reddit: AUROC=0.5931, AUPRC=0.0470
  Amazon: AUROC=0.7198, AUPRC=0.1228

--- 保存模型 ---
检查点已保存到: /autodl-fs/data/recap/tuning_hyperparams/interaction_tuning/k_c_heatmap_results/k_c_paper_v2_auprc_best/checkpoints/k36__C20/recap/trial_1/model.pt
模型已保存到: /autodl-fs/data/recap/tuning_hyperparams/interaction_tuning/k_c_heatmap_results/k_c_paper_v2_auprc_best/checkpoints/k36__C20/recap/trial_1/model.pt

======================================================================
Trial 2 开始训练 (seed=2)
======================================================================
🔧 模型初始化视图数: 1 (单视图模式)

--- 训练阶段 ---
开始训练，共 100 个epochs...
关闭early stopping，训练将跑满设定epochs
🔧 Assignment layer LR multiplier: 10 (base_lr=5e-05, assignment_lr=0.0005)
Epoch [1/100], Average Loss: 0.511882
  Diagnostics: H_ent_norm=0.8275, H_maxp=0.2360, pi_ent_norm=0.9934, pi_std=0.009304, effC=19.61, Lvar=0.000000, Lvar_active=0.0000, scale/adh_std=1
Epoch [10/100], Average Loss: 0.363841
  Diagnostics: H_ent_norm=0.7101, H_maxp=0.3664, pi_ent_norm=0.9362, pi_std=0.031323, effC=16.66, Lvar=0.000000, Lvar_active=0.0000, scale/adh_std=1
Epoch [20/100], Average Loss: 0.313989
  Diagnostics: H_ent_norm=0.6460, H_maxp=0.4394, pi_ent_norm=0.8885, pi_std=0.044825, effC=14.64, Lvar=0.000000, Lvar_active=0.0000, scale/adh_std=1
Epoch [30/100], Average Loss: 0.280310
  Diagnostics: H_ent_norm=0.6231, H_maxp=0.4683, pi_ent_norm=0.8593, pi_std=0.053120, effC=13.55, Lvar=0.000000, Lvar_active=0.0000, scale/adh_std=1
Epoch [40/100], Average Loss: 0.258003
  Diagnostics: H_ent_norm=0.6075, H_maxp=0.4870, pi_ent_norm=0.8365, pi_std=0.059534, effC=12.79, Lvar=0.000000, Lvar_active=0.0000, scale/adh_std=1
Epoch [50/100], Average Loss: 0.243981
  Diagnostics: H_ent_norm=0.6009, H_maxp=0.4950, pi_ent_norm=0.8222, pi_std=0.064136, effC=12.34, Lvar=0.000000, Lvar_active=0.0000, scale/adh_std=1
Epoch [60/100], Average Loss: 0.233261
  Diagnostics: H_ent_norm=0.6024, H_maxp=0.4949, pi_ent_norm=0.8164, pi_std=0.066758, effC=12.14, Lvar=0.000000, Lvar_active=0.0000, scale/adh_std=1
Epoch [70/100], Average Loss: 0.224228
  Diagnostics: H_ent_norm=0.5997, H_maxp=0.4970, pi_ent_norm=0.8112, pi_std=0.070373, effC=11.92, Lvar=0.000000, Lvar_active=0.0000, scale/adh_std=1
Epoch [80/100], Average Loss: 0.204950
  Diagnostics: H_ent_norm=0.6061, H_maxp=0.4859, pi_ent_norm=0.8062, pi_std=0.077157, effC=11.58, Lvar=0.000000, Lvar_active=0.0000, scale/adh_std=1
Epoch [90/100], Average Loss: 0.182417
  Diagnostics: H_ent_norm=0.5781, H_maxp=0.5097, pi_ent_norm=0.7698, pi_std=0.089345, effC=10.21, Lvar=0.000000, Lvar_active=0.0000, scale/adh_std=1
Epoch [100/100], Average Loss: 0.160920
  Diagnostics: H_ent_norm=0.5370, H_maxp=0.5480, pi_ent_norm=0.7242, pi_std=0.101292, effC=8.83, Lvar=0.000000, Lvar_active=0.0000, scale/adh_std=1
训练完成！实际训练 100 个epochs

--- 评估阶段 ---
  Facebook: AUROC=0.5838, AUPRC=0.0431
  cora: AUROC=0.8111, AUPRC=0.3878
  citeseer: AUROC=0.9022, AUPRC=0.4460
  ACM: AUROC=0.7799, AUPRC=0.3765
  BlogCatalog: AUROC=0.7304, AUPRC=0.3277
  weibo: AUROC=0.7845, AUPRC=0.3293
  Reddit: AUROC=0.5913, AUPRC=0.0464
  Amazon: AUROC=0.7160, AUPRC=0.1278

--- 保存模型 ---
检查点已保存到: /autodl-fs/data/recap/tuning_hyperparams/interaction_tuning/k_c_heatmap_results/k_c_paper_v2_auprc_best/checkpoints/k36__C20/recap/trial_2/model.pt
模型已保存到: /autodl-fs/data/recap/tuning_hyperparams/interaction_tuning/k_c_heatmap_results/k_c_paper_v2_auprc_best/checkpoints/k36__C20/recap/trial_2/model.pt

======================================================================
聚合 3 次试验的结果
======================================================================

------------------------- Facebook -------------------------
AUROC: 0.5919 ± 0.0076
AUPRC: 0.0558 ± 0.0125

------------------------- cora -------------------------
AUROC: 0.8216 ± 0.0075
AUPRC: 0.4143 ± 0.0214

------------------------- citeseer -------------------------
AUROC: 0.9023 ± 0.0017
AUPRC: 0.4565 ± 0.0087

------------------------- ACM -------------------------
AUROC: 0.7823 ± 0.0054
AUPRC: 0.3739 ± 0.0020

------------------------- BlogCatalog -------------------------
AUROC: 0.7297 ± 0.0017
AUPRC: 0.3308 ± 0.0032

------------------------- weibo -------------------------
AUROC: 0.7819 ± 0.0041
AUPRC: 0.3208 ± 0.0085

------------------------- Reddit -------------------------
AUROC: 0.5939 ± 0.0025
AUPRC: 0.0473 ± 0.0009

------------------------- Amazon -------------------------
AUROC: 0.7253 ± 0.0106
AUPRC: 0.1296 ± 0.0063


======================================================================
训练完成！
所有模型已保存到: /autodl-fs/data/recap/tuning_hyperparams/interaction_tuning/k_c_heatmap_results/k_c_paper_v2_auprc_best/checkpoints/k36__C20/recap/
======================================================================

