/root/miniconda3/lib/python3.12/site-packages/torch_geometric/__init__.py:4: UserWarning: An issue occurred while importing 'torch-scatter'. Disabling its usage. Stacktrace: Could not load this library: /root/miniconda3/lib/python3.12/site-packages/torch_scatter/_version_cuda.so
  import torch_geometric.typing
/root/miniconda3/lib/python3.12/site-packages/torch_geometric/__init__.py:4: UserWarning: An issue occurred while importing 'torch-cluster'. Disabling its usage. Stacktrace: Could not load this library: /root/miniconda3/lib/python3.12/site-packages/torch_cluster/_version_cuda.so
  import torch_geometric.typing
/root/miniconda3/lib/python3.12/site-packages/torch_geometric/__init__.py:4: UserWarning: An issue occurred while importing 'torch-spline-conv'. Disabling its usage. Stacktrace: Could not load this library: /root/miniconda3/lib/python3.12/site-packages/torch_spline_conv/_version_cuda.so
  import torch_geometric.typing
/root/miniconda3/lib/python3.12/site-packages/torch_geometric/__init__.py:4: UserWarning: An issue occurred while importing 'torch-sparse'. Disabling its usage. Stacktrace: Could not load this library: /root/miniconda3/lib/python3.12/site-packages/torch_sparse/_version_cuda.so
  import torch_geometric.typing
使用保存的最佳模型配置

======================================================================
recap 异常检测模型训练
======================================================================

📋 训练配置:
  device: cuda:0
  epochs: 100
  trials: 3
  seed: 0
  output_dir: /autodl-fs/data/recap/tuning_hyperparams/interaction_tuning/k_c_heatmap_results/k_c_paper_v2_auprc_best/checkpoints/k36__C48
  save_checkpoint: True
  early_stop: False
  patience: 30
  log_diagnostics: True
  diagnostics_interval: 10

🔧 模型配置:
  model: recap
  lr: 5e-05
  dropout_rate: 0.2
  h_feats: 256
  num_hops: 4
  weight_decay: 5e-05
  dims: 32
  num_layers: 2
  activation: ELU
  num_views: 1
  num_clusters: 48
  knn_k: 36
  cluster_lr_multiplier: 10.0
  tau_s: 0.3
  tau_c: 0.3
  cluster_init_gain: 1.5
  sim_block_size: 256
  knn_cache_enabled: True
  knn_cache_dir: /autodl-fs/data/recap/knn_cache
  knn_search_dtype: auto
  lambda_H: 0.1
  lambda_bal: 0.0
  lambda_E: 0.1
  lambda_usage_entropy: 0.1
  assignment_entropy_lower: 0.45
  assignment_entropy_upper: 0.85
  usage_entropy_lower: 0.65
  usage_entropy_upper: 0.9
  gamma: 0.1
  tau_e: 1.0
  beta: 0.02
  eps: 1e-08
  lambda_ortho: 0.1
  lambda_min_usage: 0.0
  lambda_diversity: 0.1
  min_cluster_ratio: 0.1

💾 保存设置:
  保存目录：/autodl-fs/data/recap/tuning_hyperparams/interaction_tuning/k_c_heatmap_results/k_c_paper_v2_auprc_best/checkpoints/k36__C48
  保存检查点：True
======================================================================


📊 使用指定的训练数据集: ['pubmed', 'Flickr', 'questions', 'YelpChi']

📊 使用指定的测试数据集: ['Facebook', 'cora', 'citeseer', 'ACM', 'BlogCatalog', 'weibo', 'Reddit', 'Amazon']
加载 4 个训练数据集: ['pubmed', 'Flickr', 'questions', 'YelpChi']
加载 8 个测试数据集: ['Facebook', 'cora', 'citeseer', 'ACM', 'BlogCatalog', 'weibo', 'Reddit', 'Amazon']
进行 4 跳特征传播...

======================================================================
Trial 0 开始训练 (seed=0)
======================================================================
🔧 模型初始化视图数: 1 (单视图模式)

--- 训练阶段 ---
开始训练，共 100 个epochs...
关闭early stopping，训练将跑满设定epochs
🔧 Assignment layer LR multiplier: 10 (base_lr=5e-05, assignment_lr=0.0005)
Epoch [1/100], Average Loss: 0.618023
  Diagnostics: H_ent_norm=0.8508, H_maxp=0.1566, pi_ent_norm=0.9927, pi_std=0.004694, effC=46.66, Lvar=0.000000, Lvar_active=0.0000, scale/adh_std=1
Epoch [10/100], Average Loss: 0.421160
  Diagnostics: H_ent_norm=0.7245, H_maxp=0.3090, pi_ent_norm=0.9309, pi_std=0.017456, effC=37.32, Lvar=0.000000, Lvar_active=0.0000, scale/adh_std=1
Epoch [20/100], Average Loss: 0.348888
  Diagnostics: H_ent_norm=0.6600, H_maxp=0.3767, pi_ent_norm=0.8855, pi_std=0.025656, effC=32.13, Lvar=0.000000, Lvar_active=0.0000, scale/adh_std=1
Epoch [30/100], Average Loss: 0.323251
  Diagnostics: H_ent_norm=0.6477, H_maxp=0.3912, pi_ent_norm=0.8678, pi_std=0.029681, effC=30.38, Lvar=0.000000, Lvar_active=0.0000, scale/adh_std=1
Epoch [40/100], Average Loss: 0.302770
  Diagnostics: H_ent_norm=0.6420, H_maxp=0.3975, pi_ent_norm=0.8567, pi_std=0.032629, effC=29.29, Lvar=0.000000, Lvar_active=0.0000, scale/adh_std=1
Epoch [50/100], Average Loss: 0.290150
  Diagnostics: H_ent_norm=0.6342, H_maxp=0.4040, pi_ent_norm=0.8444, pi_std=0.035951, effC=28.11, Lvar=0.000000, Lvar_active=0.0000, scale/adh_std=1
Epoch [60/100], Average Loss: 0.271459
  Diagnostics: H_ent_norm=0.6213, H_maxp=0.4166, pi_ent_norm=0.8252, pi_std=0.040430, effC=26.38, Lvar=0.000000, Lvar_active=0.0000, scale/adh_std=1
Epoch [70/100], Average Loss: 0.253089
  Diagnostics: H_ent_norm=0.6050, H_maxp=0.4345, pi_ent_norm=0.8037, pi_std=0.045199, effC=24.41, Lvar=0.000000, Lvar_active=0.0000, scale/adh_std=1
Epoch [80/100], Average Loss: 0.225650
  Diagnostics: H_ent_norm=0.5820, H_maxp=0.4639, pi_ent_norm=0.7710, pi_std=0.052434, effC=21.00, Lvar=0.000000, Lvar_active=0.0000, scale/adh_std=1
Epoch [90/100], Average Loss: 0.187361
  Diagnostics: H_ent_norm=0.5275, H_maxp=0.5210, pi_ent_norm=0.7110, pi_std=0.063131, effC=15.79, Lvar=0.000000, Lvar_active=0.0000, scale/adh_std=1
Epoch [100/100], Average Loss: 0.166508
  Diagnostics: H_ent_norm=0.4835, H_maxp=0.5594, pi_ent_norm=0.6649, pi_std=0.070080, effC=13.26, Lvar=0.000000, Lvar_active=0.0000, scale/adh_std=1
训练完成！实际训练 100 个epochs

--- 评估阶段 ---
  Facebook: AUROC=0.5994, AUPRC=0.0715
  cora: AUROC=0.8237, AUPRC=0.4401
  citeseer: AUROC=0.9036, AUPRC=0.4612
  ACM: AUROC=0.7699, AUPRC=0.3681
  BlogCatalog: AUROC=0.7255, AUPRC=0.3305
  weibo: AUROC=0.7973, AUPRC=0.3363
  Reddit: AUROC=0.5921, AUPRC=0.0476
  Amazon: AUROC=0.7190, AUPRC=0.1288

--- 保存模型 ---
检查点已保存到: /autodl-fs/data/recap/tuning_hyperparams/interaction_tuning/k_c_heatmap_results/k_c_paper_v2_auprc_best/checkpoints/k36__C48/recap/trial_0/model.pt
模型已保存到: /autodl-fs/data/recap/tuning_hyperparams/interaction_tuning/k_c_heatmap_results/k_c_paper_v2_auprc_best/checkpoints/k36__C48/recap/trial_0/model.pt

======================================================================
Trial 1 开始训练 (seed=1)
======================================================================
🔧 模型初始化视图数: 1 (单视图模式)

--- 训练阶段 ---
开始训练，共 100 个epochs...
关闭early stopping，训练将跑满设定epochs
🔧 Assignment layer LR multiplier: 10 (base_lr=5e-05, assignment_lr=0.0005)
Epoch [1/100], Average Loss: 0.627338
  Diagnostics: H_ent_norm=0.8554, H_maxp=0.1502, pi_ent_norm=0.9959, pi_std=0.003508, effC=47.24, Lvar=0.000001, Lvar_active=0.0002, scale/adh_std=1
Epoch [10/100], Average Loss: 0.409997
  Diagnostics: H_ent_norm=0.7496, H_maxp=0.2777, pi_ent_norm=0.9533, pi_std=0.013648, effC=40.31, Lvar=0.000001, Lvar_active=0.0002, scale/adh_std=1
Epoch [20/100], Average Loss: 0.359699
  Diagnostics: H_ent_norm=0.7201, H_maxp=0.3124, pi_ent_norm=0.9351, pi_std=0.017076, effC=37.77, Lvar=0.000001, Lvar_active=0.0002, scale/adh_std=1
Epoch [30/100], Average Loss: 0.332664
  Diagnostics: H_ent_norm=0.7228, H_maxp=0.3132, pi_ent_norm=0.9318, pi_std=0.018177, effC=37.32, Lvar=0.000001, Lvar_active=0.0002, scale/adh_std=1
Epoch [40/100], Average Loss: 0.317763
  Diagnostics: H_ent_norm=0.7264, H_maxp=0.3124, pi_ent_norm=0.9296, pi_std=0.018851, effC=37.02, Lvar=0.000001, Lvar_active=0.0002, scale/adh_std=1
Epoch [50/100], Average Loss: 0.304419
  Diagnostics: H_ent_norm=0.7305, H_maxp=0.3100, pi_ent_norm=0.9290, pi_std=0.019286, effC=36.92, Lvar=0.000001, Lvar_active=0.0002, scale/adh_std=1
Epoch [60/100], Average Loss: 0.296961
  Diagnostics: H_ent_norm=0.7333, H_maxp=0.3084, pi_ent_norm=0.9291, pi_std=0.019524, effC=36.91, Lvar=0.000001, Lvar_active=0.0002, scale/adh_std=1
Epoch [70/100], Average Loss: 0.288848
  Diagnostics: H_ent_norm=0.7354, H_maxp=0.3077, pi_ent_norm=0.9268, pi_std=0.020191, effC=36.62, Lvar=0.000001, Lvar_active=0.0002, scale/adh_std=1
Epoch [80/100], Average Loss: 0.282061
  Diagnostics: H_ent_norm=0.7383, H_maxp=0.3056, pi_ent_norm=0.9268, pi_std=0.020382, effC=36.61, Lvar=0.000001, Lvar_active=0.0002, scale/adh_std=1
Epoch [90/100], Average Loss: 0.278175
  Diagnostics: H_ent_norm=0.7416, H_maxp=0.3022, pi_ent_norm=0.9280, pi_std=0.020249, effC=36.76, Lvar=0.000001, Lvar_active=0.0002, scale/adh_std=1
Epoch [100/100], Average Loss: 0.272652
  Diagnostics: H_ent_norm=0.7448, H_maxp=0.2989, pi_ent_norm=0.9289, pi_std=0.020261, effC=36.86, Lvar=0.000001, Lvar_active=0.0002, scale/adh_std=1
训练完成！实际训练 100 个epochs

--- 评估阶段 ---
  Facebook: AUROC=0.5905, AUPRC=0.0468
  cora: AUROC=0.8283, AUPRC=0.4292
  citeseer: AUROC=0.9006, AUPRC=0.4655
  ACM: AUROC=0.7817, AUPRC=0.3737
  BlogCatalog: AUROC=0.7367, AUPRC=0.3353
  weibo: AUROC=0.8005, AUPRC=0.3207
  Reddit: AUROC=0.5995, AUPRC=0.0472
  Amazon: AUROC=0.7084, AUPRC=0.1251

--- 保存模型 ---
检查点已保存到: /autodl-fs/data/recap/tuning_hyperparams/interaction_tuning/k_c_heatmap_results/k_c_paper_v2_auprc_best/checkpoints/k36__C48/recap/trial_1/model.pt
模型已保存到: /autodl-fs/data/recap/tuning_hyperparams/interaction_tuning/k_c_heatmap_results/k_c_paper_v2_auprc_best/checkpoints/k36__C48/recap/trial_1/model.pt

======================================================================
Trial 2 开始训练 (seed=2)
======================================================================
🔧 模型初始化视图数: 1 (单视图模式)

--- 训练阶段 ---
开始训练，共 100 个epochs...
关闭early stopping，训练将跑满设定epochs
🔧 Assignment layer LR multiplier: 10 (base_lr=5e-05, assignment_lr=0.0005)
Epoch [1/100], Average Loss: 0.616022
  Diagnostics: H_ent_norm=0.8524, H_maxp=0.1563, pi_ent_norm=0.9932, pi_std=0.004550, effC=46.76, Lvar=0.000000, Lvar_active=0.0000, scale/adh_std=1
Epoch [10/100], Average Loss: 0.426906
  Diagnostics: H_ent_norm=0.7359, H_maxp=0.2960, pi_ent_norm=0.9475, pi_std=0.014730, effC=39.51, Lvar=0.000000, Lvar_active=0.0000, scale/adh_std=1
Epoch [20/100], Average Loss: 0.354286
  Diagnostics: H_ent_norm=0.6719, H_maxp=0.3610, pi_ent_norm=0.9164, pi_std=0.020786, effC=35.44, Lvar=0.000000, Lvar_active=0.0000, scale/adh_std=1
Epoch [30/100], Average Loss: 0.325902
  Diagnostics: H_ent_norm=0.6485, H_maxp=0.3858, pi_ent_norm=0.9017, pi_std=0.023778, effC=33.69, Lvar=0.000000, Lvar_active=0.0000, scale/adh_std=1
Epoch [40/100], Average Loss: 0.306103
  Diagnostics: H_ent_norm=0.6308, H_maxp=0.4050, pi_ent_norm=0.8892, pi_std=0.026498, effC=32.27, Lvar=0.000000, Lvar_active=0.0000, scale/adh_std=1
Epoch [50/100], Average Loss: 0.293428
  Diagnostics: H_ent_norm=0.6184, H_maxp=0.4189, pi_ent_norm=0.8805, pi_std=0.028421, effC=31.29, Lvar=0.000000, Lvar_active=0.0000, scale/adh_std=1
Epoch [60/100], Average Loss: 0.281707
  Diagnostics: H_ent_norm=0.6074, H_maxp=0.4306, pi_ent_norm=0.8711, pi_std=0.030556, effC=30.26, Lvar=0.000000, Lvar_active=0.0000, scale/adh_std=1
Epoch [70/100], Average Loss: 0.273442
  Diagnostics: H_ent_norm=0.5943, H_maxp=0.4450, pi_ent_norm=0.8576, pi_std=0.033660, effC=28.82, Lvar=0.000000, Lvar_active=0.0000, scale/adh_std=1
Epoch [80/100], Average Loss: 0.263616
  Diagnostics: H_ent_norm=0.5908, H_maxp=0.4509, pi_ent_norm=0.8463, pi_std=0.036581, effC=27.61, Lvar=0.000000, Lvar_active=0.0000, scale/adh_std=1
Epoch [90/100], Average Loss: 0.249626
  Diagnostics: H_ent_norm=0.5755, H_maxp=0.4715, pi_ent_norm=0.8227, pi_std=0.042003, effC=24.98, Lvar=0.000000, Lvar_active=0.0000, scale/adh_std=1
Epoch [100/100], Average Loss: 0.223828
  Diagnostics: H_ent_norm=0.5411, H_maxp=0.5117, pi_ent_norm=0.7754, pi_std=0.051543, effC=20.28, Lvar=0.000000, Lvar_active=0.0000, scale/adh_std=1
训练完成！实际训练 100 个epochs

--- 评估阶段 ---
  Facebook: AUROC=0.5802, AUPRC=0.0349
  cora: AUROC=0.8163, AUPRC=0.4098
  citeseer: AUROC=0.9040, AUPRC=0.4524
  ACM: AUROC=0.7828, AUPRC=0.3739
  BlogCatalog: AUROC=0.7357, AUPRC=0.3271
  weibo: AUROC=0.8077, AUPRC=0.3304
  Reddit: AUROC=0.5896, AUPRC=0.0449
  Amazon: AUROC=0.7250, AUPRC=0.1333

--- 保存模型 ---
检查点已保存到: /autodl-fs/data/recap/tuning_hyperparams/interaction_tuning/k_c_heatmap_results/k_c_paper_v2_auprc_best/checkpoints/k36__C48/recap/trial_2/model.pt
模型已保存到: /autodl-fs/data/recap/tuning_hyperparams/interaction_tuning/k_c_heatmap_results/k_c_paper_v2_auprc_best/checkpoints/k36__C48/recap/trial_2/model.pt

======================================================================
聚合 3 次试验的结果
======================================================================

------------------------- Facebook -------------------------
AUROC: 0.5900 ± 0.0079
AUPRC: 0.0511 ± 0.0152

------------------------- cora -------------------------
AUROC: 0.8227 ± 0.0049
AUPRC: 0.4264 ± 0.0125

------------------------- citeseer -------------------------
AUROC: 0.9027 ± 0.0015
AUPRC: 0.4597 ± 0.0055

------------------------- ACM -------------------------
AUROC: 0.7781 ± 0.0058
AUPRC: 0.3719 ± 0.0027

------------------------- BlogCatalog -------------------------
AUROC: 0.7326 ± 0.0051
AUPRC: 0.3310 ± 0.0034

------------------------- weibo -------------------------
AUROC: 0.8018 ± 0.0044
AUPRC: 0.3291 ± 0.0064

------------------------- Reddit -------------------------
AUROC: 0.5937 ± 0.0042
AUPRC: 0.0466 ± 0.0012

------------------------- Amazon -------------------------
AUROC: 0.7175 ± 0.0069
AUPRC: 0.1290 ± 0.0033


======================================================================
训练完成！
所有模型已保存到: /autodl-fs/data/recap/tuning_hyperparams/interaction_tuning/k_c_heatmap_results/k_c_paper_v2_auprc_best/checkpoints/k36__C48/recap/
======================================================================

