/root/miniconda3/lib/python3.12/site-packages/torch_geometric/__init__.py:4: UserWarning: An issue occurred while importing 'torch-scatter'. Disabling its usage. Stacktrace: Could not load this library: /root/miniconda3/lib/python3.12/site-packages/torch_scatter/_version_cuda.so
  import torch_geometric.typing
/root/miniconda3/lib/python3.12/site-packages/torch_geometric/__init__.py:4: UserWarning: An issue occurred while importing 'torch-cluster'. Disabling its usage. Stacktrace: Could not load this library: /root/miniconda3/lib/python3.12/site-packages/torch_cluster/_version_cuda.so
  import torch_geometric.typing
/root/miniconda3/lib/python3.12/site-packages/torch_geometric/__init__.py:4: UserWarning: An issue occurred while importing 'torch-spline-conv'. Disabling its usage. Stacktrace: Could not load this library: /root/miniconda3/lib/python3.12/site-packages/torch_spline_conv/_version_cuda.so
  import torch_geometric.typing
/root/miniconda3/lib/python3.12/site-packages/torch_geometric/__init__.py:4: UserWarning: An issue occurred while importing 'torch-sparse'. Disabling its usage. Stacktrace: Could not load this library: /root/miniconda3/lib/python3.12/site-packages/torch_sparse/_version_cuda.so
  import torch_geometric.typing
使用保存的最佳模型配置

======================================================================
recap 异常检测模型训练
======================================================================

📋 训练配置:
  device: cuda:0
  epochs: 100
  trials: 3
  seed: 0
  output_dir: /autodl-fs/data/recap/tuning_hyperparams/interaction_tuning/k_c_heatmap_results/k_c_paper_v2_auprc_best/checkpoints/k48__C28
  save_checkpoint: True
  early_stop: False
  patience: 30
  log_diagnostics: True
  diagnostics_interval: 10

🔧 模型配置:
  model: recap
  lr: 5e-05
  dropout_rate: 0.2
  h_feats: 256
  num_hops: 4
  weight_decay: 5e-05
  dims: 32
  num_layers: 2
  activation: ELU
  num_views: 1
  num_clusters: 28
  knn_k: 48
  cluster_lr_multiplier: 10.0
  tau_s: 0.3
  tau_c: 0.3
  cluster_init_gain: 1.5
  sim_block_size: 256
  knn_cache_enabled: True
  knn_cache_dir: /autodl-fs/data/recap/knn_cache
  knn_search_dtype: auto
  lambda_H: 0.1
  lambda_bal: 0.0
  lambda_E: 0.1
  lambda_usage_entropy: 0.1
  assignment_entropy_lower: 0.45
  assignment_entropy_upper: 0.85
  usage_entropy_lower: 0.65
  usage_entropy_upper: 0.9
  gamma: 0.1
  tau_e: 1.0
  beta: 0.02
  eps: 1e-08
  lambda_ortho: 0.1
  lambda_min_usage: 0.0
  lambda_diversity: 0.1
  min_cluster_ratio: 0.1

💾 保存设置:
  保存目录：/autodl-fs/data/recap/tuning_hyperparams/interaction_tuning/k_c_heatmap_results/k_c_paper_v2_auprc_best/checkpoints/k48__C28
  保存检查点：True
======================================================================


📊 使用指定的训练数据集: ['pubmed', 'Flickr', 'questions', 'YelpChi']

📊 使用指定的测试数据集: ['Facebook', 'cora', 'citeseer', 'ACM', 'BlogCatalog', 'weibo', 'Reddit', 'Amazon']
加载 4 个训练数据集: ['pubmed', 'Flickr', 'questions', 'YelpChi']
加载 8 个测试数据集: ['Facebook', 'cora', 'citeseer', 'ACM', 'BlogCatalog', 'weibo', 'Reddit', 'Amazon']
进行 4 跳特征传播...

======================================================================
Trial 0 开始训练 (seed=0)
======================================================================
🔧 模型初始化视图数: 1 (单视图模式)

--- 训练阶段 ---
开始训练，共 100 个epochs...
关闭early stopping，训练将跑满设定epochs
🔧 Assignment layer LR multiplier: 10 (base_lr=5e-05, assignment_lr=0.0005)
Epoch [1/100], Average Loss: 0.558360
  Diagnostics: H_ent_norm=0.8380, H_maxp=0.2027, pi_ent_norm=0.9930, pi_std=0.007369, effC=27.36, Lvar=0.000000, Lvar_active=0.0000, scale/adh_std=1
Epoch [10/100], Average Loss: 0.389138
  Diagnostics: H_ent_norm=0.7237, H_maxp=0.3372, pi_ent_norm=0.9414, pi_std=0.023664, effC=23.22, Lvar=0.000000, Lvar_active=0.0000, scale/adh_std=1
Epoch [20/100], Average Loss: 0.327532
  Diagnostics: H_ent_norm=0.6628, H_maxp=0.4005, pi_ent_norm=0.9052, pi_std=0.031612, effC=20.83, Lvar=0.000000, Lvar_active=0.0000, scale/adh_std=1
Epoch [30/100], Average Loss: 0.308199
  Diagnostics: H_ent_norm=0.6550, H_maxp=0.4101, pi_ent_norm=0.8971, pi_std=0.033662, effC=20.34, Lvar=0.000000, Lvar_active=0.0000, scale/adh_std=1
Epoch [40/100], Average Loss: 0.297057
  Diagnostics: H_ent_norm=0.6590, H_maxp=0.4076, pi_ent_norm=0.8945, pi_std=0.035041, effC=20.16, Lvar=0.000000, Lvar_active=0.0000, scale/adh_std=1
Epoch [50/100], Average Loss: 0.284177
  Diagnostics: H_ent_norm=0.6596, H_maxp=0.4104, pi_ent_norm=0.8882, pi_std=0.037441, effC=19.76, Lvar=0.000000, Lvar_active=0.0000, scale/adh_std=1
Epoch [60/100], Average Loss: 0.270027
  Diagnostics: H_ent_norm=0.6547, H_maxp=0.4189, pi_ent_norm=0.8767, pi_std=0.041668, effC=19.04, Lvar=0.000000, Lvar_active=0.0000, scale/adh_std=1
Epoch [70/100], Average Loss: 0.247293
  Diagnostics: H_ent_norm=0.6387, H_maxp=0.4402, pi_ent_norm=0.8537, pi_std=0.050511, effC=17.52, Lvar=0.000000, Lvar_active=0.0000, scale/adh_std=1
Epoch [80/100], Average Loss: 0.208911
  Diagnostics: H_ent_norm=0.5723, H_maxp=0.5099, pi_ent_norm=0.7853, pi_std=0.069110, effC=13.72, Lvar=0.000000, Lvar_active=0.0000, scale/adh_std=1
Epoch [90/100], Average Loss: 0.181653
  Diagnostics: H_ent_norm=0.4997, H_maxp=0.5737, pi_ent_norm=0.7113, pi_std=0.084977, effC=10.84, Lvar=0.000000, Lvar_active=0.0000, scale/adh_std=1
Epoch [100/100], Average Loss: 0.167360
  Diagnostics: H_ent_norm=0.4764, H_maxp=0.5898, pi_ent_norm=0.6776, pi_std=0.091746, effC=9.89, Lvar=0.000000, Lvar_active=0.0000, scale/adh_std=1
训练完成！实际训练 100 个epochs

--- 评估阶段 ---
  Facebook: AUROC=0.6048, AUPRC=0.0551
  cora: AUROC=0.8252, AUPRC=0.4298
  citeseer: AUROC=0.9039, AUPRC=0.4658
  ACM: AUROC=0.7919, AUPRC=0.3735
  BlogCatalog: AUROC=0.7246, AUPRC=0.3287
  weibo: AUROC=0.8008, AUPRC=0.3294
  Reddit: AUROC=0.5968, AUPRC=0.0484
  Amazon: AUROC=0.7461, AUPRC=0.1427

--- 保存模型 ---
检查点已保存到: /autodl-fs/data/recap/tuning_hyperparams/interaction_tuning/k_c_heatmap_results/k_c_paper_v2_auprc_best/checkpoints/k48__C28/recap/trial_0/model.pt
模型已保存到: /autodl-fs/data/recap/tuning_hyperparams/interaction_tuning/k_c_heatmap_results/k_c_paper_v2_auprc_best/checkpoints/k48__C28/recap/trial_0/model.pt

======================================================================
Trial 1 开始训练 (seed=1)
======================================================================
🔧 模型初始化视图数: 1 (单视图模式)

--- 训练阶段 ---
开始训练，共 100 个epochs...
关闭early stopping，训练将跑满设定epochs
🔧 Assignment layer LR multiplier: 10 (base_lr=5e-05, assignment_lr=0.0005)
Epoch [1/100], Average Loss: 0.560484
  Diagnostics: H_ent_norm=0.8374, H_maxp=0.1989, pi_ent_norm=0.9963, pi_std=0.005305, effC=27.65, Lvar=0.000001, Lvar_active=0.0002, scale/adh_std=1
Epoch [10/100], Average Loss: 0.388957
  Diagnostics: H_ent_norm=0.7470, H_maxp=0.3062, pi_ent_norm=0.9644, pi_std=0.016915, effC=24.94, Lvar=0.000001, Lvar_active=0.0002, scale/adh_std=1
Epoch [20/100], Average Loss: 0.341427
  Diagnostics: H_ent_norm=0.7235, H_maxp=0.3346, pi_ent_norm=0.9541, pi_std=0.019463, effC=24.15, Lvar=0.000001, Lvar_active=0.0002, scale/adh_std=1
Epoch [30/100], Average Loss: 0.314298
  Diagnostics: H_ent_norm=0.7265, H_maxp=0.3343, pi_ent_norm=0.9521, pi_std=0.020643, effC=23.99, Lvar=0.000001, Lvar_active=0.0002, scale/adh_std=1
Epoch [40/100], Average Loss: 0.294672
  Diagnostics: H_ent_norm=0.7344, H_maxp=0.3300, pi_ent_norm=0.9510, pi_std=0.021523, effC=23.90, Lvar=0.000002, Lvar_active=0.0002, scale/adh_std=1
Epoch [50/100], Average Loss: 0.281714
  Diagnostics: H_ent_norm=0.7454, H_maxp=0.3207, pi_ent_norm=0.9529, pi_std=0.021393, effC=24.04, Lvar=0.000002, Lvar_active=0.0002, scale/adh_std=1
Epoch [60/100], Average Loss: 0.272536
  Diagnostics: H_ent_norm=0.7552, H_maxp=0.3118, pi_ent_norm=0.9542, pi_std=0.021512, effC=24.13, Lvar=0.000002, Lvar_active=0.0002, scale/adh_std=1
Epoch [70/100], Average Loss: 0.264481
  Diagnostics: H_ent_norm=0.7654, H_maxp=0.3023, pi_ent_norm=0.9562, pi_std=0.021181, effC=24.28, Lvar=0.000002, Lvar_active=0.0002, scale/adh_std=1
Epoch [80/100], Average Loss: 0.255510
  Diagnostics: H_ent_norm=0.7776, H_maxp=0.2902, pi_ent_norm=0.9608, pi_std=0.019882, effC=24.65, Lvar=0.000002, Lvar_active=0.0002, scale/adh_std=1
Epoch [90/100], Average Loss: 0.248312
  Diagnostics: H_ent_norm=0.7937, H_maxp=0.2725, pi_ent_norm=0.9680, pi_std=0.017815, effC=25.22, Lvar=0.000002, Lvar_active=0.0002, scale/adh_std=1
Epoch [100/100], Average Loss: 0.241121
  Diagnostics: H_ent_norm=0.8053, H_maxp=0.2597, pi_ent_norm=0.9732, pi_std=0.015966, effC=25.65, Lvar=0.000002, Lvar_active=0.0002, scale/adh_std=1
训练完成！实际训练 100 个epochs

--- 评估阶段 ---
  Facebook: AUROC=0.5941, AUPRC=0.0472
  cora: AUROC=0.8276, AUPRC=0.4281
  citeseer: AUROC=0.9013, AUPRC=0.4703
  ACM: AUROC=0.7859, AUPRC=0.3709
  BlogCatalog: AUROC=0.7279, AUPRC=0.3356
  weibo: AUROC=0.7795, AUPRC=0.3105
  Reddit: AUROC=0.5917, AUPRC=0.0462
  Amazon: AUROC=0.7200, AUPRC=0.1267

--- 保存模型 ---
检查点已保存到: /autodl-fs/data/recap/tuning_hyperparams/interaction_tuning/k_c_heatmap_results/k_c_paper_v2_auprc_best/checkpoints/k48__C28/recap/trial_1/model.pt
模型已保存到: /autodl-fs/data/recap/tuning_hyperparams/interaction_tuning/k_c_heatmap_results/k_c_paper_v2_auprc_best/checkpoints/k48__C28/recap/trial_1/model.pt

======================================================================
Trial 2 开始训练 (seed=2)
======================================================================
🔧 模型初始化视图数: 1 (单视图模式)

--- 训练阶段 ---
开始训练，共 100 个epochs...
关闭early stopping，训练将跑满设定epochs
🔧 Assignment layer LR multiplier: 10 (base_lr=5e-05, assignment_lr=0.0005)
Epoch [1/100], Average Loss: 0.549488
  Diagnostics: H_ent_norm=0.8436, H_maxp=0.1977, pi_ent_norm=0.9929, pi_std=0.007401, effC=27.34, Lvar=0.000000, Lvar_active=0.0000, scale/adh_std=1
Epoch [10/100], Average Loss: 0.378412
  Diagnostics: H_ent_norm=0.7347, H_maxp=0.3255, pi_ent_norm=0.9377, pi_std=0.024616, effC=22.97, Lvar=0.000000, Lvar_active=0.0000, scale/adh_std=1
Epoch [20/100], Average Loss: 0.334682
  Diagnostics: H_ent_norm=0.7099, H_maxp=0.3529, pi_ent_norm=0.9190, pi_std=0.029788, effC=21.71, Lvar=0.000000, Lvar_active=0.0000, scale/adh_std=1
Epoch [30/100], Average Loss: 0.310973
  Diagnostics: H_ent_norm=0.7152, H_maxp=0.3490, pi_ent_norm=0.9160, pi_std=0.031549, effC=21.50, Lvar=0.000000, Lvar_active=0.0000, scale/adh_std=1
Epoch [40/100], Average Loss: 0.293699
  Diagnostics: H_ent_norm=0.7084, H_maxp=0.3586, pi_ent_norm=0.9059, pi_std=0.034032, effC=20.87, Lvar=0.000000, Lvar_active=0.0000, scale/adh_std=1
Epoch [50/100], Average Loss: 0.284322
  Diagnostics: H_ent_norm=0.7035, H_maxp=0.3661, pi_ent_norm=0.8985, pi_std=0.035818, effC=20.42, Lvar=0.000000, Lvar_active=0.0000, scale/adh_std=1
Epoch [60/100], Average Loss: 0.276136
  Diagnostics: H_ent_norm=0.6955, H_maxp=0.3764, pi_ent_norm=0.8896, pi_std=0.038030, effC=19.88, Lvar=0.000000, Lvar_active=0.0000, scale/adh_std=1
Epoch [70/100], Average Loss: 0.269917
  Diagnostics: H_ent_norm=0.6816, H_maxp=0.3927, pi_ent_norm=0.8761, pi_std=0.041184, effC=19.11, Lvar=0.000000, Lvar_active=0.0000, scale/adh_std=1
Epoch [80/100], Average Loss: 0.258752
  Diagnostics: H_ent_norm=0.6580, H_maxp=0.4183, pi_ent_norm=0.8568, pi_std=0.045812, effC=18.03, Lvar=0.000000, Lvar_active=0.0000, scale/adh_std=1
Epoch [90/100], Average Loss: 0.243912
  Diagnostics: H_ent_norm=0.6151, H_maxp=0.4639, pi_ent_norm=0.8187, pi_std=0.055192, effC=16.05, Lvar=0.000000, Lvar_active=0.0000, scale/adh_std=1
Epoch [100/100], Average Loss: 0.211669
  Diagnostics: H_ent_norm=0.5630, H_maxp=0.5186, pi_ent_norm=0.7708, pi_std=0.068437, effC=13.45, Lvar=0.000000, Lvar_active=0.0000, scale/adh_std=1
训练完成！实际训练 100 个epochs

--- 评估阶段 ---
  Facebook: AUROC=0.5956, AUPRC=0.0379
  cora: AUROC=0.8200, AUPRC=0.4086
  citeseer: AUROC=0.9035, AUPRC=0.4531
  ACM: AUROC=0.7818, AUPRC=0.3738
  BlogCatalog: AUROC=0.7322, AUPRC=0.3360
  weibo: AUROC=0.7831, AUPRC=0.3302
  Reddit: AUROC=0.5891, AUPRC=0.0460
  Amazon: AUROC=0.7278, AUPRC=0.1299

--- 保存模型 ---
检查点已保存到: /autodl-fs/data/recap/tuning_hyperparams/interaction_tuning/k_c_heatmap_results/k_c_paper_v2_auprc_best/checkpoints/k48__C28/recap/trial_2/model.pt
模型已保存到: /autodl-fs/data/recap/tuning_hyperparams/interaction_tuning/k_c_heatmap_results/k_c_paper_v2_auprc_best/checkpoints/k48__C28/recap/trial_2/model.pt

======================================================================
聚合 3 次试验的结果
======================================================================

------------------------- Facebook -------------------------
AUROC: 0.5982 ± 0.0048
AUPRC: 0.0467 ± 0.0070

------------------------- cora -------------------------
AUROC: 0.8243 ± 0.0032
AUPRC: 0.4222 ± 0.0096

------------------------- citeseer -------------------------
AUROC: 0.9029 ± 0.0012
AUPRC: 0.4631 ± 0.0073

------------------------- ACM -------------------------
AUROC: 0.7866 ± 0.0041
AUPRC: 0.3727 ± 0.0013

------------------------- BlogCatalog -------------------------
AUROC: 0.7282 ± 0.0031
AUPRC: 0.3334 ± 0.0033

------------------------- weibo -------------------------
AUROC: 0.7878 ± 0.0093
AUPRC: 0.3234 ± 0.0091

------------------------- Reddit -------------------------
AUROC: 0.5926 ± 0.0032
AUPRC: 0.0469 ± 0.0011

------------------------- Amazon -------------------------
AUROC: 0.7313 ± 0.0110
AUPRC: 0.1331 ± 0.0069


======================================================================
训练完成！
所有模型已保存到: /autodl-fs/data/recap/tuning_hyperparams/interaction_tuning/k_c_heatmap_results/k_c_paper_v2_auprc_best/checkpoints/k48__C28/recap/
======================================================================

