/root/miniconda3/lib/python3.12/site-packages/torch_geometric/__init__.py:4: UserWarning: An issue occurred while importing 'torch-scatter'. Disabling its usage. Stacktrace: Could not load this library: /root/miniconda3/lib/python3.12/site-packages/torch_scatter/_version_cuda.so
  import torch_geometric.typing
/root/miniconda3/lib/python3.12/site-packages/torch_geometric/__init__.py:4: UserWarning: An issue occurred while importing 'torch-cluster'. Disabling its usage. Stacktrace: Could not load this library: /root/miniconda3/lib/python3.12/site-packages/torch_cluster/_version_cuda.so
  import torch_geometric.typing
/root/miniconda3/lib/python3.12/site-packages/torch_geometric/__init__.py:4: UserWarning: An issue occurred while importing 'torch-spline-conv'. Disabling its usage. Stacktrace: Could not load this library: /root/miniconda3/lib/python3.12/site-packages/torch_spline_conv/_version_cuda.so
  import torch_geometric.typing
/root/miniconda3/lib/python3.12/site-packages/torch_geometric/__init__.py:4: UserWarning: An issue occurred while importing 'torch-sparse'. Disabling its usage. Stacktrace: Could not load this library: /root/miniconda3/lib/python3.12/site-packages/torch_sparse/_version_cuda.so
  import torch_geometric.typing
使用保存的最佳模型配置

======================================================================
recap 异常检测模型训练
======================================================================

📋 训练配置:
  device: cuda:0
  epochs: 100
  trials: 3
  seed: 0
  output_dir: /autodl-fs/data/recap/tuning_hyperparams/interaction_tuning/k_c_heatmap_results/k_c_paper_v2_auprc_best/checkpoints/k48__C20
  save_checkpoint: True
  early_stop: False
  patience: 30
  log_diagnostics: True
  diagnostics_interval: 10

🔧 模型配置:
  model: recap
  lr: 5e-05
  dropout_rate: 0.2
  h_feats: 256
  num_hops: 4
  weight_decay: 5e-05
  dims: 32
  num_layers: 2
  activation: ELU
  num_views: 1
  num_clusters: 20
  knn_k: 48
  cluster_lr_multiplier: 10.0
  tau_s: 0.3
  tau_c: 0.3
  cluster_init_gain: 1.5
  sim_block_size: 256
  knn_cache_enabled: True
  knn_cache_dir: /autodl-fs/data/recap/knn_cache
  knn_search_dtype: auto
  lambda_H: 0.1
  lambda_bal: 0.0
  lambda_E: 0.1
  lambda_usage_entropy: 0.1
  assignment_entropy_lower: 0.45
  assignment_entropy_upper: 0.85
  usage_entropy_lower: 0.65
  usage_entropy_upper: 0.9
  gamma: 0.1
  tau_e: 1.0
  beta: 0.02
  eps: 1e-08
  lambda_ortho: 0.1
  lambda_min_usage: 0.0
  lambda_diversity: 0.1
  min_cluster_ratio: 0.1

💾 保存设置:
  保存目录：/autodl-fs/data/recap/tuning_hyperparams/interaction_tuning/k_c_heatmap_results/k_c_paper_v2_auprc_best/checkpoints/k48__C20
  保存检查点：True
======================================================================


📊 使用指定的训练数据集: ['pubmed', 'Flickr', 'questions', 'YelpChi']

📊 使用指定的测试数据集: ['Facebook', 'cora', 'citeseer', 'ACM', 'BlogCatalog', 'weibo', 'Reddit', 'Amazon']
加载 4 个训练数据集: ['pubmed', 'Flickr', 'questions', 'YelpChi']
加载 8 个测试数据集: ['Facebook', 'cora', 'citeseer', 'ACM', 'BlogCatalog', 'weibo', 'Reddit', 'Amazon']
进行 4 跳特征传播...

======================================================================
Trial 0 开始训练 (seed=0)
======================================================================
🔧 模型初始化视图数: 1 (单视图模式)

--- 训练阶段 ---
开始训练，共 100 个epochs...
关闭early stopping，训练将跑满设定epochs
🔧 Assignment layer LR multiplier: 10 (base_lr=5e-05, assignment_lr=0.0005)
Epoch [1/100], Average Loss: 0.516566
  Diagnostics: H_ent_norm=0.8299, H_maxp=0.2351, pi_ent_norm=0.9935, pi_std=0.009301, effC=19.61, Lvar=0.000000, Lvar_active=0.0000, scale/adh_std=1
Epoch [10/100], Average Loss: 0.358016
  Diagnostics: H_ent_norm=0.7236, H_maxp=0.3589, pi_ent_norm=0.9429, pi_std=0.030665, effC=16.96, Lvar=0.000000, Lvar_active=0.0000, scale/adh_std=1
Epoch [20/100], Average Loss: 0.297877
  Diagnostics: H_ent_norm=0.6703, H_maxp=0.4140, pi_ent_norm=0.9092, pi_std=0.040249, effC=15.46, Lvar=0.000000, Lvar_active=0.0000, scale/adh_std=1
Epoch [30/100], Average Loss: 0.277022
  Diagnostics: H_ent_norm=0.6744, H_maxp=0.4124, pi_ent_norm=0.9027, pi_std=0.043983, effC=15.18, Lvar=0.000000, Lvar_active=0.0000, scale/adh_std=1
Epoch [40/100], Average Loss: 0.255318
  Diagnostics: H_ent_norm=0.6801, H_maxp=0.4097, pi_ent_norm=0.8939, pi_std=0.049513, effC=14.80, Lvar=0.000000, Lvar_active=0.0000, scale/adh_std=1
Epoch [50/100], Average Loss: 0.233812
  Diagnostics: H_ent_norm=0.6659, H_maxp=0.4278, pi_ent_norm=0.8707, pi_std=0.058757, effC=13.83, Lvar=0.000000, Lvar_active=0.0000, scale/adh_std=1
Epoch [60/100], Average Loss: 0.207115
  Diagnostics: H_ent_norm=0.6226, H_maxp=0.4756, pi_ent_norm=0.8255, pi_std=0.073771, effC=12.04, Lvar=0.000000, Lvar_active=0.0000, scale/adh_std=1
Epoch [70/100], Average Loss: 0.184492
  Diagnostics: H_ent_norm=0.5600, H_maxp=0.5375, pi_ent_norm=0.7668, pi_std=0.090282, effC=10.01, Lvar=0.000000, Lvar_active=0.0000, scale/adh_std=1
Epoch [80/100], Average Loss: 0.168353
  Diagnostics: H_ent_norm=0.5163, H_maxp=0.5732, pi_ent_norm=0.7174, pi_std=0.102752, effC=8.66, Lvar=0.000000, Lvar_active=0.0000, scale/adh_std=1
Epoch [90/100], Average Loss: 0.157302
  Diagnostics: H_ent_norm=0.4917, H_maxp=0.5886, pi_ent_norm=0.6859, pi_std=0.109862, effC=7.96, Lvar=0.000000, Lvar_active=0.0000, scale/adh_std=1
Epoch [100/100], Average Loss: 0.150610
  Diagnostics: H_ent_norm=0.4764, H_maxp=0.5992, pi_ent_norm=0.6670, pi_std=0.113947, effC=7.59, Lvar=0.000000, Lvar_active=0.0000, scale/adh_std=1
训练完成！实际训练 100 个epochs

--- 评估阶段 ---
  Facebook: AUROC=0.6060, AUPRC=0.0730
  cora: AUROC=0.8283, AUPRC=0.4428
  citeseer: AUROC=0.9037, AUPRC=0.4568
  ACM: AUROC=0.7913, AUPRC=0.3710
  BlogCatalog: AUROC=0.7264, AUPRC=0.3272
  weibo: AUROC=0.7831, AUPRC=0.3276
  Reddit: AUROC=0.5949, AUPRC=0.0481
  Amazon: AUROC=0.7417, AUPRC=0.1389

--- 保存模型 ---
检查点已保存到: /autodl-fs/data/recap/tuning_hyperparams/interaction_tuning/k_c_heatmap_results/k_c_paper_v2_auprc_best/checkpoints/k48__C20/recap/trial_0/model.pt
模型已保存到: /autodl-fs/data/recap/tuning_hyperparams/interaction_tuning/k_c_heatmap_results/k_c_paper_v2_auprc_best/checkpoints/k48__C20/recap/trial_0/model.pt

======================================================================
Trial 1 开始训练 (seed=1)
======================================================================
🔧 模型初始化视图数: 1 (单视图模式)

--- 训练阶段 ---
开始训练，共 100 个epochs...
关闭early stopping，训练将跑满设定epochs
🔧 Assignment layer LR multiplier: 10 (base_lr=5e-05, assignment_lr=0.0005)
Epoch [1/100], Average Loss: 0.517662
  Diagnostics: H_ent_norm=0.8356, H_maxp=0.2268, pi_ent_norm=0.9954, pi_std=0.007598, effC=19.73, Lvar=0.000001, Lvar_active=0.0002, scale/adh_std=1
Epoch [10/100], Average Loss: 0.365732
  Diagnostics: H_ent_norm=0.7420, H_maxp=0.3354, pi_ent_norm=0.9618, pi_std=0.022529, effC=17.91, Lvar=0.000001, Lvar_active=0.0002, scale/adh_std=1
Epoch [20/100], Average Loss: 0.306779
  Diagnostics: H_ent_norm=0.6841, H_maxp=0.3982, pi_ent_norm=0.9315, pi_std=0.032752, effC=16.45, Lvar=0.000000, Lvar_active=0.0002, scale/adh_std=1
Epoch [30/100], Average Loss: 0.278924
  Diagnostics: H_ent_norm=0.6517, H_maxp=0.4312, pi_ent_norm=0.9068, pi_std=0.040339, effC=15.39, Lvar=0.000001, Lvar_active=0.0002, scale/adh_std=1
Epoch [40/100], Average Loss: 0.263379
  Diagnostics: H_ent_norm=0.6312, H_maxp=0.4532, pi_ent_norm=0.8894, pi_std=0.045434, effC=14.69, Lvar=0.000001, Lvar_active=0.0002, scale/adh_std=1
Epoch [50/100], Average Loss: 0.254162
  Diagnostics: H_ent_norm=0.6264, H_maxp=0.4596, pi_ent_norm=0.8814, pi_std=0.047972, effC=14.37, Lvar=0.000001, Lvar_active=0.0002, scale/adh_std=1
Epoch [60/100], Average Loss: 0.245745
  Diagnostics: H_ent_norm=0.6163, H_maxp=0.4711, pi_ent_norm=0.8716, pi_std=0.050676, effC=13.99, Lvar=0.000001, Lvar_active=0.0002, scale/adh_std=1
Epoch [70/100], Average Loss: 0.236357
  Diagnostics: H_ent_norm=0.6136, H_maxp=0.4763, pi_ent_norm=0.8642, pi_std=0.052724, effC=13.71, Lvar=0.000001, Lvar_active=0.0002, scale/adh_std=1
Epoch [80/100], Average Loss: 0.231283
  Diagnostics: H_ent_norm=0.6068, H_maxp=0.4845, pi_ent_norm=0.8556, pi_std=0.055033, effC=13.40, Lvar=0.000001, Lvar_active=0.0002, scale/adh_std=1
Epoch [90/100], Average Loss: 0.225388
  Diagnostics: H_ent_norm=0.6047, H_maxp=0.4879, pi_ent_norm=0.8526, pi_std=0.056023, effC=13.28, Lvar=0.000002, Lvar_active=0.0002, scale/adh_std=1
Epoch [100/100], Average Loss: 0.220682
  Diagnostics: H_ent_norm=0.5980, H_maxp=0.4954, pi_ent_norm=0.8448, pi_std=0.058077, effC=13.01, Lvar=0.000002, Lvar_active=0.0002, scale/adh_std=1
训练完成！实际训练 100 个epochs

--- 评估阶段 ---
  Facebook: AUROC=0.5958, AUPRC=0.0461
  cora: AUROC=0.8276, AUPRC=0.4151
  citeseer: AUROC=0.9033, AUPRC=0.4719
  ACM: AUROC=0.7781, AUPRC=0.3725
  BlogCatalog: AUROC=0.7326, AUPRC=0.3367
  weibo: AUROC=0.7923, AUPRC=0.3171
  Reddit: AUROC=0.5922, AUPRC=0.0468
  Amazon: AUROC=0.7194, AUPRC=0.1232

--- 保存模型 ---
检查点已保存到: /autodl-fs/data/recap/tuning_hyperparams/interaction_tuning/k_c_heatmap_results/k_c_paper_v2_auprc_best/checkpoints/k48__C20/recap/trial_1/model.pt
模型已保存到: /autodl-fs/data/recap/tuning_hyperparams/interaction_tuning/k_c_heatmap_results/k_c_paper_v2_auprc_best/checkpoints/k48__C20/recap/trial_1/model.pt

======================================================================
Trial 2 开始训练 (seed=2)
======================================================================
🔧 模型初始化视图数: 1 (单视图模式)

--- 训练阶段 ---
开始训练，共 100 个epochs...
关闭early stopping，训练将跑满设定epochs
🔧 Assignment layer LR multiplier: 10 (base_lr=5e-05, assignment_lr=0.0005)
Epoch [1/100], Average Loss: 0.515284
  Diagnostics: H_ent_norm=0.8279, H_maxp=0.2356, pi_ent_norm=0.9935, pi_std=0.009293, effC=19.61, Lvar=0.000000, Lvar_active=0.0000, scale/adh_std=1
Epoch [10/100], Average Loss: 0.369499
  Diagnostics: H_ent_norm=0.7119, H_maxp=0.3663, pi_ent_norm=0.9358, pi_std=0.031508, effC=16.64, Lvar=0.000000, Lvar_active=0.0000, scale/adh_std=1
Epoch [20/100], Average Loss: 0.317581
  Diagnostics: H_ent_norm=0.6467, H_maxp=0.4392, pi_ent_norm=0.8908, pi_std=0.044057, effC=14.72, Lvar=0.000000, Lvar_active=0.0000, scale/adh_std=1
Epoch [30/100], Average Loss: 0.286151
  Diagnostics: H_ent_norm=0.6241, H_maxp=0.4658, pi_ent_norm=0.8619, pi_std=0.052945, effC=13.63, Lvar=0.000000, Lvar_active=0.0000, scale/adh_std=1
Epoch [40/100], Average Loss: 0.263369
  Diagnostics: H_ent_norm=0.6115, H_maxp=0.4822, pi_ent_norm=0.8407, pi_std=0.059384, effC=12.89, Lvar=0.000000, Lvar_active=0.0000, scale/adh_std=1
Epoch [50/100], Average Loss: 0.247868
  Diagnostics: H_ent_norm=0.6022, H_maxp=0.4942, pi_ent_norm=0.8230, pi_std=0.065093, effC=12.30, Lvar=0.000000, Lvar_active=0.0000, scale/adh_std=1
Epoch [60/100], Average Loss: 0.233022
  Diagnostics: H_ent_norm=0.5967, H_maxp=0.5023, pi_ent_norm=0.8073, pi_std=0.071226, effC=11.73, Lvar=0.000000, Lvar_active=0.0000, scale/adh_std=1
Epoch [70/100], Average Loss: 0.208054
  Diagnostics: H_ent_norm=0.5931, H_maxp=0.5070, pi_ent_norm=0.7898, pi_std=0.081188, effC=10.94, Lvar=0.000000, Lvar_active=0.0000, scale/adh_std=1
Epoch [80/100], Average Loss: 0.175960
  Diagnostics: H_ent_norm=0.5610, H_maxp=0.5264, pi_ent_norm=0.7450, pi_std=0.096092, effC=9.40, Lvar=0.000000, Lvar_active=0.0000, scale/adh_std=1
Epoch [90/100], Average Loss: 0.157626
  Diagnostics: H_ent_norm=0.5095, H_maxp=0.5698, pi_ent_norm=0.6949, pi_std=0.108060, effC=8.13, Lvar=0.000000, Lvar_active=0.0000, scale/adh_std=1
Epoch [100/100], Average Loss: 0.148335
  Diagnostics: H_ent_norm=0.4817, H_maxp=0.5910, pi_ent_norm=0.6691, pi_std=0.113563, effC=7.60, Lvar=0.000000, Lvar_active=0.0000, scale/adh_std=1
训练完成！实际训练 100 个epochs

--- 评估阶段 ---
  Facebook: AUROC=0.5764, AUPRC=0.0429
  cora: AUROC=0.8119, AUPRC=0.3843
  citeseer: AUROC=0.9037, AUPRC=0.4513
  ACM: AUROC=0.7788, AUPRC=0.3766
  BlogCatalog: AUROC=0.7369, AUPRC=0.3311
  weibo: AUROC=0.8107, AUPRC=0.3451
  Reddit: AUROC=0.5906, AUPRC=0.0463
  Amazon: AUROC=0.7033, AUPRC=0.1240

--- 保存模型 ---
检查点已保存到: /autodl-fs/data/recap/tuning_hyperparams/interaction_tuning/k_c_heatmap_results/k_c_paper_v2_auprc_best/checkpoints/k48__C20/recap/trial_2/model.pt
模型已保存到: /autodl-fs/data/recap/tuning_hyperparams/interaction_tuning/k_c_heatmap_results/k_c_paper_v2_auprc_best/checkpoints/k48__C20/recap/trial_2/model.pt

======================================================================
聚合 3 次试验的结果
======================================================================

------------------------- Facebook -------------------------
AUROC: 0.5928 ± 0.0123
AUPRC: 0.0540 ± 0.0135

------------------------- cora -------------------------
AUROC: 0.8226 ± 0.0076
AUPRC: 0.4141 ± 0.0239

------------------------- citeseer -------------------------
AUROC: 0.9036 ± 0.0002
AUPRC: 0.4600 ± 0.0087

------------------------- ACM -------------------------
AUROC: 0.7827 ± 0.0061
AUPRC: 0.3734 ± 0.0024

------------------------- BlogCatalog -------------------------
AUROC: 0.7320 ± 0.0043
AUPRC: 0.3317 ± 0.0039

------------------------- weibo -------------------------
AUROC: 0.7954 ± 0.0115
AUPRC: 0.3299 ± 0.0116

------------------------- Reddit -------------------------
AUROC: 0.5926 ± 0.0018
AUPRC: 0.0471 ± 0.0008

------------------------- Amazon -------------------------
AUROC: 0.7214 ± 0.0158
AUPRC: 0.1287 ± 0.0072


======================================================================
训练完成！
所有模型已保存到: /autodl-fs/data/recap/tuning_hyperparams/interaction_tuning/k_c_heatmap_results/k_c_paper_v2_auprc_best/checkpoints/k48__C20/recap/
======================================================================

