/root/miniconda3/lib/python3.12/site-packages/torch_geometric/__init__.py:4: UserWarning: An issue occurred while importing 'torch-scatter'. Disabling its usage. Stacktrace: Could not load this library: /root/miniconda3/lib/python3.12/site-packages/torch_scatter/_version_cuda.so
  import torch_geometric.typing
/root/miniconda3/lib/python3.12/site-packages/torch_geometric/__init__.py:4: UserWarning: An issue occurred while importing 'torch-cluster'. Disabling its usage. Stacktrace: Could not load this library: /root/miniconda3/lib/python3.12/site-packages/torch_cluster/_version_cuda.so
  import torch_geometric.typing
/root/miniconda3/lib/python3.12/site-packages/torch_geometric/__init__.py:4: UserWarning: An issue occurred while importing 'torch-spline-conv'. Disabling its usage. Stacktrace: Could not load this library: /root/miniconda3/lib/python3.12/site-packages/torch_spline_conv/_version_cuda.so
  import torch_geometric.typing
/root/miniconda3/lib/python3.12/site-packages/torch_geometric/__init__.py:4: UserWarning: An issue occurred while importing 'torch-sparse'. Disabling its usage. Stacktrace: Could not load this library: /root/miniconda3/lib/python3.12/site-packages/torch_sparse/_version_cuda.so
  import torch_geometric.typing
使用保存的最佳模型配置

======================================================================
recap 异常检测模型训练
======================================================================

📋 训练配置:
  device: cuda:0
  epochs: 100
  trials: 3
  seed: 0
  output_dir: /autodl-fs/data/recap/tuning_hyperparams/interaction_tuning/k_c_heatmap_results/k_c_paper_v2_auprc_best/checkpoints/k64__C32
  save_checkpoint: True
  early_stop: False
  patience: 30
  log_diagnostics: True
  diagnostics_interval: 10

🔧 模型配置:
  model: recap
  lr: 5e-05
  dropout_rate: 0.2
  h_feats: 256
  num_hops: 4
  weight_decay: 5e-05
  dims: 32
  num_layers: 2
  activation: ELU
  num_views: 1
  num_clusters: 32
  knn_k: 64
  cluster_lr_multiplier: 10.0
  tau_s: 0.3
  tau_c: 0.3
  cluster_init_gain: 1.5
  sim_block_size: 256
  knn_cache_enabled: True
  knn_cache_dir: /autodl-fs/data/recap/knn_cache
  knn_search_dtype: auto
  lambda_H: 0.1
  lambda_bal: 0.0
  lambda_E: 0.1
  lambda_usage_entropy: 0.1
  assignment_entropy_lower: 0.45
  assignment_entropy_upper: 0.85
  usage_entropy_lower: 0.65
  usage_entropy_upper: 0.9
  gamma: 0.1
  tau_e: 1.0
  beta: 0.02
  eps: 1e-08
  lambda_ortho: 0.1
  lambda_min_usage: 0.0
  lambda_diversity: 0.1
  min_cluster_ratio: 0.1

💾 保存设置:
  保存目录：/autodl-fs/data/recap/tuning_hyperparams/interaction_tuning/k_c_heatmap_results/k_c_paper_v2_auprc_best/checkpoints/k64__C32
  保存检查点：True
======================================================================


📊 使用指定的训练数据集: ['pubmed', 'Flickr', 'questions', 'YelpChi']

📊 使用指定的测试数据集: ['Facebook', 'cora', 'citeseer', 'ACM', 'BlogCatalog', 'weibo', 'Reddit', 'Amazon']
加载 4 个训练数据集: ['pubmed', 'Flickr', 'questions', 'YelpChi']
加载 8 个测试数据集: ['Facebook', 'cora', 'citeseer', 'ACM', 'BlogCatalog', 'weibo', 'Reddit', 'Amazon']
进行 4 跳特征传播...

======================================================================
Trial 0 开始训练 (seed=0)
======================================================================
🔧 模型初始化视图数: 1 (单视图模式)

--- 训练阶段 ---
开始训练，共 100 个epochs...
关闭early stopping，训练将跑满设定epochs
🔧 Assignment layer LR multiplier: 10 (base_lr=5e-05, assignment_lr=0.0005)
Epoch [1/100], Average Loss: 0.578368
  Diagnostics: H_ent_norm=0.8418, H_maxp=0.1877, pi_ent_norm=0.9946, pi_std=0.005741, effC=31.41, Lvar=0.000000, Lvar_active=0.0000, scale/adh_std=1
Epoch [10/100], Average Loss: 0.414888
  Diagnostics: H_ent_norm=0.7466, H_maxp=0.3019, pi_ent_norm=0.9566, pi_std=0.017462, effC=27.66, Lvar=0.000000, Lvar_active=0.0000, scale/adh_std=1
Epoch [20/100], Average Loss: 0.340901
  Diagnostics: H_ent_norm=0.6948, H_maxp=0.3576, pi_ent_norm=0.9294, pi_std=0.023860, effC=25.35, Lvar=0.000000, Lvar_active=0.0000, scale/adh_std=1
Epoch [30/100], Average Loss: 0.317268
  Diagnostics: H_ent_norm=0.6897, H_maxp=0.3673, pi_ent_norm=0.9211, pi_std=0.026317, effC=24.68, Lvar=0.000000, Lvar_active=0.0000, scale/adh_std=1
Epoch [40/100], Average Loss: 0.301626
  Diagnostics: H_ent_norm=0.6780, H_maxp=0.3813, pi_ent_norm=0.9065, pi_std=0.030247, effC=23.56, Lvar=0.000000, Lvar_active=0.0000, scale/adh_std=1
Epoch [50/100], Average Loss: 0.284668
  Diagnostics: H_ent_norm=0.6644, H_maxp=0.3942, pi_ent_norm=0.8928, pi_std=0.034373, effC=22.58, Lvar=0.000000, Lvar_active=0.0000, scale/adh_std=1
Epoch [60/100], Average Loss: 0.273695
  Diagnostics: H_ent_norm=0.6543, H_maxp=0.4041, pi_ent_norm=0.8814, pi_std=0.037675, effC=21.80, Lvar=0.000000, Lvar_active=0.0000, scale/adh_std=1
Epoch [70/100], Average Loss: 0.261823
  Diagnostics: H_ent_norm=0.6426, H_maxp=0.4155, pi_ent_norm=0.8651, pi_std=0.042232, effC=20.75, Lvar=0.000000, Lvar_active=0.0000, scale/adh_std=1
Epoch [80/100], Average Loss: 0.249526
  Diagnostics: H_ent_norm=0.6290, H_maxp=0.4299, pi_ent_norm=0.8483, pi_std=0.046573, effC=19.71, Lvar=0.000000, Lvar_active=0.0000, scale/adh_std=1
Epoch [90/100], Average Loss: 0.240003
  Diagnostics: H_ent_norm=0.6182, H_maxp=0.4424, pi_ent_norm=0.8334, pi_std=0.050775, effC=18.79, Lvar=0.000000, Lvar_active=0.0000, scale/adh_std=1
Epoch [100/100], Average Loss: 0.222804
  Diagnostics: H_ent_norm=0.5931, H_maxp=0.4730, pi_ent_norm=0.8060, pi_std=0.058103, effC=16.97, Lvar=0.000000, Lvar_active=0.0000, scale/adh_std=1
训练完成！实际训练 100 个epochs

--- 评估阶段 ---
  Facebook: AUROC=0.6028, AUPRC=0.0729
  cora: AUROC=0.8237, AUPRC=0.4267
  citeseer: AUROC=0.9071, AUPRC=0.4670
  ACM: AUROC=0.7853, AUPRC=0.3738
  BlogCatalog: AUROC=0.7312, AUPRC=0.3323
  weibo: AUROC=0.7873, AUPRC=0.3339
  Reddit: AUROC=0.5935, AUPRC=0.0483
  Amazon: AUROC=0.6860, AUPRC=0.1197

--- 保存模型 ---
检查点已保存到: /autodl-fs/data/recap/tuning_hyperparams/interaction_tuning/k_c_heatmap_results/k_c_paper_v2_auprc_best/checkpoints/k64__C32/recap/trial_0/model.pt
模型已保存到: /autodl-fs/data/recap/tuning_hyperparams/interaction_tuning/k_c_heatmap_results/k_c_paper_v2_auprc_best/checkpoints/k64__C32/recap/trial_0/model.pt

======================================================================
Trial 1 开始训练 (seed=1)
======================================================================
🔧 模型初始化视图数: 1 (单视图模式)

--- 训练阶段 ---
开始训练，共 100 个epochs...
关闭early stopping，训练将跑满设定epochs
🔧 Assignment layer LR multiplier: 10 (base_lr=5e-05, assignment_lr=0.0005)
Epoch [1/100], Average Loss: 0.580638
  Diagnostics: H_ent_norm=0.8389, H_maxp=0.1901, pi_ent_norm=0.9957, pi_std=0.005153, effC=31.53, Lvar=0.000001, Lvar_active=0.0002, scale/adh_std=1
Epoch [10/100], Average Loss: 0.397784
  Diagnostics: H_ent_norm=0.7454, H_maxp=0.3007, pi_ent_norm=0.9589, pi_std=0.017747, effC=27.86, Lvar=0.000001, Lvar_active=0.0002, scale/adh_std=1
Epoch [20/100], Average Loss: 0.343725
  Diagnostics: H_ent_norm=0.7299, H_maxp=0.3226, pi_ent_norm=0.9416, pi_std=0.023932, effC=26.31, Lvar=0.000001, Lvar_active=0.0002, scale/adh_std=1
Epoch [30/100], Average Loss: 0.309866
  Diagnostics: H_ent_norm=0.7215, H_maxp=0.3374, pi_ent_norm=0.9201, pi_std=0.031213, effC=24.53, Lvar=0.000001, Lvar_active=0.0002, scale/adh_std=1
Epoch [40/100], Average Loss: 0.284981
  Diagnostics: H_ent_norm=0.7033, H_maxp=0.3616, pi_ent_norm=0.8956, pi_std=0.038469, effC=22.63, Lvar=0.000001, Lvar_active=0.0002, scale/adh_std=1
Epoch [50/100], Average Loss: 0.255425
  Diagnostics: H_ent_norm=0.6601, H_maxp=0.4125, pi_ent_norm=0.8536, pi_std=0.049761, effC=19.53, Lvar=0.000001, Lvar_active=0.0002, scale/adh_std=1
Epoch [60/100], Average Loss: 0.219103
  Diagnostics: H_ent_norm=0.5789, H_maxp=0.4960, pi_ent_norm=0.7808, pi_std=0.066107, effC=15.02, Lvar=0.000001, Lvar_active=0.0002, scale/adh_std=1
Epoch [70/100], Average Loss: 0.192872
  Diagnostics: H_ent_norm=0.5132, H_maxp=0.5532, pi_ent_norm=0.7167, pi_std=0.078379, effC=12.25, Lvar=0.000001, Lvar_active=0.0002, scale/adh_std=1
Epoch [80/100], Average Loss: 0.179164
  Diagnostics: H_ent_norm=0.4880, H_maxp=0.5718, pi_ent_norm=0.6834, pi_std=0.084304, effC=11.13, Lvar=0.000001, Lvar_active=0.0002, scale/adh_std=1
Epoch [90/100], Average Loss: 0.170977
  Diagnostics: H_ent_norm=0.4860, H_maxp=0.5737, pi_ent_norm=0.6742, pi_std=0.085988, effC=10.75, Lvar=0.000001, Lvar_active=0.0002, scale/adh_std=1
Epoch [100/100], Average Loss: 0.163443
  Diagnostics: H_ent_norm=0.4848, H_maxp=0.5739, pi_ent_norm=0.6671, pi_std=0.087363, effC=10.46, Lvar=0.000001, Lvar_active=0.0002, scale/adh_std=1
训练完成！实际训练 100 个epochs

--- 评估阶段 ---
  Facebook: AUROC=0.5925, AUPRC=0.0477
  cora: AUROC=0.8254, AUPRC=0.4262
  citeseer: AUROC=0.9036, AUPRC=0.4690
  ACM: AUROC=0.7856, AUPRC=0.3721
  BlogCatalog: AUROC=0.7278, AUPRC=0.3300
  weibo: AUROC=0.8089, AUPRC=0.3452
  Reddit: AUROC=0.5931, AUPRC=0.0473
  Amazon: AUROC=0.7449, AUPRC=0.1387

--- 保存模型 ---
检查点已保存到: /autodl-fs/data/recap/tuning_hyperparams/interaction_tuning/k_c_heatmap_results/k_c_paper_v2_auprc_best/checkpoints/k64__C32/recap/trial_1/model.pt
模型已保存到: /autodl-fs/data/recap/tuning_hyperparams/interaction_tuning/k_c_heatmap_results/k_c_paper_v2_auprc_best/checkpoints/k64__C32/recap/trial_1/model.pt

======================================================================
Trial 2 开始训练 (seed=2)
======================================================================
🔧 模型初始化视图数: 1 (单视图模式)

--- 训练阶段 ---
开始训练，共 100 个epochs...
关闭early stopping，训练将跑满设定epochs
🔧 Assignment layer LR multiplier: 10 (base_lr=5e-05, assignment_lr=0.0005)
Epoch [1/100], Average Loss: 0.568865
  Diagnostics: H_ent_norm=0.8407, H_maxp=0.1899, pi_ent_norm=0.9931, pi_std=0.006377, effC=31.25, Lvar=0.000000, Lvar_active=0.0000, scale/adh_std=1
Epoch [10/100], Average Loss: 0.401347
  Diagnostics: H_ent_norm=0.7480, H_maxp=0.3005, pi_ent_norm=0.9503, pi_std=0.019520, effC=27.10, Lvar=0.000000, Lvar_active=0.0000, scale/adh_std=1
Epoch [20/100], Average Loss: 0.349421
  Diagnostics: H_ent_norm=0.7208, H_maxp=0.3322, pi_ent_norm=0.9285, pi_std=0.025373, effC=25.30, Lvar=0.000000, Lvar_active=0.0000, scale/adh_std=1
Epoch [30/100], Average Loss: 0.326364
  Diagnostics: H_ent_norm=0.7229, H_maxp=0.3326, pi_ent_norm=0.9238, pi_std=0.026980, effC=24.92, Lvar=0.000000, Lvar_active=0.0000, scale/adh_std=1
Epoch [40/100], Average Loss: 0.312729
  Diagnostics: H_ent_norm=0.7257, H_maxp=0.3317, pi_ent_norm=0.9220, pi_std=0.027715, effC=24.77, Lvar=0.000000, Lvar_active=0.0000, scale/adh_std=1
Epoch [50/100], Average Loss: 0.302414
  Diagnostics: H_ent_norm=0.7216, H_maxp=0.3389, pi_ent_norm=0.9159, pi_std=0.029066, effC=24.31, Lvar=0.000000, Lvar_active=0.0000, scale/adh_std=1
Epoch [60/100], Average Loss: 0.291574
  Diagnostics: H_ent_norm=0.7111, H_maxp=0.3507, pi_ent_norm=0.9073, pi_std=0.031254, effC=23.64, Lvar=0.000000, Lvar_active=0.0000, scale/adh_std=1
Epoch [70/100], Average Loss: 0.281343
  Diagnostics: H_ent_norm=0.7007, H_maxp=0.3624, pi_ent_norm=0.8980, pi_std=0.034016, effC=22.95, Lvar=0.000000, Lvar_active=0.0000, scale/adh_std=1
Epoch [80/100], Average Loss: 0.269002
  Diagnostics: H_ent_norm=0.6746, H_maxp=0.3897, pi_ent_norm=0.8754, pi_std=0.040077, effC=21.39, Lvar=0.000000, Lvar_active=0.0000, scale/adh_std=1
Epoch [90/100], Average Loss: 0.255313
  Diagnostics: H_ent_norm=0.6471, H_maxp=0.4176, pi_ent_norm=0.8498, pi_std=0.047161, effC=19.71, Lvar=0.000000, Lvar_active=0.0000, scale/adh_std=1
Epoch [100/100], Average Loss: 0.226532
  Diagnostics: H_ent_norm=0.6060, H_maxp=0.4618, pi_ent_norm=0.8088, pi_std=0.057823, effC=17.05, Lvar=0.000000, Lvar_active=0.0000, scale/adh_std=1
训练完成！实际训练 100 个epochs

--- 评估阶段 ---
  Facebook: AUROC=0.5925, AUPRC=0.0376
  cora: AUROC=0.8250, AUPRC=0.4146
  citeseer: AUROC=0.9066, AUPRC=0.4610
  ACM: AUROC=0.7839, AUPRC=0.3759
  BlogCatalog: AUROC=0.7327, AUPRC=0.3326
  weibo: AUROC=0.7943, AUPRC=0.3288
  Reddit: AUROC=0.5936, AUPRC=0.0469
  Amazon: AUROC=0.7329, AUPRC=0.1341

--- 保存模型 ---
检查点已保存到: /autodl-fs/data/recap/tuning_hyperparams/interaction_tuning/k_c_heatmap_results/k_c_paper_v2_auprc_best/checkpoints/k64__C32/recap/trial_2/model.pt
模型已保存到: /autodl-fs/data/recap/tuning_hyperparams/interaction_tuning/k_c_heatmap_results/k_c_paper_v2_auprc_best/checkpoints/k64__C32/recap/trial_2/model.pt

======================================================================
聚合 3 次试验的结果
======================================================================

------------------------- Facebook -------------------------
AUROC: 0.5959 ± 0.0048
AUPRC: 0.0527 ± 0.0149

------------------------- cora -------------------------
AUROC: 0.8247 ± 0.0007
AUPRC: 0.4225 ± 0.0056

------------------------- citeseer -------------------------
AUROC: 0.9058 ± 0.0015
AUPRC: 0.4657 ± 0.0034

------------------------- ACM -------------------------
AUROC: 0.7849 ± 0.0008
AUPRC: 0.3739 ± 0.0015

------------------------- BlogCatalog -------------------------
AUROC: 0.7306 ± 0.0021
AUPRC: 0.3316 ± 0.0012

------------------------- weibo -------------------------
AUROC: 0.7968 ± 0.0090
AUPRC: 0.3360 ± 0.0069

------------------------- Reddit -------------------------
AUROC: 0.5934 ± 0.0002
AUPRC: 0.0475 ± 0.0006

------------------------- Amazon -------------------------
AUROC: 0.7213 ± 0.0254
AUPRC: 0.1308 ± 0.0081


======================================================================
训练完成！
所有模型已保存到: /autodl-fs/data/recap/tuning_hyperparams/interaction_tuning/k_c_heatmap_results/k_c_paper_v2_auprc_best/checkpoints/k64__C32/recap/
======================================================================

