/root/miniconda3/lib/python3.12/site-packages/torch_geometric/__init__.py:4: UserWarning: An issue occurred while importing 'torch-scatter'. Disabling its usage. Stacktrace: Could not load this library: /root/miniconda3/lib/python3.12/site-packages/torch_scatter/_version_cuda.so
  import torch_geometric.typing
/root/miniconda3/lib/python3.12/site-packages/torch_geometric/__init__.py:4: UserWarning: An issue occurred while importing 'torch-cluster'. Disabling its usage. Stacktrace: Could not load this library: /root/miniconda3/lib/python3.12/site-packages/torch_cluster/_version_cuda.so
  import torch_geometric.typing
/root/miniconda3/lib/python3.12/site-packages/torch_geometric/__init__.py:4: UserWarning: An issue occurred while importing 'torch-spline-conv'. Disabling its usage. Stacktrace: Could not load this library: /root/miniconda3/lib/python3.12/site-packages/torch_spline_conv/_version_cuda.so
  import torch_geometric.typing
/root/miniconda3/lib/python3.12/site-packages/torch_geometric/__init__.py:4: UserWarning: An issue occurred while importing 'torch-sparse'. Disabling its usage. Stacktrace: Could not load this library: /root/miniconda3/lib/python3.12/site-packages/torch_sparse/_version_cuda.so
  import torch_geometric.typing
使用保存的最佳模型配置

======================================================================
recap 异常检测模型训练
======================================================================

📋 训练配置:
  device: cuda:0
  epochs: 100
  trials: 3
  seed: 0
  output_dir: /autodl-fs/data/recap/tuning_hyperparams/interaction_tuning/k_c_heatmap_results/k_c_paper_v2_auprc_best/checkpoints/k64__C24
  save_checkpoint: True
  early_stop: False
  patience: 30
  log_diagnostics: True
  diagnostics_interval: 10

🔧 模型配置:
  model: recap
  lr: 5e-05
  dropout_rate: 0.2
  h_feats: 256
  num_hops: 4
  weight_decay: 5e-05
  dims: 32
  num_layers: 2
  activation: ELU
  num_views: 1
  num_clusters: 24
  knn_k: 64
  cluster_lr_multiplier: 10.0
  tau_s: 0.3
  tau_c: 0.3
  cluster_init_gain: 1.5
  sim_block_size: 256
  knn_cache_enabled: True
  knn_cache_dir: /autodl-fs/data/recap/knn_cache
  knn_search_dtype: auto
  lambda_H: 0.1
  lambda_bal: 0.0
  lambda_E: 0.1
  lambda_usage_entropy: 0.1
  assignment_entropy_lower: 0.45
  assignment_entropy_upper: 0.85
  usage_entropy_lower: 0.65
  usage_entropy_upper: 0.9
  gamma: 0.1
  tau_e: 1.0
  beta: 0.02
  eps: 1e-08
  lambda_ortho: 0.1
  lambda_min_usage: 0.0
  lambda_diversity: 0.1
  min_cluster_ratio: 0.1

💾 保存设置:
  保存目录：/autodl-fs/data/recap/tuning_hyperparams/interaction_tuning/k_c_heatmap_results/k_c_paper_v2_auprc_best/checkpoints/k64__C24
  保存检查点：True
======================================================================


📊 使用指定的训练数据集: ['pubmed', 'Flickr', 'questions', 'YelpChi']

📊 使用指定的测试数据集: ['Facebook', 'cora', 'citeseer', 'ACM', 'BlogCatalog', 'weibo', 'Reddit', 'Amazon']
加载 4 个训练数据集: ['pubmed', 'Flickr', 'questions', 'YelpChi']
加载 8 个测试数据集: ['Facebook', 'cora', 'citeseer', 'ACM', 'BlogCatalog', 'weibo', 'Reddit', 'Amazon']
进行 4 跳特征传播...

======================================================================
Trial 0 开始训练 (seed=0)
======================================================================
🔧 模型初始化视图数: 1 (单视图模式)

--- 训练阶段 ---
开始训练，共 100 个epochs...
关闭early stopping，训练将跑满设定epochs
🔧 Assignment layer LR multiplier: 10 (base_lr=5e-05, assignment_lr=0.0005)
Epoch [1/100], Average Loss: 0.542462
  Diagnostics: H_ent_norm=0.8356, H_maxp=0.2144, pi_ent_norm=0.9943, pi_std=0.007520, effC=23.57, Lvar=0.000000, Lvar_active=0.0000, scale/adh_std=1
Epoch [10/100], Average Loss: 0.382221
  Diagnostics: H_ent_norm=0.7227, H_maxp=0.3488, pi_ent_norm=0.9415, pi_std=0.026274, effC=20.08, Lvar=0.000000, Lvar_active=0.0000, scale/adh_std=1
Epoch [20/100], Average Loss: 0.321455
  Diagnostics: H_ent_norm=0.6577, H_maxp=0.4173, pi_ent_norm=0.9015, pi_std=0.035794, effC=17.87, Lvar=0.000000, Lvar_active=0.0000, scale/adh_std=1
Epoch [30/100], Average Loss: 0.298754
  Diagnostics: H_ent_norm=0.6412, H_maxp=0.4377, pi_ent_norm=0.8851, pi_std=0.040469, effC=17.04, Lvar=0.000000, Lvar_active=0.0000, scale/adh_std=1
Epoch [40/100], Average Loss: 0.277923
  Diagnostics: H_ent_norm=0.6200, H_maxp=0.4629, pi_ent_norm=0.8613, pi_std=0.048221, effC=15.87, Lvar=0.000000, Lvar_active=0.0000, scale/adh_std=1
Epoch [50/100], Average Loss: 0.252717
  Diagnostics: H_ent_norm=0.5849, H_maxp=0.5026, pi_ent_norm=0.8244, pi_std=0.060031, effC=14.10, Lvar=0.000000, Lvar_active=0.0000, scale/adh_std=1
Epoch [60/100], Average Loss: 0.224429
  Diagnostics: H_ent_norm=0.5596, H_maxp=0.5313, pi_ent_norm=0.7881, pi_std=0.073216, effC=12.35, Lvar=0.000000, Lvar_active=0.0000, scale/adh_std=1
Epoch [70/100], Average Loss: 0.196631
  Diagnostics: H_ent_norm=0.5275, H_maxp=0.5577, pi_ent_norm=0.7430, pi_std=0.086460, effC=10.67, Lvar=0.000000, Lvar_active=0.0000, scale/adh_std=1
Epoch [80/100], Average Loss: 0.177935
  Diagnostics: H_ent_norm=0.4953, H_maxp=0.5794, pi_ent_norm=0.6998, pi_std=0.096118, effC=9.43, Lvar=0.000000, Lvar_active=0.0000, scale/adh_std=1
Epoch [90/100], Average Loss: 0.165502
  Diagnostics: H_ent_norm=0.4770, H_maxp=0.5899, pi_ent_norm=0.6733, pi_std=0.101396, effC=8.79, Lvar=0.000000, Lvar_active=0.0000, scale/adh_std=1
Epoch [100/100], Average Loss: 0.158947
  Diagnostics: H_ent_norm=0.4738, H_maxp=0.5921, pi_ent_norm=0.6665, pi_std=0.102794, effC=8.60, Lvar=0.000000, Lvar_active=0.0000, scale/adh_std=1
训练完成！实际训练 100 个epochs

--- 评估阶段 ---
  Facebook: AUROC=0.6173, AUPRC=0.0563
  cora: AUROC=0.8262, AUPRC=0.4198
  citeseer: AUROC=0.9068, AUPRC=0.4586
  ACM: AUROC=0.7898, AUPRC=0.3720
  BlogCatalog: AUROC=0.7306, AUPRC=0.3236
  weibo: AUROC=0.8165, AUPRC=0.3456
  Reddit: AUROC=0.5916, AUPRC=0.0476
  Amazon: AUROC=0.7384, AUPRC=0.1377

--- 保存模型 ---
检查点已保存到: /autodl-fs/data/recap/tuning_hyperparams/interaction_tuning/k_c_heatmap_results/k_c_paper_v2_auprc_best/checkpoints/k64__C24/recap/trial_0/model.pt
模型已保存到: /autodl-fs/data/recap/tuning_hyperparams/interaction_tuning/k_c_heatmap_results/k_c_paper_v2_auprc_best/checkpoints/k64__C24/recap/trial_0/model.pt

======================================================================
Trial 1 开始训练 (seed=1)
======================================================================
🔧 模型初始化视图数: 1 (单视图模式)

--- 训练阶段 ---
开始训练，共 100 个epochs...
关闭early stopping，训练将跑满设定epochs
🔧 Assignment layer LR multiplier: 10 (base_lr=5e-05, assignment_lr=0.0005)
Epoch [1/100], Average Loss: 0.541421
  Diagnostics: H_ent_norm=0.8392, H_maxp=0.2102, pi_ent_norm=0.9955, pi_std=0.006641, effC=23.66, Lvar=0.000001, Lvar_active=0.0002, scale/adh_std=1
Epoch [10/100], Average Loss: 0.382487
  Diagnostics: H_ent_norm=0.7515, H_maxp=0.3139, pi_ent_norm=0.9603, pi_std=0.020398, effC=21.23, Lvar=0.000001, Lvar_active=0.0002, scale/adh_std=1
Epoch [20/100], Average Loss: 0.333855
  Diagnostics: H_ent_norm=0.7315, H_maxp=0.3408, pi_ent_norm=0.9477, pi_std=0.024237, effC=20.43, Lvar=0.000001, Lvar_active=0.0002, scale/adh_std=1
Epoch [30/100], Average Loss: 0.304749
  Diagnostics: H_ent_norm=0.7389, H_maxp=0.3371, pi_ent_norm=0.9485, pi_std=0.024723, effC=20.47, Lvar=0.000001, Lvar_active=0.0002, scale/adh_std=1
Epoch [40/100], Average Loss: 0.288168
  Diagnostics: H_ent_norm=0.7476, H_maxp=0.3302, pi_ent_norm=0.9504, pi_std=0.024768, effC=20.58, Lvar=0.000001, Lvar_active=0.0002, scale/adh_std=1
Epoch [50/100], Average Loss: 0.277696
  Diagnostics: H_ent_norm=0.7608, H_maxp=0.3180, pi_ent_norm=0.9554, pi_std=0.023635, effC=20.89, Lvar=0.000002, Lvar_active=0.0002, scale/adh_std=1
Epoch [60/100], Average Loss: 0.265720
  Diagnostics: H_ent_norm=0.7749, H_maxp=0.3040, pi_ent_norm=0.9598, pi_std=0.022519, effC=21.17, Lvar=0.000002, Lvar_active=0.0002, scale/adh_std=1
Epoch [70/100], Average Loss: 0.258177
  Diagnostics: H_ent_norm=0.7945, H_maxp=0.2832, pi_ent_norm=0.9674, pi_std=0.020014, effC=21.67, Lvar=0.000002, Lvar_active=0.0002, scale/adh_std=1
Epoch [80/100], Average Loss: 0.248833
  Diagnostics: H_ent_norm=0.8117, H_maxp=0.2662, pi_ent_norm=0.9724, pi_std=0.018139, effC=22.01, Lvar=0.000002, Lvar_active=0.0002, scale/adh_std=1
Epoch [90/100], Average Loss: 0.241547
  Diagnostics: H_ent_norm=0.8338, H_maxp=0.2420, pi_ent_norm=0.9793, pi_std=0.015414, effC=22.49, Lvar=0.000002, Lvar_active=0.0002, scale/adh_std=1
Epoch [100/100], Average Loss: 0.232488
  Diagnostics: H_ent_norm=0.8562, H_maxp=0.2188, pi_ent_norm=0.9836, pi_std=0.013505, effC=22.79, Lvar=0.000002, Lvar_active=0.0002, scale/adh_std=1
训练完成！实际训练 100 个epochs

--- 评估阶段 ---
  Facebook: AUROC=0.5941, AUPRC=0.0512
  cora: AUROC=0.8283, AUPRC=0.4325
  citeseer: AUROC=0.9012, AUPRC=0.4692
  ACM: AUROC=0.7874, AUPRC=0.3752
  BlogCatalog: AUROC=0.7277, AUPRC=0.3367
  weibo: AUROC=0.7749, AUPRC=0.3086
  Reddit: AUROC=0.5894, AUPRC=0.0459
  Amazon: AUROC=0.7267, AUPRC=0.1280

--- 保存模型 ---
检查点已保存到: /autodl-fs/data/recap/tuning_hyperparams/interaction_tuning/k_c_heatmap_results/k_c_paper_v2_auprc_best/checkpoints/k64__C24/recap/trial_1/model.pt
模型已保存到: /autodl-fs/data/recap/tuning_hyperparams/interaction_tuning/k_c_heatmap_results/k_c_paper_v2_auprc_best/checkpoints/k64__C24/recap/trial_1/model.pt

======================================================================
Trial 2 开始训练 (seed=2)
======================================================================
🔧 模型初始化视图数: 1 (单视图模式)

--- 训练阶段 ---
开始训练，共 100 个epochs...
关闭early stopping，训练将跑满设定epochs
🔧 Assignment layer LR multiplier: 10 (base_lr=5e-05, assignment_lr=0.0005)
Epoch [1/100], Average Loss: 0.531456
  Diagnostics: H_ent_norm=0.8347, H_maxp=0.2157, pi_ent_norm=0.9923, pi_std=0.008805, effC=23.42, Lvar=0.000000, Lvar_active=0.0000, scale/adh_std=1
Epoch [10/100], Average Loss: 0.378565
  Diagnostics: H_ent_norm=0.7213, H_maxp=0.3501, pi_ent_norm=0.9309, pi_std=0.028592, effC=19.47, Lvar=0.000000, Lvar_active=0.0000, scale/adh_std=1
Epoch [20/100], Average Loss: 0.331681
  Diagnostics: H_ent_norm=0.6951, H_maxp=0.3790, pi_ent_norm=0.9082, pi_std=0.035145, effC=18.25, Lvar=0.000000, Lvar_active=0.0000, scale/adh_std=1
Epoch [30/100], Average Loss: 0.303958
  Diagnostics: H_ent_norm=0.6984, H_maxp=0.3792, pi_ent_norm=0.9033, pi_std=0.037568, effC=17.98, Lvar=0.000000, Lvar_active=0.0000, scale/adh_std=1
Epoch [40/100], Average Loss: 0.283907
  Diagnostics: H_ent_norm=0.6851, H_maxp=0.3953, pi_ent_norm=0.8866, pi_std=0.042499, effC=17.13, Lvar=0.000000, Lvar_active=0.0000, scale/adh_std=1
Epoch [50/100], Average Loss: 0.266944
  Diagnostics: H_ent_norm=0.6658, H_maxp=0.4167, pi_ent_norm=0.8671, pi_std=0.048229, effC=16.19, Lvar=0.000000, Lvar_active=0.0000, scale/adh_std=1
Epoch [60/100], Average Loss: 0.251105
  Diagnostics: H_ent_norm=0.6411, H_maxp=0.4436, pi_ent_norm=0.8432, pi_std=0.056112, effC=15.05, Lvar=0.000000, Lvar_active=0.0000, scale/adh_std=1
Epoch [70/100], Average Loss: 0.219349
  Diagnostics: H_ent_norm=0.5929, H_maxp=0.4938, pi_ent_norm=0.7985, pi_std=0.070138, effC=12.98, Lvar=0.000000, Lvar_active=0.0000, scale/adh_std=1
Epoch [80/100], Average Loss: 0.193865
  Diagnostics: H_ent_norm=0.5594, H_maxp=0.5250, pi_ent_norm=0.7587, pi_std=0.082255, effC=11.22, Lvar=0.000000, Lvar_active=0.0000, scale/adh_std=1
Epoch [90/100], Average Loss: 0.176177
  Diagnostics: H_ent_norm=0.5203, H_maxp=0.5563, pi_ent_norm=0.7179, pi_std=0.091902, effC=9.84, Lvar=0.000000, Lvar_active=0.0000, scale/adh_std=1
Epoch [100/100], Average Loss: 0.165928
  Diagnostics: H_ent_norm=0.4959, H_maxp=0.5732, pi_ent_norm=0.6904, pi_std=0.097744, effC=9.10, Lvar=0.000000, Lvar_active=0.0000, scale/adh_std=1
训练完成！实际训练 100 个epochs

--- 评估阶段 ---
  Facebook: AUROC=0.5906, AUPRC=0.0375
  cora: AUROC=0.8191, AUPRC=0.4064
  citeseer: AUROC=0.9007, AUPRC=0.4487
  ACM: AUROC=0.7800, AUPRC=0.3747
  BlogCatalog: AUROC=0.7228, AUPRC=0.3253
  weibo: AUROC=0.7983, AUPRC=0.3456
  Reddit: AUROC=0.5866, AUPRC=0.0452
  Amazon: AUROC=0.7026, AUPRC=0.1248

--- 保存模型 ---
检查点已保存到: /autodl-fs/data/recap/tuning_hyperparams/interaction_tuning/k_c_heatmap_results/k_c_paper_v2_auprc_best/checkpoints/k64__C24/recap/trial_2/model.pt
模型已保存到: /autodl-fs/data/recap/tuning_hyperparams/interaction_tuning/k_c_heatmap_results/k_c_paper_v2_auprc_best/checkpoints/k64__C24/recap/trial_2/model.pt

======================================================================
聚合 3 次试验的结果
======================================================================

------------------------- Facebook -------------------------
AUROC: 0.6007 ± 0.0118
AUPRC: 0.0483 ± 0.0079

------------------------- cora -------------------------
AUROC: 0.8245 ± 0.0039
AUPRC: 0.4196 ± 0.0107

------------------------- citeseer -------------------------
AUROC: 0.9029 ± 0.0028
AUPRC: 0.4588 ± 0.0084

------------------------- ACM -------------------------
AUROC: 0.7857 ± 0.0042
AUPRC: 0.3740 ± 0.0014

------------------------- BlogCatalog -------------------------
AUROC: 0.7270 ± 0.0032
AUPRC: 0.3285 ± 0.0058

------------------------- weibo -------------------------
AUROC: 0.7966 ± 0.0170
AUPRC: 0.3332 ± 0.0174

------------------------- Reddit -------------------------
AUROC: 0.5892 ± 0.0020
AUPRC: 0.0462 ± 0.0010

------------------------- Amazon -------------------------
AUROC: 0.7226 ± 0.0149
AUPRC: 0.1302 ± 0.0055


======================================================================
训练完成！
所有模型已保存到: /autodl-fs/data/recap/tuning_hyperparams/interaction_tuning/k_c_heatmap_results/k_c_paper_v2_auprc_best/checkpoints/k64__C24/recap/
======================================================================

