/root/miniconda3/lib/python3.12/site-packages/torch_geometric/__init__.py:4: UserWarning: An issue occurred while importing 'torch-scatter'. Disabling its usage. Stacktrace: Could not load this library: /root/miniconda3/lib/python3.12/site-packages/torch_scatter/_version_cuda.so
  import torch_geometric.typing
/root/miniconda3/lib/python3.12/site-packages/torch_geometric/__init__.py:4: UserWarning: An issue occurred while importing 'torch-cluster'. Disabling its usage. Stacktrace: Could not load this library: /root/miniconda3/lib/python3.12/site-packages/torch_cluster/_version_cuda.so
  import torch_geometric.typing
/root/miniconda3/lib/python3.12/site-packages/torch_geometric/__init__.py:4: UserWarning: An issue occurred while importing 'torch-spline-conv'. Disabling its usage. Stacktrace: Could not load this library: /root/miniconda3/lib/python3.12/site-packages/torch_spline_conv/_version_cuda.so
  import torch_geometric.typing
/root/miniconda3/lib/python3.12/site-packages/torch_geometric/__init__.py:4: UserWarning: An issue occurred while importing 'torch-sparse'. Disabling its usage. Stacktrace: Could not load this library: /root/miniconda3/lib/python3.12/site-packages/torch_sparse/_version_cuda.so
  import torch_geometric.typing
使用保存的最佳模型配置

======================================================================
recap 异常检测模型训练
======================================================================

📋 训练配置:
  device: cuda:0
  epochs: 100
  trials: 3
  seed: 0
  output_dir: /autodl-fs/data/recap/tuning_hyperparams/interaction_tuning/k_c_heatmap_results/k_c_paper_v2_auprc_best/checkpoints/k64__C28
  save_checkpoint: True
  early_stop: False
  patience: 30
  log_diagnostics: True
  diagnostics_interval: 10

🔧 模型配置:
  model: recap
  lr: 5e-05
  dropout_rate: 0.2
  h_feats: 256
  num_hops: 4
  weight_decay: 5e-05
  dims: 32
  num_layers: 2
  activation: ELU
  num_views: 1
  num_clusters: 28
  knn_k: 64
  cluster_lr_multiplier: 10.0
  tau_s: 0.3
  tau_c: 0.3
  cluster_init_gain: 1.5
  sim_block_size: 256
  knn_cache_enabled: True
  knn_cache_dir: /autodl-fs/data/recap/knn_cache
  knn_search_dtype: auto
  lambda_H: 0.1
  lambda_bal: 0.0
  lambda_E: 0.1
  lambda_usage_entropy: 0.1
  assignment_entropy_lower: 0.45
  assignment_entropy_upper: 0.85
  usage_entropy_lower: 0.65
  usage_entropy_upper: 0.9
  gamma: 0.1
  tau_e: 1.0
  beta: 0.02
  eps: 1e-08
  lambda_ortho: 0.1
  lambda_min_usage: 0.0
  lambda_diversity: 0.1
  min_cluster_ratio: 0.1

💾 保存设置:
  保存目录：/autodl-fs/data/recap/tuning_hyperparams/interaction_tuning/k_c_heatmap_results/k_c_paper_v2_auprc_best/checkpoints/k64__C28
  保存检查点：True
======================================================================


📊 使用指定的训练数据集: ['pubmed', 'Flickr', 'questions', 'YelpChi']

📊 使用指定的测试数据集: ['Facebook', 'cora', 'citeseer', 'ACM', 'BlogCatalog', 'weibo', 'Reddit', 'Amazon']
加载 4 个训练数据集: ['pubmed', 'Flickr', 'questions', 'YelpChi']
加载 8 个测试数据集: ['Facebook', 'cora', 'citeseer', 'ACM', 'BlogCatalog', 'weibo', 'Reddit', 'Amazon']
进行 4 跳特征传播...

======================================================================
Trial 0 开始训练 (seed=0)
======================================================================
🔧 模型初始化视图数: 1 (单视图模式)

--- 训练阶段 ---
开始训练，共 100 个epochs...
关闭early stopping，训练将跑满设定epochs
🔧 Assignment layer LR multiplier: 10 (base_lr=5e-05, assignment_lr=0.0005)
Epoch [1/100], Average Loss: 0.561917
  Diagnostics: H_ent_norm=0.8386, H_maxp=0.2021, pi_ent_norm=0.9930, pi_std=0.007349, effC=27.36, Lvar=0.000000, Lvar_active=0.0000, scale/adh_std=1
Epoch [10/100], Average Loss: 0.393809
  Diagnostics: H_ent_norm=0.7251, H_maxp=0.3367, pi_ent_norm=0.9406, pi_std=0.023863, effC=23.16, Lvar=0.000000, Lvar_active=0.0000, scale/adh_std=1
Epoch [20/100], Average Loss: 0.333314
  Diagnostics: H_ent_norm=0.6687, H_maxp=0.3955, pi_ent_norm=0.9081, pi_std=0.031058, effC=20.99, Lvar=0.000000, Lvar_active=0.0000, scale/adh_std=1
Epoch [30/100], Average Loss: 0.315301
  Diagnostics: H_ent_norm=0.6675, H_maxp=0.3983, pi_ent_norm=0.9060, pi_std=0.031977, effC=20.85, Lvar=0.000000, Lvar_active=0.0000, scale/adh_std=1
Epoch [40/100], Average Loss: 0.298725
  Diagnostics: H_ent_norm=0.6738, H_maxp=0.3928, pi_ent_norm=0.9055, pi_std=0.033256, effC=20.79, Lvar=0.000000, Lvar_active=0.0000, scale/adh_std=1
Epoch [50/100], Average Loss: 0.284777
  Diagnostics: H_ent_norm=0.6866, H_maxp=0.3806, pi_ent_norm=0.9046, pi_std=0.035761, effC=20.70, Lvar=0.000000, Lvar_active=0.0000, scale/adh_std=1
Epoch [60/100], Average Loss: 0.265860
  Diagnostics: H_ent_norm=0.6825, H_maxp=0.3885, pi_ent_norm=0.8880, pi_std=0.041738, effC=19.65, Lvar=0.000000, Lvar_active=0.0000, scale/adh_std=1
Epoch [70/100], Average Loss: 0.244790
  Diagnostics: H_ent_norm=0.6547, H_maxp=0.4222, pi_ent_norm=0.8547, pi_std=0.051593, effC=17.62, Lvar=0.000000, Lvar_active=0.0000, scale/adh_std=1
Epoch [80/100], Average Loss: 0.207330
  Diagnostics: H_ent_norm=0.5799, H_maxp=0.5020, pi_ent_norm=0.7820, pi_std=0.070254, effC=13.64, Lvar=0.000000, Lvar_active=0.0000, scale/adh_std=1
Epoch [90/100], Average Loss: 0.178320
  Diagnostics: H_ent_norm=0.5057, H_maxp=0.5684, pi_ent_norm=0.7068, pi_std=0.086450, effC=10.64, Lvar=0.000000, Lvar_active=0.0000, scale/adh_std=1
Epoch [100/100], Average Loss: 0.164227
  Diagnostics: H_ent_norm=0.4766, H_maxp=0.5901, pi_ent_norm=0.6698, pi_std=0.093678, effC=9.55, Lvar=0.000000, Lvar_active=0.0000, scale/adh_std=1
训练完成！实际训练 100 个epochs

--- 评估阶段 ---
  Facebook: AUROC=0.6039, AUPRC=0.0528
  cora: AUROC=0.8274, AUPRC=0.4352
  citeseer: AUROC=0.9055, AUPRC=0.4655
  ACM: AUROC=0.7935, AUPRC=0.3743
  BlogCatalog: AUROC=0.7165, AUPRC=0.3257
  weibo: AUROC=0.8014, AUPRC=0.3284
  Reddit: AUROC=0.5939, AUPRC=0.0475
  Amazon: AUROC=0.7331, AUPRC=0.1363

--- 保存模型 ---
检查点已保存到: /autodl-fs/data/recap/tuning_hyperparams/interaction_tuning/k_c_heatmap_results/k_c_paper_v2_auprc_best/checkpoints/k64__C28/recap/trial_0/model.pt
模型已保存到: /autodl-fs/data/recap/tuning_hyperparams/interaction_tuning/k_c_heatmap_results/k_c_paper_v2_auprc_best/checkpoints/k64__C28/recap/trial_0/model.pt

======================================================================
Trial 1 开始训练 (seed=1)
======================================================================
🔧 模型初始化视图数: 1 (单视图模式)

--- 训练阶段 ---
开始训练，共 100 个epochs...
关闭early stopping，训练将跑满设定epochs
🔧 Assignment layer LR multiplier: 10 (base_lr=5e-05, assignment_lr=0.0005)
Epoch [1/100], Average Loss: 0.564027
  Diagnostics: H_ent_norm=0.8381, H_maxp=0.1982, pi_ent_norm=0.9963, pi_std=0.005293, effC=27.66, Lvar=0.000001, Lvar_active=0.0002, scale/adh_std=1
Epoch [10/100], Average Loss: 0.394085
  Diagnostics: H_ent_norm=0.7502, H_maxp=0.3032, pi_ent_norm=0.9643, pi_std=0.016974, effC=24.93, Lvar=0.000001, Lvar_active=0.0002, scale/adh_std=1
Epoch [20/100], Average Loss: 0.346570
  Diagnostics: H_ent_norm=0.7324, H_maxp=0.3262, pi_ent_norm=0.9556, pi_std=0.019261, effC=24.26, Lvar=0.000001, Lvar_active=0.0002, scale/adh_std=1
Epoch [30/100], Average Loss: 0.319348
  Diagnostics: H_ent_norm=0.7391, H_maxp=0.3248, pi_ent_norm=0.9556, pi_std=0.019738, effC=24.25, Lvar=0.000001, Lvar_active=0.0002, scale/adh_std=1
Epoch [40/100], Average Loss: 0.300449
  Diagnostics: H_ent_norm=0.7502, H_maxp=0.3155, pi_ent_norm=0.9593, pi_std=0.019230, effC=24.52, Lvar=0.000002, Lvar_active=0.0002, scale/adh_std=1
Epoch [50/100], Average Loss: 0.283538
  Diagnostics: H_ent_norm=0.7669, H_maxp=0.2989, pi_ent_norm=0.9641, pi_std=0.018265, effC=24.89, Lvar=0.000002, Lvar_active=0.0002, scale/adh_std=1
Epoch [60/100], Average Loss: 0.268761
  Diagnostics: H_ent_norm=0.7825, H_maxp=0.2831, pi_ent_norm=0.9687, pi_std=0.017061, effC=25.27, Lvar=0.000002, Lvar_active=0.0002, scale/adh_std=1
Epoch [70/100], Average Loss: 0.260772
  Diagnostics: H_ent_norm=0.7973, H_maxp=0.2681, pi_ent_norm=0.9731, pi_std=0.015803, effC=25.63, Lvar=0.000002, Lvar_active=0.0002, scale/adh_std=1
Epoch [80/100], Average Loss: 0.253477
  Diagnostics: H_ent_norm=0.8070, H_maxp=0.2587, pi_ent_norm=0.9746, pi_std=0.015276, effC=25.76, Lvar=0.000002, Lvar_active=0.0002, scale/adh_std=1
Epoch [90/100], Average Loss: 0.249066
  Diagnostics: H_ent_norm=0.8220, H_maxp=0.2430, pi_ent_norm=0.9801, pi_std=0.013289, effC=26.22, Lvar=0.000002, Lvar_active=0.0002, scale/adh_std=1
Epoch [100/100], Average Loss: 0.237920
  Diagnostics: H_ent_norm=0.8337, H_maxp=0.2303, pi_ent_norm=0.9827, pi_std=0.012240, effC=26.45, Lvar=0.000002, Lvar_active=0.0002, scale/adh_std=1
训练完成！实际训练 100 个epochs

--- 评估阶段 ---
  Facebook: AUROC=0.5908, AUPRC=0.0505
  cora: AUROC=0.8284, AUPRC=0.4311
  citeseer: AUROC=0.9011, AUPRC=0.4708
  ACM: AUROC=0.7869, AUPRC=0.3718
  BlogCatalog: AUROC=0.7283, AUPRC=0.3367
  weibo: AUROC=0.7794, AUPRC=0.3103
  Reddit: AUROC=0.5931, AUPRC=0.0464
  Amazon: AUROC=0.7213, AUPRC=0.1274

--- 保存模型 ---
检查点已保存到: /autodl-fs/data/recap/tuning_hyperparams/interaction_tuning/k_c_heatmap_results/k_c_paper_v2_auprc_best/checkpoints/k64__C28/recap/trial_1/model.pt
模型已保存到: /autodl-fs/data/recap/tuning_hyperparams/interaction_tuning/k_c_heatmap_results/k_c_paper_v2_auprc_best/checkpoints/k64__C28/recap/trial_1/model.pt

======================================================================
Trial 2 开始训练 (seed=2)
======================================================================
🔧 模型初始化视图数: 1 (单视图模式)

--- 训练阶段 ---
开始训练，共 100 个epochs...
关闭early stopping，训练将跑满设定epochs
🔧 Assignment layer LR multiplier: 10 (base_lr=5e-05, assignment_lr=0.0005)
Epoch [1/100], Average Loss: 0.552903
  Diagnostics: H_ent_norm=0.8440, H_maxp=0.1973, pi_ent_norm=0.9929, pi_std=0.007412, effC=27.34, Lvar=0.000000, Lvar_active=0.0000, scale/adh_std=1
Epoch [10/100], Average Loss: 0.385946
  Diagnostics: H_ent_norm=0.7408, H_maxp=0.3193, pi_ent_norm=0.9413, pi_std=0.023753, effC=23.22, Lvar=0.000000, Lvar_active=0.0000, scale/adh_std=1
Epoch [20/100], Average Loss: 0.339775
  Diagnostics: H_ent_norm=0.7179, H_maxp=0.3451, pi_ent_norm=0.9231, pi_std=0.028874, effC=21.98, Lvar=0.000000, Lvar_active=0.0000, scale/adh_std=1
Epoch [30/100], Average Loss: 0.316326
  Diagnostics: H_ent_norm=0.7269, H_maxp=0.3375, pi_ent_norm=0.9217, pi_std=0.030528, effC=21.88, Lvar=0.000000, Lvar_active=0.0000, scale/adh_std=1
Epoch [40/100], Average Loss: 0.299049
  Diagnostics: H_ent_norm=0.7281, H_maxp=0.3394, pi_ent_norm=0.9159, pi_std=0.032389, effC=21.50, Lvar=0.000000, Lvar_active=0.0000, scale/adh_std=1
Epoch [50/100], Average Loss: 0.290042
  Diagnostics: H_ent_norm=0.7249, H_maxp=0.3450, pi_ent_norm=0.9103, pi_std=0.033699, effC=21.14, Lvar=0.000000, Lvar_active=0.0000, scale/adh_std=1
Epoch [60/100], Average Loss: 0.282718
  Diagnostics: H_ent_norm=0.7227, H_maxp=0.3488, pi_ent_norm=0.9064, pi_std=0.034659, effC=20.89, Lvar=0.000000, Lvar_active=0.0000, scale/adh_std=1
Epoch [70/100], Average Loss: 0.276084
  Diagnostics: H_ent_norm=0.7209, H_maxp=0.3515, pi_ent_norm=0.9039, pi_std=0.035150, effC=20.74, Lvar=0.000000, Lvar_active=0.0000, scale/adh_std=1
Epoch [80/100], Average Loss: 0.271166
  Diagnostics: H_ent_norm=0.7185, H_maxp=0.3543, pi_ent_norm=0.9012, pi_std=0.035775, effC=20.57, Lvar=0.000000, Lvar_active=0.0000, scale/adh_std=1
Epoch [90/100], Average Loss: 0.266750
  Diagnostics: H_ent_norm=0.7179, H_maxp=0.3549, pi_ent_norm=0.9025, pi_std=0.035398, effC=20.64, Lvar=0.000000, Lvar_active=0.0000, scale/adh_std=1
Epoch [100/100], Average Loss: 0.261812
  Diagnostics: H_ent_norm=0.7104, H_maxp=0.3626, pi_ent_norm=0.8963, pi_std=0.036790, effC=20.26, Lvar=0.000000, Lvar_active=0.0000, scale/adh_std=1
训练完成！实际训练 100 个epochs

--- 评估阶段 ---
  Facebook: AUROC=0.5854, AUPRC=0.0370
  cora: AUROC=0.8200, AUPRC=0.4064
  citeseer: AUROC=0.9034, AUPRC=0.4536
  ACM: AUROC=0.7872, AUPRC=0.3753
  BlogCatalog: AUROC=0.7326, AUPRC=0.3377
  weibo: AUROC=0.7753, AUPRC=0.3088
  Reddit: AUROC=0.5889, AUPRC=0.0460
  Amazon: AUROC=0.7341, AUPRC=0.1320

--- 保存模型 ---
检查点已保存到: /autodl-fs/data/recap/tuning_hyperparams/interaction_tuning/k_c_heatmap_results/k_c_paper_v2_auprc_best/checkpoints/k64__C28/recap/trial_2/model.pt
模型已保存到: /autodl-fs/data/recap/tuning_hyperparams/interaction_tuning/k_c_heatmap_results/k_c_paper_v2_auprc_best/checkpoints/k64__C28/recap/trial_2/model.pt

======================================================================
聚合 3 次试验的结果
======================================================================

------------------------- Facebook -------------------------
AUROC: 0.5934 ± 0.0077
AUPRC: 0.0468 ± 0.0070

------------------------- cora -------------------------
AUROC: 0.8252 ± 0.0038
AUPRC: 0.4242 ± 0.0127

------------------------- citeseer -------------------------
AUROC: 0.9033 ± 0.0018
AUPRC: 0.4633 ± 0.0072

------------------------- ACM -------------------------
AUROC: 0.7892 ± 0.0030
AUPRC: 0.3738 ± 0.0015

------------------------- BlogCatalog -------------------------
AUROC: 0.7258 ± 0.0068
AUPRC: 0.3334 ± 0.0054

------------------------- weibo -------------------------
AUROC: 0.7854 ± 0.0115
AUPRC: 0.3158 ± 0.0089

------------------------- Reddit -------------------------
AUROC: 0.5919 ± 0.0022
AUPRC: 0.0466 ± 0.0006

------------------------- Amazon -------------------------
AUROC: 0.7295 ± 0.0058
AUPRC: 0.1319 ± 0.0036


======================================================================
训练完成！
所有模型已保存到: /autodl-fs/data/recap/tuning_hyperparams/interaction_tuning/k_c_heatmap_results/k_c_paper_v2_auprc_best/checkpoints/k64__C28/recap/
======================================================================

