/root/miniconda3/lib/python3.12/site-packages/torch_geometric/__init__.py:4: UserWarning: An issue occurred while importing 'torch-scatter'. Disabling its usage. Stacktrace: Could not load this library: /root/miniconda3/lib/python3.12/site-packages/torch_scatter/_version_cuda.so
  import torch_geometric.typing
/root/miniconda3/lib/python3.12/site-packages/torch_geometric/__init__.py:4: UserWarning: An issue occurred while importing 'torch-cluster'. Disabling its usage. Stacktrace: Could not load this library: /root/miniconda3/lib/python3.12/site-packages/torch_cluster/_version_cuda.so
  import torch_geometric.typing
/root/miniconda3/lib/python3.12/site-packages/torch_geometric/__init__.py:4: UserWarning: An issue occurred while importing 'torch-spline-conv'. Disabling its usage. Stacktrace: Could not load this library: /root/miniconda3/lib/python3.12/site-packages/torch_spline_conv/_version_cuda.so
  import torch_geometric.typing
/root/miniconda3/lib/python3.12/site-packages/torch_geometric/__init__.py:4: UserWarning: An issue occurred while importing 'torch-sparse'. Disabling its usage. Stacktrace: Could not load this library: /root/miniconda3/lib/python3.12/site-packages/torch_sparse/_version_cuda.so
  import torch_geometric.typing
使用保存的最佳模型配置

======================================================================
recap 异常检测模型训练
======================================================================

📋 训练配置:
  device: cuda:0
  epochs: 100
  trials: 3
  seed: 0
  output_dir: /autodl-fs/data/recap/tuning_hyperparams/interaction_tuning/k_c_heatmap_results/k_c_paper_v2_auprc_best/checkpoints/k80__C48
  save_checkpoint: True
  early_stop: False
  patience: 30
  log_diagnostics: True
  diagnostics_interval: 10

🔧 模型配置:
  model: recap
  lr: 5e-05
  dropout_rate: 0.2
  h_feats: 256
  num_hops: 4
  weight_decay: 5e-05
  dims: 32
  num_layers: 2
  activation: ELU
  num_views: 1
  num_clusters: 48
  knn_k: 80
  cluster_lr_multiplier: 10.0
  tau_s: 0.3
  tau_c: 0.3
  cluster_init_gain: 1.5
  sim_block_size: 256
  knn_cache_enabled: True
  knn_cache_dir: /autodl-fs/data/recap/knn_cache
  knn_search_dtype: auto
  lambda_H: 0.1
  lambda_bal: 0.0
  lambda_E: 0.1
  lambda_usage_entropy: 0.1
  assignment_entropy_lower: 0.45
  assignment_entropy_upper: 0.85
  usage_entropy_lower: 0.65
  usage_entropy_upper: 0.9
  gamma: 0.1
  tau_e: 1.0
  beta: 0.02
  eps: 1e-08
  lambda_ortho: 0.1
  lambda_min_usage: 0.0
  lambda_diversity: 0.1
  min_cluster_ratio: 0.1

💾 保存设置:
  保存目录：/autodl-fs/data/recap/tuning_hyperparams/interaction_tuning/k_c_heatmap_results/k_c_paper_v2_auprc_best/checkpoints/k80__C48
  保存检查点：True
======================================================================


📊 使用指定的训练数据集: ['pubmed', 'Flickr', 'questions', 'YelpChi']

📊 使用指定的测试数据集: ['Facebook', 'cora', 'citeseer', 'ACM', 'BlogCatalog', 'weibo', 'Reddit', 'Amazon']
加载 4 个训练数据集: ['pubmed', 'Flickr', 'questions', 'YelpChi']
加载 8 个测试数据集: ['Facebook', 'cora', 'citeseer', 'ACM', 'BlogCatalog', 'weibo', 'Reddit', 'Amazon']
进行 4 跳特征传播...

======================================================================
Trial 0 开始训练 (seed=0)
======================================================================
🔧 模型初始化视图数: 1 (单视图模式)

--- 训练阶段 ---
开始训练，共 100 个epochs...
关闭early stopping，训练将跑满设定epochs
🔧 Assignment layer LR multiplier: 10 (base_lr=5e-05, assignment_lr=0.0005)
Epoch [1/100], Average Loss: 0.629208
  Diagnostics: H_ent_norm=0.8521, H_maxp=0.1553, pi_ent_norm=0.9929, pi_std=0.004632, effC=46.70, Lvar=0.000000, Lvar_active=0.0000, scale/adh_std=1
Epoch [10/100], Average Loss: 0.437089
  Diagnostics: H_ent_norm=0.7322, H_maxp=0.3032, pi_ent_norm=0.9300, pi_std=0.017901, effC=37.20, Lvar=0.000000, Lvar_active=0.0000, scale/adh_std=1
Epoch [20/100], Average Loss: 0.366196
  Diagnostics: H_ent_norm=0.6741, H_maxp=0.3643, pi_ent_norm=0.8863, pi_std=0.026386, effC=32.18, Lvar=0.000000, Lvar_active=0.0000, scale/adh_std=1
Epoch [30/100], Average Loss: 0.337972
  Diagnostics: H_ent_norm=0.6613, H_maxp=0.3791, pi_ent_norm=0.8659, pi_std=0.031399, effC=30.12, Lvar=0.000000, Lvar_active=0.0000, scale/adh_std=1
Epoch [40/100], Average Loss: 0.312393
  Diagnostics: H_ent_norm=0.6496, H_maxp=0.3923, pi_ent_norm=0.8460, pi_std=0.036257, effC=28.18, Lvar=0.000000, Lvar_active=0.0000, scale/adh_std=1
Epoch [50/100], Average Loss: 0.287516
  Diagnostics: H_ent_norm=0.6309, H_maxp=0.4130, pi_ent_norm=0.8196, pi_std=0.042350, effC=25.71, Lvar=0.000000, Lvar_active=0.0000, scale/adh_std=1
Epoch [60/100], Average Loss: 0.243734
  Diagnostics: H_ent_norm=0.5859, H_maxp=0.4639, pi_ent_norm=0.7704, pi_std=0.052538, effC=20.86, Lvar=0.000000, Lvar_active=0.0000, scale/adh_std=1
Epoch [70/100], Average Loss: 0.199159
  Diagnostics: H_ent_norm=0.5220, H_maxp=0.5273, pi_ent_norm=0.7030, pi_std=0.064442, effC=15.28, Lvar=0.000000, Lvar_active=0.0000, scale/adh_std=1
Epoch [80/100], Average Loss: 0.179331
  Diagnostics: H_ent_norm=0.4793, H_maxp=0.5639, pi_ent_norm=0.6598, pi_std=0.070790, effC=13.01, Lvar=0.000000, Lvar_active=0.0000, scale/adh_std=1
Epoch [90/100], Average Loss: 0.169726
  Diagnostics: H_ent_norm=0.4628, H_maxp=0.5766, pi_ent_norm=0.6413, pi_std=0.073393, effC=12.26, Lvar=0.000000, Lvar_active=0.0000, scale/adh_std=1
Epoch [100/100], Average Loss: 0.163998
  Diagnostics: H_ent_norm=0.4617, H_maxp=0.5779, pi_ent_norm=0.6382, pi_std=0.073830, effC=12.13, Lvar=0.000000, Lvar_active=0.0000, scale/adh_std=1
训练完成！实际训练 100 个epochs

--- 评估阶段 ---
  Facebook: AUROC=0.5963, AUPRC=0.0706
  cora: AUROC=0.8242, AUPRC=0.4376
  citeseer: AUROC=0.9032, AUPRC=0.4526
  ACM: AUROC=0.7711, AUPRC=0.3667
  BlogCatalog: AUROC=0.7303, AUPRC=0.3317
  weibo: AUROC=0.8126, AUPRC=0.3441
  Reddit: AUROC=0.5916, AUPRC=0.0476
  Amazon: AUROC=0.7191, AUPRC=0.1301

--- 保存模型 ---
检查点已保存到: /autodl-fs/data/recap/tuning_hyperparams/interaction_tuning/k_c_heatmap_results/k_c_paper_v2_auprc_best/checkpoints/k80__C48/recap/trial_0/model.pt
模型已保存到: /autodl-fs/data/recap/tuning_hyperparams/interaction_tuning/k_c_heatmap_results/k_c_paper_v2_auprc_best/checkpoints/k80__C48/recap/trial_0/model.pt

======================================================================
Trial 1 开始训练 (seed=1)
======================================================================
🔧 模型初始化视图数: 1 (单视图模式)

--- 训练阶段 ---
开始训练，共 100 个epochs...
关闭early stopping，训练将跑满设定epochs
🔧 Assignment layer LR multiplier: 10 (base_lr=5e-05, assignment_lr=0.0005)
Epoch [1/100], Average Loss: 0.637347
  Diagnostics: H_ent_norm=0.8566, H_maxp=0.1492, pi_ent_norm=0.9960, pi_std=0.003480, effC=47.26, Lvar=0.000001, Lvar_active=0.0002, scale/adh_std=1
Epoch [10/100], Average Loss: 0.426190
  Diagnostics: H_ent_norm=0.7571, H_maxp=0.2715, pi_ent_norm=0.9550, pi_std=0.013441, effC=40.55, Lvar=0.000001, Lvar_active=0.0002, scale/adh_std=1
Epoch [20/100], Average Loss: 0.371925
  Diagnostics: H_ent_norm=0.7373, H_maxp=0.2959, pi_ent_norm=0.9396, pi_std=0.016608, effC=38.37, Lvar=0.000001, Lvar_active=0.0002, scale/adh_std=1
Epoch [30/100], Average Loss: 0.348822
  Diagnostics: H_ent_norm=0.7448, H_maxp=0.2917, pi_ent_norm=0.9377, pi_std=0.017352, effC=38.11, Lvar=0.000001, Lvar_active=0.0002, scale/adh_std=1
Epoch [40/100], Average Loss: 0.331874
  Diagnostics: H_ent_norm=0.7585, H_maxp=0.2797, pi_ent_norm=0.9427, pi_std=0.016724, effC=38.78, Lvar=0.000001, Lvar_active=0.0002, scale/adh_std=1
Epoch [50/100], Average Loss: 0.317491
  Diagnostics: H_ent_norm=0.7752, H_maxp=0.2633, pi_ent_norm=0.9495, pi_std=0.015662, effC=39.74, Lvar=0.000001, Lvar_active=0.0002, scale/adh_std=1
Epoch [60/100], Average Loss: 0.304953
  Diagnostics: H_ent_norm=0.7921, H_maxp=0.2459, pi_ent_norm=0.9575, pi_std=0.014046, effC=40.90, Lvar=0.000001, Lvar_active=0.0002, scale/adh_std=1
Epoch [70/100], Average Loss: 0.294590
  Diagnostics: H_ent_norm=0.8080, H_maxp=0.2298, pi_ent_norm=0.9642, pi_std=0.012582, effC=41.92, Lvar=0.000001, Lvar_active=0.0002, scale/adh_std=1
Epoch [80/100], Average Loss: 0.287334
  Diagnostics: H_ent_norm=0.8183, H_maxp=0.2199, pi_ent_norm=0.9671, pi_std=0.012003, effC=42.38, Lvar=0.000001, Lvar_active=0.0002, scale/adh_std=1
Epoch [90/100], Average Loss: 0.281093
  Diagnostics: H_ent_norm=0.8301, H_maxp=0.2083, pi_ent_norm=0.9711, pi_std=0.011054, effC=43.02, Lvar=0.000001, Lvar_active=0.0002, scale/adh_std=1
Epoch [100/100], Average Loss: 0.270953
  Diagnostics: H_ent_norm=0.8338, H_maxp=0.2052, pi_ent_norm=0.9714, pi_std=0.011027, effC=43.07, Lvar=0.000001, Lvar_active=0.0002, scale/adh_std=1
训练完成！实际训练 100 个epochs

--- 评估阶段 ---
  Facebook: AUROC=0.5942, AUPRC=0.0586
  cora: AUROC=0.8288, AUPRC=0.4260
  citeseer: AUROC=0.9012, AUPRC=0.4664
  ACM: AUROC=0.7876, AUPRC=0.3720
  BlogCatalog: AUROC=0.7367, AUPRC=0.3365
  weibo: AUROC=0.7947, AUPRC=0.3137
  Reddit: AUROC=0.5969, AUPRC=0.0472
  Amazon: AUROC=0.7174, AUPRC=0.1269

--- 保存模型 ---
检查点已保存到: /autodl-fs/data/recap/tuning_hyperparams/interaction_tuning/k_c_heatmap_results/k_c_paper_v2_auprc_best/checkpoints/k80__C48/recap/trial_1/model.pt
模型已保存到: /autodl-fs/data/recap/tuning_hyperparams/interaction_tuning/k_c_heatmap_results/k_c_paper_v2_auprc_best/checkpoints/k80__C48/recap/trial_1/model.pt

======================================================================
Trial 2 开始训练 (seed=2)
======================================================================
🔧 模型初始化视图数: 1 (单视图模式)

--- 训练阶段 ---
开始训练，共 100 个epochs...
关闭early stopping，训练将跑满设定epochs
🔧 Assignment layer LR multiplier: 10 (base_lr=5e-05, assignment_lr=0.0005)
Epoch [1/100], Average Loss: 0.626076
  Diagnostics: H_ent_norm=0.8534, H_maxp=0.1554, pi_ent_norm=0.9933, pi_std=0.004530, effC=46.78, Lvar=0.000000, Lvar_active=0.0000, scale/adh_std=1
Epoch [10/100], Average Loss: 0.443708
  Diagnostics: H_ent_norm=0.7460, H_maxp=0.2868, pi_ent_norm=0.9495, pi_std=0.014446, effC=39.78, Lvar=0.000000, Lvar_active=0.0000, scale/adh_std=1
Epoch [20/100], Average Loss: 0.379816
  Diagnostics: H_ent_norm=0.6955, H_maxp=0.3390, pi_ent_norm=0.9224, pi_std=0.020341, effC=36.15, Lvar=0.000000, Lvar_active=0.0000, scale/adh_std=1
Epoch [30/100], Average Loss: 0.351566
  Diagnostics: H_ent_norm=0.6804, H_maxp=0.3557, pi_ent_norm=0.9087, pi_std=0.023856, effC=34.47, Lvar=0.000000, Lvar_active=0.0000, scale/adh_std=1
Epoch [40/100], Average Loss: 0.330842
  Diagnostics: H_ent_norm=0.6675, H_maxp=0.3718, pi_ent_norm=0.8947, pi_std=0.027286, effC=32.82, Lvar=0.000000, Lvar_active=0.0000, scale/adh_std=1
Epoch [50/100], Average Loss: 0.314442
  Diagnostics: H_ent_norm=0.6525, H_maxp=0.3892, pi_ent_norm=0.8767, pi_std=0.031765, effC=30.75, Lvar=0.000000, Lvar_active=0.0000, scale/adh_std=1
Epoch [60/100], Average Loss: 0.287042
  Diagnostics: H_ent_norm=0.6221, H_maxp=0.4242, pi_ent_norm=0.8457, pi_std=0.038719, effC=27.25, Lvar=0.000000, Lvar_active=0.0000, scale/adh_std=1
Epoch [70/100], Average Loss: 0.240343
  Diagnostics: H_ent_norm=0.5574, H_maxp=0.4938, pi_ent_norm=0.7750, pi_std=0.052537, effC=20.21, Lvar=0.000000, Lvar_active=0.0000, scale/adh_std=1
Epoch [80/100], Average Loss: 0.204011
  Diagnostics: H_ent_norm=0.5015, H_maxp=0.5459, pi_ent_norm=0.7082, pi_std=0.063333, effC=15.72, Lvar=0.000000, Lvar_active=0.0000, scale/adh_std=1
Epoch [90/100], Average Loss: 0.187834
  Diagnostics: H_ent_norm=0.4710, H_maxp=0.5718, pi_ent_norm=0.6711, pi_std=0.068711, effC=13.93, Lvar=0.000000, Lvar_active=0.0000, scale/adh_std=1
Epoch [100/100], Average Loss: 0.178648
  Diagnostics: H_ent_norm=0.4711, H_maxp=0.5718, pi_ent_norm=0.6629, pi_std=0.069970, effC=13.52, Lvar=0.000000, Lvar_active=0.0000, scale/adh_std=1
训练完成！实际训练 100 个epochs

--- 评估阶段 ---
  Facebook: AUROC=0.5917, AUPRC=0.0375
  cora: AUROC=0.8175, AUPRC=0.4035
  citeseer: AUROC=0.9040, AUPRC=0.4571
  ACM: AUROC=0.7839, AUPRC=0.3723
  BlogCatalog: AUROC=0.7316, AUPRC=0.3245
  weibo: AUROC=0.8265, AUPRC=0.3403
  Reddit: AUROC=0.5911, AUPRC=0.0458
  Amazon: AUROC=0.7301, AUPRC=0.1368

--- 保存模型 ---
检查点已保存到: /autodl-fs/data/recap/tuning_hyperparams/interaction_tuning/k_c_heatmap_results/k_c_paper_v2_auprc_best/checkpoints/k80__C48/recap/trial_2/model.pt
模型已保存到: /autodl-fs/data/recap/tuning_hyperparams/interaction_tuning/k_c_heatmap_results/k_c_paper_v2_auprc_best/checkpoints/k80__C48/recap/trial_2/model.pt

======================================================================
聚合 3 次试验的结果
======================================================================

------------------------- Facebook -------------------------
AUROC: 0.5941 ± 0.0019
AUPRC: 0.0555 ± 0.0137

------------------------- cora -------------------------
AUROC: 0.8235 ± 0.0046
AUPRC: 0.4224 ± 0.0141

------------------------- citeseer -------------------------
AUROC: 0.9028 ± 0.0012
AUPRC: 0.4587 ± 0.0057

------------------------- ACM -------------------------
AUROC: 0.7809 ± 0.0071
AUPRC: 0.3704 ± 0.0026

------------------------- BlogCatalog -------------------------
AUROC: 0.7329 ± 0.0027
AUPRC: 0.3309 ± 0.0049

------------------------- weibo -------------------------
AUROC: 0.8113 ± 0.0130
AUPRC: 0.3327 ± 0.0135

------------------------- Reddit -------------------------
AUROC: 0.5932 ± 0.0026
AUPRC: 0.0469 ± 0.0008

------------------------- Amazon -------------------------
AUROC: 0.7222 ± 0.0056
AUPRC: 0.1312 ± 0.0041


======================================================================
训练完成！
所有模型已保存到: /autodl-fs/data/recap/tuning_hyperparams/interaction_tuning/k_c_heatmap_results/k_c_paper_v2_auprc_best/checkpoints/k80__C48/recap/
======================================================================

