/root/miniconda3/lib/python3.12/site-packages/torch_geometric/__init__.py:4: UserWarning: An issue occurred while importing 'torch-scatter'. Disabling its usage. Stacktrace: Could not load this library: /root/miniconda3/lib/python3.12/site-packages/torch_scatter/_version_cuda.so
  import torch_geometric.typing
/root/miniconda3/lib/python3.12/site-packages/torch_geometric/__init__.py:4: UserWarning: An issue occurred while importing 'torch-cluster'. Disabling its usage. Stacktrace: Could not load this library: /root/miniconda3/lib/python3.12/site-packages/torch_cluster/_version_cuda.so
  import torch_geometric.typing
/root/miniconda3/lib/python3.12/site-packages/torch_geometric/__init__.py:4: UserWarning: An issue occurred while importing 'torch-spline-conv'. Disabling its usage. Stacktrace: Could not load this library: /root/miniconda3/lib/python3.12/site-packages/torch_spline_conv/_version_cuda.so
  import torch_geometric.typing
/root/miniconda3/lib/python3.12/site-packages/torch_geometric/__init__.py:4: UserWarning: An issue occurred while importing 'torch-sparse'. Disabling its usage. Stacktrace: Could not load this library: /root/miniconda3/lib/python3.12/site-packages/torch_sparse/_version_cuda.so
  import torch_geometric.typing
使用保存的最佳模型配置

======================================================================
recap 异常检测模型训练
======================================================================

📋 训练配置:
  device: cuda:0
  epochs: 100
  trials: 3
  seed: 0
  output_dir: /autodl-fs/data/recap/tuning_hyperparams/interaction_tuning/results/interaction_perf_v2_beta_nontrivial/checkpoints/baseline_perf_v2
  save_checkpoint: True
  early_stop: False
  patience: 30
  log_diagnostics: True
  diagnostics_interval: 10

🔧 模型配置:
  model: recap
  lr: 5e-05
  dropout_rate: 0.2
  h_feats: 256
  num_hops: 4
  weight_decay: 5e-05
  dims: 32
  num_layers: 2
  activation: ELU
  num_views: 1
  num_clusters: 28
  knn_k: 20
  cluster_lr_multiplier: 10.0
  tau_s: 0.08
  tau_c: 0.3
  cluster_init_gain: 2.0
  sim_block_size: 256
  knn_cache_enabled: True
  knn_cache_dir: /autodl-fs/data/recap/knn_cache
  knn_search_dtype: auto
  lambda_H: 0.2
  lambda_bal: 0.0
  lambda_E: 0.1
  lambda_usage_entropy: 0.25
  assignment_entropy_lower: 0.45
  assignment_entropy_upper: 0.85
  usage_entropy_lower: 0.65
  usage_entropy_upper: 0.9
  gamma: 0.1
  tau_e: 1.0
  beta: 0.02
  eps: 1e-08
  lambda_ortho: 0.2
  lambda_min_usage: 0.0
  lambda_diversity: 0.1
  min_cluster_ratio: 0.1

💾 保存设置:
  保存目录：/autodl-fs/data/recap/tuning_hyperparams/interaction_tuning/results/interaction_perf_v2_beta_nontrivial/checkpoints/baseline_perf_v2
  保存检查点：True
======================================================================


📊 使用指定的训练数据集: ['pubmed', 'Flickr', 'questions', 'YelpChi']

📊 使用指定的测试数据集: ['Facebook', 'cora', 'citeseer', 'ACM', 'BlogCatalog', 'weibo', 'Reddit', 'Amazon']
加载 4 个训练数据集: ['pubmed', 'Flickr', 'questions', 'YelpChi']
加载 8 个测试数据集: ['Facebook', 'cora', 'citeseer', 'ACM', 'BlogCatalog', 'weibo', 'Reddit', 'Amazon']
进行 4 跳特征传播...

======================================================================
Trial 0 开始训练 (seed=0)
======================================================================
🔧 模型初始化视图数: 1 (单视图模式)

--- 训练阶段 ---
开始训练，共 100 个epochs...
关闭early stopping，训练将跑满设定epochs
🔧 Assignment layer LR multiplier: 10 (base_lr=5e-05, assignment_lr=0.0005)
Epoch [1/100], Average Loss: 0.598282
  Diagnostics: H_ent_norm=0.7648, H_maxp=0.2663, pi_ent_norm=0.9875, pi_std=0.009906, effC=26.87, Lvar=0.000000, Lvar_active=0.0000, scale/adh_std=1
Epoch [10/100], Average Loss: 0.397275
  Diagnostics: H_ent_norm=0.6079, H_maxp=0.4403, pi_ent_norm=0.8989, pi_std=0.032201, effC=20.42, Lvar=0.000000, Lvar_active=0.0000, scale/adh_std=1
Epoch [20/100], Average Loss: 0.330238
  Diagnostics: H_ent_norm=0.5834, H_maxp=0.4760, pi_ent_norm=0.8564, pi_std=0.041006, effC=18.07, Lvar=0.000000, Lvar_active=0.0000, scale/adh_std=1
Epoch [30/100], Average Loss: 0.293278
  Diagnostics: H_ent_norm=0.5861, H_maxp=0.4797, pi_ent_norm=0.8454, pi_std=0.043389, effC=17.52, Lvar=0.000000, Lvar_active=0.0000, scale/adh_std=1
Epoch [40/100], Average Loss: 0.265672
  Diagnostics: H_ent_norm=0.5905, H_maxp=0.4774, pi_ent_norm=0.8417, pi_std=0.045233, effC=17.30, Lvar=0.000000, Lvar_active=0.0000, scale/adh_std=1
Epoch [50/100], Average Loss: 0.240227
  Diagnostics: H_ent_norm=0.5981, H_maxp=0.4681, pi_ent_norm=0.8381, pi_std=0.048092, effC=17.09, Lvar=0.000000, Lvar_active=0.0000, scale/adh_std=1
Epoch [60/100], Average Loss: 0.219026
  Diagnostics: H_ent_norm=0.5928, H_maxp=0.4703, pi_ent_norm=0.8288, pi_std=0.051211, effC=16.65, Lvar=0.000000, Lvar_active=0.0000, scale/adh_std=1
Epoch [70/100], Average Loss: 0.203630
  Diagnostics: H_ent_norm=0.5921, H_maxp=0.4671, pi_ent_norm=0.8254, pi_std=0.052920, effC=16.48, Lvar=0.000000, Lvar_active=0.0000, scale/adh_std=1
Epoch [80/100], Average Loss: 0.190170
  Diagnostics: H_ent_norm=0.5878, H_maxp=0.4664, pi_ent_norm=0.8194, pi_std=0.054898, effC=16.20, Lvar=0.000000, Lvar_active=0.0000, scale/adh_std=1
Epoch [90/100], Average Loss: 0.177722
  Diagnostics: H_ent_norm=0.5863, H_maxp=0.4593, pi_ent_norm=0.8145, pi_std=0.056733, effC=15.95, Lvar=0.000000, Lvar_active=0.0000, scale/adh_std=1
Epoch [100/100], Average Loss: 0.164351
  Diagnostics: H_ent_norm=0.5799, H_maxp=0.4647, pi_ent_norm=0.8056, pi_std=0.059166, effC=15.56, Lvar=0.000000, Lvar_active=0.0000, scale/adh_std=1
训练完成！实际训练 100 个epochs

--- 评估阶段 ---
  Facebook: AUROC=0.5956, AUPRC=0.0529
  cora: AUROC=0.8173, AUPRC=0.3986
  citeseer: AUROC=0.8972, AUPRC=0.4166
  ACM: AUROC=0.7830, AUPRC=0.3689
  BlogCatalog: AUROC=0.7145, AUPRC=0.3131
  weibo: AUROC=0.7599, AUPRC=0.3195
  Reddit: AUROC=0.5851, AUPRC=0.0458
  Amazon: AUROC=0.7270, AUPRC=0.1334

--- 保存模型 ---
检查点已保存到: /autodl-fs/data/recap/tuning_hyperparams/interaction_tuning/results/interaction_perf_v2_beta_nontrivial/checkpoints/baseline_perf_v2/recap/trial_0/model.pt
模型已保存到: /autodl-fs/data/recap/tuning_hyperparams/interaction_tuning/results/interaction_perf_v2_beta_nontrivial/checkpoints/baseline_perf_v2/recap/trial_0/model.pt

======================================================================
Trial 1 开始训练 (seed=1)
======================================================================
🔧 模型初始化视图数: 1 (单视图模式)

--- 训练阶段 ---
开始训练，共 100 个epochs...
关闭early stopping，训练将跑满设定epochs
🔧 Assignment layer LR multiplier: 10 (base_lr=5e-05, assignment_lr=0.0005)
Epoch [1/100], Average Loss: 0.602207
  Diagnostics: H_ent_norm=0.7638, H_maxp=0.2624, pi_ent_norm=0.9931, pi_std=0.007223, effC=27.37, Lvar=0.000001, Lvar_active=0.0002, scale/adh_std=1
Epoch [10/100], Average Loss: 0.421949
  Diagnostics: H_ent_norm=0.6409, H_maxp=0.3969, pi_ent_norm=0.9412, pi_std=0.021825, effC=23.21, Lvar=0.000001, Lvar_active=0.0002, scale/adh_std=1
Epoch [20/100], Average Loss: 0.357140
  Diagnostics: H_ent_norm=0.6010, H_maxp=0.4448, pi_ent_norm=0.9071, pi_std=0.028971, effC=20.95, Lvar=0.000001, Lvar_active=0.0002, scale/adh_std=1
Epoch [30/100], Average Loss: 0.321342
  Diagnostics: H_ent_norm=0.5983, H_maxp=0.4535, pi_ent_norm=0.8968, pi_std=0.031816, effC=20.30, Lvar=0.000001, Lvar_active=0.0002, scale/adh_std=1
Epoch [40/100], Average Loss: 0.289078
  Diagnostics: H_ent_norm=0.6143, H_maxp=0.4431, pi_ent_norm=0.8937, pi_std=0.034603, effC=20.09, Lvar=0.000002, Lvar_active=0.0002, scale/adh_std=1
Epoch [50/100], Average Loss: 0.260729
  Diagnostics: H_ent_norm=0.6230, H_maxp=0.4377, pi_ent_norm=0.8870, pi_std=0.037783, effC=19.69, Lvar=0.000002, Lvar_active=0.0002, scale/adh_std=1
Epoch [60/100], Average Loss: 0.241534
  Diagnostics: H_ent_norm=0.6213, H_maxp=0.4408, pi_ent_norm=0.8774, pi_std=0.040882, effC=19.15, Lvar=0.000002, Lvar_active=0.0002, scale/adh_std=1
Epoch [70/100], Average Loss: 0.227775
  Diagnostics: H_ent_norm=0.6178, H_maxp=0.4443, pi_ent_norm=0.8676, pi_std=0.043868, effC=18.61, Lvar=0.000002, Lvar_active=0.0002, scale/adh_std=1
Epoch [80/100], Average Loss: 0.215775
  Diagnostics: H_ent_norm=0.6124, H_maxp=0.4494, pi_ent_norm=0.8582, pi_std=0.046541, effC=18.11, Lvar=0.000002, Lvar_active=0.0002, scale/adh_std=1
Epoch [90/100], Average Loss: 0.204127
  Diagnostics: H_ent_norm=0.6085, H_maxp=0.4519, pi_ent_norm=0.8500, pi_std=0.048897, effC=17.70, Lvar=0.000002, Lvar_active=0.0002, scale/adh_std=1
Epoch [100/100], Average Loss: 0.191921
  Diagnostics: H_ent_norm=0.6049, H_maxp=0.4541, pi_ent_norm=0.8421, pi_std=0.051266, effC=17.29, Lvar=0.000002, Lvar_active=0.0002, scale/adh_std=1
训练完成！实际训练 100 个epochs

--- 评估阶段 ---
  Facebook: AUROC=0.5808, AUPRC=0.0470
  cora: AUROC=0.8223, AUPRC=0.4142
  citeseer: AUROC=0.8981, AUPRC=0.4634
  ACM: AUROC=0.7709, AUPRC=0.3705
  BlogCatalog: AUROC=0.7240, AUPRC=0.3246
  weibo: AUROC=0.7240, AUPRC=0.3050
  Reddit: AUROC=0.5883, AUPRC=0.0462
  Amazon: AUROC=0.7060, AUPRC=0.1237

--- 保存模型 ---
检查点已保存到: /autodl-fs/data/recap/tuning_hyperparams/interaction_tuning/results/interaction_perf_v2_beta_nontrivial/checkpoints/baseline_perf_v2/recap/trial_1/model.pt
模型已保存到: /autodl-fs/data/recap/tuning_hyperparams/interaction_tuning/results/interaction_perf_v2_beta_nontrivial/checkpoints/baseline_perf_v2/recap/trial_1/model.pt

======================================================================
Trial 2 开始训练 (seed=2)
======================================================================
🔧 模型初始化视图数: 1 (单视图模式)

--- 训练阶段 ---
开始训练，共 100 个epochs...
关闭early stopping，训练将跑满设定epochs
🔧 Assignment layer LR multiplier: 10 (base_lr=5e-05, assignment_lr=0.0005)
Epoch [1/100], Average Loss: 0.592366
  Diagnostics: H_ent_norm=0.7709, H_maxp=0.2604, pi_ent_norm=0.9884, pi_std=0.009377, effC=26.95, Lvar=0.000000, Lvar_active=0.0000, scale/adh_std=1
Epoch [10/100], Average Loss: 0.409124
  Diagnostics: H_ent_norm=0.6358, H_maxp=0.4043, pi_ent_norm=0.9245, pi_std=0.025682, effC=22.05, Lvar=0.000000, Lvar_active=0.0000, scale/adh_std=1
Epoch [20/100], Average Loss: 0.357103
  Diagnostics: H_ent_norm=0.6046, H_maxp=0.4410, pi_ent_norm=0.9003, pi_std=0.031282, effC=20.52, Lvar=0.000000, Lvar_active=0.0000, scale/adh_std=1
Epoch [30/100], Average Loss: 0.322245
  Diagnostics: H_ent_norm=0.6094, H_maxp=0.4422, pi_ent_norm=0.8975, pi_std=0.032442, effC=20.33, Lvar=0.000000, Lvar_active=0.0000, scale/adh_std=1
Epoch [40/100], Average Loss: 0.294066
  Diagnostics: H_ent_norm=0.6245, H_maxp=0.4325, pi_ent_norm=0.9006, pi_std=0.032270, effC=20.50, Lvar=0.000000, Lvar_active=0.0000, scale/adh_std=1
Epoch [50/100], Average Loss: 0.278932
  Diagnostics: H_ent_norm=0.6200, H_maxp=0.4391, pi_ent_norm=0.8956, pi_std=0.033190, effC=20.19, Lvar=0.000000, Lvar_active=0.0000, scale/adh_std=1
Epoch [60/100], Average Loss: 0.265561
  Diagnostics: H_ent_norm=0.6143, H_maxp=0.4465, pi_ent_norm=0.8903, pi_std=0.034107, effC=19.87, Lvar=0.000000, Lvar_active=0.0000, scale/adh_std=1
Epoch [70/100], Average Loss: 0.257808
  Diagnostics: H_ent_norm=0.6138, H_maxp=0.4484, pi_ent_norm=0.8870, pi_std=0.034944, effC=19.67, Lvar=0.000000, Lvar_active=0.0000, scale/adh_std=1
Epoch [80/100], Average Loss: 0.246529
  Diagnostics: H_ent_norm=0.6072, H_maxp=0.4551, pi_ent_norm=0.8830, pi_std=0.036022, effC=19.42, Lvar=0.000000, Lvar_active=0.0000, scale/adh_std=1
Epoch [90/100], Average Loss: 0.236241
  Diagnostics: H_ent_norm=0.6052, H_maxp=0.4581, pi_ent_norm=0.8792, pi_std=0.037163, effC=19.18, Lvar=0.000000, Lvar_active=0.0000, scale/adh_std=1
Epoch [100/100], Average Loss: 0.226379
  Diagnostics: H_ent_norm=0.6008, H_maxp=0.4626, pi_ent_norm=0.8717, pi_std=0.039362, effC=18.73, Lvar=0.000000, Lvar_active=0.0000, scale/adh_std=1
训练完成！实际训练 100 个epochs

--- 评估阶段 ---
  Facebook: AUROC=0.5788, AUPRC=0.0331
  cora: AUROC=0.8202, AUPRC=0.4039
  citeseer: AUROC=0.9032, AUPRC=0.4452
  ACM: AUROC=0.7854, AUPRC=0.3754
  BlogCatalog: AUROC=0.7267, AUPRC=0.3258
  weibo: AUROC=0.7649, AUPRC=0.3090
  Reddit: AUROC=0.5889, AUPRC=0.0452
  Amazon: AUROC=0.7399, AUPRC=0.1339

--- 保存模型 ---
检查点已保存到: /autodl-fs/data/recap/tuning_hyperparams/interaction_tuning/results/interaction_perf_v2_beta_nontrivial/checkpoints/baseline_perf_v2/recap/trial_2/model.pt
模型已保存到: /autodl-fs/data/recap/tuning_hyperparams/interaction_tuning/results/interaction_perf_v2_beta_nontrivial/checkpoints/baseline_perf_v2/recap/trial_2/model.pt

======================================================================
聚合 3 次试验的结果
======================================================================

------------------------- Facebook -------------------------
AUROC: 0.5851 ± 0.0075
AUPRC: 0.0443 ± 0.0083

------------------------- cora -------------------------
AUROC: 0.8199 ± 0.0020
AUPRC: 0.4056 ± 0.0065

------------------------- citeseer -------------------------
AUROC: 0.8995 ± 0.0027
AUPRC: 0.4417 ± 0.0193

------------------------- ACM -------------------------
AUROC: 0.7797 ± 0.0064
AUPRC: 0.3716 ± 0.0028

------------------------- BlogCatalog -------------------------
AUROC: 0.7217 ± 0.0053
AUPRC: 0.3212 ± 0.0057

------------------------- weibo -------------------------
AUROC: 0.7496 ± 0.0182
AUPRC: 0.3111 ± 0.0061

------------------------- Reddit -------------------------
AUROC: 0.5874 ± 0.0016
AUPRC: 0.0457 ± 0.0004

------------------------- Amazon -------------------------
AUROC: 0.7243 ± 0.0140
AUPRC: 0.1303 ± 0.0047


======================================================================
训练完成！
所有模型已保存到: /autodl-fs/data/recap/tuning_hyperparams/interaction_tuning/results/interaction_perf_v2_beta_nontrivial/checkpoints/baseline_perf_v2/recap/
======================================================================

