/root/miniconda3/lib/python3.12/site-packages/torch_geometric/__init__.py:4: UserWarning: An issue occurred while importing 'torch-scatter'. Disabling its usage. Stacktrace: Could not load this library: /root/miniconda3/lib/python3.12/site-packages/torch_scatter/_version_cuda.so
  import torch_geometric.typing
/root/miniconda3/lib/python3.12/site-packages/torch_geometric/__init__.py:4: UserWarning: An issue occurred while importing 'torch-cluster'. Disabling its usage. Stacktrace: Could not load this library: /root/miniconda3/lib/python3.12/site-packages/torch_cluster/_version_cuda.so
  import torch_geometric.typing
/root/miniconda3/lib/python3.12/site-packages/torch_geometric/__init__.py:4: UserWarning: An issue occurred while importing 'torch-spline-conv'. Disabling its usage. Stacktrace: Could not load this library: /root/miniconda3/lib/python3.12/site-packages/torch_spline_conv/_version_cuda.so
  import torch_geometric.typing
/root/miniconda3/lib/python3.12/site-packages/torch_geometric/__init__.py:4: UserWarning: An issue occurred while importing 'torch-sparse'. Disabling its usage. Stacktrace: Could not load this library: /root/miniconda3/lib/python3.12/site-packages/torch_sparse/_version_cuda.so
  import torch_geometric.typing
使用保存的最佳模型配置

======================================================================
recap 异常检测模型训练
======================================================================

📋 训练配置:
  device: cuda:0
  epochs: 100
  trials: 3
  seed: 0
  output_dir: /autodl-fs/data/recap/tuning_hyperparams/interaction_tuning/results/interaction_perf_v2_beta_nontrivial/checkpoints/graph_perf__k20__C36__L3
  save_checkpoint: True
  early_stop: False
  patience: 30
  log_diagnostics: True
  diagnostics_interval: 10

🔧 模型配置:
  model: recap
  lr: 5e-05
  dropout_rate: 0.2
  h_feats: 256
  num_hops: 3
  weight_decay: 5e-05
  dims: 32
  num_layers: 2
  activation: ELU
  num_views: 1
  num_clusters: 36
  knn_k: 20
  cluster_lr_multiplier: 10.0
  tau_s: 0.08
  tau_c: 0.3
  cluster_init_gain: 2.0
  sim_block_size: 256
  knn_cache_enabled: True
  knn_cache_dir: /autodl-fs/data/recap/knn_cache
  knn_search_dtype: auto
  lambda_H: 0.2
  lambda_bal: 0.0
  lambda_E: 0.1
  lambda_usage_entropy: 0.25
  assignment_entropy_lower: 0.45
  assignment_entropy_upper: 0.85
  usage_entropy_lower: 0.65
  usage_entropy_upper: 0.9
  gamma: 0.1
  tau_e: 1.0
  beta: 0.02
  eps: 1e-08
  lambda_ortho: 0.2
  lambda_min_usage: 0.0
  lambda_diversity: 0.1
  min_cluster_ratio: 0.1

💾 保存设置:
  保存目录：/autodl-fs/data/recap/tuning_hyperparams/interaction_tuning/results/interaction_perf_v2_beta_nontrivial/checkpoints/graph_perf__k20__C36__L3
  保存检查点：True
======================================================================


📊 使用指定的训练数据集: ['pubmed', 'Flickr', 'questions', 'YelpChi']

📊 使用指定的测试数据集: ['Facebook', 'cora', 'citeseer', 'ACM', 'BlogCatalog', 'weibo', 'Reddit', 'Amazon']
加载 4 个训练数据集: ['pubmed', 'Flickr', 'questions', 'YelpChi']
加载 8 个测试数据集: ['Facebook', 'cora', 'citeseer', 'ACM', 'BlogCatalog', 'weibo', 'Reddit', 'Amazon']
进行 3 跳特征传播...

======================================================================
Trial 0 开始训练 (seed=0)
======================================================================
🔧 模型初始化视图数: 1 (单视图模式)

--- 训练阶段 ---
开始训练，共 100 个epochs...
关闭early stopping，训练将跑满设定epochs
🔧 Assignment layer LR multiplier: 10 (base_lr=5e-05, assignment_lr=0.0005)
Epoch [1/100], Average Loss: 0.630935
  Diagnostics: H_ent_norm=0.7777, H_maxp=0.2344, pi_ent_norm=0.9900, pi_std=0.007183, effC=34.74, Lvar=0.000000, Lvar_active=0.0000, scale/adh_std=1
Epoch [10/100], Average Loss: 0.442322
  Diagnostics: H_ent_norm=0.6544, H_maxp=0.3731, pi_ent_norm=0.9287, pi_std=0.021035, effC=28.27, Lvar=0.000000, Lvar_active=0.0000, scale/adh_std=1
Epoch [20/100], Average Loss: 0.375342
  Diagnostics: H_ent_norm=0.6003, H_maxp=0.4347, pi_ent_norm=0.8858, pi_std=0.028617, effC=24.75, Lvar=0.000000, Lvar_active=0.0000, scale/adh_std=1
Epoch [30/100], Average Loss: 0.346681
  Diagnostics: H_ent_norm=0.5940, H_maxp=0.4450, pi_ent_norm=0.8743, pi_std=0.031714, effC=23.86, Lvar=0.000000, Lvar_active=0.0000, scale/adh_std=1
Epoch [40/100], Average Loss: 0.317773
  Diagnostics: H_ent_norm=0.6021, H_maxp=0.4400, pi_ent_norm=0.8690, pi_std=0.034912, effC=23.43, Lvar=0.000000, Lvar_active=0.0000, scale/adh_std=1
Epoch [50/100], Average Loss: 0.285175
  Diagnostics: H_ent_norm=0.6042, H_maxp=0.4398, pi_ent_norm=0.8534, pi_std=0.040241, effC=22.34, Lvar=0.000000, Lvar_active=0.0000, scale/adh_std=1
Epoch [60/100], Average Loss: 0.259864
  Diagnostics: H_ent_norm=0.6081, H_maxp=0.4384, pi_ent_norm=0.8416, pi_std=0.044040, effC=21.54, Lvar=0.000000, Lvar_active=0.0000, scale/adh_std=1
Epoch [70/100], Average Loss: 0.242601
  Diagnostics: H_ent_norm=0.5991, H_maxp=0.4488, pi_ent_norm=0.8257, pi_std=0.048031, effC=20.52, Lvar=0.000000, Lvar_active=0.0000, scale/adh_std=1
Epoch [80/100], Average Loss: 0.223149
  Diagnostics: H_ent_norm=0.5962, H_maxp=0.4530, pi_ent_norm=0.8137, pi_std=0.051385, effC=19.70, Lvar=0.000000, Lvar_active=0.0000, scale/adh_std=1
Epoch [90/100], Average Loss: 0.202777
  Diagnostics: H_ent_norm=0.5847, H_maxp=0.4670, pi_ent_norm=0.7941, pi_std=0.056620, effC=18.26, Lvar=0.000000, Lvar_active=0.0000, scale/adh_std=1
Epoch [100/100], Average Loss: 0.174320
  Diagnostics: H_ent_norm=0.5655, H_maxp=0.4895, pi_ent_norm=0.7667, pi_std=0.063296, effC=16.13, Lvar=0.000000, Lvar_active=0.0000, scale/adh_std=1
训练完成！实际训练 100 个epochs

--- 评估阶段 ---
  Facebook: AUROC=0.5909, AUPRC=0.0524
  cora: AUROC=0.8273, AUPRC=0.4270
  citeseer: AUROC=0.9053, AUPRC=0.4446
  ACM: AUROC=0.7782, AUPRC=0.3644
  BlogCatalog: AUROC=0.7086, AUPRC=0.3190
  weibo: AUROC=0.7111, AUPRC=0.3053
  Reddit: AUROC=0.5932, AUPRC=0.0460
  Amazon: AUROC=0.7192, AUPRC=0.1313

--- 保存模型 ---
检查点已保存到: /autodl-fs/data/recap/tuning_hyperparams/interaction_tuning/results/interaction_perf_v2_beta_nontrivial/checkpoints/graph_perf__k20__C36__L3/recap/trial_0/model.pt
模型已保存到: /autodl-fs/data/recap/tuning_hyperparams/interaction_tuning/results/interaction_perf_v2_beta_nontrivial/checkpoints/graph_perf__k20__C36__L3/recap/trial_0/model.pt

======================================================================
Trial 1 开始训练 (seed=1)
======================================================================
🔧 模型初始化视图数: 1 (单视图模式)

--- 训练阶段 ---
开始训练，共 100 个epochs...
关闭early stopping，训练将跑满设定epochs
🔧 Assignment layer LR multiplier: 10 (base_lr=5e-05, assignment_lr=0.0005)
Epoch [1/100], Average Loss: 0.626611
  Diagnostics: H_ent_norm=0.7814, H_maxp=0.2296, pi_ent_norm=0.9922, pi_std=0.006149, effC=35.01, Lvar=0.000001, Lvar_active=0.0003, scale/adh_std=1
Epoch [10/100], Average Loss: 0.465367
  Diagnostics: H_ent_norm=0.6729, H_maxp=0.3520, pi_ent_norm=0.9446, pi_std=0.017357, effC=29.78, Lvar=0.000001, Lvar_active=0.0003, scale/adh_std=1
Epoch [20/100], Average Loss: 0.400237
  Diagnostics: H_ent_norm=0.6346, H_maxp=0.3972, pi_ent_norm=0.9190, pi_std=0.021762, effC=27.43, Lvar=0.000002, Lvar_active=0.0003, scale/adh_std=1
Epoch [30/100], Average Loss: 0.364317
  Diagnostics: H_ent_norm=0.6289, H_maxp=0.4082, pi_ent_norm=0.9092, pi_std=0.024104, effC=26.58, Lvar=0.000002, Lvar_active=0.0003, scale/adh_std=1
Epoch [40/100], Average Loss: 0.338437
  Diagnostics: H_ent_norm=0.6391, H_maxp=0.4028, pi_ent_norm=0.9086, pi_std=0.025182, effC=26.48, Lvar=0.000002, Lvar_active=0.0003, scale/adh_std=1
Epoch [50/100], Average Loss: 0.317351
  Diagnostics: H_ent_norm=0.6436, H_maxp=0.4019, pi_ent_norm=0.9048, pi_std=0.027000, effC=26.15, Lvar=0.000002, Lvar_active=0.0003, scale/adh_std=1
Epoch [60/100], Average Loss: 0.302181
  Diagnostics: H_ent_norm=0.6403, H_maxp=0.4073, pi_ent_norm=0.8994, pi_std=0.028667, effC=25.68, Lvar=0.000002, Lvar_active=0.0003, scale/adh_std=1
Epoch [70/100], Average Loss: 0.285732
  Diagnostics: H_ent_norm=0.6342, H_maxp=0.4156, pi_ent_norm=0.8882, pi_std=0.032298, effC=24.77, Lvar=0.000002, Lvar_active=0.0003, scale/adh_std=1
Epoch [80/100], Average Loss: 0.268466
  Diagnostics: H_ent_norm=0.6242, H_maxp=0.4295, pi_ent_norm=0.8722, pi_std=0.037347, effC=23.44, Lvar=0.000002, Lvar_active=0.0003, scale/adh_std=1
Epoch [90/100], Average Loss: 0.233287
  Diagnostics: H_ent_norm=0.6000, H_maxp=0.4620, pi_ent_norm=0.8397, pi_std=0.046757, effC=20.66, Lvar=0.000002, Lvar_active=0.0003, scale/adh_std=1
Epoch [100/100], Average Loss: 0.195001
  Diagnostics: H_ent_norm=0.5472, H_maxp=0.5186, pi_ent_norm=0.7806, pi_std=0.060208, effC=16.44, Lvar=0.000003, Lvar_active=0.0003, scale/adh_std=1
训练完成！实际训练 100 个epochs

--- 评估阶段 ---
  Facebook: AUROC=0.5817, AUPRC=0.0410
  cora: AUROC=0.8287, AUPRC=0.4119
  citeseer: AUROC=0.8984, AUPRC=0.4432
  ACM: AUROC=0.7879, AUPRC=0.3681
  BlogCatalog: AUROC=0.7226, AUPRC=0.3207
  weibo: AUROC=0.7874, AUPRC=0.3084
  Reddit: AUROC=0.6002, AUPRC=0.0475
  Amazon: AUROC=0.7108, AUPRC=0.1256

--- 保存模型 ---
检查点已保存到: /autodl-fs/data/recap/tuning_hyperparams/interaction_tuning/results/interaction_perf_v2_beta_nontrivial/checkpoints/graph_perf__k20__C36__L3/recap/trial_1/model.pt
模型已保存到: /autodl-fs/data/recap/tuning_hyperparams/interaction_tuning/results/interaction_perf_v2_beta_nontrivial/checkpoints/graph_perf__k20__C36__L3/recap/trial_1/model.pt

======================================================================
Trial 2 开始训练 (seed=2)
======================================================================
🔧 模型初始化视图数: 1 (单视图模式)

--- 训练阶段 ---
开始训练，共 100 个epochs...
关闭early stopping，训练将跑满设定epochs
🔧 Assignment layer LR multiplier: 10 (base_lr=5e-05, assignment_lr=0.0005)
Epoch [1/100], Average Loss: 0.635136
  Diagnostics: H_ent_norm=0.7914, H_maxp=0.2229, pi_ent_norm=0.9912, pi_std=0.006462, effC=34.89, Lvar=0.000000, Lvar_active=0.0000, scale/adh_std=1
Epoch [10/100], Average Loss: 0.448323
  Diagnostics: H_ent_norm=0.6666, H_maxp=0.3610, pi_ent_norm=0.9347, pi_std=0.018766, effC=28.83, Lvar=0.000000, Lvar_active=0.0000, scale/adh_std=1
Epoch [20/100], Average Loss: 0.392984
  Diagnostics: H_ent_norm=0.6176, H_maxp=0.4164, pi_ent_norm=0.9042, pi_std=0.023340, effC=26.21, Lvar=0.000000, Lvar_active=0.0000, scale/adh_std=1
Epoch [30/100], Average Loss: 0.363334
  Diagnostics: H_ent_norm=0.6062, H_maxp=0.4315, pi_ent_norm=0.8954, pi_std=0.025028, effC=25.47, Lvar=0.000000, Lvar_active=0.0000, scale/adh_std=1
Epoch [40/100], Average Loss: 0.335065
  Diagnostics: H_ent_norm=0.6094, H_maxp=0.4325, pi_ent_norm=0.8915, pi_std=0.026651, effC=25.13, Lvar=0.000000, Lvar_active=0.0000, scale/adh_std=1
Epoch [50/100], Average Loss: 0.312667
  Diagnostics: H_ent_norm=0.6179, H_maxp=0.4283, pi_ent_norm=0.8883, pi_std=0.028872, effC=24.86, Lvar=0.000000, Lvar_active=0.0000, scale/adh_std=1
Epoch [60/100], Average Loss: 0.291376
  Diagnostics: H_ent_norm=0.6111, H_maxp=0.4373, pi_ent_norm=0.8777, pi_std=0.032306, effC=24.04, Lvar=0.000000, Lvar_active=0.0000, scale/adh_std=1
Epoch [70/100], Average Loss: 0.274895
  Diagnostics: H_ent_norm=0.6107, H_maxp=0.4403, pi_ent_norm=0.8690, pi_std=0.035867, effC=23.37, Lvar=0.000000, Lvar_active=0.0000, scale/adh_std=1
Epoch [80/100], Average Loss: 0.252180
  Diagnostics: H_ent_norm=0.6063, H_maxp=0.4473, pi_ent_norm=0.8536, pi_std=0.041152, effC=22.21, Lvar=0.000000, Lvar_active=0.0000, scale/adh_std=1
Epoch [90/100], Average Loss: 0.230757
  Diagnostics: H_ent_norm=0.5960, H_maxp=0.4614, pi_ent_norm=0.8328, pi_std=0.047709, effC=20.57, Lvar=0.000000, Lvar_active=0.0000, scale/adh_std=1
Epoch [100/100], Average Loss: 0.194892
  Diagnostics: H_ent_norm=0.5698, H_maxp=0.4920, pi_ent_norm=0.7930, pi_std=0.058033, effC=17.45, Lvar=0.000000, Lvar_active=0.0000, scale/adh_std=1
训练完成！实际训练 100 个epochs

--- 评估阶段 ---
  Facebook: AUROC=0.5850, AUPRC=0.0367
  cora: AUROC=0.8232, AUPRC=0.3965
  citeseer: AUROC=0.9009, AUPRC=0.4396
  ACM: AUROC=0.7869, AUPRC=0.3701
  BlogCatalog: AUROC=0.7149, AUPRC=0.3206
  weibo: AUROC=0.7299, AUPRC=0.2989
  Reddit: AUROC=0.5919, AUPRC=0.0453
  Amazon: AUROC=0.7144, AUPRC=0.1255

--- 保存模型 ---
检查点已保存到: /autodl-fs/data/recap/tuning_hyperparams/interaction_tuning/results/interaction_perf_v2_beta_nontrivial/checkpoints/graph_perf__k20__C36__L3/recap/trial_2/model.pt
模型已保存到: /autodl-fs/data/recap/tuning_hyperparams/interaction_tuning/results/interaction_perf_v2_beta_nontrivial/checkpoints/graph_perf__k20__C36__L3/recap/trial_2/model.pt

======================================================================
聚合 3 次试验的结果
======================================================================

------------------------- Facebook -------------------------
AUROC: 0.5859 ± 0.0038
AUPRC: 0.0434 ± 0.0066

------------------------- cora -------------------------
AUROC: 0.8264 ± 0.0023
AUPRC: 0.4118 ± 0.0125

------------------------- citeseer -------------------------
AUROC: 0.9015 ± 0.0028
AUPRC: 0.4424 ± 0.0021

------------------------- ACM -------------------------
AUROC: 0.7843 ± 0.0044
AUPRC: 0.3675 ± 0.0024

------------------------- BlogCatalog -------------------------
AUROC: 0.7154 ± 0.0057
AUPRC: 0.3201 ± 0.0008

------------------------- weibo -------------------------
AUROC: 0.7428 ± 0.0325
AUPRC: 0.3042 ± 0.0040

------------------------- Reddit -------------------------
AUROC: 0.5951 ± 0.0036
AUPRC: 0.0463 ± 0.0009

------------------------- Amazon -------------------------
AUROC: 0.7148 ± 0.0034
AUPRC: 0.1275 ± 0.0027


======================================================================
训练完成！
所有模型已保存到: /autodl-fs/data/recap/tuning_hyperparams/interaction_tuning/results/interaction_perf_v2_beta_nontrivial/checkpoints/graph_perf__k20__C36__L3/recap/
======================================================================

