/root/miniconda3/lib/python3.12/site-packages/torch_geometric/__init__.py:4: UserWarning: An issue occurred while importing 'torch-scatter'. Disabling its usage. Stacktrace: Could not load this library: /root/miniconda3/lib/python3.12/site-packages/torch_scatter/_version_cuda.so
  import torch_geometric.typing
/root/miniconda3/lib/python3.12/site-packages/torch_geometric/__init__.py:4: UserWarning: An issue occurred while importing 'torch-cluster'. Disabling its usage. Stacktrace: Could not load this library: /root/miniconda3/lib/python3.12/site-packages/torch_cluster/_version_cuda.so
  import torch_geometric.typing
/root/miniconda3/lib/python3.12/site-packages/torch_geometric/__init__.py:4: UserWarning: An issue occurred while importing 'torch-spline-conv'. Disabling its usage. Stacktrace: Could not load this library: /root/miniconda3/lib/python3.12/site-packages/torch_spline_conv/_version_cuda.so
  import torch_geometric.typing
/root/miniconda3/lib/python3.12/site-packages/torch_geometric/__init__.py:4: UserWarning: An issue occurred while importing 'torch-sparse'. Disabling its usage. Stacktrace: Could not load this library: /root/miniconda3/lib/python3.12/site-packages/torch_sparse/_version_cuda.so
  import torch_geometric.typing
使用保存的最佳模型配置

======================================================================
recap 异常检测模型训练
======================================================================

📋 训练配置:
  device: cuda:0
  epochs: 100
  trials: 3
  seed: 0
  output_dir: /autodl-fs/data/recap/tuning_hyperparams/interaction_tuning/results/interaction_perf_v2_beta_nontrivial/checkpoints/graph_perf__k24__C28__L4
  save_checkpoint: True
  early_stop: False
  patience: 30
  log_diagnostics: True
  diagnostics_interval: 10

🔧 模型配置:
  model: recap
  lr: 5e-05
  dropout_rate: 0.2
  h_feats: 256
  num_hops: 4
  weight_decay: 5e-05
  dims: 32
  num_layers: 2
  activation: ELU
  num_views: 1
  num_clusters: 28
  knn_k: 24
  cluster_lr_multiplier: 10.0
  tau_s: 0.08
  tau_c: 0.3
  cluster_init_gain: 2.0
  sim_block_size: 256
  knn_cache_enabled: True
  knn_cache_dir: /autodl-fs/data/recap/knn_cache
  knn_search_dtype: auto
  lambda_H: 0.2
  lambda_bal: 0.0
  lambda_E: 0.1
  lambda_usage_entropy: 0.25
  assignment_entropy_lower: 0.45
  assignment_entropy_upper: 0.85
  usage_entropy_lower: 0.65
  usage_entropy_upper: 0.9
  gamma: 0.1
  tau_e: 1.0
  beta: 0.02
  eps: 1e-08
  lambda_ortho: 0.2
  lambda_min_usage: 0.0
  lambda_diversity: 0.1
  min_cluster_ratio: 0.1

💾 保存设置:
  保存目录：/autodl-fs/data/recap/tuning_hyperparams/interaction_tuning/results/interaction_perf_v2_beta_nontrivial/checkpoints/graph_perf__k24__C28__L4
  保存检查点：True
======================================================================


📊 使用指定的训练数据集: ['pubmed', 'Flickr', 'questions', 'YelpChi']

📊 使用指定的测试数据集: ['Facebook', 'cora', 'citeseer', 'ACM', 'BlogCatalog', 'weibo', 'Reddit', 'Amazon']
加载 4 个训练数据集: ['pubmed', 'Flickr', 'questions', 'YelpChi']
加载 8 个测试数据集: ['Facebook', 'cora', 'citeseer', 'ACM', 'BlogCatalog', 'weibo', 'Reddit', 'Amazon']
进行 4 跳特征传播...

======================================================================
Trial 0 开始训练 (seed=0)
======================================================================
🔧 模型初始化视图数: 1 (单视图模式)

--- 训练阶段 ---
开始训练，共 100 个epochs...
关闭early stopping，训练将跑满设定epochs
🔧 Assignment layer LR multiplier: 10 (base_lr=5e-05, assignment_lr=0.0005)
Epoch [1/100], Average Loss: 0.600692
  Diagnostics: H_ent_norm=0.7650, H_maxp=0.2662, pi_ent_norm=0.9875, pi_std=0.009912, effC=26.87, Lvar=0.000000, Lvar_active=0.0000, scale/adh_std=1
Epoch [10/100], Average Loss: 0.400549
  Diagnostics: H_ent_norm=0.6093, H_maxp=0.4392, pi_ent_norm=0.8992, pi_std=0.032224, effC=20.44, Lvar=0.000000, Lvar_active=0.0000, scale/adh_std=1
Epoch [20/100], Average Loss: 0.335242
  Diagnostics: H_ent_norm=0.5836, H_maxp=0.4749, pi_ent_norm=0.8611, pi_std=0.040147, effC=18.31, Lvar=0.000000, Lvar_active=0.0000, scale/adh_std=1
Epoch [30/100], Average Loss: 0.299247
  Diagnostics: H_ent_norm=0.5853, H_maxp=0.4796, pi_ent_norm=0.8473, pi_std=0.043163, effC=17.61, Lvar=0.000000, Lvar_active=0.0000, scale/adh_std=1
Epoch [40/100], Average Loss: 0.267151
  Diagnostics: H_ent_norm=0.5975, H_maxp=0.4706, pi_ent_norm=0.8431, pi_std=0.045909, effC=17.38, Lvar=0.000000, Lvar_active=0.0000, scale/adh_std=1
Epoch [50/100], Average Loss: 0.237047
  Diagnostics: H_ent_norm=0.5956, H_maxp=0.4715, pi_ent_norm=0.8304, pi_std=0.050167, effC=16.76, Lvar=0.000000, Lvar_active=0.0000, scale/adh_std=1
Epoch [60/100], Average Loss: 0.215718
  Diagnostics: H_ent_norm=0.5917, H_maxp=0.4726, pi_ent_norm=0.8229, pi_std=0.052817, effC=16.41, Lvar=0.000000, Lvar_active=0.0000, scale/adh_std=1
Epoch [70/100], Average Loss: 0.198425
  Diagnostics: H_ent_norm=0.5888, H_maxp=0.4712, pi_ent_norm=0.8174, pi_std=0.055051, effC=16.16, Lvar=0.000000, Lvar_active=0.0000, scale/adh_std=1
Epoch [80/100], Average Loss: 0.184573
  Diagnostics: H_ent_norm=0.5877, H_maxp=0.4665, pi_ent_norm=0.8145, pi_std=0.056846, effC=16.01, Lvar=0.000000, Lvar_active=0.0000, scale/adh_std=1
Epoch [90/100], Average Loss: 0.172979
  Diagnostics: H_ent_norm=0.5893, H_maxp=0.4593, pi_ent_norm=0.8120, pi_std=0.058616, effC=15.89, Lvar=0.000000, Lvar_active=0.0000, scale/adh_std=1
Epoch [100/100], Average Loss: 0.161677
  Diagnostics: H_ent_norm=0.5859, H_maxp=0.4585, pi_ent_norm=0.8076, pi_std=0.060076, effC=15.69, Lvar=0.000000, Lvar_active=0.0000, scale/adh_std=1
训练完成！实际训练 100 个epochs

--- 评估阶段 ---
  Facebook: AUROC=0.5992, AUPRC=0.0468
  cora: AUROC=0.8172, AUPRC=0.4016
  citeseer: AUROC=0.8987, AUPRC=0.4193
  ACM: AUROC=0.7840, AUPRC=0.3690
  BlogCatalog: AUROC=0.7150, AUPRC=0.3136
  weibo: AUROC=0.7500, AUPRC=0.3186
  Reddit: AUROC=0.5854, AUPRC=0.0454
  Amazon: AUROC=0.7230, AUPRC=0.1313

--- 保存模型 ---
检查点已保存到: /autodl-fs/data/recap/tuning_hyperparams/interaction_tuning/results/interaction_perf_v2_beta_nontrivial/checkpoints/graph_perf__k24__C28__L4/recap/trial_0/model.pt
模型已保存到: /autodl-fs/data/recap/tuning_hyperparams/interaction_tuning/results/interaction_perf_v2_beta_nontrivial/checkpoints/graph_perf__k24__C28__L4/recap/trial_0/model.pt

======================================================================
Trial 1 开始训练 (seed=1)
======================================================================
🔧 模型初始化视图数: 1 (单视图模式)

--- 训练阶段 ---
开始训练，共 100 个epochs...
关闭early stopping，训练将跑满设定epochs
🔧 Assignment layer LR multiplier: 10 (base_lr=5e-05, assignment_lr=0.0005)
Epoch [1/100], Average Loss: 0.604594
  Diagnostics: H_ent_norm=0.7639, H_maxp=0.2624, pi_ent_norm=0.9931, pi_std=0.007224, effC=27.37, Lvar=0.000001, Lvar_active=0.0002, scale/adh_std=1
Epoch [10/100], Average Loss: 0.424678
  Diagnostics: H_ent_norm=0.6403, H_maxp=0.3974, pi_ent_norm=0.9408, pi_std=0.021972, effC=23.18, Lvar=0.000001, Lvar_active=0.0002, scale/adh_std=1
Epoch [20/100], Average Loss: 0.360598
  Diagnostics: H_ent_norm=0.6015, H_maxp=0.4439, pi_ent_norm=0.9093, pi_std=0.028452, effC=21.07, Lvar=0.000001, Lvar_active=0.0002, scale/adh_std=1
Epoch [30/100], Average Loss: 0.323618
  Diagnostics: H_ent_norm=0.5995, H_maxp=0.4526, pi_ent_norm=0.8984, pi_std=0.031614, effC=20.37, Lvar=0.000001, Lvar_active=0.0002, scale/adh_std=1
Epoch [40/100], Average Loss: 0.287219
  Diagnostics: H_ent_norm=0.6148, H_maxp=0.4436, pi_ent_norm=0.8933, pi_std=0.034861, effC=20.04, Lvar=0.000002, Lvar_active=0.0002, scale/adh_std=1
Epoch [50/100], Average Loss: 0.261838
  Diagnostics: H_ent_norm=0.6208, H_maxp=0.4415, pi_ent_norm=0.8833, pi_std=0.038377, effC=19.46, Lvar=0.000002, Lvar_active=0.0002, scale/adh_std=1
Epoch [60/100], Average Loss: 0.243981
  Diagnostics: H_ent_norm=0.6184, H_maxp=0.4445, pi_ent_norm=0.8736, pi_std=0.041556, effC=18.92, Lvar=0.000002, Lvar_active=0.0002, scale/adh_std=1
Epoch [70/100], Average Loss: 0.229911
  Diagnostics: H_ent_norm=0.6158, H_maxp=0.4473, pi_ent_norm=0.8660, pi_std=0.043911, effC=18.51, Lvar=0.000002, Lvar_active=0.0002, scale/adh_std=1
Epoch [80/100], Average Loss: 0.216035
  Diagnostics: H_ent_norm=0.6145, H_maxp=0.4483, pi_ent_norm=0.8579, pi_std=0.046503, effC=18.08, Lvar=0.000002, Lvar_active=0.0002, scale/adh_std=1
Epoch [90/100], Average Loss: 0.203490
  Diagnostics: H_ent_norm=0.6075, H_maxp=0.4547, pi_ent_norm=0.8471, pi_std=0.049118, effC=17.54, Lvar=0.000002, Lvar_active=0.0002, scale/adh_std=1
Epoch [100/100], Average Loss: 0.190645
  Diagnostics: H_ent_norm=0.6048, H_maxp=0.4560, pi_ent_norm=0.8391, pi_std=0.051541, effC=17.13, Lvar=0.000002, Lvar_active=0.0002, scale/adh_std=1
训练完成！实际训练 100 个epochs

--- 评估阶段 ---
  Facebook: AUROC=0.5864, AUPRC=0.0481
  cora: AUROC=0.8219, AUPRC=0.4106
  citeseer: AUROC=0.8990, AUPRC=0.4636
  ACM: AUROC=0.7708, AUPRC=0.3704
  BlogCatalog: AUROC=0.7237, AUPRC=0.3238
  weibo: AUROC=0.7261, AUPRC=0.3060
  Reddit: AUROC=0.5898, AUPRC=0.0466
  Amazon: AUROC=0.7028, AUPRC=0.1227

--- 保存模型 ---
检查点已保存到: /autodl-fs/data/recap/tuning_hyperparams/interaction_tuning/results/interaction_perf_v2_beta_nontrivial/checkpoints/graph_perf__k24__C28__L4/recap/trial_1/model.pt
模型已保存到: /autodl-fs/data/recap/tuning_hyperparams/interaction_tuning/results/interaction_perf_v2_beta_nontrivial/checkpoints/graph_perf__k24__C28__L4/recap/trial_1/model.pt

======================================================================
Trial 2 开始训练 (seed=2)
======================================================================
🔧 模型初始化视图数: 1 (单视图模式)

--- 训练阶段 ---
开始训练，共 100 个epochs...
关闭early stopping，训练将跑满设定epochs
🔧 Assignment layer LR multiplier: 10 (base_lr=5e-05, assignment_lr=0.0005)
Epoch [1/100], Average Loss: 0.594567
  Diagnostics: H_ent_norm=0.7710, H_maxp=0.2602, pi_ent_norm=0.9884, pi_std=0.009379, effC=26.95, Lvar=0.000000, Lvar_active=0.0000, scale/adh_std=1
Epoch [10/100], Average Loss: 0.410458
  Diagnostics: H_ent_norm=0.6355, H_maxp=0.4048, pi_ent_norm=0.9240, pi_std=0.025624, effC=22.02, Lvar=0.000000, Lvar_active=0.0000, scale/adh_std=1
Epoch [20/100], Average Loss: 0.360256
  Diagnostics: H_ent_norm=0.6077, H_maxp=0.4382, pi_ent_norm=0.8999, pi_std=0.031320, effC=20.50, Lvar=0.000000, Lvar_active=0.0000, scale/adh_std=1
Epoch [30/100], Average Loss: 0.326063
  Diagnostics: H_ent_norm=0.6133, H_maxp=0.4380, pi_ent_norm=0.8982, pi_std=0.032518, effC=20.38, Lvar=0.000000, Lvar_active=0.0000, scale/adh_std=1
Epoch [40/100], Average Loss: 0.298507
  Diagnostics: H_ent_norm=0.6263, H_maxp=0.4302, pi_ent_norm=0.8998, pi_std=0.032702, effC=20.45, Lvar=0.000000, Lvar_active=0.0000, scale/adh_std=1
Epoch [50/100], Average Loss: 0.282542
  Diagnostics: H_ent_norm=0.6216, H_maxp=0.4385, pi_ent_norm=0.8939, pi_std=0.033998, effC=20.08, Lvar=0.000000, Lvar_active=0.0000, scale/adh_std=1
Epoch [60/100], Average Loss: 0.266735
  Diagnostics: H_ent_norm=0.6134, H_maxp=0.4493, pi_ent_norm=0.8853, pi_std=0.035977, effC=19.56, Lvar=0.000000, Lvar_active=0.0000, scale/adh_std=1
Epoch [70/100], Average Loss: 0.254448
  Diagnostics: H_ent_norm=0.6099, H_maxp=0.4566, pi_ent_norm=0.8783, pi_std=0.038023, effC=19.13, Lvar=0.000000, Lvar_active=0.0000, scale/adh_std=1
Epoch [80/100], Average Loss: 0.240440
  Diagnostics: H_ent_norm=0.6018, H_maxp=0.4694, pi_ent_norm=0.8640, pi_std=0.042331, effC=18.27, Lvar=0.000000, Lvar_active=0.0000, scale/adh_std=1
Epoch [90/100], Average Loss: 0.219657
  Diagnostics: H_ent_norm=0.5815, H_maxp=0.4981, pi_ent_norm=0.8358, pi_std=0.051073, effC=16.55, Lvar=0.000000, Lvar_active=0.0000, scale/adh_std=1
Epoch [100/100], Average Loss: 0.198874
  Diagnostics: H_ent_norm=0.5703, H_maxp=0.5147, pi_ent_norm=0.8120, pi_std=0.058459, effC=15.15, Lvar=0.000000, Lvar_active=0.0000, scale/adh_std=1
训练完成！实际训练 100 个epochs

--- 评估阶段 ---
  Facebook: AUROC=0.5913, AUPRC=0.0337
  cora: AUROC=0.8176, AUPRC=0.3929
  citeseer: AUROC=0.9014, AUPRC=0.4469
  ACM: AUROC=0.7855, AUPRC=0.3755
  BlogCatalog: AUROC=0.7246, AUPRC=0.3235
  weibo: AUROC=0.7537, AUPRC=0.3151
  Reddit: AUROC=0.5843, AUPRC=0.0451
  Amazon: AUROC=0.7264, AUPRC=0.1285

--- 保存模型 ---
检查点已保存到: /autodl-fs/data/recap/tuning_hyperparams/interaction_tuning/results/interaction_perf_v2_beta_nontrivial/checkpoints/graph_perf__k24__C28__L4/recap/trial_2/model.pt
模型已保存到: /autodl-fs/data/recap/tuning_hyperparams/interaction_tuning/results/interaction_perf_v2_beta_nontrivial/checkpoints/graph_perf__k24__C28__L4/recap/trial_2/model.pt

======================================================================
聚合 3 次试验的结果
======================================================================

------------------------- Facebook -------------------------
AUROC: 0.5923 ± 0.0053
AUPRC: 0.0429 ± 0.0065

------------------------- cora -------------------------
AUROC: 0.8189 ± 0.0021
AUPRC: 0.4017 ± 0.0072

------------------------- citeseer -------------------------
AUROC: 0.8997 ± 0.0012
AUPRC: 0.4433 ± 0.0183

------------------------- ACM -------------------------
AUROC: 0.7801 ± 0.0066
AUPRC: 0.3716 ± 0.0028

------------------------- BlogCatalog -------------------------
AUROC: 0.7211 ± 0.0043
AUPRC: 0.3203 ± 0.0047

------------------------- weibo -------------------------
AUROC: 0.7432 ± 0.0122
AUPRC: 0.3132 ± 0.0053

------------------------- Reddit -------------------------
AUROC: 0.5865 ± 0.0024
AUPRC: 0.0457 ± 0.0006

------------------------- Amazon -------------------------
AUROC: 0.7174 ± 0.0104
AUPRC: 0.1275 ± 0.0036


======================================================================
训练完成！
所有模型已保存到: /autodl-fs/data/recap/tuning_hyperparams/interaction_tuning/results/interaction_perf_v2_beta_nontrivial/checkpoints/graph_perf__k24__C28__L4/recap/
======================================================================

