/root/miniconda3/lib/python3.12/site-packages/torch_geometric/__init__.py:4: UserWarning: An issue occurred while importing 'torch-scatter'. Disabling its usage. Stacktrace: Could not load this library: /root/miniconda3/lib/python3.12/site-packages/torch_scatter/_version_cuda.so
  import torch_geometric.typing
/root/miniconda3/lib/python3.12/site-packages/torch_geometric/__init__.py:4: UserWarning: An issue occurred while importing 'torch-cluster'. Disabling its usage. Stacktrace: Could not load this library: /root/miniconda3/lib/python3.12/site-packages/torch_cluster/_version_cuda.so
  import torch_geometric.typing
/root/miniconda3/lib/python3.12/site-packages/torch_geometric/__init__.py:4: UserWarning: An issue occurred while importing 'torch-spline-conv'. Disabling its usage. Stacktrace: Could not load this library: /root/miniconda3/lib/python3.12/site-packages/torch_spline_conv/_version_cuda.so
  import torch_geometric.typing
/root/miniconda3/lib/python3.12/site-packages/torch_geometric/__init__.py:4: UserWarning: An issue occurred while importing 'torch-sparse'. Disabling its usage. Stacktrace: Could not load this library: /root/miniconda3/lib/python3.12/site-packages/torch_sparse/_version_cuda.so
  import torch_geometric.typing
使用保存的最佳模型配置

======================================================================
recap 异常检测模型训练
======================================================================

📋 训练配置:
  device: cuda:0
  epochs: 100
  trials: 3
  seed: 0
  output_dir: /autodl-fs/data/recap/tuning_hyperparams/interaction_tuning/results/interaction_perf_v2_beta_nontrivial/checkpoints/perf__light_lH01_lU01
  save_checkpoint: True
  early_stop: False
  patience: 30
  log_diagnostics: True
  diagnostics_interval: 10

🔧 模型配置:
  model: recap
  lr: 5e-05
  dropout_rate: 0.2
  h_feats: 256
  num_hops: 4
  weight_decay: 5e-05
  dims: 32
  num_layers: 2
  activation: ELU
  num_views: 1
  num_clusters: 28
  knn_k: 20
  cluster_lr_multiplier: 10.0
  tau_s: 0.08
  tau_c: 0.3
  cluster_init_gain: 1.5
  sim_block_size: 256
  knn_cache_enabled: True
  knn_cache_dir: /autodl-fs/data/recap/knn_cache
  knn_search_dtype: auto
  lambda_H: 0.1
  lambda_bal: 0.0
  lambda_E: 0.1
  lambda_usage_entropy: 0.1
  assignment_entropy_lower: 0.45
  assignment_entropy_upper: 0.85
  usage_entropy_lower: 0.65
  usage_entropy_upper: 0.9
  gamma: 0.1
  tau_e: 1.0
  beta: 0.02
  eps: 1e-08
  lambda_ortho: 0.1
  lambda_min_usage: 0.0
  lambda_diversity: 0.1
  min_cluster_ratio: 0.1

💾 保存设置:
  保存目录：/autodl-fs/data/recap/tuning_hyperparams/interaction_tuning/results/interaction_perf_v2_beta_nontrivial/checkpoints/perf__light_lH01_lU01
  保存检查点：True
======================================================================


📊 使用指定的训练数据集: ['pubmed', 'Flickr', 'questions', 'YelpChi']

📊 使用指定的测试数据集: ['Facebook', 'cora', 'citeseer', 'ACM', 'BlogCatalog', 'weibo', 'Reddit', 'Amazon']
加载 4 个训练数据集: ['pubmed', 'Flickr', 'questions', 'YelpChi']
加载 8 个测试数据集: ['Facebook', 'cora', 'citeseer', 'ACM', 'BlogCatalog', 'weibo', 'Reddit', 'Amazon']
进行 4 跳特征传播...

======================================================================
Trial 0 开始训练 (seed=0)
======================================================================
🔧 模型初始化视图数: 1 (单视图模式)

--- 训练阶段 ---
开始训练，共 100 个epochs...
关闭early stopping，训练将跑满设定epochs
🔧 Assignment layer LR multiplier: 10 (base_lr=5e-05, assignment_lr=0.0005)
Epoch [1/100], Average Loss: 0.525310
  Diagnostics: H_ent_norm=0.8366, H_maxp=0.2037, pi_ent_norm=0.9929, pi_std=0.007434, effC=27.35, Lvar=0.000000, Lvar_active=0.0000, scale/adh_std=1
Epoch [10/100], Average Loss: 0.350117
  Diagnostics: H_ent_norm=0.7135, H_maxp=0.3474, pi_ent_norm=0.9327, pi_std=0.025811, effC=22.63, Lvar=0.000000, Lvar_active=0.0000, scale/adh_std=1
Epoch [20/100], Average Loss: 0.278503
  Diagnostics: H_ent_norm=0.6288, H_maxp=0.4347, pi_ent_norm=0.8772, pi_std=0.037283, effC=19.23, Lvar=0.000000, Lvar_active=0.0000, scale/adh_std=1
Epoch [30/100], Average Loss: 0.255032
  Diagnostics: H_ent_norm=0.6324, H_maxp=0.4349, pi_ent_norm=0.8703, pi_std=0.039955, effC=18.85, Lvar=0.000000, Lvar_active=0.0000, scale/adh_std=1
Epoch [40/100], Average Loss: 0.229504
  Diagnostics: H_ent_norm=0.6232, H_maxp=0.4476, pi_ent_norm=0.8509, pi_std=0.044697, effC=17.86, Lvar=0.000000, Lvar_active=0.0000, scale/adh_std=1
Epoch [50/100], Average Loss: 0.214652
  Diagnostics: H_ent_norm=0.6211, H_maxp=0.4539, pi_ent_norm=0.8406, pi_std=0.046926, effC=17.34, Lvar=0.000000, Lvar_active=0.0000, scale/adh_std=1
Epoch [60/100], Average Loss: 0.201157
  Diagnostics: H_ent_norm=0.6158, H_maxp=0.4614, pi_ent_norm=0.8318, pi_std=0.048664, effC=16.92, Lvar=0.000000, Lvar_active=0.0000, scale/adh_std=1
Epoch [70/100], Average Loss: 0.191288
  Diagnostics: H_ent_norm=0.6102, H_maxp=0.4687, pi_ent_norm=0.8227, pi_std=0.050385, effC=16.51, Lvar=0.000000, Lvar_active=0.0000, scale/adh_std=1
Epoch [80/100], Average Loss: 0.182973
  Diagnostics: H_ent_norm=0.6084, H_maxp=0.4709, pi_ent_norm=0.8198, pi_std=0.051017, effC=16.36, Lvar=0.000000, Lvar_active=0.0000, scale/adh_std=1
Epoch [90/100], Average Loss: 0.175295
  Diagnostics: H_ent_norm=0.5977, H_maxp=0.4809, pi_ent_norm=0.8084, pi_std=0.053014, effC=15.89, Lvar=0.000000, Lvar_active=0.0000, scale/adh_std=1
Epoch [100/100], Average Loss: 0.166568
  Diagnostics: H_ent_norm=0.6002, H_maxp=0.4786, pi_ent_norm=0.8088, pi_std=0.053041, effC=15.88, Lvar=0.000000, Lvar_active=0.0000, scale/adh_std=1
训练完成！实际训练 100 个epochs

--- 评估阶段 ---
  Facebook: AUROC=0.5966, AUPRC=0.0541
  cora: AUROC=0.8187, AUPRC=0.4144
  citeseer: AUROC=0.9044, AUPRC=0.4719
  ACM: AUROC=0.7851, AUPRC=0.3667
  BlogCatalog: AUROC=0.7335, AUPRC=0.3328
  weibo: AUROC=0.7592, AUPRC=0.3119
  Reddit: AUROC=0.5884, AUPRC=0.0464
  Amazon: AUROC=0.7337, AUPRC=0.1370

--- 保存模型 ---
检查点已保存到: /autodl-fs/data/recap/tuning_hyperparams/interaction_tuning/results/interaction_perf_v2_beta_nontrivial/checkpoints/perf__light_lH01_lU01/recap/trial_0/model.pt
模型已保存到: /autodl-fs/data/recap/tuning_hyperparams/interaction_tuning/results/interaction_perf_v2_beta_nontrivial/checkpoints/perf__light_lH01_lU01/recap/trial_0/model.pt

======================================================================
Trial 1 开始训练 (seed=1)
======================================================================
🔧 模型初始化视图数: 1 (单视图模式)

--- 训练阶段 ---
开始训练，共 100 个epochs...
关闭early stopping，训练将跑满设定epochs
🔧 Assignment layer LR multiplier: 10 (base_lr=5e-05, assignment_lr=0.0005)
Epoch [1/100], Average Loss: 0.527511
  Diagnostics: H_ent_norm=0.8348, H_maxp=0.2012, pi_ent_norm=0.9962, pi_std=0.005377, effC=27.65, Lvar=0.000001, Lvar_active=0.0002, scale/adh_std=1
Epoch [10/100], Average Loss: 0.351633
  Diagnostics: H_ent_norm=0.7251, H_maxp=0.3257, pi_ent_norm=0.9584, pi_std=0.018339, effC=24.48, Lvar=0.000001, Lvar_active=0.0002, scale/adh_std=1
Epoch [20/100], Average Loss: 0.302334
  Diagnostics: H_ent_norm=0.6802, H_maxp=0.3755, pi_ent_norm=0.9369, pi_std=0.023097, effC=22.91, Lvar=0.000002, Lvar_active=0.0002, scale/adh_std=1
Epoch [30/100], Average Loss: 0.273323
  Diagnostics: H_ent_norm=0.6589, H_maxp=0.3998, pi_ent_norm=0.9227, pi_std=0.026700, effC=21.94, Lvar=0.000002, Lvar_active=0.0002, scale/adh_std=1
Epoch [40/100], Average Loss: 0.251500
  Diagnostics: H_ent_norm=0.6432, H_maxp=0.4185, pi_ent_norm=0.9055, pi_std=0.031511, effC=20.84, Lvar=0.000002, Lvar_active=0.0002, scale/adh_std=1
Epoch [50/100], Average Loss: 0.235819
  Diagnostics: H_ent_norm=0.6331, H_maxp=0.4310, pi_ent_norm=0.8918, pi_std=0.035435, effC=20.03, Lvar=0.000002, Lvar_active=0.0002, scale/adh_std=1
Epoch [60/100], Average Loss: 0.221379
  Diagnostics: H_ent_norm=0.6277, H_maxp=0.4389, pi_ent_norm=0.8790, pi_std=0.038983, effC=19.29, Lvar=0.000002, Lvar_active=0.0002, scale/adh_std=1
Epoch [70/100], Average Loss: 0.207941
  Diagnostics: H_ent_norm=0.6242, H_maxp=0.4443, pi_ent_norm=0.8677, pi_std=0.042079, effC=18.67, Lvar=0.000002, Lvar_active=0.0002, scale/adh_std=1
Epoch [80/100], Average Loss: 0.195859
  Diagnostics: H_ent_norm=0.6173, H_maxp=0.4526, pi_ent_norm=0.8576, pi_std=0.044609, effC=18.12, Lvar=0.000002, Lvar_active=0.0002, scale/adh_std=1
Epoch [90/100], Average Loss: 0.185236
  Diagnostics: H_ent_norm=0.6132, H_maxp=0.4568, pi_ent_norm=0.8488, pi_std=0.046782, effC=17.66, Lvar=0.000002, Lvar_active=0.0002, scale/adh_std=1
Epoch [100/100], Average Loss: 0.174357
  Diagnostics: H_ent_norm=0.6084, H_maxp=0.4619, pi_ent_norm=0.8406, pi_std=0.048736, effC=17.25, Lvar=0.000002, Lvar_active=0.0002, scale/adh_std=1
训练完成！实际训练 100 个epochs

--- 评估阶段 ---
  Facebook: AUROC=0.6039, AUPRC=0.0499
  cora: AUROC=0.8225, AUPRC=0.4202
  citeseer: AUROC=0.8989, AUPRC=0.4625
  ACM: AUROC=0.7721, AUPRC=0.3687
  BlogCatalog: AUROC=0.7254, AUPRC=0.3257
  weibo: AUROC=0.7322, AUPRC=0.3060
  Reddit: AUROC=0.5897, AUPRC=0.0463
  Amazon: AUROC=0.6974, AUPRC=0.1192

--- 保存模型 ---
检查点已保存到: /autodl-fs/data/recap/tuning_hyperparams/interaction_tuning/results/interaction_perf_v2_beta_nontrivial/checkpoints/perf__light_lH01_lU01/recap/trial_1/model.pt
模型已保存到: /autodl-fs/data/recap/tuning_hyperparams/interaction_tuning/results/interaction_perf_v2_beta_nontrivial/checkpoints/perf__light_lH01_lU01/recap/trial_1/model.pt

======================================================================
Trial 2 开始训练 (seed=2)
======================================================================
🔧 模型初始化视图数: 1 (单视图模式)

--- 训练阶段 ---
开始训练，共 100 个epochs...
关闭early stopping，训练将跑满设定epochs
🔧 Assignment layer LR multiplier: 10 (base_lr=5e-05, assignment_lr=0.0005)
Epoch [1/100], Average Loss: 0.518017
  Diagnostics: H_ent_norm=0.8425, H_maxp=0.1982, pi_ent_norm=0.9932, pi_std=0.007192, effC=27.38, Lvar=0.000000, Lvar_active=0.0000, scale/adh_std=1
Epoch [10/100], Average Loss: 0.346721
  Diagnostics: H_ent_norm=0.7261, H_maxp=0.3316, pi_ent_norm=0.9371, pi_std=0.024448, effC=22.93, Lvar=0.000000, Lvar_active=0.0000, scale/adh_std=1
Epoch [20/100], Average Loss: 0.296526
  Diagnostics: H_ent_norm=0.6829, H_maxp=0.3788, pi_ent_norm=0.9044, pi_std=0.032292, effC=20.82, Lvar=0.000000, Lvar_active=0.0000, scale/adh_std=1
Epoch [30/100], Average Loss: 0.268218
  Diagnostics: H_ent_norm=0.6761, H_maxp=0.3879, pi_ent_norm=0.8946, pi_std=0.035519, effC=20.22, Lvar=0.000000, Lvar_active=0.0000, scale/adh_std=1
Epoch [40/100], Average Loss: 0.248554
  Diagnostics: H_ent_norm=0.6733, H_maxp=0.3921, pi_ent_norm=0.8889, pi_std=0.037457, effC=19.88, Lvar=0.000000, Lvar_active=0.0000, scale/adh_std=1
Epoch [50/100], Average Loss: 0.235530
  Diagnostics: H_ent_norm=0.6621, H_maxp=0.4058, pi_ent_norm=0.8748, pi_std=0.040716, effC=19.09, Lvar=0.000000, Lvar_active=0.0000, scale/adh_std=1
Epoch [60/100], Average Loss: 0.222624
  Diagnostics: H_ent_norm=0.6405, H_maxp=0.4296, pi_ent_norm=0.8547, pi_std=0.044848, effC=18.03, Lvar=0.000000, Lvar_active=0.0000, scale/adh_std=1
Epoch [70/100], Average Loss: 0.211647
  Diagnostics: H_ent_norm=0.6263, H_maxp=0.4454, pi_ent_norm=0.8400, pi_std=0.048030, effC=17.28, Lvar=0.000000, Lvar_active=0.0000, scale/adh_std=1
Epoch [80/100], Average Loss: 0.197273
  Diagnostics: H_ent_norm=0.6181, H_maxp=0.4562, pi_ent_norm=0.8260, pi_std=0.051226, effC=16.61, Lvar=0.000000, Lvar_active=0.0000, scale/adh_std=1
Epoch [90/100], Average Loss: 0.187506
  Diagnostics: H_ent_norm=0.6082, H_maxp=0.4668, pi_ent_norm=0.8154, pi_std=0.053949, effC=16.09, Lvar=0.000000, Lvar_active=0.0000, scale/adh_std=1
Epoch [100/100], Average Loss: 0.174123
  Diagnostics: H_ent_norm=0.6001, H_maxp=0.4762, pi_ent_norm=0.8047, pi_std=0.056908, effC=15.55, Lvar=0.000000, Lvar_active=0.0000, scale/adh_std=1
训练完成！实际训练 100 个epochs

--- 评估阶段 ---
  Facebook: AUROC=0.5798, AUPRC=0.0337
  cora: AUROC=0.8185, AUPRC=0.4000
  citeseer: AUROC=0.9074, AUPRC=0.4427
  ACM: AUROC=0.7809, AUPRC=0.3715
  BlogCatalog: AUROC=0.7411, AUPRC=0.3298
  weibo: AUROC=0.7313, AUPRC=0.3086
  Reddit: AUROC=0.5892, AUPRC=0.0459
  Amazon: AUROC=0.7194, AUPRC=0.1269

--- 保存模型 ---
检查点已保存到: /autodl-fs/data/recap/tuning_hyperparams/interaction_tuning/results/interaction_perf_v2_beta_nontrivial/checkpoints/perf__light_lH01_lU01/recap/trial_2/model.pt
模型已保存到: /autodl-fs/data/recap/tuning_hyperparams/interaction_tuning/results/interaction_perf_v2_beta_nontrivial/checkpoints/perf__light_lH01_lU01/recap/trial_2/model.pt

======================================================================
聚合 3 次试验的结果
======================================================================

------------------------- Facebook -------------------------
AUROC: 0.5934 ± 0.0101
AUPRC: 0.0459 ± 0.0088

------------------------- cora -------------------------
AUROC: 0.8199 ± 0.0019
AUPRC: 0.4115 ± 0.0085

------------------------- citeseer -------------------------
AUROC: 0.9035 ± 0.0035
AUPRC: 0.4590 ± 0.0122

------------------------- ACM -------------------------
AUROC: 0.7794 ± 0.0055
AUPRC: 0.3689 ± 0.0020

------------------------- BlogCatalog -------------------------
AUROC: 0.7333 ± 0.0064
AUPRC: 0.3295 ± 0.0029

------------------------- weibo -------------------------
AUROC: 0.7409 ± 0.0130
AUPRC: 0.3088 ± 0.0024

------------------------- Reddit -------------------------
AUROC: 0.5891 ± 0.0006
AUPRC: 0.0462 ± 0.0002

------------------------- Amazon -------------------------
AUROC: 0.7168 ± 0.0149
AUPRC: 0.1277 ± 0.0073


======================================================================
训练完成！
所有模型已保存到: /autodl-fs/data/recap/tuning_hyperparams/interaction_tuning/results/interaction_perf_v2_beta_nontrivial/checkpoints/perf__light_lH01_lU01/recap/
======================================================================

