/root/miniconda3/lib/python3.12/site-packages/torch_geometric/__init__.py:4: UserWarning: An issue occurred while importing 'torch-scatter'. Disabling its usage. Stacktrace: Could not load this library: /root/miniconda3/lib/python3.12/site-packages/torch_scatter/_version_cuda.so
  import torch_geometric.typing
/root/miniconda3/lib/python3.12/site-packages/torch_geometric/__init__.py:4: UserWarning: An issue occurred while importing 'torch-cluster'. Disabling its usage. Stacktrace: Could not load this library: /root/miniconda3/lib/python3.12/site-packages/torch_cluster/_version_cuda.so
  import torch_geometric.typing
/root/miniconda3/lib/python3.12/site-packages/torch_geometric/__init__.py:4: UserWarning: An issue occurred while importing 'torch-spline-conv'. Disabling its usage. Stacktrace: Could not load this library: /root/miniconda3/lib/python3.12/site-packages/torch_spline_conv/_version_cuda.so
  import torch_geometric.typing
/root/miniconda3/lib/python3.12/site-packages/torch_geometric/__init__.py:4: UserWarning: An issue occurred while importing 'torch-sparse'. Disabling its usage. Stacktrace: Could not load this library: /root/miniconda3/lib/python3.12/site-packages/torch_sparse/_version_cuda.so
  import torch_geometric.typing
使用保存的最佳模型配置

======================================================================
recap 异常检测模型训练
======================================================================

📋 训练配置:
  device: cuda:0
  epochs: 100
  trials: 3
  seed: 0
  output_dir: /autodl-fs/data/recap/tuning_hyperparams/interaction_tuning/results/interaction_perf_v2_beta_nontrivial/checkpoints/perf__light_lH02_lU01
  save_checkpoint: True
  early_stop: False
  patience: 30
  log_diagnostics: True
  diagnostics_interval: 10

🔧 模型配置:
  model: recap
  lr: 5e-05
  dropout_rate: 0.2
  h_feats: 256
  num_hops: 4
  weight_decay: 5e-05
  dims: 32
  num_layers: 2
  activation: ELU
  num_views: 1
  num_clusters: 28
  knn_k: 20
  cluster_lr_multiplier: 10.0
  tau_s: 0.08
  tau_c: 0.3
  cluster_init_gain: 2.0
  sim_block_size: 256
  knn_cache_enabled: True
  knn_cache_dir: /autodl-fs/data/recap/knn_cache
  knn_search_dtype: auto
  lambda_H: 0.2
  lambda_bal: 0.0
  lambda_E: 0.1
  lambda_usage_entropy: 0.1
  assignment_entropy_lower: 0.45
  assignment_entropy_upper: 0.85
  usage_entropy_lower: 0.65
  usage_entropy_upper: 0.9
  gamma: 0.1
  tau_e: 1.0
  beta: 0.02
  eps: 1e-08
  lambda_ortho: 0.2
  lambda_min_usage: 0.0
  lambda_diversity: 0.1
  min_cluster_ratio: 0.1

💾 保存设置:
  保存目录：/autodl-fs/data/recap/tuning_hyperparams/interaction_tuning/results/interaction_perf_v2_beta_nontrivial/checkpoints/perf__light_lH02_lU01
  保存检查点：True
======================================================================


📊 使用指定的训练数据集: ['pubmed', 'Flickr', 'questions', 'YelpChi']

📊 使用指定的测试数据集: ['Facebook', 'cora', 'citeseer', 'ACM', 'BlogCatalog', 'weibo', 'Reddit', 'Amazon']
加载 4 个训练数据集: ['pubmed', 'Flickr', 'questions', 'YelpChi']
加载 8 个测试数据集: ['Facebook', 'cora', 'citeseer', 'ACM', 'BlogCatalog', 'weibo', 'Reddit', 'Amazon']
进行 4 跳特征传播...

======================================================================
Trial 0 开始训练 (seed=0)
======================================================================
🔧 模型初始化视图数: 1 (单视图模式)

--- 训练阶段 ---
开始训练，共 100 个epochs...
关闭early stopping，训练将跑满设定epochs
🔧 Assignment layer LR multiplier: 10 (base_lr=5e-05, assignment_lr=0.0005)
Epoch [1/100], Average Loss: 0.589065
  Diagnostics: H_ent_norm=0.7650, H_maxp=0.2661, pi_ent_norm=0.9877, pi_std=0.009839, effC=26.88, Lvar=0.000000, Lvar_active=0.0000, scale/adh_std=1
Epoch [10/100], Average Loss: 0.396502
  Diagnostics: H_ent_norm=0.6130, H_maxp=0.4349, pi_ent_norm=0.9042, pi_std=0.031209, effC=20.74, Lvar=0.000000, Lvar_active=0.0000, scale/adh_std=1
Epoch [20/100], Average Loss: 0.327405
  Diagnostics: H_ent_norm=0.5863, H_maxp=0.4719, pi_ent_norm=0.8634, pi_std=0.039874, effC=18.44, Lvar=0.000000, Lvar_active=0.0000, scale/adh_std=1
Epoch [30/100], Average Loss: 0.289759
  Diagnostics: H_ent_norm=0.5897, H_maxp=0.4747, pi_ent_norm=0.8494, pi_std=0.043302, effC=17.72, Lvar=0.000000, Lvar_active=0.0000, scale/adh_std=1
Epoch [40/100], Average Loss: 0.255038
  Diagnostics: H_ent_norm=0.6000, H_maxp=0.4660, pi_ent_norm=0.8438, pi_std=0.046718, effC=17.41, Lvar=0.000000, Lvar_active=0.0000, scale/adh_std=1
Epoch [50/100], Average Loss: 0.224342
  Diagnostics: H_ent_norm=0.6000, H_maxp=0.4639, pi_ent_norm=0.8339, pi_std=0.050537, effC=16.91, Lvar=0.000000, Lvar_active=0.0000, scale/adh_std=1
Epoch [60/100], Average Loss: 0.205236
  Diagnostics: H_ent_norm=0.5902, H_maxp=0.4696, pi_ent_norm=0.8219, pi_std=0.054050, effC=16.35, Lvar=0.000000, Lvar_active=0.0000, scale/adh_std=1
Epoch [70/100], Average Loss: 0.188676
  Diagnostics: H_ent_norm=0.5898, H_maxp=0.4642, pi_ent_norm=0.8172, pi_std=0.056472, effC=16.12, Lvar=0.000000, Lvar_active=0.0000, scale/adh_std=1
Epoch [80/100], Average Loss: 0.173122
  Diagnostics: H_ent_norm=0.5843, H_maxp=0.4659, pi_ent_norm=0.8085, pi_std=0.059128, effC=15.73, Lvar=0.000000, Lvar_active=0.0000, scale/adh_std=1
Epoch [90/100], Average Loss: 0.160367
  Diagnostics: H_ent_norm=0.5853, H_maxp=0.4612, pi_ent_norm=0.8040, pi_std=0.061088, effC=15.52, Lvar=0.000000, Lvar_active=0.0000, scale/adh_std=1
Epoch [100/100], Average Loss: 0.149028
  Diagnostics: H_ent_norm=0.5789, H_maxp=0.4633, pi_ent_norm=0.7963, pi_std=0.063105, effC=15.18, Lvar=0.000000, Lvar_active=0.0000, scale/adh_std=1
训练完成！实际训练 100 个epochs

--- 评估阶段 ---
  Facebook: AUROC=0.5962, AUPRC=0.0390
  cora: AUROC=0.8181, AUPRC=0.3929
  citeseer: AUROC=0.8973, AUPRC=0.4126
  ACM: AUROC=0.7834, AUPRC=0.3673
  BlogCatalog: AUROC=0.7069, AUPRC=0.3126
  weibo: AUROC=0.7606, AUPRC=0.3278
  Reddit: AUROC=0.5839, AUPRC=0.0450
  Amazon: AUROC=0.7251, AUPRC=0.1319

--- 保存模型 ---
检查点已保存到: /autodl-fs/data/recap/tuning_hyperparams/interaction_tuning/results/interaction_perf_v2_beta_nontrivial/checkpoints/perf__light_lH02_lU01/recap/trial_0/model.pt
模型已保存到: /autodl-fs/data/recap/tuning_hyperparams/interaction_tuning/results/interaction_perf_v2_beta_nontrivial/checkpoints/perf__light_lH02_lU01/recap/trial_0/model.pt

======================================================================
Trial 1 开始训练 (seed=1)
======================================================================
🔧 模型初始化视图数: 1 (单视图模式)

--- 训练阶段 ---
开始训练，共 100 个epochs...
关闭early stopping，训练将跑满设定epochs
🔧 Assignment layer LR multiplier: 10 (base_lr=5e-05, assignment_lr=0.0005)
Epoch [1/100], Average Loss: 0.592701
  Diagnostics: H_ent_norm=0.7639, H_maxp=0.2623, pi_ent_norm=0.9932, pi_std=0.007180, effC=27.38, Lvar=0.000001, Lvar_active=0.0002, scale/adh_std=1
Epoch [10/100], Average Loss: 0.416367
  Diagnostics: H_ent_norm=0.6441, H_maxp=0.3935, pi_ent_norm=0.9439, pi_std=0.021272, effC=23.39, Lvar=0.000001, Lvar_active=0.0002, scale/adh_std=1
Epoch [20/100], Average Loss: 0.352940
  Diagnostics: H_ent_norm=0.6074, H_maxp=0.4381, pi_ent_norm=0.9133, pi_std=0.027736, effC=21.33, Lvar=0.000001, Lvar_active=0.0002, scale/adh_std=1
Epoch [30/100], Average Loss: 0.317965
  Diagnostics: H_ent_norm=0.6060, H_maxp=0.4459, pi_ent_norm=0.9021, pi_std=0.031033, effC=20.61, Lvar=0.000002, Lvar_active=0.0002, scale/adh_std=1
Epoch [40/100], Average Loss: 0.286976
  Diagnostics: H_ent_norm=0.6206, H_maxp=0.4375, pi_ent_norm=0.8960, pi_std=0.034318, effC=20.22, Lvar=0.000002, Lvar_active=0.0002, scale/adh_std=1
Epoch [50/100], Average Loss: 0.260861
  Diagnostics: H_ent_norm=0.6265, H_maxp=0.4356, pi_ent_norm=0.8863, pi_std=0.037775, effC=19.65, Lvar=0.000002, Lvar_active=0.0002, scale/adh_std=1
Epoch [60/100], Average Loss: 0.241468
  Diagnostics: H_ent_norm=0.6219, H_maxp=0.4415, pi_ent_norm=0.8753, pi_std=0.041074, effC=19.03, Lvar=0.000002, Lvar_active=0.0002, scale/adh_std=1
Epoch [70/100], Average Loss: 0.226019
  Diagnostics: H_ent_norm=0.6198, H_maxp=0.4437, pi_ent_norm=0.8667, pi_std=0.043771, effC=18.56, Lvar=0.000002, Lvar_active=0.0002, scale/adh_std=1
Epoch [80/100], Average Loss: 0.213154
  Diagnostics: H_ent_norm=0.6115, H_maxp=0.4519, pi_ent_norm=0.8542, pi_std=0.046944, effC=17.91, Lvar=0.000002, Lvar_active=0.0002, scale/adh_std=1
Epoch [90/100], Average Loss: 0.202140
  Diagnostics: H_ent_norm=0.6057, H_maxp=0.4570, pi_ent_norm=0.8448, pi_std=0.049283, effC=17.44, Lvar=0.000002, Lvar_active=0.0002, scale/adh_std=1
Epoch [100/100], Average Loss: 0.190096
  Diagnostics: H_ent_norm=0.6072, H_maxp=0.4527, pi_ent_norm=0.8401, pi_std=0.051182, effC=17.19, Lvar=0.000002, Lvar_active=0.0002, scale/adh_std=1
训练完成！实际训练 100 个epochs

--- 评估阶段 ---
  Facebook: AUROC=0.5861, AUPRC=0.0495
  cora: AUROC=0.8216, AUPRC=0.4128
  citeseer: AUROC=0.9002, AUPRC=0.4701
  ACM: AUROC=0.7706, AUPRC=0.3698
  BlogCatalog: AUROC=0.7234, AUPRC=0.3258
  weibo: AUROC=0.7293, AUPRC=0.3042
  Reddit: AUROC=0.5896, AUPRC=0.0467
  Amazon: AUROC=0.7069, AUPRC=0.1239

--- 保存模型 ---
检查点已保存到: /autodl-fs/data/recap/tuning_hyperparams/interaction_tuning/results/interaction_perf_v2_beta_nontrivial/checkpoints/perf__light_lH02_lU01/recap/trial_1/model.pt
模型已保存到: /autodl-fs/data/recap/tuning_hyperparams/interaction_tuning/results/interaction_perf_v2_beta_nontrivial/checkpoints/perf__light_lH02_lU01/recap/trial_1/model.pt

======================================================================
Trial 2 开始训练 (seed=2)
======================================================================
🔧 模型初始化视图数: 1 (单视图模式)

--- 训练阶段 ---
开始训练，共 100 个epochs...
关闭early stopping，训练将跑满设定epochs
🔧 Assignment layer LR multiplier: 10 (base_lr=5e-05, assignment_lr=0.0005)
Epoch [1/100], Average Loss: 0.583046
  Diagnostics: H_ent_norm=0.7710, H_maxp=0.2601, pi_ent_norm=0.9886, pi_std=0.009320, effC=26.96, Lvar=0.000000, Lvar_active=0.0000, scale/adh_std=1
Epoch [10/100], Average Loss: 0.405427
  Diagnostics: H_ent_norm=0.6378, H_maxp=0.4019, pi_ent_norm=0.9278, pi_std=0.024913, effC=22.27, Lvar=0.000000, Lvar_active=0.0000, scale/adh_std=1
Epoch [20/100], Average Loss: 0.353880
  Diagnostics: H_ent_norm=0.6113, H_maxp=0.4340, pi_ent_norm=0.9060, pi_std=0.030028, effC=20.87, Lvar=0.000000, Lvar_active=0.0000, scale/adh_std=1
Epoch [30/100], Average Loss: 0.319879
  Diagnostics: H_ent_norm=0.6142, H_maxp=0.4373, pi_ent_norm=0.9022, pi_std=0.031411, effC=20.61, Lvar=0.000000, Lvar_active=0.0000, scale/adh_std=1
Epoch [40/100], Average Loss: 0.294072
  Diagnostics: H_ent_norm=0.6255, H_maxp=0.4306, pi_ent_norm=0.9017, pi_std=0.032000, effC=20.57, Lvar=0.000000, Lvar_active=0.0000, scale/adh_std=1
Epoch [50/100], Average Loss: 0.279126
  Diagnostics: H_ent_norm=0.6185, H_maxp=0.4402, pi_ent_norm=0.8942, pi_std=0.033359, effC=20.11, Lvar=0.000000, Lvar_active=0.0000, scale/adh_std=1
Epoch [60/100], Average Loss: 0.264721
  Diagnostics: H_ent_norm=0.6119, H_maxp=0.4493, pi_ent_norm=0.8877, pi_std=0.034859, effC=19.71, Lvar=0.000000, Lvar_active=0.0000, scale/adh_std=1
Epoch [70/100], Average Loss: 0.253662
  Diagnostics: H_ent_norm=0.6106, H_maxp=0.4543, pi_ent_norm=0.8809, pi_std=0.036694, effC=19.30, Lvar=0.000000, Lvar_active=0.0000, scale/adh_std=1
Epoch [80/100], Average Loss: 0.242924
  Diagnostics: H_ent_norm=0.6056, H_maxp=0.4620, pi_ent_norm=0.8726, pi_std=0.039110, effC=18.81, Lvar=0.000000, Lvar_active=0.0000, scale/adh_std=1
Epoch [90/100], Average Loss: 0.229026
  Diagnostics: H_ent_norm=0.5962, H_maxp=0.4760, pi_ent_norm=0.8582, pi_std=0.043153, effC=17.96, Lvar=0.000000, Lvar_active=0.0000, scale/adh_std=1
Epoch [100/100], Average Loss: 0.211322
  Diagnostics: H_ent_norm=0.5847, H_maxp=0.4909, pi_ent_norm=0.8408, pi_std=0.048635, effC=16.87, Lvar=0.000000, Lvar_active=0.0000, scale/adh_std=1
训练完成！实际训练 100 个epochs

--- 评估阶段 ---
  Facebook: AUROC=0.5878, AUPRC=0.0359
  cora: AUROC=0.8189, AUPRC=0.3964
  citeseer: AUROC=0.9027, AUPRC=0.4488
  ACM: AUROC=0.7863, AUPRC=0.3757
  BlogCatalog: AUROC=0.7314, AUPRC=0.3258
  weibo: AUROC=0.7606, AUPRC=0.3150
  Reddit: AUROC=0.5872, AUPRC=0.0454
  Amazon: AUROC=0.7282, AUPRC=0.1291

--- 保存模型 ---
检查点已保存到: /autodl-fs/data/recap/tuning_hyperparams/interaction_tuning/results/interaction_perf_v2_beta_nontrivial/checkpoints/perf__light_lH02_lU01/recap/trial_2/model.pt
模型已保存到: /autodl-fs/data/recap/tuning_hyperparams/interaction_tuning/results/interaction_perf_v2_beta_nontrivial/checkpoints/perf__light_lH02_lU01/recap/trial_2/model.pt

======================================================================
聚合 3 次试验的结果
======================================================================

------------------------- Facebook -------------------------
AUROC: 0.5900 ± 0.0044
AUPRC: 0.0415 ± 0.0058

------------------------- cora -------------------------
AUROC: 0.8195 ± 0.0015
AUPRC: 0.4007 ± 0.0087

------------------------- citeseer -------------------------
AUROC: 0.9001 ± 0.0022
AUPRC: 0.4439 ± 0.0237

------------------------- ACM -------------------------
AUROC: 0.7801 ± 0.0068
AUPRC: 0.3710 ± 0.0035

------------------------- BlogCatalog -------------------------
AUROC: 0.7206 ± 0.0102
AUPRC: 0.3214 ± 0.0062

------------------------- weibo -------------------------
AUROC: 0.7502 ± 0.0148
AUPRC: 0.3157 ± 0.0096

------------------------- Reddit -------------------------
AUROC: 0.5869 ± 0.0023
AUPRC: 0.0457 ± 0.0007

------------------------- Amazon -------------------------
AUROC: 0.7201 ± 0.0094
AUPRC: 0.1283 ± 0.0033


======================================================================
训练完成！
所有模型已保存到: /autodl-fs/data/recap/tuning_hyperparams/interaction_tuning/results/interaction_perf_v2_beta_nontrivial/checkpoints/perf__light_lH02_lU01/recap/
======================================================================

