/root/miniconda3/lib/python3.12/site-packages/torch_geometric/__init__.py:4: UserWarning: An issue occurred while importing 'torch-scatter'. Disabling its usage. Stacktrace: Could not load this library: /root/miniconda3/lib/python3.12/site-packages/torch_scatter/_version_cuda.so
  import torch_geometric.typing
/root/miniconda3/lib/python3.12/site-packages/torch_geometric/__init__.py:4: UserWarning: An issue occurred while importing 'torch-cluster'. Disabling its usage. Stacktrace: Could not load this library: /root/miniconda3/lib/python3.12/site-packages/torch_cluster/_version_cuda.so
  import torch_geometric.typing
/root/miniconda3/lib/python3.12/site-packages/torch_geometric/__init__.py:4: UserWarning: An issue occurred while importing 'torch-spline-conv'. Disabling its usage. Stacktrace: Could not load this library: /root/miniconda3/lib/python3.12/site-packages/torch_spline_conv/_version_cuda.so
  import torch_geometric.typing
/root/miniconda3/lib/python3.12/site-packages/torch_geometric/__init__.py:4: UserWarning: An issue occurred while importing 'torch-sparse'. Disabling its usage. Stacktrace: Could not load this library: /root/miniconda3/lib/python3.12/site-packages/torch_sparse/_version_cuda.so
  import torch_geometric.typing
使用保存的最佳模型配置

======================================================================
recap 异常检测模型训练
======================================================================

📋 训练配置:
  device: cuda:0
  epochs: 100
  trials: 3
  seed: 0
  output_dir: /autodl-fs/data/recap/tuning_hyperparams/interaction_tuning/results/interaction_perf_v2_beta_nontrivial/checkpoints/perf__soft_assign_lH02
  save_checkpoint: True
  early_stop: False
  patience: 30
  log_diagnostics: True
  diagnostics_interval: 10

🔧 模型配置:
  model: recap
  lr: 5e-05
  dropout_rate: 0.2
  h_feats: 256
  num_hops: 4
  weight_decay: 5e-05
  dims: 32
  num_layers: 2
  activation: ELU
  num_views: 1
  num_clusters: 28
  knn_k: 20
  cluster_lr_multiplier: 10.0
  tau_s: 0.08
  tau_c: 0.3
  cluster_init_gain: 2.0
  sim_block_size: 256
  knn_cache_enabled: True
  knn_cache_dir: /autodl-fs/data/recap/knn_cache
  knn_search_dtype: auto
  lambda_H: 0.2
  lambda_bal: 0.0
  lambda_E: 0.1
  lambda_usage_entropy: 0.25
  assignment_entropy_lower: 0.55
  assignment_entropy_upper: 0.9
  usage_entropy_lower: 0.65
  usage_entropy_upper: 0.9
  gamma: 0.1
  tau_e: 1.0
  beta: 0.02
  eps: 1e-08
  lambda_ortho: 0.2
  lambda_min_usage: 0.0
  lambda_diversity: 0.1
  min_cluster_ratio: 0.1

💾 保存设置:
  保存目录：/autodl-fs/data/recap/tuning_hyperparams/interaction_tuning/results/interaction_perf_v2_beta_nontrivial/checkpoints/perf__soft_assign_lH02
  保存检查点：True
======================================================================


📊 使用指定的训练数据集: ['pubmed', 'Flickr', 'questions', 'YelpChi']

📊 使用指定的测试数据集: ['Facebook', 'cora', 'citeseer', 'ACM', 'BlogCatalog', 'weibo', 'Reddit', 'Amazon']
加载 4 个训练数据集: ['pubmed', 'Flickr', 'questions', 'YelpChi']
加载 8 个测试数据集: ['Facebook', 'cora', 'citeseer', 'ACM', 'BlogCatalog', 'weibo', 'Reddit', 'Amazon']
进行 4 跳特征传播...

======================================================================
Trial 0 开始训练 (seed=0)
======================================================================
🔧 模型初始化视图数: 1 (单视图模式)

--- 训练阶段 ---
开始训练，共 100 个epochs...
关闭early stopping，训练将跑满设定epochs
🔧 Assignment layer LR multiplier: 10 (base_lr=5e-05, assignment_lr=0.0005)
Epoch [1/100], Average Loss: 0.594636
  Diagnostics: H_ent_norm=0.7659, H_maxp=0.2654, pi_ent_norm=0.9876, pi_std=0.009866, effC=26.88, Lvar=0.000000, Lvar_active=0.0000, scale/adh_std=1
Epoch [10/100], Average Loss: 0.410444
  Diagnostics: H_ent_norm=0.6402, H_maxp=0.4137, pi_ent_norm=0.9076, pi_std=0.030896, effC=20.96, Lvar=0.000000, Lvar_active=0.0000, scale/adh_std=1
Epoch [20/100], Average Loss: 0.336806
  Diagnostics: H_ent_norm=0.6620, H_maxp=0.4051, pi_ent_norm=0.8977, pi_std=0.033880, effC=20.35, Lvar=0.000000, Lvar_active=0.0000, scale/adh_std=1
Epoch [30/100], Average Loss: 0.295218
  Diagnostics: H_ent_norm=0.6626, H_maxp=0.4083, pi_ent_norm=0.8866, pi_std=0.037337, effC=19.69, Lvar=0.000000, Lvar_active=0.0000, scale/adh_std=1
Epoch [40/100], Average Loss: 0.262978
  Diagnostics: H_ent_norm=0.6681, H_maxp=0.4070, pi_ent_norm=0.8778, pi_std=0.040175, effC=19.17, Lvar=0.000000, Lvar_active=0.0000, scale/adh_std=1
Epoch [50/100], Average Loss: 0.243519
  Diagnostics: H_ent_norm=0.6639, H_maxp=0.4148, pi_ent_norm=0.8687, pi_std=0.042372, effC=18.65, Lvar=0.000000, Lvar_active=0.0000, scale/adh_std=1
Epoch [60/100], Average Loss: 0.225620
  Diagnostics: H_ent_norm=0.6683, H_maxp=0.4120, pi_ent_norm=0.8671, pi_std=0.043083, effC=18.55, Lvar=0.000000, Lvar_active=0.0000, scale/adh_std=1
Epoch [70/100], Average Loss: 0.210376
  Diagnostics: H_ent_norm=0.6693, H_maxp=0.4066, pi_ent_norm=0.8659, pi_std=0.044130, effC=18.49, Lvar=0.000000, Lvar_active=0.0000, scale/adh_std=1
Epoch [80/100], Average Loss: 0.195613
  Diagnostics: H_ent_norm=0.6675, H_maxp=0.4025, pi_ent_norm=0.8629, pi_std=0.046117, effC=18.33, Lvar=0.000000, Lvar_active=0.0000, scale/adh_std=1
Epoch [90/100], Average Loss: 0.183565
  Diagnostics: H_ent_norm=0.6664, H_maxp=0.3968, pi_ent_norm=0.8610, pi_std=0.047705, effC=18.23, Lvar=0.000000, Lvar_active=0.0000, scale/adh_std=1
Epoch [100/100], Average Loss: 0.166924
  Diagnostics: H_ent_norm=0.6660, H_maxp=0.3902, pi_ent_norm=0.8555, pi_std=0.050527, effC=17.94, Lvar=0.000000, Lvar_active=0.0000, scale/adh_std=1
训练完成！实际训练 100 个epochs

--- 评估阶段 ---
  Facebook: AUROC=0.5951, AUPRC=0.0523
  cora: AUROC=0.8198, AUPRC=0.4020
  citeseer: AUROC=0.8999, AUPRC=0.4235
  ACM: AUROC=0.7844, AUPRC=0.3698
  BlogCatalog: AUROC=0.7259, AUPRC=0.3224
  weibo: AUROC=0.7301, AUPRC=0.3178
  Reddit: AUROC=0.5853, AUPRC=0.0458
  Amazon: AUROC=0.7297, AUPRC=0.1351

--- 保存模型 ---
检查点已保存到: /autodl-fs/data/recap/tuning_hyperparams/interaction_tuning/results/interaction_perf_v2_beta_nontrivial/checkpoints/perf__soft_assign_lH02/recap/trial_0/model.pt
模型已保存到: /autodl-fs/data/recap/tuning_hyperparams/interaction_tuning/results/interaction_perf_v2_beta_nontrivial/checkpoints/perf__soft_assign_lH02/recap/trial_0/model.pt

======================================================================
Trial 1 开始训练 (seed=1)
======================================================================
🔧 模型初始化视图数: 1 (单视图模式)

--- 训练阶段 ---
开始训练，共 100 个epochs...
关闭early stopping，训练将跑满设定epochs
🔧 Assignment layer LR multiplier: 10 (base_lr=5e-05, assignment_lr=0.0005)
Epoch [1/100], Average Loss: 0.600341
  Diagnostics: H_ent_norm=0.7651, H_maxp=0.2613, pi_ent_norm=0.9932, pi_std=0.007174, effC=27.38, Lvar=0.000001, Lvar_active=0.0002, scale/adh_std=1
Epoch [10/100], Average Loss: 0.428316
  Diagnostics: H_ent_norm=0.6654, H_maxp=0.3754, pi_ent_norm=0.9473, pi_std=0.020807, effC=23.64, Lvar=0.000001, Lvar_active=0.0002, scale/adh_std=1
Epoch [20/100], Average Loss: 0.355551
  Diagnostics: H_ent_norm=0.6691, H_maxp=0.3848, pi_ent_norm=0.9298, pi_std=0.025637, effC=22.40, Lvar=0.000001, Lvar_active=0.0002, scale/adh_std=1
Epoch [30/100], Average Loss: 0.308273
  Diagnostics: H_ent_norm=0.6628, H_maxp=0.3989, pi_ent_norm=0.9129, pi_std=0.030894, effC=21.28, Lvar=0.000002, Lvar_active=0.0002, scale/adh_std=1
Epoch [40/100], Average Loss: 0.276222
  Diagnostics: H_ent_norm=0.6664, H_maxp=0.3994, pi_ent_norm=0.9024, pi_std=0.034906, effC=20.61, Lvar=0.000002, Lvar_active=0.0002, scale/adh_std=1
Epoch [50/100], Average Loss: 0.251054
  Diagnostics: H_ent_norm=0.6807, H_maxp=0.3862, pi_ent_norm=0.9019, pi_std=0.036679, effC=20.57, Lvar=0.000002, Lvar_active=0.0002, scale/adh_std=1
Epoch [60/100], Average Loss: 0.233992
  Diagnostics: H_ent_norm=0.6931, H_maxp=0.3726, pi_ent_norm=0.9002, pi_std=0.038582, effC=20.45, Lvar=0.000002, Lvar_active=0.0002, scale/adh_std=1
Epoch [70/100], Average Loss: 0.217712
  Diagnostics: H_ent_norm=0.6873, H_maxp=0.3749, pi_ent_norm=0.8916, pi_std=0.041611, effC=19.93, Lvar=0.000002, Lvar_active=0.0002, scale/adh_std=1
Epoch [80/100], Average Loss: 0.202562
  Diagnostics: H_ent_norm=0.6826, H_maxp=0.3724, pi_ent_norm=0.8838, pi_std=0.044333, effC=19.47, Lvar=0.000002, Lvar_active=0.0002, scale/adh_std=1
Epoch [90/100], Average Loss: 0.191314
  Diagnostics: H_ent_norm=0.6813, H_maxp=0.3709, pi_ent_norm=0.8775, pi_std=0.046238, effC=19.11, Lvar=0.000002, Lvar_active=0.0002, scale/adh_std=1
Epoch [100/100], Average Loss: 0.179114
  Diagnostics: H_ent_norm=0.6794, H_maxp=0.3714, pi_ent_norm=0.8720, pi_std=0.047720, effC=18.81, Lvar=0.000002, Lvar_active=0.0002, scale/adh_std=1
训练完成！实际训练 100 个epochs

--- 评估阶段 ---
  Facebook: AUROC=0.5901, AUPRC=0.0468
  cora: AUROC=0.8238, AUPRC=0.4073
  citeseer: AUROC=0.8988, AUPRC=0.4589
  ACM: AUROC=0.7694, AUPRC=0.3693
  BlogCatalog: AUROC=0.7236, AUPRC=0.3278
  weibo: AUROC=0.7181, AUPRC=0.3051
  Reddit: AUROC=0.5872, AUPRC=0.0459
  Amazon: AUROC=0.7055, AUPRC=0.1239

--- 保存模型 ---
检查点已保存到: /autodl-fs/data/recap/tuning_hyperparams/interaction_tuning/results/interaction_perf_v2_beta_nontrivial/checkpoints/perf__soft_assign_lH02/recap/trial_1/model.pt
模型已保存到: /autodl-fs/data/recap/tuning_hyperparams/interaction_tuning/results/interaction_perf_v2_beta_nontrivial/checkpoints/perf__soft_assign_lH02/recap/trial_1/model.pt

======================================================================
Trial 2 开始训练 (seed=2)
======================================================================
🔧 模型初始化视图数: 1 (单视图模式)

--- 训练阶段 ---
开始训练，共 100 个epochs...
关闭early stopping，训练将跑满设定epochs
🔧 Assignment layer LR multiplier: 10 (base_lr=5e-05, assignment_lr=0.0005)
Epoch [1/100], Average Loss: 0.586357
  Diagnostics: H_ent_norm=0.7722, H_maxp=0.2592, pi_ent_norm=0.9886, pi_std=0.009318, effC=26.96, Lvar=0.000000, Lvar_active=0.0000, scale/adh_std=1
Epoch [10/100], Average Loss: 0.413103
  Diagnostics: H_ent_norm=0.6660, H_maxp=0.3780, pi_ent_norm=0.9320, pi_std=0.024727, effC=22.56, Lvar=0.000000, Lvar_active=0.0000, scale/adh_std=1
Epoch [20/100], Average Loss: 0.353511
  Diagnostics: H_ent_norm=0.6677, H_maxp=0.3878, pi_ent_norm=0.9164, pi_std=0.029247, effC=21.54, Lvar=0.000000, Lvar_active=0.0000, scale/adh_std=1
Epoch [30/100], Average Loss: 0.318102
  Diagnostics: H_ent_norm=0.6684, H_maxp=0.3945, pi_ent_norm=0.9097, pi_std=0.031176, effC=21.09, Lvar=0.000000, Lvar_active=0.0000, scale/adh_std=1
Epoch [40/100], Average Loss: 0.290501
  Diagnostics: H_ent_norm=0.6749, H_maxp=0.3931, pi_ent_norm=0.9079, pi_std=0.032002, effC=20.96, Lvar=0.000000, Lvar_active=0.0000, scale/adh_std=1
Epoch [50/100], Average Loss: 0.272738
  Diagnostics: H_ent_norm=0.6829, H_maxp=0.3902, pi_ent_norm=0.9086, pi_std=0.032296, effC=20.97, Lvar=0.000000, Lvar_active=0.0000, scale/adh_std=1
Epoch [60/100], Average Loss: 0.256727
  Diagnostics: H_ent_norm=0.6821, H_maxp=0.3946, pi_ent_norm=0.9040, pi_std=0.034045, effC=20.65, Lvar=0.000000, Lvar_active=0.0000, scale/adh_std=1
Epoch [70/100], Average Loss: 0.242501
  Diagnostics: H_ent_norm=0.6772, H_maxp=0.4032, pi_ent_norm=0.8947, pi_std=0.037047, effC=20.06, Lvar=0.000000, Lvar_active=0.0000, scale/adh_std=1
Epoch [80/100], Average Loss: 0.230312
  Diagnostics: H_ent_norm=0.6696, H_maxp=0.4139, pi_ent_norm=0.8846, pi_std=0.040648, effC=19.41, Lvar=0.000000, Lvar_active=0.0000, scale/adh_std=1
Epoch [90/100], Average Loss: 0.214307
  Diagnostics: H_ent_norm=0.6661, H_maxp=0.4209, pi_ent_norm=0.8728, pi_std=0.045348, effC=18.62, Lvar=0.000000, Lvar_active=0.0000, scale/adh_std=1
Epoch [100/100], Average Loss: 0.199960
  Diagnostics: H_ent_norm=0.6641, H_maxp=0.4233, pi_ent_norm=0.8619, pi_std=0.049491, effC=17.90, Lvar=0.000000, Lvar_active=0.0000, scale/adh_std=1
训练完成！实际训练 100 个epochs

--- 评估阶段 ---
  Facebook: AUROC=0.5850, AUPRC=0.0491
  cora: AUROC=0.8196, AUPRC=0.3919
  citeseer: AUROC=0.9021, AUPRC=0.4474
  ACM: AUROC=0.7874, AUPRC=0.3755
  BlogCatalog: AUROC=0.7274, AUPRC=0.3259
  weibo: AUROC=0.7506, AUPRC=0.3113
  Reddit: AUROC=0.5869, AUPRC=0.0453
  Amazon: AUROC=0.7234, AUPRC=0.1281

--- 保存模型 ---
检查点已保存到: /autodl-fs/data/recap/tuning_hyperparams/interaction_tuning/results/interaction_perf_v2_beta_nontrivial/checkpoints/perf__soft_assign_lH02/recap/trial_2/model.pt
模型已保存到: /autodl-fs/data/recap/tuning_hyperparams/interaction_tuning/results/interaction_perf_v2_beta_nontrivial/checkpoints/perf__soft_assign_lH02/recap/trial_2/model.pt

======================================================================
聚合 3 次试验的结果
======================================================================

------------------------- Facebook -------------------------
AUROC: 0.5901 ± 0.0041
AUPRC: 0.0494 ± 0.0023

------------------------- cora -------------------------
AUROC: 0.8211 ± 0.0019
AUPRC: 0.4004 ± 0.0064

------------------------- citeseer -------------------------
AUROC: 0.9003 ± 0.0014
AUPRC: 0.4433 ± 0.0147

------------------------- ACM -------------------------
AUROC: 0.7804 ± 0.0078
AUPRC: 0.3716 ± 0.0028

------------------------- BlogCatalog -------------------------
AUROC: 0.7256 ± 0.0016
AUPRC: 0.3254 ± 0.0023

------------------------- weibo -------------------------
AUROC: 0.7329 ± 0.0134
AUPRC: 0.3114 ± 0.0052

------------------------- Reddit -------------------------
AUROC: 0.5865 ± 0.0009
AUPRC: 0.0457 ± 0.0003

------------------------- Amazon -------------------------
AUROC: 0.7195 ± 0.0102
AUPRC: 0.1291 ± 0.0046


======================================================================
训练完成！
所有模型已保存到: /autodl-fs/data/recap/tuning_hyperparams/interaction_tuning/results/interaction_perf_v2_beta_nontrivial/checkpoints/perf__soft_assign_lH02/recap/
======================================================================

