/root/miniconda3/lib/python3.12/site-packages/torch_geometric/__init__.py:4: UserWarning: An issue occurred while importing 'torch-scatter'. Disabling its usage. Stacktrace: Could not load this library: /root/miniconda3/lib/python3.12/site-packages/torch_scatter/_version_cuda.so
  import torch_geometric.typing
/root/miniconda3/lib/python3.12/site-packages/torch_geometric/__init__.py:4: UserWarning: An issue occurred while importing 'torch-cluster'. Disabling its usage. Stacktrace: Could not load this library: /root/miniconda3/lib/python3.12/site-packages/torch_cluster/_version_cuda.so
  import torch_geometric.typing
/root/miniconda3/lib/python3.12/site-packages/torch_geometric/__init__.py:4: UserWarning: An issue occurred while importing 'torch-spline-conv'. Disabling its usage. Stacktrace: Could not load this library: /root/miniconda3/lib/python3.12/site-packages/torch_spline_conv/_version_cuda.so
  import torch_geometric.typing
/root/miniconda3/lib/python3.12/site-packages/torch_geometric/__init__.py:4: UserWarning: An issue occurred while importing 'torch-sparse'. Disabling its usage. Stacktrace: Could not load this library: /root/miniconda3/lib/python3.12/site-packages/torch_sparse/_version_cuda.so
  import torch_geometric.typing
使用保存的最佳模型配置

======================================================================
recap 异常检测模型训练
======================================================================

📋 训练配置:
  device: cuda:0
  epochs: 100
  trials: 3
  seed: 0
  output_dir: /autodl-fs/data/recap/tuning_hyperparams/interaction_tuning/results/interaction_perf_v2_beta_nontrivial/checkpoints/perf__hard_assign_lH02
  save_checkpoint: True
  early_stop: False
  patience: 30
  log_diagnostics: True
  diagnostics_interval: 10

🔧 模型配置:
  model: recap
  lr: 5e-05
  dropout_rate: 0.2
  h_feats: 256
  num_hops: 4
  weight_decay: 5e-05
  dims: 32
  num_layers: 2
  activation: ELU
  num_views: 1
  num_clusters: 28
  knn_k: 20
  cluster_lr_multiplier: 10.0
  tau_s: 0.08
  tau_c: 0.3
  cluster_init_gain: 2.0
  sim_block_size: 256
  knn_cache_enabled: True
  knn_cache_dir: /autodl-fs/data/recap/knn_cache
  knn_search_dtype: auto
  lambda_H: 0.2
  lambda_bal: 0.0
  lambda_E: 0.1
  lambda_usage_entropy: 0.25
  assignment_entropy_lower: 0.35
  assignment_entropy_upper: 0.8
  usage_entropy_lower: 0.65
  usage_entropy_upper: 0.9
  gamma: 0.1
  tau_e: 1.0
  beta: 0.02
  eps: 1e-08
  lambda_ortho: 0.2
  lambda_min_usage: 0.0
  lambda_diversity: 0.1
  min_cluster_ratio: 0.1

💾 保存设置:
  保存目录：/autodl-fs/data/recap/tuning_hyperparams/interaction_tuning/results/interaction_perf_v2_beta_nontrivial/checkpoints/perf__hard_assign_lH02
  保存检查点：True
======================================================================


📊 使用指定的训练数据集: ['pubmed', 'Flickr', 'questions', 'YelpChi']

📊 使用指定的测试数据集: ['Facebook', 'cora', 'citeseer', 'ACM', 'BlogCatalog', 'weibo', 'Reddit', 'Amazon']
加载 4 个训练数据集: ['pubmed', 'Flickr', 'questions', 'YelpChi']
加载 8 个测试数据集: ['Facebook', 'cora', 'citeseer', 'ACM', 'BlogCatalog', 'weibo', 'Reddit', 'Amazon']
进行 4 跳特征传播...

======================================================================
Trial 0 开始训练 (seed=0)
======================================================================
🔧 模型初始化视图数: 1 (单视图模式)

--- 训练阶段 ---
开始训练，共 100 个epochs...
关闭early stopping，训练将跑满设定epochs
🔧 Assignment layer LR multiplier: 10 (base_lr=5e-05, assignment_lr=0.0005)
Epoch [1/100], Average Loss: 0.606613
  Diagnostics: H_ent_norm=0.7648, H_maxp=0.2663, pi_ent_norm=0.9875, pi_std=0.009906, effC=26.87, Lvar=0.000000, Lvar_active=0.0000, scale/adh_std=1
Epoch [10/100], Average Loss: 0.395476
  Diagnostics: H_ent_norm=0.6000, H_maxp=0.4475, pi_ent_norm=0.8950, pi_std=0.032866, effC=20.19, Lvar=0.000000, Lvar_active=0.0000, scale/adh_std=1
Epoch [20/100], Average Loss: 0.318169
  Diagnostics: H_ent_norm=0.5180, H_maxp=0.5354, pi_ent_norm=0.8156, pi_std=0.047492, effC=16.17, Lvar=0.000000, Lvar_active=0.0000, scale/adh_std=1
Epoch [30/100], Average Loss: 0.287031
  Diagnostics: H_ent_norm=0.5169, H_maxp=0.5432, pi_ent_norm=0.8017, pi_std=0.050536, effC=15.51, Lvar=0.000000, Lvar_active=0.0000, scale/adh_std=1
Epoch [40/100], Average Loss: 0.262907
  Diagnostics: H_ent_norm=0.5129, H_maxp=0.5522, pi_ent_norm=0.7903, pi_std=0.053597, effC=14.91, Lvar=0.000000, Lvar_active=0.0000, scale/adh_std=1
Epoch [50/100], Average Loss: 0.237307
  Diagnostics: H_ent_norm=0.5056, H_maxp=0.5649, pi_ent_norm=0.7773, pi_std=0.058104, effC=14.10, Lvar=0.000000, Lvar_active=0.0000, scale/adh_std=1
Epoch [60/100], Average Loss: 0.212662
  Diagnostics: H_ent_norm=0.4920, H_maxp=0.5846, pi_ent_norm=0.7535, pi_std=0.065039, effC=12.80, Lvar=0.000000, Lvar_active=0.0000, scale/adh_std=1
Epoch [70/100], Average Loss: 0.194726
  Diagnostics: H_ent_norm=0.4781, H_maxp=0.6012, pi_ent_norm=0.7298, pi_std=0.070326, effC=11.76, Lvar=0.000000, Lvar_active=0.0000, scale/adh_std=1
Epoch [80/100], Average Loss: 0.178311
  Diagnostics: H_ent_norm=0.4653, H_maxp=0.6151, pi_ent_norm=0.7111, pi_std=0.074269, effC=10.93, Lvar=0.000000, Lvar_active=0.0000, scale/adh_std=1
Epoch [90/100], Average Loss: 0.163643
  Diagnostics: H_ent_norm=0.4505, H_maxp=0.6299, pi_ent_norm=0.6924, pi_std=0.078464, effC=10.15, Lvar=0.000000, Lvar_active=0.0000, scale/adh_std=1
Epoch [100/100], Average Loss: 0.148183
  Diagnostics: H_ent_norm=0.4197, H_maxp=0.6579, pi_ent_norm=0.6600, pi_std=0.084759, effC=9.12, Lvar=0.000000, Lvar_active=0.0000, scale/adh_std=1
训练完成！实际训练 100 个epochs

--- 评估阶段 ---
  Facebook: AUROC=0.5954, AUPRC=0.0399
  cora: AUROC=0.8157, AUPRC=0.4096
  citeseer: AUROC=0.8972, AUPRC=0.4172
  ACM: AUROC=0.7906, AUPRC=0.3688
  BlogCatalog: AUROC=0.7433, AUPRC=0.3257
  weibo: AUROC=0.7324, AUPRC=0.3139
  Reddit: AUROC=0.5844, AUPRC=0.0467
  Amazon: AUROC=0.7383, AUPRC=0.1394

--- 保存模型 ---
检查点已保存到: /autodl-fs/data/recap/tuning_hyperparams/interaction_tuning/results/interaction_perf_v2_beta_nontrivial/checkpoints/perf__hard_assign_lH02/recap/trial_0/model.pt
模型已保存到: /autodl-fs/data/recap/tuning_hyperparams/interaction_tuning/results/interaction_perf_v2_beta_nontrivial/checkpoints/perf__hard_assign_lH02/recap/trial_0/model.pt

======================================================================
Trial 1 开始训练 (seed=1)
======================================================================
🔧 模型初始化视图数: 1 (单视图模式)

--- 训练阶段 ---
开始训练，共 100 个epochs...
关闭early stopping，训练将跑满设定epochs
🔧 Assignment layer LR multiplier: 10 (base_lr=5e-05, assignment_lr=0.0005)
Epoch [1/100], Average Loss: 0.610538
  Diagnostics: H_ent_norm=0.7638, H_maxp=0.2624, pi_ent_norm=0.9931, pi_std=0.007223, effC=27.37, Lvar=0.000001, Lvar_active=0.0002, scale/adh_std=1
Epoch [10/100], Average Loss: 0.422697
  Diagnostics: H_ent_norm=0.6325, H_maxp=0.4046, pi_ent_norm=0.9379, pi_std=0.022386, effC=22.98, Lvar=0.000001, Lvar_active=0.0002, scale/adh_std=1
Epoch [20/100], Average Loss: 0.354916
  Diagnostics: H_ent_norm=0.5698, H_maxp=0.4715, pi_ent_norm=0.8951, pi_std=0.030554, effC=20.25, Lvar=0.000001, Lvar_active=0.0002, scale/adh_std=1
Epoch [30/100], Average Loss: 0.320490
  Diagnostics: H_ent_norm=0.5648, H_maxp=0.4817, pi_ent_norm=0.8841, pi_std=0.033653, effC=19.58, Lvar=0.000001, Lvar_active=0.0002, scale/adh_std=1
Epoch [40/100], Average Loss: 0.294296
  Diagnostics: H_ent_norm=0.5567, H_maxp=0.4932, pi_ent_norm=0.8707, pi_std=0.037329, effC=18.81, Lvar=0.000001, Lvar_active=0.0002, scale/adh_std=1
Epoch [50/100], Average Loss: 0.270750
  Diagnostics: H_ent_norm=0.5487, H_maxp=0.5037, pi_ent_norm=0.8537, pi_std=0.042125, effC=17.89, Lvar=0.000002, Lvar_active=0.0002, scale/adh_std=1
Epoch [60/100], Average Loss: 0.249489
  Diagnostics: H_ent_norm=0.5411, H_maxp=0.5136, pi_ent_norm=0.8353, pi_std=0.046962, effC=16.94, Lvar=0.000002, Lvar_active=0.0002, scale/adh_std=1
Epoch [70/100], Average Loss: 0.232514
  Diagnostics: H_ent_norm=0.5389, H_maxp=0.5182, pi_ent_norm=0.8219, pi_std=0.050529, effC=16.27, Lvar=0.000002, Lvar_active=0.0002, scale/adh_std=1
Epoch [80/100], Average Loss: 0.216955
  Diagnostics: H_ent_norm=0.5270, H_maxp=0.5328, pi_ent_norm=0.8005, pi_std=0.055263, effC=15.21, Lvar=0.000002, Lvar_active=0.0002, scale/adh_std=1
Epoch [90/100], Average Loss: 0.190927
  Diagnostics: H_ent_norm=0.4911, H_maxp=0.5726, pi_ent_norm=0.7537, pi_std=0.064534, effC=12.95, Lvar=0.000002, Lvar_active=0.0002, scale/adh_std=1
Epoch [100/100], Average Loss: 0.175093
  Diagnostics: H_ent_norm=0.4936, H_maxp=0.5703, pi_ent_norm=0.7465, pi_std=0.065877, effC=12.57, Lvar=0.000003, Lvar_active=0.0002, scale/adh_std=1
训练完成！实际训练 100 个epochs

--- 评估阶段 ---
  Facebook: AUROC=0.5992, AUPRC=0.0486
  cora: AUROC=0.8206, AUPRC=0.4092
  citeseer: AUROC=0.8976, AUPRC=0.4605
  ACM: AUROC=0.7772, AUPRC=0.3708
  BlogCatalog: AUROC=0.7295, AUPRC=0.3247
  weibo: AUROC=0.7378, AUPRC=0.3087
  Reddit: AUROC=0.5901, AUPRC=0.0468
  Amazon: AUROC=0.7114, AUPRC=0.1254

--- 保存模型 ---
检查点已保存到: /autodl-fs/data/recap/tuning_hyperparams/interaction_tuning/results/interaction_perf_v2_beta_nontrivial/checkpoints/perf__hard_assign_lH02/recap/trial_1/model.pt
模型已保存到: /autodl-fs/data/recap/tuning_hyperparams/interaction_tuning/results/interaction_perf_v2_beta_nontrivial/checkpoints/perf__hard_assign_lH02/recap/trial_1/model.pt

======================================================================
Trial 2 开始训练 (seed=2)
======================================================================
🔧 模型初始化视图数: 1 (单视图模式)

--- 训练阶段 ---
开始训练，共 100 个epochs...
关闭early stopping，训练将跑满设定epochs
🔧 Assignment layer LR multiplier: 10 (base_lr=5e-05, assignment_lr=0.0005)
Epoch [1/100], Average Loss: 0.600696
  Diagnostics: H_ent_norm=0.7709, H_maxp=0.2604, pi_ent_norm=0.9884, pi_std=0.009377, effC=26.95, Lvar=0.000000, Lvar_active=0.0000, scale/adh_std=1
Epoch [10/100], Average Loss: 0.410939
  Diagnostics: H_ent_norm=0.6265, H_maxp=0.4127, pi_ent_norm=0.9210, pi_std=0.026186, effC=21.82, Lvar=0.000000, Lvar_active=0.0000, scale/adh_std=1
Epoch [20/100], Average Loss: 0.353597
  Diagnostics: H_ent_norm=0.5643, H_maxp=0.4760, pi_ent_norm=0.8845, pi_std=0.033088, effC=19.61, Lvar=0.000000, Lvar_active=0.0000, scale/adh_std=1
Epoch [30/100], Average Loss: 0.323733
  Diagnostics: H_ent_norm=0.5573, H_maxp=0.4877, pi_ent_norm=0.8752, pi_std=0.035502, effC=19.07, Lvar=0.000000, Lvar_active=0.0000, scale/adh_std=1
Epoch [40/100], Average Loss: 0.300469
  Diagnostics: H_ent_norm=0.5496, H_maxp=0.4980, pi_ent_norm=0.8666, pi_std=0.037379, effC=18.58, Lvar=0.000000, Lvar_active=0.0000, scale/adh_std=1
Epoch [50/100], Average Loss: 0.286215
  Diagnostics: H_ent_norm=0.5405, H_maxp=0.5090, pi_ent_norm=0.8590, pi_std=0.038902, effC=18.13, Lvar=0.000000, Lvar_active=0.0000, scale/adh_std=1
Epoch [60/100], Average Loss: 0.273057
  Diagnostics: H_ent_norm=0.5311, H_maxp=0.5203, pi_ent_norm=0.8505, pi_std=0.040778, effC=17.62, Lvar=0.000000, Lvar_active=0.0000, scale/adh_std=1
Epoch [70/100], Average Loss: 0.259863
  Diagnostics: H_ent_norm=0.5225, H_maxp=0.5305, pi_ent_norm=0.8418, pi_std=0.043148, effC=17.03, Lvar=0.000000, Lvar_active=0.0000, scale/adh_std=1
Epoch [80/100], Average Loss: 0.238131
  Diagnostics: H_ent_norm=0.4986, H_maxp=0.5527, pi_ent_norm=0.8214, pi_std=0.048899, effC=15.63, Lvar=0.000000, Lvar_active=0.0000, scale/adh_std=1
Epoch [90/100], Average Loss: 0.224921
  Diagnostics: H_ent_norm=0.4845, H_maxp=0.5718, pi_ent_norm=0.8014, pi_std=0.054099, effC=14.55, Lvar=0.000000, Lvar_active=0.0000, scale/adh_std=1
Epoch [100/100], Average Loss: 0.209098
  Diagnostics: H_ent_norm=0.4641, H_maxp=0.5960, pi_ent_norm=0.7715, pi_std=0.062486, effC=13.10, Lvar=0.000000, Lvar_active=0.0000, scale/adh_std=1
训练完成！实际训练 100 个epochs

--- 评估阶段 ---
  Facebook: AUROC=0.5952, AUPRC=0.0358
  cora: AUROC=0.8229, AUPRC=0.4002
  citeseer: AUROC=0.9025, AUPRC=0.4525
  ACM: AUROC=0.7845, AUPRC=0.3734
  BlogCatalog: AUROC=0.7247, AUPRC=0.3222
  weibo: AUROC=0.7420, AUPRC=0.3064
  Reddit: AUROC=0.5844, AUPRC=0.0456
  Amazon: AUROC=0.7254, AUPRC=0.1289

--- 保存模型 ---
检查点已保存到: /autodl-fs/data/recap/tuning_hyperparams/interaction_tuning/results/interaction_perf_v2_beta_nontrivial/checkpoints/perf__hard_assign_lH02/recap/trial_2/model.pt
模型已保存到: /autodl-fs/data/recap/tuning_hyperparams/interaction_tuning/results/interaction_perf_v2_beta_nontrivial/checkpoints/perf__hard_assign_lH02/recap/trial_2/model.pt

======================================================================
聚合 3 次试验的结果
======================================================================

------------------------- Facebook -------------------------
AUROC: 0.5966 ± 0.0018
AUPRC: 0.0415 ± 0.0053

------------------------- cora -------------------------
AUROC: 0.8198 ± 0.0030
AUPRC: 0.4063 ± 0.0043

------------------------- citeseer -------------------------
AUROC: 0.8991 ± 0.0024
AUPRC: 0.4434 ± 0.0188

------------------------- ACM -------------------------
AUROC: 0.7841 ± 0.0055
AUPRC: 0.3710 ± 0.0019

------------------------- BlogCatalog -------------------------
AUROC: 0.7325 ± 0.0079
AUPRC: 0.3242 ± 0.0015

------------------------- weibo -------------------------
AUROC: 0.7374 ± 0.0039
AUPRC: 0.3096 ± 0.0031

------------------------- Reddit -------------------------
AUROC: 0.5863 ± 0.0027
AUPRC: 0.0464 ± 0.0005

------------------------- Amazon -------------------------
AUROC: 0.7250 ± 0.0110
AUPRC: 0.1312 ± 0.0059


======================================================================
训练完成！
所有模型已保存到: /autodl-fs/data/recap/tuning_hyperparams/interaction_tuning/results/interaction_perf_v2_beta_nontrivial/checkpoints/perf__hard_assign_lH02/recap/
======================================================================

