/root/miniconda3/lib/python3.12/site-packages/torch_geometric/__init__.py:4: UserWarning: An issue occurred while importing 'torch-scatter'. Disabling its usage. Stacktrace: Could not load this library: /root/miniconda3/lib/python3.12/site-packages/torch_scatter/_version_cuda.so
  import torch_geometric.typing
/root/miniconda3/lib/python3.12/site-packages/torch_geometric/__init__.py:4: UserWarning: An issue occurred while importing 'torch-cluster'. Disabling its usage. Stacktrace: Could not load this library: /root/miniconda3/lib/python3.12/site-packages/torch_cluster/_version_cuda.so
  import torch_geometric.typing
/root/miniconda3/lib/python3.12/site-packages/torch_geometric/__init__.py:4: UserWarning: An issue occurred while importing 'torch-spline-conv'. Disabling its usage. Stacktrace: Could not load this library: /root/miniconda3/lib/python3.12/site-packages/torch_spline_conv/_version_cuda.so
  import torch_geometric.typing
/root/miniconda3/lib/python3.12/site-packages/torch_geometric/__init__.py:4: UserWarning: An issue occurred while importing 'torch-sparse'. Disabling its usage. Stacktrace: Could not load this library: /root/miniconda3/lib/python3.12/site-packages/torch_sparse/_version_cuda.so
  import torch_geometric.typing
使用保存的最佳模型配置

======================================================================
recap 异常检测模型训练
======================================================================

📋 训练配置:
  device: cuda:0
  epochs: 100
  trials: 3
  seed: 0
  output_dir: /autodl-fs/data/recap/tuning_hyperparams/interaction_tuning/results/interaction_perf_v2_beta_nontrivial/checkpoints/tauc_perf__tc0p32
  save_checkpoint: True
  early_stop: False
  patience: 30
  log_diagnostics: True
  diagnostics_interval: 10

🔧 模型配置:
  model: recap
  lr: 5e-05
  dropout_rate: 0.2
  h_feats: 256
  num_hops: 4
  weight_decay: 5e-05
  dims: 32
  num_layers: 2
  activation: ELU
  num_views: 1
  num_clusters: 28
  knn_k: 20
  cluster_lr_multiplier: 10.0
  tau_s: 0.08
  tau_c: 0.32
  cluster_init_gain: 2.0
  sim_block_size: 256
  knn_cache_enabled: True
  knn_cache_dir: /autodl-fs/data/recap/knn_cache
  knn_search_dtype: auto
  lambda_H: 0.2
  lambda_bal: 0.0
  lambda_E: 0.1
  lambda_usage_entropy: 0.25
  assignment_entropy_lower: 0.45
  assignment_entropy_upper: 0.85
  usage_entropy_lower: 0.65
  usage_entropy_upper: 0.9
  gamma: 0.1
  tau_e: 1.0
  beta: 0.02
  eps: 1e-08
  lambda_ortho: 0.2
  lambda_min_usage: 0.0
  lambda_diversity: 0.1
  min_cluster_ratio: 0.1

💾 保存设置:
  保存目录：/autodl-fs/data/recap/tuning_hyperparams/interaction_tuning/results/interaction_perf_v2_beta_nontrivial/checkpoints/tauc_perf__tc0p32
  保存检查点：True
======================================================================


📊 使用指定的训练数据集: ['pubmed', 'Flickr', 'questions', 'YelpChi']

📊 使用指定的测试数据集: ['Facebook', 'cora', 'citeseer', 'ACM', 'BlogCatalog', 'weibo', 'Reddit', 'Amazon']
加载 4 个训练数据集: ['pubmed', 'Flickr', 'questions', 'YelpChi']
加载 8 个测试数据集: ['Facebook', 'cora', 'citeseer', 'ACM', 'BlogCatalog', 'weibo', 'Reddit', 'Amazon']
进行 4 跳特征传播...

======================================================================
Trial 0 开始训练 (seed=0)
======================================================================
🔧 模型初始化视图数: 1 (单视图模式)

--- 训练阶段 ---
开始训练，共 100 个epochs...
关闭early stopping，训练将跑满设定epochs
🔧 Assignment layer LR multiplier: 10 (base_lr=5e-05, assignment_lr=0.0005)
Epoch [1/100], Average Loss: 0.587966
  Diagnostics: H_ent_norm=0.7826, H_maxp=0.2506, pi_ent_norm=0.9891, pi_std=0.009235, effC=27.01, Lvar=0.000000, Lvar_active=0.0000, scale/adh_std=1
Epoch [10/100], Average Loss: 0.390637
  Diagnostics: H_ent_norm=0.6289, H_maxp=0.4223, pi_ent_norm=0.9059, pi_std=0.030913, effC=20.86, Lvar=0.000000, Lvar_active=0.0000, scale/adh_std=1
Epoch [20/100], Average Loss: 0.324232
  Diagnostics: H_ent_norm=0.5934, H_maxp=0.4667, pi_ent_norm=0.8646, pi_std=0.039410, effC=18.49, Lvar=0.000000, Lvar_active=0.0000, scale/adh_std=1
Epoch [30/100], Average Loss: 0.292722
  Diagnostics: H_ent_norm=0.5916, H_maxp=0.4748, pi_ent_norm=0.8521, pi_std=0.042065, effC=17.83, Lvar=0.000000, Lvar_active=0.0000, scale/adh_std=1
Epoch [40/100], Average Loss: 0.268296
  Diagnostics: H_ent_norm=0.5961, H_maxp=0.4731, pi_ent_norm=0.8484, pi_std=0.043550, effC=17.62, Lvar=0.000000, Lvar_active=0.0000, scale/adh_std=1
Epoch [50/100], Average Loss: 0.242214
  Diagnostics: H_ent_norm=0.6012, H_maxp=0.4665, pi_ent_norm=0.8442, pi_std=0.046255, effC=17.39, Lvar=0.000000, Lvar_active=0.0000, scale/adh_std=1
Epoch [60/100], Average Loss: 0.217862
  Diagnostics: H_ent_norm=0.5942, H_maxp=0.4700, pi_ent_norm=0.8292, pi_std=0.050821, effC=16.67, Lvar=0.000000, Lvar_active=0.0000, scale/adh_std=1
Epoch [70/100], Average Loss: 0.199578
  Diagnostics: H_ent_norm=0.5914, H_maxp=0.4683, pi_ent_norm=0.8222, pi_std=0.053377, effC=16.34, Lvar=0.000000, Lvar_active=0.0000, scale/adh_std=1
Epoch [80/100], Average Loss: 0.184695
  Diagnostics: H_ent_norm=0.5841, H_maxp=0.4696, pi_ent_norm=0.8142, pi_std=0.055832, effC=15.97, Lvar=0.000000, Lvar_active=0.0000, scale/adh_std=1
Epoch [90/100], Average Loss: 0.172070
  Diagnostics: H_ent_norm=0.5818, H_maxp=0.4651, pi_ent_norm=0.8107, pi_std=0.057643, effC=15.79, Lvar=0.000000, Lvar_active=0.0000, scale/adh_std=1
Epoch [100/100], Average Loss: 0.158469
  Diagnostics: H_ent_norm=0.5773, H_maxp=0.4644, pi_ent_norm=0.8043, pi_std=0.059532, effC=15.49, Lvar=0.000000, Lvar_active=0.0000, scale/adh_std=1
训练完成！实际训练 100 个epochs

--- 评估阶段 ---
  Facebook: AUROC=0.5993, AUPRC=0.0403
  cora: AUROC=0.8182, AUPRC=0.4005
  citeseer: AUROC=0.8977, AUPRC=0.4188
  ACM: AUROC=0.7836, AUPRC=0.3678
  BlogCatalog: AUROC=0.7150, AUPRC=0.3143
  weibo: AUROC=0.7580, AUPRC=0.3252
  Reddit: AUROC=0.5865, AUPRC=0.0462
  Amazon: AUROC=0.7282, AUPRC=0.1328

--- 保存模型 ---
检查点已保存到: /autodl-fs/data/recap/tuning_hyperparams/interaction_tuning/results/interaction_perf_v2_beta_nontrivial/checkpoints/tauc_perf__tc0p32/recap/trial_0/model.pt
模型已保存到: /autodl-fs/data/recap/tuning_hyperparams/interaction_tuning/results/interaction_perf_v2_beta_nontrivial/checkpoints/tauc_perf__tc0p32/recap/trial_0/model.pt

======================================================================
Trial 1 开始训练 (seed=1)
======================================================================
🔧 模型初始化视图数: 1 (单视图模式)

--- 训练阶段 ---
开始训练，共 100 个epochs...
关闭early stopping，训练将跑满设定epochs
🔧 Assignment layer LR multiplier: 10 (base_lr=5e-05, assignment_lr=0.0005)
Epoch [1/100], Average Loss: 0.591506
  Diagnostics: H_ent_norm=0.7813, H_maxp=0.2472, pi_ent_norm=0.9940, pi_std=0.006741, effC=27.45, Lvar=0.000001, Lvar_active=0.0002, scale/adh_std=1
Epoch [10/100], Average Loss: 0.411144
  Diagnostics: H_ent_norm=0.6584, H_maxp=0.3819, pi_ent_norm=0.9449, pi_std=0.021084, effC=23.47, Lvar=0.000001, Lvar_active=0.0002, scale/adh_std=1
Epoch [20/100], Average Loss: 0.348505
  Diagnostics: H_ent_norm=0.6210, H_maxp=0.4276, pi_ent_norm=0.9141, pi_std=0.027515, effC=21.38, Lvar=0.000001, Lvar_active=0.0002, scale/adh_std=1
Epoch [30/100], Average Loss: 0.312272
  Diagnostics: H_ent_norm=0.6223, H_maxp=0.4323, pi_ent_norm=0.9067, pi_std=0.029985, effC=20.89, Lvar=0.000001, Lvar_active=0.0002, scale/adh_std=1
Epoch [40/100], Average Loss: 0.283228
  Diagnostics: H_ent_norm=0.6275, H_maxp=0.4327, pi_ent_norm=0.8986, pi_std=0.033305, effC=20.37, Lvar=0.000002, Lvar_active=0.0002, scale/adh_std=1
Epoch [50/100], Average Loss: 0.259915
  Diagnostics: H_ent_norm=0.6253, H_maxp=0.4377, pi_ent_norm=0.8883, pi_std=0.036711, effC=19.76, Lvar=0.000002, Lvar_active=0.0002, scale/adh_std=1
Epoch [60/100], Average Loss: 0.242657
  Diagnostics: H_ent_norm=0.6204, H_maxp=0.4434, pi_ent_norm=0.8774, pi_std=0.039969, effC=19.14, Lvar=0.000002, Lvar_active=0.0002, scale/adh_std=1
Epoch [70/100], Average Loss: 0.227182
  Diagnostics: H_ent_norm=0.6170, H_maxp=0.4473, pi_ent_norm=0.8680, pi_std=0.042883, effC=18.62, Lvar=0.000002, Lvar_active=0.0002, scale/adh_std=1
Epoch [80/100], Average Loss: 0.214242
  Diagnostics: H_ent_norm=0.6146, H_maxp=0.4496, pi_ent_norm=0.8604, pi_std=0.045044, effC=18.22, Lvar=0.000002, Lvar_active=0.0002, scale/adh_std=1
Epoch [90/100], Average Loss: 0.202751
  Diagnostics: H_ent_norm=0.6095, H_maxp=0.4540, pi_ent_norm=0.8502, pi_std=0.047688, effC=17.70, Lvar=0.000002, Lvar_active=0.0002, scale/adh_std=1
Epoch [100/100], Average Loss: 0.191728
  Diagnostics: H_ent_norm=0.6063, H_maxp=0.4556, pi_ent_norm=0.8430, pi_std=0.049829, effC=17.33, Lvar=0.000002, Lvar_active=0.0002, scale/adh_std=1
训练完成！实际训练 100 个epochs

--- 评估阶段 ---
  Facebook: AUROC=0.5875, AUPRC=0.0492
  cora: AUROC=0.8224, AUPRC=0.4155
  citeseer: AUROC=0.8991, AUPRC=0.4636
  ACM: AUROC=0.7712, AUPRC=0.3700
  BlogCatalog: AUROC=0.7238, AUPRC=0.3237
  weibo: AUROC=0.7244, AUPRC=0.3034
  Reddit: AUROC=0.5899, AUPRC=0.0466
  Amazon: AUROC=0.7082, AUPRC=0.1243

--- 保存模型 ---
检查点已保存到: /autodl-fs/data/recap/tuning_hyperparams/interaction_tuning/results/interaction_perf_v2_beta_nontrivial/checkpoints/tauc_perf__tc0p32/recap/trial_1/model.pt
模型已保存到: /autodl-fs/data/recap/tuning_hyperparams/interaction_tuning/results/interaction_perf_v2_beta_nontrivial/checkpoints/tauc_perf__tc0p32/recap/trial_1/model.pt

======================================================================
Trial 2 开始训练 (seed=2)
======================================================================
🔧 模型初始化视图数: 1 (单视图模式)

--- 训练阶段 ---
开始训练，共 100 个epochs...
关闭early stopping，训练将跑满设定epochs
🔧 Assignment layer LR multiplier: 10 (base_lr=5e-05, assignment_lr=0.0005)
Epoch [1/100], Average Loss: 0.581787
  Diagnostics: H_ent_norm=0.7886, H_maxp=0.2448, pi_ent_norm=0.9899, pi_std=0.008770, effC=27.08, Lvar=0.000000, Lvar_active=0.0000, scale/adh_std=1
Epoch [10/100], Average Loss: 0.398611
  Diagnostics: H_ent_norm=0.6537, H_maxp=0.3897, pi_ent_norm=0.9266, pi_std=0.025523, effC=22.20, Lvar=0.000000, Lvar_active=0.0000, scale/adh_std=1
Epoch [20/100], Average Loss: 0.347824
  Diagnostics: H_ent_norm=0.6273, H_maxp=0.4231, pi_ent_norm=0.8990, pi_std=0.032210, effC=20.47, Lvar=0.000000, Lvar_active=0.0000, scale/adh_std=1
Epoch [30/100], Average Loss: 0.312327
  Diagnostics: H_ent_norm=0.6374, H_maxp=0.4198, pi_ent_norm=0.8976, pi_std=0.033736, effC=20.35, Lvar=0.000000, Lvar_active=0.0000, scale/adh_std=1
Epoch [40/100], Average Loss: 0.283026
  Diagnostics: H_ent_norm=0.6238, H_maxp=0.4389, pi_ent_norm=0.8799, pi_std=0.038572, effC=19.29, Lvar=0.000000, Lvar_active=0.0000, scale/adh_std=1
Epoch [50/100], Average Loss: 0.263108
  Diagnostics: H_ent_norm=0.6115, H_maxp=0.4566, pi_ent_norm=0.8607, pi_std=0.044063, effC=18.20, Lvar=0.000000, Lvar_active=0.0000, scale/adh_std=1
Epoch [60/100], Average Loss: 0.238959
  Diagnostics: H_ent_norm=0.5964, H_maxp=0.4786, pi_ent_norm=0.8364, pi_std=0.051221, effC=16.82, Lvar=0.000000, Lvar_active=0.0000, scale/adh_std=1
Epoch [70/100], Average Loss: 0.205964
  Diagnostics: H_ent_norm=0.5838, H_maxp=0.4983, pi_ent_norm=0.8083, pi_std=0.060897, effC=15.09, Lvar=0.000000, Lvar_active=0.0000, scale/adh_std=1
Epoch [80/100], Average Loss: 0.179303
  Diagnostics: H_ent_norm=0.5592, H_maxp=0.5214, pi_ent_norm=0.7746, pi_std=0.070467, effC=13.29, Lvar=0.000000, Lvar_active=0.0000, scale/adh_std=1
Epoch [90/100], Average Loss: 0.154459
  Diagnostics: H_ent_norm=0.5254, H_maxp=0.5427, pi_ent_norm=0.7336, pi_std=0.080254, effC=11.59, Lvar=0.000000, Lvar_active=0.0000, scale/adh_std=1
Epoch [100/100], Average Loss: 0.137668
  Diagnostics: H_ent_norm=0.5064, H_maxp=0.5564, pi_ent_norm=0.7082, pi_std=0.085585, effC=10.77, Lvar=0.000000, Lvar_active=0.0000, scale/adh_std=1
训练完成！实际训练 100 个epochs

--- 评估阶段 ---
  Facebook: AUROC=0.5934, AUPRC=0.0402
  cora: AUROC=0.8161, AUPRC=0.3848
  citeseer: AUROC=0.9005, AUPRC=0.4397
  ACM: AUROC=0.7845, AUPRC=0.3719
  BlogCatalog: AUROC=0.7241, AUPRC=0.3152
  weibo: AUROC=0.7450, AUPRC=0.3188
  Reddit: AUROC=0.5866, AUPRC=0.0454
  Amazon: AUROC=0.7311, AUPRC=0.1326

--- 保存模型 ---
检查点已保存到: /autodl-fs/data/recap/tuning_hyperparams/interaction_tuning/results/interaction_perf_v2_beta_nontrivial/checkpoints/tauc_perf__tc0p32/recap/trial_2/model.pt
模型已保存到: /autodl-fs/data/recap/tuning_hyperparams/interaction_tuning/results/interaction_perf_v2_beta_nontrivial/checkpoints/tauc_perf__tc0p32/recap/trial_2/model.pt

======================================================================
聚合 3 次试验的结果
======================================================================

------------------------- Facebook -------------------------
AUROC: 0.5934 ± 0.0048
AUPRC: 0.0432 ± 0.0042

------------------------- cora -------------------------
AUROC: 0.8189 ± 0.0026
AUPRC: 0.4002 ± 0.0125

------------------------- citeseer -------------------------
AUROC: 0.8991 ± 0.0011
AUPRC: 0.4407 ± 0.0183

------------------------- ACM -------------------------
AUROC: 0.7798 ± 0.0061
AUPRC: 0.3699 ± 0.0017

------------------------- BlogCatalog -------------------------
AUROC: 0.7210 ± 0.0042
AUPRC: 0.3177 ± 0.0042

------------------------- weibo -------------------------
AUROC: 0.7425 ± 0.0138
AUPRC: 0.3158 ± 0.0092

------------------------- Reddit -------------------------
AUROC: 0.5877 ± 0.0016
AUPRC: 0.0460 ± 0.0005

------------------------- Amazon -------------------------
AUROC: 0.7225 ± 0.0102
AUPRC: 0.1299 ± 0.0040


======================================================================
训练完成！
所有模型已保存到: /autodl-fs/data/recap/tuning_hyperparams/interaction_tuning/results/interaction_perf_v2_beta_nontrivial/checkpoints/tauc_perf__tc0p32/recap/
======================================================================

