/root/miniconda3/lib/python3.12/site-packages/torch_geometric/__init__.py:4: UserWarning: An issue occurred while importing 'torch-scatter'. Disabling its usage. Stacktrace: Could not load this library: /root/miniconda3/lib/python3.12/site-packages/torch_scatter/_version_cuda.so
  import torch_geometric.typing
/root/miniconda3/lib/python3.12/site-packages/torch_geometric/__init__.py:4: UserWarning: An issue occurred while importing 'torch-cluster'. Disabling its usage. Stacktrace: Could not load this library: /root/miniconda3/lib/python3.12/site-packages/torch_cluster/_version_cuda.so
  import torch_geometric.typing
/root/miniconda3/lib/python3.12/site-packages/torch_geometric/__init__.py:4: UserWarning: An issue occurred while importing 'torch-spline-conv'. Disabling its usage. Stacktrace: Could not load this library: /root/miniconda3/lib/python3.12/site-packages/torch_spline_conv/_version_cuda.so
  import torch_geometric.typing
/root/miniconda3/lib/python3.12/site-packages/torch_geometric/__init__.py:4: UserWarning: An issue occurred while importing 'torch-sparse'. Disabling its usage. Stacktrace: Could not load this library: /root/miniconda3/lib/python3.12/site-packages/torch_sparse/_version_cuda.so
  import torch_geometric.typing
使用保存的最佳模型配置

======================================================================
recap 异常检测模型训练
======================================================================

📋 训练配置:
  device: cuda:0
  epochs: 200
  trials: 3
  seed: 0
  output_dir: /autodl-fs/data/recap/tuning_hyperparams/interaction_tuning/results/interaction_entropy_v1/checkpoints/baseline
  save_checkpoint: True
  early_stop: False
  patience: 30
  log_diagnostics: True
  diagnostics_interval: 10

🔧 模型配置:
  model: recap
  lr: 5e-05
  dropout_rate: 0.2
  h_feats: 256
  num_hops: 4
  weight_decay: 5e-05
  dims: 32
  num_layers: 2
  activation: ELU
  num_views: 1
  num_clusters: 28
  knn_k: 20
  cluster_lr_multiplier: 10.0
  tau_s: 0.05
  tau_c: 0.3
  cluster_init_gain: 2.0
  sim_block_size: 256
  knn_cache_enabled: True
  knn_cache_dir: /autodl-fs/data/recap/knn_cache
  knn_search_dtype: auto
  lambda_H: 0.35
  lambda_bal: 0.0
  lambda_E: 0.1
  lambda_usage_entropy: 0.5
  assignment_entropy_lower: 0.45
  assignment_entropy_upper: 0.85
  usage_entropy_lower: 0.65
  usage_entropy_upper: 0.9
  gamma: 0.1
  tau_e: 1.0
  beta: 0.02
  eps: 1e-08
  lambda_ortho: 0.35
  lambda_min_usage: 0.0
  lambda_diversity: 0.1
  min_cluster_ratio: 0.1

💾 保存设置:
  保存目录：/autodl-fs/data/recap/tuning_hyperparams/interaction_tuning/results/interaction_entropy_v1/checkpoints/baseline
  保存检查点：True
======================================================================


📊 使用指定的训练数据集: ['pubmed', 'Flickr', 'questions', 'YelpChi']

📊 使用指定的测试数据集: ['Facebook', 'cora', 'citeseer', 'ACM', 'BlogCatalog', 'weibo', 'Reddit', 'Amazon']
加载 4 个训练数据集: ['pubmed', 'Flickr', 'questions', 'YelpChi']
加载 8 个测试数据集: ['Facebook', 'cora', 'citeseer', 'ACM', 'BlogCatalog', 'weibo', 'Reddit', 'Amazon']
进行 4 跳特征传播...

======================================================================
Trial 0 开始训练 (seed=0)
======================================================================
🔧 模型初始化视图数: 1 (单视图模式)

--- 训练阶段 ---
开始训练，共 200 个epochs...
关闭early stopping，训练将跑满设定epochs
🔧 Assignment layer LR multiplier: 10 (base_lr=5e-05, assignment_lr=0.0005)
Epoch [1/200], Average Loss: 0.633948
  Diagnostics: H_ent_norm=0.7640, H_maxp=0.2673, pi_ent_norm=0.9869, pi_std=0.010177, effC=26.81, Lvar=0.000000, Lvar_active=0.0000, scale/adh_std=1
Epoch [10/200], Average Loss: 0.397545
  Diagnostics: H_ent_norm=0.5987, H_maxp=0.4544, pi_ent_norm=0.8762, pi_std=0.036876, effC=19.13, Lvar=0.000000, Lvar_active=0.0000, scale/adh_std=1
Epoch [20/200], Average Loss: 0.330286
  Diagnostics: H_ent_norm=0.5996, H_maxp=0.4669, pi_ent_norm=0.8530, pi_std=0.041976, effC=17.85, Lvar=0.000000, Lvar_active=0.0000, scale/adh_std=1
Epoch [30/200], Average Loss: 0.295080
  Diagnostics: H_ent_norm=0.6008, H_maxp=0.4745, pi_ent_norm=0.8428, pi_std=0.044592, effC=17.25, Lvar=0.000000, Lvar_active=0.0000, scale/adh_std=1
Epoch [40/200], Average Loss: 0.253615
  Diagnostics: H_ent_norm=0.5881, H_maxp=0.4959, pi_ent_norm=0.8264, pi_std=0.049880, effC=16.15, Lvar=0.000000, Lvar_active=0.0000, scale/adh_std=1
Epoch [50/200], Average Loss: 0.221040
  Diagnostics: H_ent_norm=0.5682, H_maxp=0.5233, pi_ent_norm=0.8013, pi_std=0.057660, effC=14.64, Lvar=0.000000, Lvar_active=0.0000, scale/adh_std=1
Epoch [60/200], Average Loss: 0.198661
  Diagnostics: H_ent_norm=0.5446, H_maxp=0.5496, pi_ent_norm=0.7725, pi_std=0.065717, effC=13.18, Lvar=0.000000, Lvar_active=0.0000, scale/adh_std=1
Epoch [70/200], Average Loss: 0.170983
  Diagnostics: H_ent_norm=0.4982, H_maxp=0.5908, pi_ent_norm=0.7228, pi_std=0.077425, effC=11.19, Lvar=0.000000, Lvar_active=0.0000, scale/adh_std=1
Epoch [80/200], Average Loss: 0.154013
  Diagnostics: H_ent_norm=0.4994, H_maxp=0.5871, pi_ent_norm=0.7141, pi_std=0.080357, effC=10.92, Lvar=0.000000, Lvar_active=0.0000, scale/adh_std=1
Epoch [90/200], Average Loss: 0.141842
  Diagnostics: H_ent_norm=0.4949, H_maxp=0.5898, pi_ent_norm=0.7068, pi_std=0.082171, effC=10.65, Lvar=0.000000, Lvar_active=0.0000, scale/adh_std=1
Epoch [100/200], Average Loss: 0.133917
  Diagnostics: H_ent_norm=0.4989, H_maxp=0.5836, pi_ent_norm=0.7066, pi_std=0.083021, effC=10.65, Lvar=0.000000, Lvar_active=0.0000, scale/adh_std=1
Epoch [110/200], Average Loss: 0.125735
  Diagnostics: H_ent_norm=0.5054, H_maxp=0.5700, pi_ent_norm=0.7094, pi_std=0.083438, effC=10.74, Lvar=0.000000, Lvar_active=0.0000, scale/adh_std=1
Epoch [120/200], Average Loss: 0.114892
  Diagnostics: H_ent_norm=0.5218, H_maxp=0.5458, pi_ent_norm=0.7154, pi_std=0.083883, effC=10.97, Lvar=0.000000, Lvar_active=0.0000, scale/adh_std=1
Epoch [130/200], Average Loss: 0.107799
  Diagnostics: H_ent_norm=0.5281, H_maxp=0.5366, pi_ent_norm=0.7148, pi_std=0.084610, effC=10.95, Lvar=0.000000, Lvar_active=0.0000, scale/adh_std=1
Epoch [140/200], Average Loss: 0.100835
  Diagnostics: H_ent_norm=0.5272, H_maxp=0.5343, pi_ent_norm=0.7097, pi_std=0.085817, effC=10.78, Lvar=0.000000, Lvar_active=0.0000, scale/adh_std=1
Epoch [150/200], Average Loss: 0.096370
  Diagnostics: H_ent_norm=0.5311, H_maxp=0.5316, pi_ent_norm=0.7117, pi_std=0.085570, effC=10.83, Lvar=0.000000, Lvar_active=0.0000, scale/adh_std=1
Epoch [160/200], Average Loss: 0.091977
  Diagnostics: H_ent_norm=0.5259, H_maxp=0.5354, pi_ent_norm=0.7059, pi_std=0.086772, effC=10.64, Lvar=0.000000, Lvar_active=0.0000, scale/adh_std=1
Epoch [170/200], Average Loss: 0.087348
  Diagnostics: H_ent_norm=0.5291, H_maxp=0.5332, pi_ent_norm=0.7077, pi_std=0.086501, effC=10.69, Lvar=0.000000, Lvar_active=0.0000, scale/adh_std=1
Epoch [180/200], Average Loss: 0.085425
  Diagnostics: H_ent_norm=0.5227, H_maxp=0.5375, pi_ent_norm=0.7019, pi_std=0.087667, effC=10.51, Lvar=0.000000, Lvar_active=0.0000, scale/adh_std=1
Epoch [190/200], Average Loss: 0.082784
  Diagnostics: H_ent_norm=0.5330, H_maxp=0.5296, pi_ent_norm=0.7103, pi_std=0.086080, effC=10.76, Lvar=0.000000, Lvar_active=0.0000, scale/adh_std=1
Epoch [200/200], Average Loss: 0.079369
  Diagnostics: H_ent_norm=0.5292, H_maxp=0.5320, pi_ent_norm=0.7064, pi_std=0.086879, effC=10.65, Lvar=0.000000, Lvar_active=0.0002, scale/adh_std=1
训练完成！实际训练 200 个epochs

--- 评估阶段 ---
  Facebook: AUROC=0.5827, AUPRC=0.0332
  cora: AUROC=0.8098, AUPRC=0.3300
  citeseer: AUROC=0.8885, AUPRC=0.3325
  ACM: AUROC=0.7815, AUPRC=0.3610
  BlogCatalog: AUROC=0.7307, AUPRC=0.3176
  weibo: AUROC=0.7126, AUPRC=0.3231
  Reddit: AUROC=0.5822, AUPRC=0.0461
  Amazon: AUROC=0.7360, AUPRC=0.1336

--- 保存模型 ---
检查点已保存到: /autodl-fs/data/recap/tuning_hyperparams/interaction_tuning/results/interaction_entropy_v1/checkpoints/baseline/recap/trial_0/model.pt
模型已保存到: /autodl-fs/data/recap/tuning_hyperparams/interaction_tuning/results/interaction_entropy_v1/checkpoints/baseline/recap/trial_0/model.pt

======================================================================
Trial 1 开始训练 (seed=1)
======================================================================
🔧 模型初始化视图数: 1 (单视图模式)

--- 训练阶段 ---
开始训练，共 200 个epochs...
关闭early stopping，训练将跑满设定epochs
🔧 Assignment layer LR multiplier: 10 (base_lr=5e-05, assignment_lr=0.0005)
Epoch [1/200], Average Loss: 0.639395
  Diagnostics: H_ent_norm=0.7630, H_maxp=0.2632, pi_ent_norm=0.9927, pi_std=0.007425, effC=27.33, Lvar=0.000001, Lvar_active=0.0002, scale/adh_std=1
Epoch [10/200], Average Loss: 0.443490
  Diagnostics: H_ent_norm=0.6351, H_maxp=0.4031, pi_ent_norm=0.9349, pi_std=0.023340, effC=22.76, Lvar=0.000001, Lvar_active=0.0002, scale/adh_std=1
Epoch [20/200], Average Loss: 0.368840
  Diagnostics: H_ent_norm=0.6021, H_maxp=0.4467, pi_ent_norm=0.8980, pi_std=0.032350, effC=20.34, Lvar=0.000001, Lvar_active=0.0002, scale/adh_std=1
Epoch [30/200], Average Loss: 0.309387
  Diagnostics: H_ent_norm=0.6050, H_maxp=0.4562, pi_ent_norm=0.8764, pi_std=0.040581, effC=18.93, Lvar=0.000002, Lvar_active=0.0002, scale/adh_std=1
Epoch [40/200], Average Loss: 0.239514
  Diagnostics: H_ent_norm=0.5814, H_maxp=0.4994, pi_ent_norm=0.8215, pi_std=0.055944, effC=15.65, Lvar=0.000002, Lvar_active=0.0002, scale/adh_std=1
Epoch [50/200], Average Loss: 0.202095
  Diagnostics: H_ent_norm=0.5510, H_maxp=0.5368, pi_ent_norm=0.7776, pi_std=0.066753, effC=13.41, Lvar=0.000003, Lvar_active=0.0002, scale/adh_std=1
Epoch [60/200], Average Loss: 0.174034
  Diagnostics: H_ent_norm=0.5193, H_maxp=0.5644, pi_ent_norm=0.7410, pi_std=0.075515, effC=11.97, Lvar=0.000003, Lvar_active=0.0002, scale/adh_std=1
Epoch [70/200], Average Loss: 0.158846
  Diagnostics: H_ent_norm=0.5036, H_maxp=0.5770, pi_ent_norm=0.7236, pi_std=0.079392, effC=11.37, Lvar=0.000003, Lvar_active=0.0002, scale/adh_std=1
Epoch [80/200], Average Loss: 0.148499
  Diagnostics: H_ent_norm=0.5083, H_maxp=0.5717, pi_ent_norm=0.7250, pi_std=0.079631, effC=11.39, Lvar=0.000003, Lvar_active=0.0002, scale/adh_std=1
Epoch [90/200], Average Loss: 0.140479
  Diagnostics: H_ent_norm=0.5040, H_maxp=0.5743, pi_ent_norm=0.7197, pi_std=0.080990, effC=11.19, Lvar=0.000004, Lvar_active=0.0002, scale/adh_std=1
Epoch [100/200], Average Loss: 0.131319
  Diagnostics: H_ent_norm=0.5174, H_maxp=0.5564, pi_ent_norm=0.7248, pi_std=0.081367, effC=11.37, Lvar=0.000004, Lvar_active=0.0002, scale/adh_std=1
Epoch [110/200], Average Loss: 0.123838
  Diagnostics: H_ent_norm=0.5193, H_maxp=0.5519, pi_ent_norm=0.7216, pi_std=0.082628, effC=11.26, Lvar=0.000004, Lvar_active=0.0002, scale/adh_std=1
Epoch [120/200], Average Loss: 0.116057
  Diagnostics: H_ent_norm=0.5236, H_maxp=0.5475, pi_ent_norm=0.7212, pi_std=0.083100, effC=11.23, Lvar=0.000004, Lvar_active=0.0002, scale/adh_std=1
Epoch [130/200], Average Loss: 0.111669
  Diagnostics: H_ent_norm=0.5226, H_maxp=0.5478, pi_ent_norm=0.7180, pi_std=0.083901, effC=11.10, Lvar=0.000004, Lvar_active=0.0002, scale/adh_std=1
Epoch [140/200], Average Loss: 0.104952
  Diagnostics: H_ent_norm=0.5201, H_maxp=0.5495, pi_ent_norm=0.7146, pi_std=0.084665, effC=10.98, Lvar=0.000004, Lvar_active=0.0002, scale/adh_std=1
Epoch [150/200], Average Loss: 0.101088
  Diagnostics: H_ent_norm=0.5218, H_maxp=0.5479, pi_ent_norm=0.7149, pi_std=0.084734, effC=10.98, Lvar=0.000004, Lvar_active=0.0002, scale/adh_std=1
Epoch [160/200], Average Loss: 0.097634
  Diagnostics: H_ent_norm=0.5261, H_maxp=0.5438, pi_ent_norm=0.7180, pi_std=0.084158, effC=11.07, Lvar=0.000004, Lvar_active=0.0002, scale/adh_std=1
Epoch [170/200], Average Loss: 0.094538
  Diagnostics: H_ent_norm=0.5250, H_maxp=0.5444, pi_ent_norm=0.7163, pi_std=0.084527, effC=11.01, Lvar=0.000004, Lvar_active=0.0002, scale/adh_std=1
Epoch [180/200], Average Loss: 0.091293
  Diagnostics: H_ent_norm=0.5297, H_maxp=0.5404, pi_ent_norm=0.7193, pi_std=0.084045, effC=11.10, Lvar=0.000004, Lvar_active=0.0002, scale/adh_std=1
Epoch [190/200], Average Loss: 0.087940
  Diagnostics: H_ent_norm=0.5256, H_maxp=0.5420, pi_ent_norm=0.7136, pi_std=0.085247, effC=10.92, Lvar=0.000004, Lvar_active=0.0002, scale/adh_std=1
Epoch [200/200], Average Loss: 0.085670
  Diagnostics: H_ent_norm=0.5276, H_maxp=0.5388, pi_ent_norm=0.7139, pi_std=0.085169, effC=10.93, Lvar=0.000004, Lvar_active=0.0002, scale/adh_std=1
训练完成！实际训练 200 个epochs

--- 评估阶段 ---
  Facebook: AUROC=0.5737, AUPRC=0.0343
  cora: AUROC=0.8201, AUPRC=0.3219
  citeseer: AUROC=0.8802, AUPRC=0.3436
  ACM: AUROC=0.7784, AUPRC=0.3613
  BlogCatalog: AUROC=0.7266, AUPRC=0.3139
  weibo: AUROC=0.7046, AUPRC=0.3137
  Reddit: AUROC=0.5757, AUPRC=0.0455
  Amazon: AUROC=0.7402, AUPRC=0.1387

--- 保存模型 ---
检查点已保存到: /autodl-fs/data/recap/tuning_hyperparams/interaction_tuning/results/interaction_entropy_v1/checkpoints/baseline/recap/trial_1/model.pt
模型已保存到: /autodl-fs/data/recap/tuning_hyperparams/interaction_tuning/results/interaction_entropy_v1/checkpoints/baseline/recap/trial_1/model.pt

======================================================================
Trial 2 开始训练 (seed=2)
======================================================================
🔧 模型初始化视图数: 1 (单视图模式)

--- 训练阶段 ---
开始训练，共 200 个epochs...
关闭early stopping，训练将跑满设定epochs
🔧 Assignment layer LR multiplier: 10 (base_lr=5e-05, assignment_lr=0.0005)
Epoch [1/200], Average Loss: 0.628406
  Diagnostics: H_ent_norm=0.7699, H_maxp=0.2615, pi_ent_norm=0.9880, pi_std=0.009556, effC=26.91, Lvar=0.000000, Lvar_active=0.0000, scale/adh_std=1
Epoch [10/200], Average Loss: 0.426922
  Diagnostics: H_ent_norm=0.6190, H_maxp=0.4205, pi_ent_norm=0.9152, pi_std=0.027106, effC=21.44, Lvar=0.000000, Lvar_active=0.0000, scale/adh_std=1
Epoch [20/200], Average Loss: 0.368306
  Diagnostics: H_ent_norm=0.6137, H_maxp=0.4354, pi_ent_norm=0.9006, pi_std=0.031608, effC=20.50, Lvar=0.000000, Lvar_active=0.0000, scale/adh_std=1
Epoch [30/200], Average Loss: 0.328037
  Diagnostics: H_ent_norm=0.6228, H_maxp=0.4350, pi_ent_norm=0.8976, pi_std=0.033282, effC=20.28, Lvar=0.000000, Lvar_active=0.0000, scale/adh_std=1
Epoch [40/200], Average Loss: 0.295448
  Diagnostics: H_ent_norm=0.6155, H_maxp=0.4500, pi_ent_norm=0.8852, pi_std=0.037022, effC=19.48, Lvar=0.000000, Lvar_active=0.0000, scale/adh_std=1
Epoch [50/200], Average Loss: 0.255473
  Diagnostics: H_ent_norm=0.5877, H_maxp=0.4897, pi_ent_norm=0.8505, pi_std=0.048101, effC=17.25, Lvar=0.000000, Lvar_active=0.0000, scale/adh_std=1
Epoch [60/200], Average Loss: 0.210627
  Diagnostics: H_ent_norm=0.5599, H_maxp=0.5239, pi_ent_norm=0.8019, pi_std=0.062466, effC=14.50, Lvar=0.000000, Lvar_active=0.0000, scale/adh_std=1
Epoch [70/200], Average Loss: 0.176394
  Diagnostics: H_ent_norm=0.5235, H_maxp=0.5553, pi_ent_norm=0.7501, pi_std=0.074549, effC=12.22, Lvar=0.000000, Lvar_active=0.0000, scale/adh_std=1
Epoch [80/200], Average Loss: 0.152652
  Diagnostics: H_ent_norm=0.5166, H_maxp=0.5539, pi_ent_norm=0.7293, pi_std=0.079990, effC=11.51, Lvar=0.000000, Lvar_active=0.0000, scale/adh_std=1
Epoch [90/200], Average Loss: 0.139130
  Diagnostics: H_ent_norm=0.5099, H_maxp=0.5575, pi_ent_norm=0.7192, pi_std=0.082403, effC=11.13, Lvar=0.000000, Lvar_active=0.0000, scale/adh_std=1
Epoch [100/200], Average Loss: 0.127921
  Diagnostics: H_ent_norm=0.5119, H_maxp=0.5540, pi_ent_norm=0.7164, pi_std=0.083461, effC=11.01, Lvar=0.000000, Lvar_active=0.0000, scale/adh_std=1
Epoch [110/200], Average Loss: 0.120136
  Diagnostics: H_ent_norm=0.5144, H_maxp=0.5499, pi_ent_norm=0.7142, pi_std=0.084254, effC=10.92, Lvar=0.000000, Lvar_active=0.0000, scale/adh_std=1
Epoch [120/200], Average Loss: 0.112292
  Diagnostics: H_ent_norm=0.5104, H_maxp=0.5515, pi_ent_norm=0.7072, pi_std=0.085826, effC=10.68, Lvar=0.000000, Lvar_active=0.0000, scale/adh_std=1
Epoch [130/200], Average Loss: 0.106196
  Diagnostics: H_ent_norm=0.5217, H_maxp=0.5407, pi_ent_norm=0.7110, pi_std=0.085569, effC=10.80, Lvar=0.000000, Lvar_active=0.0000, scale/adh_std=1
Epoch [140/200], Average Loss: 0.100984
  Diagnostics: H_ent_norm=0.5241, H_maxp=0.5365, pi_ent_norm=0.7111, pi_std=0.085728, effC=10.80, Lvar=0.000000, Lvar_active=0.0000, scale/adh_std=1
Epoch [150/200], Average Loss: 0.094420
  Diagnostics: H_ent_norm=0.5175, H_maxp=0.5399, pi_ent_norm=0.7050, pi_std=0.086818, effC=10.60, Lvar=0.000000, Lvar_active=0.0000, scale/adh_std=1
Epoch [160/200], Average Loss: 0.089594
  Diagnostics: H_ent_norm=0.5194, H_maxp=0.5379, pi_ent_norm=0.7059, pi_std=0.086619, effC=10.61, Lvar=0.000000, Lvar_active=0.0000, scale/adh_std=1
Epoch [170/200], Average Loss: 0.086684
  Diagnostics: H_ent_norm=0.5179, H_maxp=0.5393, pi_ent_norm=0.7045, pi_std=0.086974, effC=10.56, Lvar=0.000000, Lvar_active=0.0000, scale/adh_std=1
Epoch [180/200], Average Loss: 0.083189
  Diagnostics: H_ent_norm=0.5184, H_maxp=0.5378, pi_ent_norm=0.7044, pi_std=0.086994, effC=10.56, Lvar=0.000000, Lvar_active=0.0000, scale/adh_std=1
Epoch [190/200], Average Loss: 0.081448
  Diagnostics: H_ent_norm=0.5187, H_maxp=0.5377, pi_ent_norm=0.7047, pi_std=0.086959, effC=10.56, Lvar=0.000000, Lvar_active=0.0000, scale/adh_std=1
Epoch [200/200], Average Loss: 0.077656
  Diagnostics: H_ent_norm=0.5155, H_maxp=0.5390, pi_ent_norm=0.7012, pi_std=0.087643, effC=10.46, Lvar=0.000000, Lvar_active=0.0000, scale/adh_std=1
训练完成！实际训练 200 个epochs

--- 评估阶段 ---
  Facebook: AUROC=0.5666, AUPRC=0.0363
  cora: AUROC=0.8025, AUPRC=0.2714
  citeseer: AUROC=0.8938, AUPRC=0.3977
  ACM: AUROC=0.7690, AUPRC=0.3553
  BlogCatalog: AUROC=0.7093, AUPRC=0.3085
  weibo: AUROC=0.7245, AUPRC=0.3086
  Reddit: AUROC=0.5889, AUPRC=0.0450
  Amazon: AUROC=0.7320, AUPRC=0.1334

--- 保存模型 ---
检查点已保存到: /autodl-fs/data/recap/tuning_hyperparams/interaction_tuning/results/interaction_entropy_v1/checkpoints/baseline/recap/trial_2/model.pt
模型已保存到: /autodl-fs/data/recap/tuning_hyperparams/interaction_tuning/results/interaction_entropy_v1/checkpoints/baseline/recap/trial_2/model.pt

======================================================================
聚合 3 次试验的结果
======================================================================

------------------------- Facebook -------------------------
AUROC: 0.5743 ± 0.0066
AUPRC: 0.0346 ± 0.0013

------------------------- cora -------------------------
AUROC: 0.8108 ± 0.0072
AUPRC: 0.3078 ± 0.0259

------------------------- citeseer -------------------------
AUROC: 0.8875 ± 0.0056
AUPRC: 0.3579 ± 0.0285

------------------------- ACM -------------------------
AUROC: 0.7763 ± 0.0053
AUPRC: 0.3592 ± 0.0027

------------------------- BlogCatalog -------------------------
AUROC: 0.7222 ± 0.0093
AUPRC: 0.3133 ± 0.0038

------------------------- weibo -------------------------
AUROC: 0.7139 ± 0.0082
AUPRC: 0.3151 ± 0.0060

------------------------- Reddit -------------------------
AUROC: 0.5823 ± 0.0054
AUPRC: 0.0455 ± 0.0004

------------------------- Amazon -------------------------
AUROC: 0.7361 ± 0.0034
AUPRC: 0.1352 ± 0.0024


======================================================================
训练完成！
所有模型已保存到: /autodl-fs/data/recap/tuning_hyperparams/interaction_tuning/results/interaction_entropy_v1/checkpoints/baseline/recap/
======================================================================

