/root/miniconda3/lib/python3.12/site-packages/torch_geometric/__init__.py:4: UserWarning: An issue occurred while importing 'torch-scatter'. Disabling its usage. Stacktrace: Could not load this library: /root/miniconda3/lib/python3.12/site-packages/torch_scatter/_version_cuda.so
  import torch_geometric.typing
/root/miniconda3/lib/python3.12/site-packages/torch_geometric/__init__.py:4: UserWarning: An issue occurred while importing 'torch-cluster'. Disabling its usage. Stacktrace: Could not load this library: /root/miniconda3/lib/python3.12/site-packages/torch_cluster/_version_cuda.so
  import torch_geometric.typing
/root/miniconda3/lib/python3.12/site-packages/torch_geometric/__init__.py:4: UserWarning: An issue occurred while importing 'torch-spline-conv'. Disabling its usage. Stacktrace: Could not load this library: /root/miniconda3/lib/python3.12/site-packages/torch_spline_conv/_version_cuda.so
  import torch_geometric.typing
/root/miniconda3/lib/python3.12/site-packages/torch_geometric/__init__.py:4: UserWarning: An issue occurred while importing 'torch-sparse'. Disabling its usage. Stacktrace: Could not load this library: /root/miniconda3/lib/python3.12/site-packages/torch_sparse/_version_cuda.so
  import torch_geometric.typing
使用保存的最佳模型配置

======================================================================
recap 异常检测模型训练
======================================================================

📋 训练配置:
  device: cuda:0
  epochs: 200
  trials: 3
  seed: 0
  output_dir: /autodl-fs/data/recap/tuning_hyperparams/interaction_tuning/results/interaction_entropy_v1/checkpoints/beta_recal__b0
  save_checkpoint: True
  early_stop: False
  patience: 30
  log_diagnostics: True
  diagnostics_interval: 10

🔧 模型配置:
  model: recap
  lr: 5e-05
  dropout_rate: 0.2
  h_feats: 256
  num_hops: 4
  weight_decay: 5e-05
  dims: 32
  num_layers: 2
  activation: ELU
  num_views: 1
  num_clusters: 28
  knn_k: 20
  cluster_lr_multiplier: 10.0
  tau_s: 0.05
  tau_c: 0.3
  cluster_init_gain: 2.0
  sim_block_size: 256
  knn_cache_enabled: True
  knn_cache_dir: /autodl-fs/data/recap/knn_cache
  knn_search_dtype: auto
  lambda_H: 0.35
  lambda_bal: 0.0
  lambda_E: 0.1
  lambda_usage_entropy: 0.5
  assignment_entropy_lower: 0.45
  assignment_entropy_upper: 0.85
  usage_entropy_lower: 0.65
  usage_entropy_upper: 0.9
  gamma: 0.1
  tau_e: 1.0
  beta: 0
  eps: 1e-08
  lambda_ortho: 0.35
  lambda_min_usage: 0.0
  lambda_diversity: 0.1
  min_cluster_ratio: 0.1

💾 保存设置:
  保存目录：/autodl-fs/data/recap/tuning_hyperparams/interaction_tuning/results/interaction_entropy_v1/checkpoints/beta_recal__b0
  保存检查点：True
======================================================================


📊 使用指定的训练数据集: ['pubmed', 'Flickr', 'questions', 'YelpChi']

📊 使用指定的测试数据集: ['Facebook', 'cora', 'citeseer', 'ACM', 'BlogCatalog', 'weibo', 'Reddit', 'Amazon']
加载 4 个训练数据集: ['pubmed', 'Flickr', 'questions', 'YelpChi']
加载 8 个测试数据集: ['Facebook', 'cora', 'citeseer', 'ACM', 'BlogCatalog', 'weibo', 'Reddit', 'Amazon']
进行 4 跳特征传播...

======================================================================
Trial 0 开始训练 (seed=0)
======================================================================
🔧 模型初始化视图数: 1 (单视图模式)

--- 训练阶段 ---
开始训练，共 200 个epochs...
关闭early stopping，训练将跑满设定epochs
🔧 Assignment layer LR multiplier: 10 (base_lr=5e-05, assignment_lr=0.0005)
Epoch [1/200], Average Loss: 0.633948
  Diagnostics: H_ent_norm=0.7640, H_maxp=0.2673, pi_ent_norm=0.9869, pi_std=0.010177, effC=26.81, Lvar=0.000000, Lvar_active=0.0000, scale/adh_std=1
Epoch [10/200], Average Loss: 0.397545
  Diagnostics: H_ent_norm=0.5987, H_maxp=0.4544, pi_ent_norm=0.8762, pi_std=0.036876, effC=19.13, Lvar=0.000000, Lvar_active=0.0000, scale/adh_std=1
Epoch [20/200], Average Loss: 0.330354
  Diagnostics: H_ent_norm=0.5998, H_maxp=0.4666, pi_ent_norm=0.8533, pi_std=0.041926, effC=17.87, Lvar=0.000000, Lvar_active=0.0000, scale/adh_std=1
Epoch [30/200], Average Loss: 0.295163
  Diagnostics: H_ent_norm=0.6004, H_maxp=0.4749, pi_ent_norm=0.8424, pi_std=0.044651, effC=17.23, Lvar=0.000000, Lvar_active=0.0000, scale/adh_std=1
Epoch [40/200], Average Loss: 0.253919
  Diagnostics: H_ent_norm=0.5849, H_maxp=0.4987, pi_ent_norm=0.8244, pi_std=0.050180, effC=16.06, Lvar=0.000000, Lvar_active=0.0000, scale/adh_std=1
Epoch [50/200], Average Loss: 0.222147
  Diagnostics: H_ent_norm=0.5712, H_maxp=0.5202, pi_ent_norm=0.8039, pi_std=0.057053, effC=14.77, Lvar=0.000000, Lvar_active=0.0000, scale/adh_std=1
Epoch [60/200], Average Loss: 0.199956
  Diagnostics: H_ent_norm=0.5490, H_maxp=0.5454, pi_ent_norm=0.7759, pi_std=0.065036, effC=13.33, Lvar=0.000000, Lvar_active=0.0000, scale/adh_std=1
Epoch [70/200], Average Loss: 0.171122
  Diagnostics: H_ent_norm=0.5064, H_maxp=0.5837, pi_ent_norm=0.7295, pi_std=0.076244, effC=11.43, Lvar=0.000000, Lvar_active=0.0000, scale/adh_std=1
Epoch [80/200], Average Loss: 0.154792
  Diagnostics: H_ent_norm=0.5013, H_maxp=0.5853, pi_ent_norm=0.7161, pi_std=0.080114, effC=10.99, Lvar=0.000000, Lvar_active=0.0000, scale/adh_std=1
Epoch [90/200], Average Loss: 0.142696
  Diagnostics: H_ent_norm=0.5012, H_maxp=0.5844, pi_ent_norm=0.7113, pi_std=0.081499, effC=10.82, Lvar=0.000000, Lvar_active=0.0000, scale/adh_std=1
Epoch [100/200], Average Loss: 0.134346
  Diagnostics: H_ent_norm=0.4953, H_maxp=0.5890, pi_ent_norm=0.7049, pi_std=0.082809, effC=10.57, Lvar=0.000000, Lvar_active=0.0000, scale/adh_std=1
Epoch [110/200], Average Loss: 0.126821
  Diagnostics: H_ent_norm=0.5004, H_maxp=0.5789, pi_ent_norm=0.7068, pi_std=0.083178, effC=10.64, Lvar=0.000000, Lvar_active=0.0000, scale/adh_std=1
Epoch [120/200], Average Loss: 0.116503
  Diagnostics: H_ent_norm=0.5137, H_maxp=0.5514, pi_ent_norm=0.7122, pi_std=0.083893, effC=10.86, Lvar=0.000000, Lvar_active=0.0000, scale/adh_std=1
Epoch [130/200], Average Loss: 0.108956
  Diagnostics: H_ent_norm=0.5257, H_maxp=0.5384, pi_ent_norm=0.7154, pi_std=0.084147, effC=10.96, Lvar=0.000000, Lvar_active=0.0000, scale/adh_std=1
Epoch [140/200], Average Loss: 0.102217
  Diagnostics: H_ent_norm=0.5255, H_maxp=0.5352, pi_ent_norm=0.7099, pi_std=0.085630, effC=10.78, Lvar=0.000000, Lvar_active=0.0000, scale/adh_std=1
Epoch [150/200], Average Loss: 0.096240
  Diagnostics: H_ent_norm=0.5282, H_maxp=0.5325, pi_ent_norm=0.7099, pi_std=0.085734, effC=10.76, Lvar=0.000000, Lvar_active=0.0000, scale/adh_std=1
Epoch [160/200], Average Loss: 0.091611
  Diagnostics: H_ent_norm=0.5250, H_maxp=0.5351, pi_ent_norm=0.7058, pi_std=0.086625, effC=10.62, Lvar=0.000000, Lvar_active=0.0000, scale/adh_std=1
Epoch [170/200], Average Loss: 0.087704
  Diagnostics: H_ent_norm=0.5249, H_maxp=0.5355, pi_ent_norm=0.7050, pi_std=0.086852, effC=10.60, Lvar=0.000000, Lvar_active=0.0000, scale/adh_std=1
Epoch [180/200], Average Loss: 0.084438
  Diagnostics: H_ent_norm=0.5237, H_maxp=0.5359, pi_ent_norm=0.7032, pi_std=0.087251, effC=10.54, Lvar=0.000000, Lvar_active=0.0000, scale/adh_std=1
Epoch [190/200], Average Loss: 0.082633
  Diagnostics: H_ent_norm=0.5223, H_maxp=0.5364, pi_ent_norm=0.7017, pi_std=0.087528, effC=10.49, Lvar=0.000000, Lvar_active=0.0000, scale/adh_std=1
Epoch [200/200], Average Loss: 0.079572
  Diagnostics: H_ent_norm=0.5322, H_maxp=0.5282, pi_ent_norm=0.7092, pi_std=0.086181, effC=10.72, Lvar=0.000000, Lvar_active=0.0000, scale/adh_std=1
训练完成！实际训练 200 个epochs

--- 评估阶段 ---
  Facebook: AUROC=0.5808, AUPRC=0.0334
  cora: AUROC=0.8093, AUPRC=0.3299
  citeseer: AUROC=0.8883, AUPRC=0.3310
  ACM: AUROC=0.7902, AUPRC=0.3611
  BlogCatalog: AUROC=0.7366, AUPRC=0.3355
  weibo: AUROC=0.6925, AUPRC=0.3270
  Reddit: AUROC=0.5817, AUPRC=0.0461
  Amazon: AUROC=0.7370, AUPRC=0.1335

--- 保存模型 ---
检查点已保存到: /autodl-fs/data/recap/tuning_hyperparams/interaction_tuning/results/interaction_entropy_v1/checkpoints/beta_recal__b0/recap/trial_0/model.pt
模型已保存到: /autodl-fs/data/recap/tuning_hyperparams/interaction_tuning/results/interaction_entropy_v1/checkpoints/beta_recal__b0/recap/trial_0/model.pt

======================================================================
Trial 1 开始训练 (seed=1)
======================================================================
🔧 模型初始化视图数: 1 (单视图模式)

--- 训练阶段 ---
开始训练，共 200 个epochs...
关闭early stopping，训练将跑满设定epochs
🔧 Assignment layer LR multiplier: 10 (base_lr=5e-05, assignment_lr=0.0005)
Epoch [1/200], Average Loss: 0.639395
  Diagnostics: H_ent_norm=0.7630, H_maxp=0.2632, pi_ent_norm=0.9927, pi_std=0.007425, effC=27.33, Lvar=0.000001, Lvar_active=0.0002, scale/adh_std=1
Epoch [10/200], Average Loss: 0.443490
  Diagnostics: H_ent_norm=0.6351, H_maxp=0.4031, pi_ent_norm=0.9349, pi_std=0.023340, effC=22.76, Lvar=0.000001, Lvar_active=0.0002, scale/adh_std=1
Epoch [20/200], Average Loss: 0.368843
  Diagnostics: H_ent_norm=0.6021, H_maxp=0.4467, pi_ent_norm=0.8980, pi_std=0.032350, effC=20.34, Lvar=0.000001, Lvar_active=0.0002, scale/adh_std=1
Epoch [30/200], Average Loss: 0.309072
  Diagnostics: H_ent_norm=0.6051, H_maxp=0.4561, pi_ent_norm=0.8762, pi_std=0.040674, effC=18.92, Lvar=0.000002, Lvar_active=0.0002, scale/adh_std=1
Epoch [40/200], Average Loss: 0.238310
  Diagnostics: H_ent_norm=0.5847, H_maxp=0.4957, pi_ent_norm=0.8246, pi_std=0.055817, effC=15.78, Lvar=0.000002, Lvar_active=0.0002, scale/adh_std=1
Epoch [50/200], Average Loss: 0.200053
  Diagnostics: H_ent_norm=0.5497, H_maxp=0.5368, pi_ent_norm=0.7767, pi_std=0.067527, effC=13.37, Lvar=0.000003, Lvar_active=0.0002, scale/adh_std=1
Epoch [60/200], Average Loss: 0.172314
  Diagnostics: H_ent_norm=0.5176, H_maxp=0.5633, pi_ent_norm=0.7396, pi_std=0.076446, effC=11.95, Lvar=0.000003, Lvar_active=0.0002, scale/adh_std=1
Epoch [70/200], Average Loss: 0.157661
  Diagnostics: H_ent_norm=0.5036, H_maxp=0.5755, pi_ent_norm=0.7245, pi_std=0.079646, effC=11.40, Lvar=0.000003, Lvar_active=0.0002, scale/adh_std=1
Epoch [80/200], Average Loss: 0.148024
  Diagnostics: H_ent_norm=0.5104, H_maxp=0.5677, pi_ent_norm=0.7257, pi_std=0.080237, effC=11.43, Lvar=0.000003, Lvar_active=0.0002, scale/adh_std=1
Epoch [90/200], Average Loss: 0.138635
  Diagnostics: H_ent_norm=0.5140, H_maxp=0.5600, pi_ent_norm=0.7236, pi_std=0.081539, effC=11.36, Lvar=0.000003, Lvar_active=0.0002, scale/adh_std=1
Epoch [100/200], Average Loss: 0.129453
  Diagnostics: H_ent_norm=0.5185, H_maxp=0.5542, pi_ent_norm=0.7237, pi_std=0.082131, effC=11.34, Lvar=0.000004, Lvar_active=0.0002, scale/adh_std=1
Epoch [110/200], Average Loss: 0.121457
  Diagnostics: H_ent_norm=0.5204, H_maxp=0.5508, pi_ent_norm=0.7219, pi_std=0.082892, effC=11.26, Lvar=0.000004, Lvar_active=0.0002, scale/adh_std=1
Epoch [120/200], Average Loss: 0.115051
  Diagnostics: H_ent_norm=0.5206, H_maxp=0.5504, pi_ent_norm=0.7193, pi_std=0.083566, effC=11.15, Lvar=0.000004, Lvar_active=0.0002, scale/adh_std=1
Epoch [130/200], Average Loss: 0.111026
  Diagnostics: H_ent_norm=0.5168, H_maxp=0.5533, pi_ent_norm=0.7142, pi_std=0.084694, effC=10.97, Lvar=0.000004, Lvar_active=0.0002, scale/adh_std=1
Epoch [140/200], Average Loss: 0.105143
  Diagnostics: H_ent_norm=0.5185, H_maxp=0.5521, pi_ent_norm=0.7153, pi_std=0.084525, effC=10.99, Lvar=0.000004, Lvar_active=0.0002, scale/adh_std=1
Epoch [150/200], Average Loss: 0.101182
  Diagnostics: H_ent_norm=0.5202, H_maxp=0.5503, pi_ent_norm=0.7153, pi_std=0.084620, effC=10.98, Lvar=0.000004, Lvar_active=0.0002, scale/adh_std=1
Epoch [160/200], Average Loss: 0.097621
  Diagnostics: H_ent_norm=0.5194, H_maxp=0.5506, pi_ent_norm=0.7131, pi_std=0.085118, effC=10.90, Lvar=0.000004, Lvar_active=0.0002, scale/adh_std=1
Epoch [170/200], Average Loss: 0.094350
  Diagnostics: H_ent_norm=0.5218, H_maxp=0.5479, pi_ent_norm=0.7142, pi_std=0.084976, effC=10.94, Lvar=0.000004, Lvar_active=0.0002, scale/adh_std=1
Epoch [180/200], Average Loss: 0.091489
  Diagnostics: H_ent_norm=0.5165, H_maxp=0.5517, pi_ent_norm=0.7087, pi_std=0.086053, effC=10.76, Lvar=0.000004, Lvar_active=0.0005, scale/adh_std=1
Epoch [190/200], Average Loss: 0.087741
  Diagnostics: H_ent_norm=0.5181, H_maxp=0.5503, pi_ent_norm=0.7081, pi_std=0.086273, effC=10.74, Lvar=0.000005, Lvar_active=0.0005, scale/adh_std=1
Epoch [200/200], Average Loss: 0.085525
  Diagnostics: H_ent_norm=0.5232, H_maxp=0.5462, pi_ent_norm=0.7108, pi_std=0.085874, effC=10.81, Lvar=0.000005, Lvar_active=0.0005, scale/adh_std=1
训练完成！实际训练 200 个epochs

--- 评估阶段 ---
  Facebook: AUROC=0.5698, AUPRC=0.0346
  cora: AUROC=0.8183, AUPRC=0.3121
  citeseer: AUROC=0.8786, AUPRC=0.3405
  ACM: AUROC=0.7814, AUPRC=0.3619
  BlogCatalog: AUROC=0.7260, AUPRC=0.3357
  weibo: AUROC=0.6795, AUPRC=0.3133
  Reddit: AUROC=0.5762, AUPRC=0.0455
  Amazon: AUROC=0.7391, AUPRC=0.1380

--- 保存模型 ---
检查点已保存到: /autodl-fs/data/recap/tuning_hyperparams/interaction_tuning/results/interaction_entropy_v1/checkpoints/beta_recal__b0/recap/trial_1/model.pt
模型已保存到: /autodl-fs/data/recap/tuning_hyperparams/interaction_tuning/results/interaction_entropy_v1/checkpoints/beta_recal__b0/recap/trial_1/model.pt

======================================================================
Trial 2 开始训练 (seed=2)
======================================================================
🔧 模型初始化视图数: 1 (单视图模式)

--- 训练阶段 ---
开始训练，共 200 个epochs...
关闭early stopping，训练将跑满设定epochs
🔧 Assignment layer LR multiplier: 10 (base_lr=5e-05, assignment_lr=0.0005)
Epoch [1/200], Average Loss: 0.628406
  Diagnostics: H_ent_norm=0.7699, H_maxp=0.2615, pi_ent_norm=0.9880, pi_std=0.009556, effC=26.91, Lvar=0.000000, Lvar_active=0.0000, scale/adh_std=1
Epoch [10/200], Average Loss: 0.426921
  Diagnostics: H_ent_norm=0.6190, H_maxp=0.4205, pi_ent_norm=0.9152, pi_std=0.027106, effC=21.44, Lvar=0.000000, Lvar_active=0.0000, scale/adh_std=1
Epoch [20/200], Average Loss: 0.368301
  Diagnostics: H_ent_norm=0.6137, H_maxp=0.4354, pi_ent_norm=0.9006, pi_std=0.031609, effC=20.50, Lvar=0.000000, Lvar_active=0.0000, scale/adh_std=1
Epoch [30/200], Average Loss: 0.327882
  Diagnostics: H_ent_norm=0.6218, H_maxp=0.4358, pi_ent_norm=0.8968, pi_std=0.033427, effC=20.23, Lvar=0.000000, Lvar_active=0.0000, scale/adh_std=1
Epoch [40/200], Average Loss: 0.298240
  Diagnostics: H_ent_norm=0.6099, H_maxp=0.4545, pi_ent_norm=0.8832, pi_std=0.037431, effC=19.36, Lvar=0.000000, Lvar_active=0.0000, scale/adh_std=1
Epoch [50/200], Average Loss: 0.255129
  Diagnostics: H_ent_norm=0.5873, H_maxp=0.4894, pi_ent_norm=0.8514, pi_std=0.047974, effC=17.29, Lvar=0.000000, Lvar_active=0.0000, scale/adh_std=1
Epoch [60/200], Average Loss: 0.210611
  Diagnostics: H_ent_norm=0.5540, H_maxp=0.5290, pi_ent_norm=0.8000, pi_std=0.062458, effC=14.40, Lvar=0.000000, Lvar_active=0.0000, scale/adh_std=1
Epoch [70/200], Average Loss: 0.178005
  Diagnostics: H_ent_norm=0.5221, H_maxp=0.5561, pi_ent_norm=0.7530, pi_std=0.073824, effC=12.34, Lvar=0.000000, Lvar_active=0.0000, scale/adh_std=1
Epoch [80/200], Average Loss: 0.155445
  Diagnostics: H_ent_norm=0.5072, H_maxp=0.5626, pi_ent_norm=0.7262, pi_std=0.080133, effC=11.42, Lvar=0.000000, Lvar_active=0.0000, scale/adh_std=1
Epoch [90/200], Average Loss: 0.142079
  Diagnostics: H_ent_norm=0.5174, H_maxp=0.5510, pi_ent_norm=0.7268, pi_std=0.080864, effC=11.42, Lvar=0.000000, Lvar_active=0.0000, scale/adh_std=1
Epoch [100/200], Average Loss: 0.129862
  Diagnostics: H_ent_norm=0.5145, H_maxp=0.5519, pi_ent_norm=0.7205, pi_std=0.082568, effC=11.17, Lvar=0.000000, Lvar_active=0.0000, scale/adh_std=1
Epoch [110/200], Average Loss: 0.121658
  Diagnostics: H_ent_norm=0.5110, H_maxp=0.5523, pi_ent_norm=0.7133, pi_std=0.084269, effC=10.91, Lvar=0.000000, Lvar_active=0.0000, scale/adh_std=1
Epoch [120/200], Average Loss: 0.113885
  Diagnostics: H_ent_norm=0.5168, H_maxp=0.5466, pi_ent_norm=0.7141, pi_std=0.084400, effC=10.91, Lvar=0.000000, Lvar_active=0.0000, scale/adh_std=1
Epoch [130/200], Average Loss: 0.107247
  Diagnostics: H_ent_norm=0.5179, H_maxp=0.5449, pi_ent_norm=0.7120, pi_std=0.084978, effC=10.82, Lvar=0.000000, Lvar_active=0.0000, scale/adh_std=1
Epoch [140/200], Average Loss: 0.101687
  Diagnostics: H_ent_norm=0.5159, H_maxp=0.5447, pi_ent_norm=0.7075, pi_std=0.086103, effC=10.68, Lvar=0.000000, Lvar_active=0.0000, scale/adh_std=1
Epoch [150/200], Average Loss: 0.095407
  Diagnostics: H_ent_norm=0.5186, H_maxp=0.5395, pi_ent_norm=0.7073, pi_std=0.086344, effC=10.68, Lvar=0.000000, Lvar_active=0.0000, scale/adh_std=1
Epoch [160/200], Average Loss: 0.090449
  Diagnostics: H_ent_norm=0.5193, H_maxp=0.5381, pi_ent_norm=0.7073, pi_std=0.086422, effC=10.66, Lvar=0.000000, Lvar_active=0.0000, scale/adh_std=1
Epoch [170/200], Average Loss: 0.087823
  Diagnostics: H_ent_norm=0.5211, H_maxp=0.5381, pi_ent_norm=0.7074, pi_std=0.086544, effC=10.66, Lvar=0.000000, Lvar_active=0.0000, scale/adh_std=1
Epoch [180/200], Average Loss: 0.083647
  Diagnostics: H_ent_norm=0.5173, H_maxp=0.5397, pi_ent_norm=0.7042, pi_std=0.087109, effC=10.56, Lvar=0.000000, Lvar_active=0.0000, scale/adh_std=1
Epoch [190/200], Average Loss: 0.081589
  Diagnostics: H_ent_norm=0.5173, H_maxp=0.5387, pi_ent_norm=0.7042, pi_std=0.087061, effC=10.55, Lvar=0.000000, Lvar_active=0.0000, scale/adh_std=1
Epoch [200/200], Average Loss: 0.078174
  Diagnostics: H_ent_norm=0.5175, H_maxp=0.5374, pi_ent_norm=0.7034, pi_std=0.087171, effC=10.53, Lvar=0.000000, Lvar_active=0.0000, scale/adh_std=1
训练完成！实际训练 200 个epochs

--- 评估阶段 ---
  Facebook: AUROC=0.5722, AUPRC=0.0363
  cora: AUROC=0.8044, AUPRC=0.2740
  citeseer: AUROC=0.8944, AUPRC=0.3994
  ACM: AUROC=0.7805, AUPRC=0.3583
  BlogCatalog: AUROC=0.7304, AUPRC=0.3310
  weibo: AUROC=0.6683, AUPRC=0.2970
  Reddit: AUROC=0.5877, AUPRC=0.0447
  Amazon: AUROC=0.7308, AUPRC=0.1324

--- 保存模型 ---
检查点已保存到: /autodl-fs/data/recap/tuning_hyperparams/interaction_tuning/results/interaction_entropy_v1/checkpoints/beta_recal__b0/recap/trial_2/model.pt
模型已保存到: /autodl-fs/data/recap/tuning_hyperparams/interaction_tuning/results/interaction_entropy_v1/checkpoints/beta_recal__b0/recap/trial_2/model.pt

======================================================================
聚合 3 次试验的结果
======================================================================

------------------------- Facebook -------------------------
AUROC: 0.5742 ± 0.0047
AUPRC: 0.0348 ± 0.0012

------------------------- cora -------------------------
AUROC: 0.8107 ± 0.0057
AUPRC: 0.3053 ± 0.0233

------------------------- citeseer -------------------------
AUROC: 0.8871 ± 0.0065
AUPRC: 0.3570 ± 0.0303

------------------------- ACM -------------------------
AUROC: 0.7840 ± 0.0043
AUPRC: 0.3604 ± 0.0015

------------------------- BlogCatalog -------------------------
AUROC: 0.7310 ± 0.0043
AUPRC: 0.3341 ± 0.0022

------------------------- weibo -------------------------
AUROC: 0.6801 ± 0.0099
AUPRC: 0.3125 ± 0.0123

------------------------- Reddit -------------------------
AUROC: 0.5819 ± 0.0047
AUPRC: 0.0454 ± 0.0006

------------------------- Amazon -------------------------
AUROC: 0.7356 ± 0.0035
AUPRC: 0.1346 ± 0.0024


======================================================================
训练完成！
所有模型已保存到: /autodl-fs/data/recap/tuning_hyperparams/interaction_tuning/results/interaction_entropy_v1/checkpoints/beta_recal__b0/recap/
======================================================================

