/root/miniconda3/lib/python3.12/site-packages/torch_geometric/__init__.py:4: UserWarning: An issue occurred while importing 'torch-scatter'. Disabling its usage. Stacktrace: Could not load this library: /root/miniconda3/lib/python3.12/site-packages/torch_scatter/_version_cuda.so
  import torch_geometric.typing
/root/miniconda3/lib/python3.12/site-packages/torch_geometric/__init__.py:4: UserWarning: An issue occurred while importing 'torch-cluster'. Disabling its usage. Stacktrace: Could not load this library: /root/miniconda3/lib/python3.12/site-packages/torch_cluster/_version_cuda.so
  import torch_geometric.typing
/root/miniconda3/lib/python3.12/site-packages/torch_geometric/__init__.py:4: UserWarning: An issue occurred while importing 'torch-spline-conv'. Disabling its usage. Stacktrace: Could not load this library: /root/miniconda3/lib/python3.12/site-packages/torch_spline_conv/_version_cuda.so
  import torch_geometric.typing
/root/miniconda3/lib/python3.12/site-packages/torch_geometric/__init__.py:4: UserWarning: An issue occurred while importing 'torch-sparse'. Disabling its usage. Stacktrace: Could not load this library: /root/miniconda3/lib/python3.12/site-packages/torch_sparse/_version_cuda.so
  import torch_geometric.typing
使用保存的最佳模型配置

======================================================================
recap 异常检测模型训练
======================================================================

📋 训练配置:
  device: cuda:0
  epochs: 200
  trials: 3
  seed: 0
  output_dir: /autodl-fs/data/recap/tuning_hyperparams/interaction_tuning/results/interaction_entropy_v1/checkpoints/beta_recal__b0p005
  save_checkpoint: True
  early_stop: False
  patience: 30
  log_diagnostics: True
  diagnostics_interval: 10

🔧 模型配置:
  model: recap
  lr: 5e-05
  dropout_rate: 0.2
  h_feats: 256
  num_hops: 4
  weight_decay: 5e-05
  dims: 32
  num_layers: 2
  activation: ELU
  num_views: 1
  num_clusters: 28
  knn_k: 20
  cluster_lr_multiplier: 10.0
  tau_s: 0.05
  tau_c: 0.3
  cluster_init_gain: 2.0
  sim_block_size: 256
  knn_cache_enabled: True
  knn_cache_dir: /autodl-fs/data/recap/knn_cache
  knn_search_dtype: auto
  lambda_H: 0.35
  lambda_bal: 0.0
  lambda_E: 0.1
  lambda_usage_entropy: 0.5
  assignment_entropy_lower: 0.45
  assignment_entropy_upper: 0.85
  usage_entropy_lower: 0.65
  usage_entropy_upper: 0.9
  gamma: 0.1
  tau_e: 1.0
  beta: 0.005
  eps: 1e-08
  lambda_ortho: 0.35
  lambda_min_usage: 0.0
  lambda_diversity: 0.1
  min_cluster_ratio: 0.1

💾 保存设置:
  保存目录：/autodl-fs/data/recap/tuning_hyperparams/interaction_tuning/results/interaction_entropy_v1/checkpoints/beta_recal__b0p005
  保存检查点：True
======================================================================


📊 使用指定的训练数据集: ['pubmed', 'Flickr', 'questions', 'YelpChi']

📊 使用指定的测试数据集: ['Facebook', 'cora', 'citeseer', 'ACM', 'BlogCatalog', 'weibo', 'Reddit', 'Amazon']
加载 4 个训练数据集: ['pubmed', 'Flickr', 'questions', 'YelpChi']
加载 8 个测试数据集: ['Facebook', 'cora', 'citeseer', 'ACM', 'BlogCatalog', 'weibo', 'Reddit', 'Amazon']
进行 4 跳特征传播...

======================================================================
Trial 0 开始训练 (seed=0)
======================================================================
🔧 模型初始化视图数: 1 (单视图模式)

--- 训练阶段 ---
开始训练，共 200 个epochs...
关闭early stopping，训练将跑满设定epochs
🔧 Assignment layer LR multiplier: 10 (base_lr=5e-05, assignment_lr=0.0005)
Epoch [1/200], Average Loss: 0.633948
  Diagnostics: H_ent_norm=0.7640, H_maxp=0.2673, pi_ent_norm=0.9869, pi_std=0.010177, effC=26.81, Lvar=0.000000, Lvar_active=0.0000, scale/adh_std=1
Epoch [10/200], Average Loss: 0.397545
  Diagnostics: H_ent_norm=0.5987, H_maxp=0.4544, pi_ent_norm=0.8762, pi_std=0.036876, effC=19.13, Lvar=0.000000, Lvar_active=0.0000, scale/adh_std=1
Epoch [20/200], Average Loss: 0.330319
  Diagnostics: H_ent_norm=0.5997, H_maxp=0.4667, pi_ent_norm=0.8531, pi_std=0.041952, effC=17.86, Lvar=0.000000, Lvar_active=0.0000, scale/adh_std=1
Epoch [30/200], Average Loss: 0.295096
  Diagnostics: H_ent_norm=0.6007, H_maxp=0.4747, pi_ent_norm=0.8427, pi_std=0.044618, effC=17.24, Lvar=0.000000, Lvar_active=0.0000, scale/adh_std=1
Epoch [40/200], Average Loss: 0.253589
  Diagnostics: H_ent_norm=0.5880, H_maxp=0.4960, pi_ent_norm=0.8262, pi_std=0.049853, effC=16.15, Lvar=0.000000, Lvar_active=0.0000, scale/adh_std=1
Epoch [50/200], Average Loss: 0.221924
  Diagnostics: H_ent_norm=0.5619, H_maxp=0.5293, pi_ent_norm=0.7967, pi_std=0.058379, effC=14.42, Lvar=0.000000, Lvar_active=0.0000, scale/adh_std=1
Epoch [60/200], Average Loss: 0.199909
  Diagnostics: H_ent_norm=0.5404, H_maxp=0.5537, pi_ent_norm=0.7695, pi_std=0.066060, effC=13.05, Lvar=0.000000, Lvar_active=0.0000, scale/adh_std=1
Epoch [70/200], Average Loss: 0.172118
  Diagnostics: H_ent_norm=0.5028, H_maxp=0.5871, pi_ent_norm=0.7273, pi_std=0.076490, effC=11.35, Lvar=0.000000, Lvar_active=0.0000, scale/adh_std=1
Epoch [80/200], Average Loss: 0.153856
  Diagnostics: H_ent_norm=0.4937, H_maxp=0.5932, pi_ent_norm=0.7107, pi_std=0.080623, effC=10.79, Lvar=0.000000, Lvar_active=0.0000, scale/adh_std=1
Epoch [90/200], Average Loss: 0.142976
  Diagnostics: H_ent_norm=0.4944, H_maxp=0.5917, pi_ent_norm=0.7075, pi_std=0.081721, effC=10.66, Lvar=0.000000, Lvar_active=0.0000, scale/adh_std=1
Epoch [100/200], Average Loss: 0.134021
  Diagnostics: H_ent_norm=0.4938, H_maxp=0.5906, pi_ent_norm=0.7042, pi_std=0.082854, effC=10.54, Lvar=0.000000, Lvar_active=0.0000, scale/adh_std=1
Epoch [110/200], Average Loss: 0.123698
  Diagnostics: H_ent_norm=0.5274, H_maxp=0.5403, pi_ent_norm=0.7216, pi_std=0.082565, effC=11.24, Lvar=0.000000, Lvar_active=0.0000, scale/adh_std=1
Epoch [120/200], Average Loss: 0.114514
  Diagnostics: H_ent_norm=0.5359, H_maxp=0.5322, pi_ent_norm=0.7223, pi_std=0.083223, effC=11.24, Lvar=0.000000, Lvar_active=0.0000, scale/adh_std=1
Epoch [130/200], Average Loss: 0.107401
  Diagnostics: H_ent_norm=0.5366, H_maxp=0.5288, pi_ent_norm=0.7183, pi_std=0.084274, effC=11.08, Lvar=0.000000, Lvar_active=0.0000, scale/adh_std=1
Epoch [140/200], Average Loss: 0.101032
  Diagnostics: H_ent_norm=0.5332, H_maxp=0.5308, pi_ent_norm=0.7127, pi_std=0.085498, effC=10.88, Lvar=0.000000, Lvar_active=0.0000, scale/adh_std=1
Epoch [150/200], Average Loss: 0.096155
  Diagnostics: H_ent_norm=0.5303, H_maxp=0.5332, pi_ent_norm=0.7092, pi_std=0.086240, effC=10.76, Lvar=0.000000, Lvar_active=0.0000, scale/adh_std=1
Epoch [160/200], Average Loss: 0.091443
  Diagnostics: H_ent_norm=0.5303, H_maxp=0.5333, pi_ent_norm=0.7082, pi_std=0.086505, effC=10.72, Lvar=0.000000, Lvar_active=0.0000, scale/adh_std=1
Epoch [170/200], Average Loss: 0.087515
  Diagnostics: H_ent_norm=0.5331, H_maxp=0.5309, pi_ent_norm=0.7096, pi_std=0.086301, effC=10.76, Lvar=0.000000, Lvar_active=0.0000, scale/adh_std=1
Epoch [180/200], Average Loss: 0.084842
  Diagnostics: H_ent_norm=0.5312, H_maxp=0.5322, pi_ent_norm=0.7081, pi_std=0.086606, effC=10.71, Lvar=0.000000, Lvar_active=0.0002, scale/adh_std=1
Epoch [190/200], Average Loss: 0.082002
  Diagnostics: H_ent_norm=0.5319, H_maxp=0.5313, pi_ent_norm=0.7082, pi_std=0.086615, effC=10.70, Lvar=0.000000, Lvar_active=0.0002, scale/adh_std=1
Epoch [200/200], Average Loss: 0.079412
  Diagnostics: H_ent_norm=0.5314, H_maxp=0.5315, pi_ent_norm=0.7066, pi_std=0.087041, effC=10.65, Lvar=0.000000, Lvar_active=0.0002, scale/adh_std=1
训练完成！实际训练 200 个epochs

--- 评估阶段 ---
  Facebook: AUROC=0.5855, AUPRC=0.0336
  cora: AUROC=0.8096, AUPRC=0.3283
  citeseer: AUROC=0.8888, AUPRC=0.3304
  ACM: AUROC=0.7886, AUPRC=0.3615
  BlogCatalog: AUROC=0.7399, AUPRC=0.3312
  weibo: AUROC=0.7004, AUPRC=0.3263
  Reddit: AUROC=0.5815, AUPRC=0.0463
  Amazon: AUROC=0.7337, AUPRC=0.1321

--- 保存模型 ---
检查点已保存到: /autodl-fs/data/recap/tuning_hyperparams/interaction_tuning/results/interaction_entropy_v1/checkpoints/beta_recal__b0p005/recap/trial_0/model.pt
模型已保存到: /autodl-fs/data/recap/tuning_hyperparams/interaction_tuning/results/interaction_entropy_v1/checkpoints/beta_recal__b0p005/recap/trial_0/model.pt

======================================================================
Trial 1 开始训练 (seed=1)
======================================================================
🔧 模型初始化视图数: 1 (单视图模式)

--- 训练阶段 ---
开始训练，共 200 个epochs...
关闭early stopping，训练将跑满设定epochs
🔧 Assignment layer LR multiplier: 10 (base_lr=5e-05, assignment_lr=0.0005)
Epoch [1/200], Average Loss: 0.639395
  Diagnostics: H_ent_norm=0.7630, H_maxp=0.2632, pi_ent_norm=0.9927, pi_std=0.007425, effC=27.33, Lvar=0.000001, Lvar_active=0.0002, scale/adh_std=1
Epoch [10/200], Average Loss: 0.443490
  Diagnostics: H_ent_norm=0.6351, H_maxp=0.4031, pi_ent_norm=0.9349, pi_std=0.023340, effC=22.76, Lvar=0.000001, Lvar_active=0.0002, scale/adh_std=1
Epoch [20/200], Average Loss: 0.368853
  Diagnostics: H_ent_norm=0.6021, H_maxp=0.4468, pi_ent_norm=0.8980, pi_std=0.032350, effC=20.34, Lvar=0.000001, Lvar_active=0.0002, scale/adh_std=1
Epoch [30/200], Average Loss: 0.309585
  Diagnostics: H_ent_norm=0.6045, H_maxp=0.4568, pi_ent_norm=0.8759, pi_std=0.040728, effC=18.90, Lvar=0.000002, Lvar_active=0.0002, scale/adh_std=1
Epoch [40/200], Average Loss: 0.238689
  Diagnostics: H_ent_norm=0.5817, H_maxp=0.4989, pi_ent_norm=0.8219, pi_std=0.056046, effC=15.66, Lvar=0.000002, Lvar_active=0.0002, scale/adh_std=1
Epoch [50/200], Average Loss: 0.201833
  Diagnostics: H_ent_norm=0.5536, H_maxp=0.5336, pi_ent_norm=0.7798, pi_std=0.066596, effC=13.51, Lvar=0.000003, Lvar_active=0.0002, scale/adh_std=1
Epoch [60/200], Average Loss: 0.172937
  Diagnostics: H_ent_norm=0.5175, H_maxp=0.5649, pi_ent_norm=0.7393, pi_std=0.076080, effC=11.92, Lvar=0.000003, Lvar_active=0.0002, scale/adh_std=1
Epoch [70/200], Average Loss: 0.158729
  Diagnostics: H_ent_norm=0.5079, H_maxp=0.5726, pi_ent_norm=0.7274, pi_std=0.078914, effC=11.49, Lvar=0.000003, Lvar_active=0.0002, scale/adh_std=1
Epoch [80/200], Average Loss: 0.148408
  Diagnostics: H_ent_norm=0.5033, H_maxp=0.5766, pi_ent_norm=0.7223, pi_std=0.080081, effC=11.29, Lvar=0.000003, Lvar_active=0.0002, scale/adh_std=1
Epoch [90/200], Average Loss: 0.140782
  Diagnostics: H_ent_norm=0.5164, H_maxp=0.5600, pi_ent_norm=0.7276, pi_std=0.080206, effC=11.49, Lvar=0.000003, Lvar_active=0.0002, scale/adh_std=1
Epoch [100/200], Average Loss: 0.131319
  Diagnostics: H_ent_norm=0.5159, H_maxp=0.5568, pi_ent_norm=0.7234, pi_std=0.081809, effC=11.35, Lvar=0.000004, Lvar_active=0.0002, scale/adh_std=1
Epoch [110/200], Average Loss: 0.122724
  Diagnostics: H_ent_norm=0.5217, H_maxp=0.5492, pi_ent_norm=0.7246, pi_std=0.082177, effC=11.38, Lvar=0.000004, Lvar_active=0.0002, scale/adh_std=1
Epoch [120/200], Average Loss: 0.116295
  Diagnostics: H_ent_norm=0.5266, H_maxp=0.5451, pi_ent_norm=0.7256, pi_std=0.082207, effC=11.38, Lvar=0.000004, Lvar_active=0.0002, scale/adh_std=1
Epoch [130/200], Average Loss: 0.111408
  Diagnostics: H_ent_norm=0.5264, H_maxp=0.5446, pi_ent_norm=0.7236, pi_std=0.082738, effC=11.30, Lvar=0.000004, Lvar_active=0.0002, scale/adh_std=1
Epoch [140/200], Average Loss: 0.105450
  Diagnostics: H_ent_norm=0.5227, H_maxp=0.5471, pi_ent_norm=0.7189, pi_std=0.083714, effC=11.14, Lvar=0.000004, Lvar_active=0.0002, scale/adh_std=1
Epoch [150/200], Average Loss: 0.101416
  Diagnostics: H_ent_norm=0.5277, H_maxp=0.5427, pi_ent_norm=0.7210, pi_std=0.083463, effC=11.19, Lvar=0.000004, Lvar_active=0.0002, scale/adh_std=1
Epoch [160/200], Average Loss: 0.098526
  Diagnostics: H_ent_norm=0.5229, H_maxp=0.5463, pi_ent_norm=0.7160, pi_std=0.084472, effC=11.03, Lvar=0.000004, Lvar_active=0.0002, scale/adh_std=1
Epoch [170/200], Average Loss: 0.094199
  Diagnostics: H_ent_norm=0.5244, H_maxp=0.5440, pi_ent_norm=0.7161, pi_std=0.084529, effC=11.02, Lvar=0.000004, Lvar_active=0.0002, scale/adh_std=1
Epoch [180/200], Average Loss: 0.090848
  Diagnostics: H_ent_norm=0.5252, H_maxp=0.5438, pi_ent_norm=0.7159, pi_std=0.084621, effC=11.01, Lvar=0.000004, Lvar_active=0.0005, scale/adh_std=1
Epoch [190/200], Average Loss: 0.088125
  Diagnostics: H_ent_norm=0.5324, H_maxp=0.5367, pi_ent_norm=0.7194, pi_std=0.084126, effC=11.12, Lvar=0.000004, Lvar_active=0.0005, scale/adh_std=1
Epoch [200/200], Average Loss: 0.085353
  Diagnostics: H_ent_norm=0.5320, H_maxp=0.5360, pi_ent_norm=0.7175, pi_std=0.084590, effC=11.06, Lvar=0.000005, Lvar_active=0.0005, scale/adh_std=1
训练完成！实际训练 200 个epochs

--- 评估阶段 ---
  Facebook: AUROC=0.5694, AUPRC=0.0361
  cora: AUROC=0.8186, AUPRC=0.3166
  citeseer: AUROC=0.8790, AUPRC=0.3380
  ACM: AUROC=0.7824, AUPRC=0.3628
  BlogCatalog: AUROC=0.7322, AUPRC=0.3293
  weibo: AUROC=0.6874, AUPRC=0.3141
  Reddit: AUROC=0.5780, AUPRC=0.0457
  Amazon: AUROC=0.7422, AUPRC=0.1400

--- 保存模型 ---
检查点已保存到: /autodl-fs/data/recap/tuning_hyperparams/interaction_tuning/results/interaction_entropy_v1/checkpoints/beta_recal__b0p005/recap/trial_1/model.pt
模型已保存到: /autodl-fs/data/recap/tuning_hyperparams/interaction_tuning/results/interaction_entropy_v1/checkpoints/beta_recal__b0p005/recap/trial_1/model.pt

======================================================================
Trial 2 开始训练 (seed=2)
======================================================================
🔧 模型初始化视图数: 1 (单视图模式)

--- 训练阶段 ---
开始训练，共 200 个epochs...
关闭early stopping，训练将跑满设定epochs
🔧 Assignment layer LR multiplier: 10 (base_lr=5e-05, assignment_lr=0.0005)
Epoch [1/200], Average Loss: 0.628406
  Diagnostics: H_ent_norm=0.7699, H_maxp=0.2615, pi_ent_norm=0.9880, pi_std=0.009556, effC=26.91, Lvar=0.000000, Lvar_active=0.0000, scale/adh_std=1
Epoch [10/200], Average Loss: 0.426920
  Diagnostics: H_ent_norm=0.6190, H_maxp=0.4205, pi_ent_norm=0.9152, pi_std=0.027106, effC=21.44, Lvar=0.000000, Lvar_active=0.0000, scale/adh_std=1
Epoch [20/200], Average Loss: 0.368303
  Diagnostics: H_ent_norm=0.6137, H_maxp=0.4354, pi_ent_norm=0.9006, pi_std=0.031610, effC=20.50, Lvar=0.000000, Lvar_active=0.0000, scale/adh_std=1
Epoch [30/200], Average Loss: 0.327939
  Diagnostics: H_ent_norm=0.6224, H_maxp=0.4355, pi_ent_norm=0.8970, pi_std=0.033380, effC=20.25, Lvar=0.000000, Lvar_active=0.0000, scale/adh_std=1
Epoch [40/200], Average Loss: 0.295941
  Diagnostics: H_ent_norm=0.6119, H_maxp=0.4531, pi_ent_norm=0.8826, pi_std=0.037587, effC=19.33, Lvar=0.000000, Lvar_active=0.0000, scale/adh_std=1
Epoch [50/200], Average Loss: 0.256080
  Diagnostics: H_ent_norm=0.5871, H_maxp=0.4900, pi_ent_norm=0.8511, pi_std=0.048096, effC=17.28, Lvar=0.000000, Lvar_active=0.0000, scale/adh_std=1
Epoch [60/200], Average Loss: 0.210332
  Diagnostics: H_ent_norm=0.5527, H_maxp=0.5307, pi_ent_norm=0.7987, pi_std=0.062810, effC=14.34, Lvar=0.000000, Lvar_active=0.0000, scale/adh_std=1
Epoch [70/200], Average Loss: 0.176919
  Diagnostics: H_ent_norm=0.5201, H_maxp=0.5581, pi_ent_norm=0.7494, pi_std=0.074560, effC=12.20, Lvar=0.000000, Lvar_active=0.0000, scale/adh_std=1
Epoch [80/200], Average Loss: 0.154061
  Diagnostics: H_ent_norm=0.5177, H_maxp=0.5524, pi_ent_norm=0.7310, pi_std=0.079491, effC=11.59, Lvar=0.000000, Lvar_active=0.0000, scale/adh_std=1
Epoch [90/200], Average Loss: 0.140341
  Diagnostics: H_ent_norm=0.5115, H_maxp=0.5555, pi_ent_norm=0.7209, pi_std=0.081987, effC=11.21, Lvar=0.000000, Lvar_active=0.0000, scale/adh_std=1
Epoch [100/200], Average Loss: 0.128587
  Diagnostics: H_ent_norm=0.5122, H_maxp=0.5531, pi_ent_norm=0.7175, pi_std=0.083235, effC=11.06, Lvar=0.000000, Lvar_active=0.0000, scale/adh_std=1
Epoch [110/200], Average Loss: 0.120718
  Diagnostics: H_ent_norm=0.5111, H_maxp=0.5528, pi_ent_norm=0.7129, pi_std=0.084389, effC=10.88, Lvar=0.000000, Lvar_active=0.0000, scale/adh_std=1
Epoch [120/200], Average Loss: 0.113223
  Diagnostics: H_ent_norm=0.5163, H_maxp=0.5457, pi_ent_norm=0.7110, pi_std=0.085173, effC=10.82, Lvar=0.000000, Lvar_active=0.0000, scale/adh_std=1
Epoch [130/200], Average Loss: 0.106427
  Diagnostics: H_ent_norm=0.5162, H_maxp=0.5450, pi_ent_norm=0.7096, pi_std=0.085467, effC=10.76, Lvar=0.000000, Lvar_active=0.0000, scale/adh_std=1
Epoch [140/200], Average Loss: 0.100942
  Diagnostics: H_ent_norm=0.5175, H_maxp=0.5407, pi_ent_norm=0.7076, pi_std=0.086164, effC=10.70, Lvar=0.000000, Lvar_active=0.0000, scale/adh_std=1
Epoch [150/200], Average Loss: 0.094958
  Diagnostics: H_ent_norm=0.5157, H_maxp=0.5409, pi_ent_norm=0.7055, pi_std=0.086578, effC=10.62, Lvar=0.000000, Lvar_active=0.0000, scale/adh_std=1
Epoch [160/200], Average Loss: 0.090452
  Diagnostics: H_ent_norm=0.5155, H_maxp=0.5406, pi_ent_norm=0.7048, pi_std=0.086751, effC=10.59, Lvar=0.000000, Lvar_active=0.0000, scale/adh_std=1
Epoch [170/200], Average Loss: 0.088100
  Diagnostics: H_ent_norm=0.5182, H_maxp=0.5386, pi_ent_norm=0.7073, pi_std=0.086250, effC=10.65, Lvar=0.000000, Lvar_active=0.0000, scale/adh_std=1
Epoch [180/200], Average Loss: 0.083440
  Diagnostics: H_ent_norm=0.5149, H_maxp=0.5397, pi_ent_norm=0.7037, pi_std=0.087008, effC=10.54, Lvar=0.000000, Lvar_active=0.0000, scale/adh_std=1
Epoch [190/200], Average Loss: 0.081395
  Diagnostics: H_ent_norm=0.5120, H_maxp=0.5418, pi_ent_norm=0.7013, pi_std=0.087443, effC=10.47, Lvar=0.000000, Lvar_active=0.0000, scale/adh_std=1
Epoch [200/200], Average Loss: 0.078472
  Diagnostics: H_ent_norm=0.5188, H_maxp=0.5363, pi_ent_norm=0.7052, pi_std=0.086886, effC=10.59, Lvar=0.000000, Lvar_active=0.0000, scale/adh_std=1
训练完成！实际训练 200 个epochs

--- 评估阶段 ---
  Facebook: AUROC=0.5713, AUPRC=0.0362
  cora: AUROC=0.8038, AUPRC=0.2725
  citeseer: AUROC=0.8939, AUPRC=0.3978
  ACM: AUROC=0.7775, AUPRC=0.3584
  BlogCatalog: AUROC=0.7235, AUPRC=0.3227
  weibo: AUROC=0.6932, AUPRC=0.3052
  Reddit: AUROC=0.5878, AUPRC=0.0448
  Amazon: AUROC=0.7308, AUPRC=0.1326

--- 保存模型 ---
检查点已保存到: /autodl-fs/data/recap/tuning_hyperparams/interaction_tuning/results/interaction_entropy_v1/checkpoints/beta_recal__b0p005/recap/trial_2/model.pt
模型已保存到: /autodl-fs/data/recap/tuning_hyperparams/interaction_tuning/results/interaction_entropy_v1/checkpoints/beta_recal__b0p005/recap/trial_2/model.pt

======================================================================
聚合 3 次试验的结果
======================================================================

------------------------- Facebook -------------------------
AUROC: 0.5754 ± 0.0072
AUPRC: 0.0353 ± 0.0012

------------------------- cora -------------------------
AUROC: 0.8107 ± 0.0061
AUPRC: 0.3058 ± 0.0240

------------------------- citeseer -------------------------
AUROC: 0.8872 ± 0.0062
AUPRC: 0.3554 ± 0.0302

------------------------- ACM -------------------------
AUROC: 0.7828 ± 0.0045
AUPRC: 0.3609 ± 0.0019

------------------------- BlogCatalog -------------------------
AUROC: 0.7319 ± 0.0067
AUPRC: 0.3277 ± 0.0036

------------------------- weibo -------------------------
AUROC: 0.6937 ± 0.0053
AUPRC: 0.3152 ± 0.0087

------------------------- Reddit -------------------------
AUROC: 0.5824 ± 0.0041
AUPRC: 0.0456 ± 0.0006

------------------------- Amazon -------------------------
AUROC: 0.7356 ± 0.0048
AUPRC: 0.1349 ± 0.0036


======================================================================
训练完成！
所有模型已保存到: /autodl-fs/data/recap/tuning_hyperparams/interaction_tuning/results/interaction_entropy_v1/checkpoints/beta_recal__b0p005/recap/
======================================================================

