/root/miniconda3/lib/python3.12/site-packages/torch_geometric/__init__.py:4: UserWarning: An issue occurred while importing 'torch-scatter'. Disabling its usage. Stacktrace: Could not load this library: /root/miniconda3/lib/python3.12/site-packages/torch_scatter/_version_cuda.so
  import torch_geometric.typing
/root/miniconda3/lib/python3.12/site-packages/torch_geometric/__init__.py:4: UserWarning: An issue occurred while importing 'torch-cluster'. Disabling its usage. Stacktrace: Could not load this library: /root/miniconda3/lib/python3.12/site-packages/torch_cluster/_version_cuda.so
  import torch_geometric.typing
/root/miniconda3/lib/python3.12/site-packages/torch_geometric/__init__.py:4: UserWarning: An issue occurred while importing 'torch-spline-conv'. Disabling its usage. Stacktrace: Could not load this library: /root/miniconda3/lib/python3.12/site-packages/torch_spline_conv/_version_cuda.so
  import torch_geometric.typing
/root/miniconda3/lib/python3.12/site-packages/torch_geometric/__init__.py:4: UserWarning: An issue occurred while importing 'torch-sparse'. Disabling its usage. Stacktrace: Could not load this library: /root/miniconda3/lib/python3.12/site-packages/torch_sparse/_version_cuda.so
  import torch_geometric.typing
使用保存的最佳模型配置

======================================================================
recap 异常检测模型训练
======================================================================

📋 训练配置:
  device: cuda:0
  epochs: 200
  trials: 3
  seed: 0
  output_dir: /autodl-fs/data/recap/tuning_hyperparams/interaction_tuning/results/interaction_entropy_v1/checkpoints/comm__soft_break
  save_checkpoint: True
  early_stop: False
  patience: 30
  log_diagnostics: True
  diagnostics_interval: 10

🔧 模型配置:
  model: recap
  lr: 5e-05
  dropout_rate: 0.2
  h_feats: 256
  num_hops: 4
  weight_decay: 5e-05
  dims: 32
  num_layers: 2
  activation: ELU
  num_views: 1
  num_clusters: 28
  knn_k: 20
  cluster_lr_multiplier: 10.0
  tau_s: 0.05
  tau_c: 0.3
  cluster_init_gain: 1.5
  sim_block_size: 256
  knn_cache_enabled: True
  knn_cache_dir: /autodl-fs/data/recap/knn_cache
  knn_search_dtype: auto
  lambda_H: 0.35
  lambda_bal: 0.0
  lambda_E: 0.1
  lambda_usage_entropy: 0.35
  assignment_entropy_lower: 0.45
  assignment_entropy_upper: 0.85
  usage_entropy_lower: 0.65
  usage_entropy_upper: 0.9
  gamma: 0.1
  tau_e: 1.0
  beta: 0.02
  eps: 1e-08
  lambda_ortho: 0.35
  lambda_min_usage: 0.0
  lambda_diversity: 0.1
  min_cluster_ratio: 0.1

💾 保存设置:
  保存目录：/autodl-fs/data/recap/tuning_hyperparams/interaction_tuning/results/interaction_entropy_v1/checkpoints/comm__soft_break
  保存检查点：True
======================================================================


📊 使用指定的训练数据集: ['pubmed', 'Flickr', 'questions', 'YelpChi']

📊 使用指定的测试数据集: ['Facebook', 'cora', 'citeseer', 'ACM', 'BlogCatalog', 'weibo', 'Reddit', 'Amazon']
加载 4 个训练数据集: ['pubmed', 'Flickr', 'questions', 'YelpChi']
加载 8 个测试数据集: ['Facebook', 'cora', 'citeseer', 'ACM', 'BlogCatalog', 'weibo', 'Reddit', 'Amazon']
进行 4 跳特征传播...

======================================================================
Trial 0 开始训练 (seed=0)
======================================================================
🔧 模型初始化视图数: 1 (单视图模式)

--- 训练阶段 ---
开始训练，共 200 个epochs...
关闭early stopping，训练将跑满设定epochs
🔧 Assignment layer LR multiplier: 10 (base_lr=5e-05, assignment_lr=0.0005)
Epoch [1/200], Average Loss: 0.569517
  Diagnostics: H_ent_norm=0.8357, H_maxp=0.2047, pi_ent_norm=0.9926, pi_std=0.007607, effC=27.32, Lvar=0.000000, Lvar_active=0.0000, scale/adh_std=1
Epoch [10/200], Average Loss: 0.355675
  Diagnostics: H_ent_norm=0.6841, H_maxp=0.3801, pi_ent_norm=0.9073, pi_std=0.031474, effC=21.00, Lvar=0.000000, Lvar_active=0.0000, scale/adh_std=1
Epoch [20/200], Average Loss: 0.293233
  Diagnostics: H_ent_norm=0.6392, H_maxp=0.4288, pi_ent_norm=0.8732, pi_std=0.038782, effC=18.98, Lvar=0.000000, Lvar_active=0.0000, scale/adh_std=1
Epoch [30/200], Average Loss: 0.267317
  Diagnostics: H_ent_norm=0.6274, H_maxp=0.4431, pi_ent_norm=0.8588, pi_std=0.042829, effC=18.21, Lvar=0.000000, Lvar_active=0.0000, scale/adh_std=1
Epoch [40/200], Average Loss: 0.236725
  Diagnostics: H_ent_norm=0.6149, H_maxp=0.4597, pi_ent_norm=0.8366, pi_std=0.049236, effC=17.06, Lvar=0.000000, Lvar_active=0.0000, scale/adh_std=1
Epoch [50/200], Average Loss: 0.202595
  Diagnostics: H_ent_norm=0.6043, H_maxp=0.4790, pi_ent_norm=0.8181, pi_std=0.055989, effC=15.86, Lvar=0.000000, Lvar_active=0.0000, scale/adh_std=1
Epoch [60/200], Average Loss: 0.167612
  Diagnostics: H_ent_norm=0.5679, H_maxp=0.5205, pi_ent_norm=0.7808, pi_std=0.066623, effC=13.67, Lvar=0.000000, Lvar_active=0.0000, scale/adh_std=1
Epoch [70/200], Average Loss: 0.146976
  Diagnostics: H_ent_norm=0.5394, H_maxp=0.5414, pi_ent_norm=0.7486, pi_std=0.075435, effC=12.20, Lvar=0.000000, Lvar_active=0.0000, scale/adh_std=1
Epoch [80/200], Average Loss: 0.127682
  Diagnostics: H_ent_norm=0.5129, H_maxp=0.5491, pi_ent_norm=0.7199, pi_std=0.082354, effC=11.24, Lvar=0.000000, Lvar_active=0.0000, scale/adh_std=1
Epoch [90/200], Average Loss: 0.117915
  Diagnostics: H_ent_norm=0.5189, H_maxp=0.5410, pi_ent_norm=0.7198, pi_std=0.082872, effC=11.21, Lvar=0.000000, Lvar_active=0.0000, scale/adh_std=1
Epoch [100/200], Average Loss: 0.110547
  Diagnostics: H_ent_norm=0.5194, H_maxp=0.5390, pi_ent_norm=0.7172, pi_std=0.083542, effC=11.11, Lvar=0.000000, Lvar_active=0.0000, scale/adh_std=1
Epoch [110/200], Average Loss: 0.103939
  Diagnostics: H_ent_norm=0.5238, H_maxp=0.5328, pi_ent_norm=0.7186, pi_std=0.083312, effC=11.13, Lvar=0.000000, Lvar_active=0.0000, scale/adh_std=1
Epoch [120/200], Average Loss: 0.098659
  Diagnostics: H_ent_norm=0.5264, H_maxp=0.5267, pi_ent_norm=0.7187, pi_std=0.083226, effC=11.12, Lvar=0.000000, Lvar_active=0.0000, scale/adh_std=1
Epoch [130/200], Average Loss: 0.092736
  Diagnostics: H_ent_norm=0.5264, H_maxp=0.5244, pi_ent_norm=0.7172, pi_std=0.083443, effC=11.07, Lvar=0.000000, Lvar_active=0.0000, scale/adh_std=1
Epoch [140/200], Average Loss: 0.088763
  Diagnostics: H_ent_norm=0.5289, H_maxp=0.5184, pi_ent_norm=0.7185, pi_std=0.082955, effC=11.11, Lvar=0.000000, Lvar_active=0.0000, scale/adh_std=1
Epoch [150/200], Average Loss: 0.084037
  Diagnostics: H_ent_norm=0.5268, H_maxp=0.5145, pi_ent_norm=0.7175, pi_std=0.082653, effC=11.09, Lvar=0.000000, Lvar_active=0.0000, scale/adh_std=1
Epoch [160/200], Average Loss: 0.080648
  Diagnostics: H_ent_norm=0.5276, H_maxp=0.5085, pi_ent_norm=0.7191, pi_std=0.081857, effC=11.15, Lvar=0.000000, Lvar_active=0.0000, scale/adh_std=1
Epoch [170/200], Average Loss: 0.077127
  Diagnostics: H_ent_norm=0.5281, H_maxp=0.5037, pi_ent_norm=0.7200, pi_std=0.081298, effC=11.18, Lvar=0.000000, Lvar_active=0.0000, scale/adh_std=1
Epoch [180/200], Average Loss: 0.074870
  Diagnostics: H_ent_norm=0.5278, H_maxp=0.4986, pi_ent_norm=0.7196, pi_std=0.080933, effC=11.17, Lvar=0.000000, Lvar_active=0.0000, scale/adh_std=1
Epoch [190/200], Average Loss: 0.070774
  Diagnostics: H_ent_norm=0.5262, H_maxp=0.4966, pi_ent_norm=0.7184, pi_std=0.080844, effC=11.12, Lvar=0.000000, Lvar_active=0.0002, scale/adh_std=1
Epoch [200/200], Average Loss: 0.068822
  Diagnostics: H_ent_norm=0.5252, H_maxp=0.4947, pi_ent_norm=0.7178, pi_std=0.080685, effC=11.10, Lvar=0.000000, Lvar_active=0.0002, scale/adh_std=1
训练完成！实际训练 200 个epochs

--- 评估阶段 ---
  Facebook: AUROC=0.6063, AUPRC=0.0735
  cora: AUROC=0.8041, AUPRC=0.3129
  citeseer: AUROC=0.8808, AUPRC=0.2934
  ACM: AUROC=0.7673, AUPRC=0.3544
  BlogCatalog: AUROC=0.7165, AUPRC=0.3209
  weibo: AUROC=0.7253, AUPRC=0.3089
  Reddit: AUROC=0.5797, AUPRC=0.0459
  Amazon: AUROC=0.7532, AUPRC=0.1608

--- 保存模型 ---
检查点已保存到: /autodl-fs/data/recap/tuning_hyperparams/interaction_tuning/results/interaction_entropy_v1/checkpoints/comm__soft_break/recap/trial_0/model.pt
模型已保存到: /autodl-fs/data/recap/tuning_hyperparams/interaction_tuning/results/interaction_entropy_v1/checkpoints/comm__soft_break/recap/trial_0/model.pt

======================================================================
Trial 1 开始训练 (seed=1)
======================================================================
🔧 模型初始化视图数: 1 (单视图模式)

--- 训练阶段 ---
开始训练，共 200 个epochs...
关闭early stopping，训练将跑满设定epochs
🔧 Assignment layer LR multiplier: 10 (base_lr=5e-05, assignment_lr=0.0005)
Epoch [1/200], Average Loss: 0.572626
  Diagnostics: H_ent_norm=0.8339, H_maxp=0.2021, pi_ent_norm=0.9960, pi_std=0.005525, effC=27.63, Lvar=0.000001, Lvar_active=0.0002, scale/adh_std=1
Epoch [10/200], Average Loss: 0.384251
  Diagnostics: H_ent_norm=0.7119, H_maxp=0.3384, pi_ent_norm=0.9531, pi_std=0.019570, effC=24.08, Lvar=0.000001, Lvar_active=0.0002, scale/adh_std=1
Epoch [20/200], Average Loss: 0.323158
  Diagnostics: H_ent_norm=0.6489, H_maxp=0.4072, pi_ent_norm=0.9149, pi_std=0.028486, effC=21.43, Lvar=0.000001, Lvar_active=0.0002, scale/adh_std=1
Epoch [30/200], Average Loss: 0.282271
  Diagnostics: H_ent_norm=0.6336, H_maxp=0.4332, pi_ent_norm=0.8910, pi_std=0.036471, effC=19.87, Lvar=0.000002, Lvar_active=0.0002, scale/adh_std=1
Epoch [40/200], Average Loss: 0.221618
  Diagnostics: H_ent_norm=0.5938, H_maxp=0.4846, pi_ent_norm=0.8396, pi_std=0.052293, effC=16.71, Lvar=0.000002, Lvar_active=0.0002, scale/adh_std=1
Epoch [50/200], Average Loss: 0.186495
  Diagnostics: H_ent_norm=0.5551, H_maxp=0.5299, pi_ent_norm=0.7874, pi_std=0.065696, effC=13.89, Lvar=0.000003, Lvar_active=0.0002, scale/adh_std=1
Epoch [60/200], Average Loss: 0.157169
  Diagnostics: H_ent_norm=0.5253, H_maxp=0.5556, pi_ent_norm=0.7468, pi_std=0.075635, effC=12.19, Lvar=0.000003, Lvar_active=0.0002, scale/adh_std=1
Epoch [70/200], Average Loss: 0.141067
  Diagnostics: H_ent_norm=0.5121, H_maxp=0.5626, pi_ent_norm=0.7268, pi_std=0.080543, effC=11.53, Lvar=0.000003, Lvar_active=0.0002, scale/adh_std=1
Epoch [80/200], Average Loss: 0.129677
  Diagnostics: H_ent_norm=0.5193, H_maxp=0.5518, pi_ent_norm=0.7278, pi_std=0.081100, effC=11.54, Lvar=0.000003, Lvar_active=0.0002, scale/adh_std=1
Epoch [90/200], Average Loss: 0.119859
  Diagnostics: H_ent_norm=0.5211, H_maxp=0.5483, pi_ent_norm=0.7240, pi_std=0.082293, effC=11.38, Lvar=0.000003, Lvar_active=0.0002, scale/adh_std=1
Epoch [100/200], Average Loss: 0.112398
  Diagnostics: H_ent_norm=0.5173, H_maxp=0.5503, pi_ent_norm=0.7167, pi_std=0.083851, effC=11.11, Lvar=0.000003, Lvar_active=0.0002, scale/adh_std=1
Epoch [110/200], Average Loss: 0.105203
  Diagnostics: H_ent_norm=0.5209, H_maxp=0.5462, pi_ent_norm=0.7166, pi_std=0.084044, effC=11.07, Lvar=0.000003, Lvar_active=0.0002, scale/adh_std=1
Epoch [120/200], Average Loss: 0.100071
  Diagnostics: H_ent_norm=0.5218, H_maxp=0.5439, pi_ent_norm=0.7147, pi_std=0.084515, effC=10.99, Lvar=0.000003, Lvar_active=0.0002, scale/adh_std=1
Epoch [130/200], Average Loss: 0.095729
  Diagnostics: H_ent_norm=0.5201, H_maxp=0.5431, pi_ent_norm=0.7107, pi_std=0.085347, effC=10.85, Lvar=0.000003, Lvar_active=0.0002, scale/adh_std=1
Epoch [140/200], Average Loss: 0.090767
  Diagnostics: H_ent_norm=0.5225, H_maxp=0.5408, pi_ent_norm=0.7106, pi_std=0.085450, effC=10.83, Lvar=0.000003, Lvar_active=0.0002, scale/adh_std=1
Epoch [150/200], Average Loss: 0.086962
  Diagnostics: H_ent_norm=0.5247, H_maxp=0.5374, pi_ent_norm=0.7105, pi_std=0.085477, effC=10.82, Lvar=0.000003, Lvar_active=0.0002, scale/adh_std=1
Epoch [160/200], Average Loss: 0.083330
  Diagnostics: H_ent_norm=0.5251, H_maxp=0.5363, pi_ent_norm=0.7091, pi_std=0.085771, effC=10.77, Lvar=0.000003, Lvar_active=0.0002, scale/adh_std=1
Epoch [170/200], Average Loss: 0.080557
  Diagnostics: H_ent_norm=0.5217, H_maxp=0.5378, pi_ent_norm=0.7052, pi_std=0.086488, effC=10.64, Lvar=0.000003, Lvar_active=0.0002, scale/adh_std=1
Epoch [180/200], Average Loss: 0.077696
  Diagnostics: H_ent_norm=0.5205, H_maxp=0.5385, pi_ent_norm=0.7036, pi_std=0.086803, effC=10.58, Lvar=0.000003, Lvar_active=0.0002, scale/adh_std=1
Epoch [190/200], Average Loss: 0.075287
  Diagnostics: H_ent_norm=0.5168, H_maxp=0.5404, pi_ent_norm=0.7000, pi_std=0.087426, effC=10.47, Lvar=0.000003, Lvar_active=0.0002, scale/adh_std=1
Epoch [200/200], Average Loss: 0.072807
  Diagnostics: H_ent_norm=0.5187, H_maxp=0.5382, pi_ent_norm=0.7014, pi_std=0.087133, effC=10.51, Lvar=0.000003, Lvar_active=0.0002, scale/adh_std=1
训练完成！实际训练 200 个epochs

--- 评估阶段 ---
  Facebook: AUROC=0.5504, AUPRC=0.0297
  cora: AUROC=0.8103, AUPRC=0.2635
  citeseer: AUROC=0.8712, AUPRC=0.2946
  ACM: AUROC=0.7735, AUPRC=0.3537
  BlogCatalog: AUROC=0.7136, AUPRC=0.3091
  weibo: AUROC=0.7000, AUPRC=0.3154
  Reddit: AUROC=0.5718, AUPRC=0.0457
  Amazon: AUROC=0.7418, AUPRC=0.1399

--- 保存模型 ---
检查点已保存到: /autodl-fs/data/recap/tuning_hyperparams/interaction_tuning/results/interaction_entropy_v1/checkpoints/comm__soft_break/recap/trial_1/model.pt
模型已保存到: /autodl-fs/data/recap/tuning_hyperparams/interaction_tuning/results/interaction_entropy_v1/checkpoints/comm__soft_break/recap/trial_1/model.pt

======================================================================
Trial 2 开始训练 (seed=2)
======================================================================
🔧 模型初始化视图数: 1 (单视图模式)

--- 训练阶段 ---
开始训练，共 200 个epochs...
关闭early stopping，训练将跑满设定epochs
🔧 Assignment layer LR multiplier: 10 (base_lr=5e-05, assignment_lr=0.0005)
Epoch [1/200], Average Loss: 0.562563
  Diagnostics: H_ent_norm=0.8415, H_maxp=0.1992, pi_ent_norm=0.9930, pi_std=0.007291, effC=27.36, Lvar=0.000000, Lvar_active=0.0000, scale/adh_std=1
Epoch [10/200], Average Loss: 0.370383
  Diagnostics: H_ent_norm=0.7106, H_maxp=0.3454, pi_ent_norm=0.9307, pi_std=0.025804, effC=22.48, Lvar=0.000000, Lvar_active=0.0000, scale/adh_std=1
Epoch [20/200], Average Loss: 0.312331
  Diagnostics: H_ent_norm=0.6517, H_maxp=0.4081, pi_ent_norm=0.8875, pi_std=0.035667, effC=19.82, Lvar=0.000000, Lvar_active=0.0000, scale/adh_std=1
Epoch [30/200], Average Loss: 0.283262
  Diagnostics: H_ent_norm=0.6484, H_maxp=0.4148, pi_ent_norm=0.8733, pi_std=0.040633, effC=19.00, Lvar=0.000000, Lvar_active=0.0000, scale/adh_std=1
Epoch [40/200], Average Loss: 0.251630
  Diagnostics: H_ent_norm=0.6280, H_maxp=0.4387, pi_ent_norm=0.8493, pi_std=0.046852, effC=17.70, Lvar=0.000000, Lvar_active=0.0000, scale/adh_std=1
Epoch [50/200], Average Loss: 0.223412
  Diagnostics: H_ent_norm=0.6089, H_maxp=0.4636, pi_ent_norm=0.8246, pi_std=0.054054, effC=16.31, Lvar=0.000000, Lvar_active=0.0000, scale/adh_std=1
Epoch [60/200], Average Loss: 0.174533
  Diagnostics: H_ent_norm=0.5779, H_maxp=0.5021, pi_ent_norm=0.7848, pi_std=0.065647, effC=13.94, Lvar=0.000000, Lvar_active=0.0000, scale/adh_std=1
Epoch [70/200], Average Loss: 0.153929
  Diagnostics: H_ent_norm=0.5523, H_maxp=0.5273, pi_ent_norm=0.7544, pi_std=0.073207, effC=12.44, Lvar=0.000000, Lvar_active=0.0000, scale/adh_std=1
Epoch [80/200], Average Loss: 0.134413
  Diagnostics: H_ent_norm=0.5315, H_maxp=0.5406, pi_ent_norm=0.7294, pi_std=0.079905, effC=11.43, Lvar=0.000000, Lvar_active=0.0000, scale/adh_std=1
Epoch [90/200], Average Loss: 0.118546
  Diagnostics: H_ent_norm=0.5181, H_maxp=0.5424, pi_ent_norm=0.7119, pi_std=0.084631, effC=10.90, Lvar=0.000000, Lvar_active=0.0000, scale/adh_std=1
Epoch [100/200], Average Loss: 0.108552
  Diagnostics: H_ent_norm=0.5232, H_maxp=0.5358, pi_ent_norm=0.7123, pi_std=0.084897, effC=10.89, Lvar=0.000000, Lvar_active=0.0000, scale/adh_std=1
Epoch [110/200], Average Loss: 0.100980
  Diagnostics: H_ent_norm=0.5205, H_maxp=0.5348, pi_ent_norm=0.7070, pi_std=0.086084, effC=10.71, Lvar=0.000000, Lvar_active=0.0000, scale/adh_std=1
Epoch [120/200], Average Loss: 0.095285
  Diagnostics: H_ent_norm=0.5212, H_maxp=0.5330, pi_ent_norm=0.7058, pi_std=0.086397, effC=10.66, Lvar=0.000000, Lvar_active=0.0000, scale/adh_std=1
Epoch [130/200], Average Loss: 0.090525
  Diagnostics: H_ent_norm=0.5190, H_maxp=0.5332, pi_ent_norm=0.7031, pi_std=0.086881, effC=10.56, Lvar=0.000000, Lvar_active=0.0000, scale/adh_std=1
Epoch [140/200], Average Loss: 0.085707
  Diagnostics: H_ent_norm=0.5188, H_maxp=0.5323, pi_ent_norm=0.7023, pi_std=0.087025, effC=10.53, Lvar=0.000000, Lvar_active=0.0000, scale/adh_std=1
Epoch [150/200], Average Loss: 0.082322
  Diagnostics: H_ent_norm=0.5187, H_maxp=0.5322, pi_ent_norm=0.7008, pi_std=0.087468, effC=10.49, Lvar=0.000000, Lvar_active=0.0000, scale/adh_std=1
Epoch [160/200], Average Loss: 0.079426
  Diagnostics: H_ent_norm=0.5189, H_maxp=0.5308, pi_ent_norm=0.7007, pi_std=0.087465, effC=10.48, Lvar=0.000000, Lvar_active=0.0000, scale/adh_std=1
Epoch [170/200], Average Loss: 0.077125
  Diagnostics: H_ent_norm=0.5216, H_maxp=0.5291, pi_ent_norm=0.7024, pi_std=0.087257, effC=10.53, Lvar=0.000000, Lvar_active=0.0002, scale/adh_std=1
Epoch [180/200], Average Loss: 0.073583
  Diagnostics: H_ent_norm=0.5207, H_maxp=0.5261, pi_ent_norm=0.6995, pi_std=0.087782, effC=10.45, Lvar=0.000000, Lvar_active=0.0002, scale/adh_std=1
Epoch [190/200], Average Loss: 0.071251
  Diagnostics: H_ent_norm=0.5223, H_maxp=0.5208, pi_ent_norm=0.6991, pi_std=0.087815, effC=10.44, Lvar=0.000001, Lvar_active=0.0002, scale/adh_std=1
Epoch [200/200], Average Loss: 0.068391
  Diagnostics: H_ent_norm=0.5205, H_maxp=0.5207, pi_ent_norm=0.6978, pi_std=0.087968, effC=10.39, Lvar=0.000001, Lvar_active=0.0002, scale/adh_std=1
训练完成！实际训练 200 个epochs

--- 评估阶段 ---
  Facebook: AUROC=0.6007, AUPRC=0.0551
  cora: AUROC=0.8052, AUPRC=0.2923
  citeseer: AUROC=0.8809, AUPRC=0.3358
  ACM: AUROC=0.7679, AUPRC=0.3566
  BlogCatalog: AUROC=0.7241, AUPRC=0.3116
  weibo: AUROC=0.7026, AUPRC=0.3162
  Reddit: AUROC=0.5803, AUPRC=0.0442
  Amazon: AUROC=0.7211, AUPRC=0.1284

--- 保存模型 ---
检查点已保存到: /autodl-fs/data/recap/tuning_hyperparams/interaction_tuning/results/interaction_entropy_v1/checkpoints/comm__soft_break/recap/trial_2/model.pt
模型已保存到: /autodl-fs/data/recap/tuning_hyperparams/interaction_tuning/results/interaction_entropy_v1/checkpoints/comm__soft_break/recap/trial_2/model.pt

======================================================================
聚合 3 次试验的结果
======================================================================

------------------------- Facebook -------------------------
AUROC: 0.5858 ± 0.0251
AUPRC: 0.0528 ± 0.0179

------------------------- cora -------------------------
AUROC: 0.8065 ± 0.0027
AUPRC: 0.2896 ± 0.0203

------------------------- citeseer -------------------------
AUROC: 0.8776 ± 0.0046
AUPRC: 0.3080 ± 0.0197

------------------------- ACM -------------------------
AUROC: 0.7696 ± 0.0028
AUPRC: 0.3549 ± 0.0012

------------------------- BlogCatalog -------------------------
AUROC: 0.7180 ± 0.0044
AUPRC: 0.3139 ± 0.0051

------------------------- weibo -------------------------
AUROC: 0.7093 ± 0.0113
AUPRC: 0.3135 ± 0.0033

------------------------- Reddit -------------------------
AUROC: 0.5773 ± 0.0039
AUPRC: 0.0453 ± 0.0007

------------------------- Amazon -------------------------
AUROC: 0.7387 ± 0.0133
AUPRC: 0.1430 ± 0.0134


======================================================================
训练完成！
所有模型已保存到: /autodl-fs/data/recap/tuning_hyperparams/interaction_tuning/results/interaction_entropy_v1/checkpoints/comm__soft_break/recap/
======================================================================

