/root/miniconda3/lib/python3.12/site-packages/torch_geometric/__init__.py:4: UserWarning: An issue occurred while importing 'torch-scatter'. Disabling its usage. Stacktrace: Could not load this library: /root/miniconda3/lib/python3.12/site-packages/torch_scatter/_version_cuda.so
  import torch_geometric.typing
/root/miniconda3/lib/python3.12/site-packages/torch_geometric/__init__.py:4: UserWarning: An issue occurred while importing 'torch-cluster'. Disabling its usage. Stacktrace: Could not load this library: /root/miniconda3/lib/python3.12/site-packages/torch_cluster/_version_cuda.so
  import torch_geometric.typing
/root/miniconda3/lib/python3.12/site-packages/torch_geometric/__init__.py:4: UserWarning: An issue occurred while importing 'torch-spline-conv'. Disabling its usage. Stacktrace: Could not load this library: /root/miniconda3/lib/python3.12/site-packages/torch_spline_conv/_version_cuda.so
  import torch_geometric.typing
/root/miniconda3/lib/python3.12/site-packages/torch_geometric/__init__.py:4: UserWarning: An issue occurred while importing 'torch-sparse'. Disabling its usage. Stacktrace: Could not load this library: /root/miniconda3/lib/python3.12/site-packages/torch_sparse/_version_cuda.so
  import torch_geometric.typing
使用保存的最佳模型配置

======================================================================
recap 异常检测模型训练
======================================================================

📋 训练配置:
  device: cuda:0
  epochs: 200
  trials: 3
  seed: 0
  output_dir: /autodl-fs/data/recap/tuning_hyperparams/interaction_tuning/results/interaction_entropy_v1/checkpoints/comm__gain2_hard_assign
  save_checkpoint: True
  early_stop: False
  patience: 30
  log_diagnostics: True
  diagnostics_interval: 10

🔧 模型配置:
  model: recap
  lr: 5e-05
  dropout_rate: 0.2
  h_feats: 256
  num_hops: 4
  weight_decay: 5e-05
  dims: 32
  num_layers: 2
  activation: ELU
  num_views: 1
  num_clusters: 28
  knn_k: 20
  cluster_lr_multiplier: 10.0
  tau_s: 0.05
  tau_c: 0.3
  cluster_init_gain: 2.0
  sim_block_size: 256
  knn_cache_enabled: True
  knn_cache_dir: /autodl-fs/data/recap/knn_cache
  knn_search_dtype: auto
  lambda_H: 0.35
  lambda_bal: 0.0
  lambda_E: 0.1
  lambda_usage_entropy: 0.5
  assignment_entropy_lower: 0.35
  assignment_entropy_upper: 0.8
  usage_entropy_lower: 0.65
  usage_entropy_upper: 0.9
  gamma: 0.1
  tau_e: 1.0
  beta: 0.02
  eps: 1e-08
  lambda_ortho: 0.35
  lambda_min_usage: 0.0
  lambda_diversity: 0.1
  min_cluster_ratio: 0.1

💾 保存设置:
  保存目录：/autodl-fs/data/recap/tuning_hyperparams/interaction_tuning/results/interaction_entropy_v1/checkpoints/comm__gain2_hard_assign
  保存检查点：True
======================================================================


📊 使用指定的训练数据集: ['pubmed', 'Flickr', 'questions', 'YelpChi']

📊 使用指定的测试数据集: ['Facebook', 'cora', 'citeseer', 'ACM', 'BlogCatalog', 'weibo', 'Reddit', 'Amazon']
加载 4 个训练数据集: ['pubmed', 'Flickr', 'questions', 'YelpChi']
加载 8 个测试数据集: ['Facebook', 'cora', 'citeseer', 'ACM', 'BlogCatalog', 'weibo', 'Reddit', 'Amazon']
进行 4 跳特征传播...

======================================================================
Trial 0 开始训练 (seed=0)
======================================================================
🔧 模型初始化视图数: 1 (单视图模式)

--- 训练阶段 ---
开始训练，共 200 个epochs...
关闭early stopping，训练将跑满设定epochs
🔧 Assignment layer LR multiplier: 10 (base_lr=5e-05, assignment_lr=0.0005)
Epoch [1/200], Average Loss: 0.648527
  Diagnostics: H_ent_norm=0.7640, H_maxp=0.2673, pi_ent_norm=0.9869, pi_std=0.010177, effC=26.81, Lvar=0.000000, Lvar_active=0.0000, scale/adh_std=1
Epoch [10/200], Average Loss: 0.387456
  Diagnostics: H_ent_norm=0.5766, H_maxp=0.4744, pi_ent_norm=0.8638, pi_std=0.038911, effC=18.48, Lvar=0.000000, Lvar_active=0.0000, scale/adh_std=1
Epoch [20/200], Average Loss: 0.315689
  Diagnostics: H_ent_norm=0.5223, H_maxp=0.5371, pi_ent_norm=0.8027, pi_std=0.050251, effC=15.54, Lvar=0.000000, Lvar_active=0.0000, scale/adh_std=1
Epoch [30/200], Average Loss: 0.266057
  Diagnostics: H_ent_norm=0.5067, H_maxp=0.5650, pi_ent_norm=0.7778, pi_std=0.057468, effC=14.01, Lvar=0.000000, Lvar_active=0.0000, scale/adh_std=1
Epoch [40/200], Average Loss: 0.219767
  Diagnostics: H_ent_norm=0.4785, H_maxp=0.6020, pi_ent_norm=0.7416, pi_std=0.067383, effC=12.08, Lvar=0.000000, Lvar_active=0.0000, scale/adh_std=1
Epoch [50/200], Average Loss: 0.191933
  Diagnostics: H_ent_norm=0.4442, H_maxp=0.6366, pi_ent_norm=0.7012, pi_std=0.077188, effC=10.43, Lvar=0.000000, Lvar_active=0.0000, scale/adh_std=1
Epoch [60/200], Average Loss: 0.169781
  Diagnostics: H_ent_norm=0.4218, H_maxp=0.6568, pi_ent_norm=0.6693, pi_std=0.084717, effC=9.39, Lvar=0.000000, Lvar_active=0.0000, scale/adh_std=1
Epoch [70/200], Average Loss: 0.155750
  Diagnostics: H_ent_norm=0.4281, H_maxp=0.6534, pi_ent_norm=0.6665, pi_std=0.085383, effC=9.29, Lvar=0.000000, Lvar_active=0.0000, scale/adh_std=1
Epoch [80/200], Average Loss: 0.144710
  Diagnostics: H_ent_norm=0.4267, H_maxp=0.6550, pi_ent_norm=0.6595, pi_std=0.086835, effC=9.08, Lvar=0.000000, Lvar_active=0.0000, scale/adh_std=1
Epoch [90/200], Average Loss: 0.135521
  Diagnostics: H_ent_norm=0.4298, H_maxp=0.6525, pi_ent_norm=0.6594, pi_std=0.087275, effC=9.07, Lvar=0.000000, Lvar_active=0.0000, scale/adh_std=1
Epoch [100/200], Average Loss: 0.129528
  Diagnostics: H_ent_norm=0.4317, H_maxp=0.6511, pi_ent_norm=0.6589, pi_std=0.087601, effC=9.06, Lvar=0.000000, Lvar_active=0.0000, scale/adh_std=1
Epoch [110/200], Average Loss: 0.124261
  Diagnostics: H_ent_norm=0.4306, H_maxp=0.6511, pi_ent_norm=0.6571, pi_std=0.088106, effC=9.00, Lvar=0.000000, Lvar_active=0.0000, scale/adh_std=1
Epoch [120/200], Average Loss: 0.118433
  Diagnostics: H_ent_norm=0.4323, H_maxp=0.6485, pi_ent_norm=0.6578, pi_std=0.088295, effC=9.02, Lvar=0.000000, Lvar_active=0.0000, scale/adh_std=1
Epoch [130/200], Average Loss: 0.114869
  Diagnostics: H_ent_norm=0.4346, H_maxp=0.6457, pi_ent_norm=0.6588, pi_std=0.088174, effC=9.05, Lvar=0.000000, Lvar_active=0.0000, scale/adh_std=1
Epoch [140/200], Average Loss: 0.110944
  Diagnostics: H_ent_norm=0.4348, H_maxp=0.6433, pi_ent_norm=0.6585, pi_std=0.088426, effC=9.04, Lvar=0.000000, Lvar_active=0.0000, scale/adh_std=1
Epoch [150/200], Average Loss: 0.107610
  Diagnostics: H_ent_norm=0.4402, H_maxp=0.6367, pi_ent_norm=0.6632, pi_std=0.087678, effC=9.18, Lvar=0.000000, Lvar_active=0.0000, scale/adh_std=1
Epoch [160/200], Average Loss: 0.103039
  Diagnostics: H_ent_norm=0.4380, H_maxp=0.6336, pi_ent_norm=0.6611, pi_std=0.088130, effC=9.11, Lvar=0.000000, Lvar_active=0.0000, scale/adh_std=1
Epoch [170/200], Average Loss: 0.098307
  Diagnostics: H_ent_norm=0.4504, H_maxp=0.5908, pi_ent_norm=0.6705, pi_std=0.086990, effC=9.41, Lvar=0.000000, Lvar_active=0.0000, scale/adh_std=1
Epoch [180/200], Average Loss: 0.090437
  Diagnostics: H_ent_norm=0.4690, H_maxp=0.5586, pi_ent_norm=0.6805, pi_std=0.086618, effC=9.73, Lvar=0.000000, Lvar_active=0.0000, scale/adh_std=1
Epoch [190/200], Average Loss: 0.085090
  Diagnostics: H_ent_norm=0.4747, H_maxp=0.5514, pi_ent_norm=0.6826, pi_std=0.086656, effC=9.80, Lvar=0.000000, Lvar_active=0.0002, scale/adh_std=1
Epoch [200/200], Average Loss: 0.081271
  Diagnostics: H_ent_norm=0.4773, H_maxp=0.5480, pi_ent_norm=0.6836, pi_std=0.086554, effC=9.83, Lvar=0.000000, Lvar_active=0.0002, scale/adh_std=1
训练完成！实际训练 200 个epochs

--- 评估阶段 ---
  Facebook: AUROC=0.5733, AUPRC=0.0326
  cora: AUROC=0.8133, AUPRC=0.3274
  citeseer: AUROC=0.8930, AUPRC=0.3376
  ACM: AUROC=0.7826, AUPRC=0.3594
  BlogCatalog: AUROC=0.7328, AUPRC=0.3153
  weibo: AUROC=0.7193, AUPRC=0.3201
  Reddit: AUROC=0.5816, AUPRC=0.0462
  Amazon: AUROC=0.7501, AUPRC=0.1409

--- 保存模型 ---
检查点已保存到: /autodl-fs/data/recap/tuning_hyperparams/interaction_tuning/results/interaction_entropy_v1/checkpoints/comm__gain2_hard_assign/recap/trial_0/model.pt
模型已保存到: /autodl-fs/data/recap/tuning_hyperparams/interaction_tuning/results/interaction_entropy_v1/checkpoints/comm__gain2_hard_assign/recap/trial_0/model.pt

======================================================================
Trial 1 开始训练 (seed=1)
======================================================================
🔧 模型初始化视图数: 1 (单视图模式)

--- 训练阶段 ---
开始训练，共 200 个epochs...
关闭early stopping，训练将跑满设定epochs
🔧 Assignment layer LR multiplier: 10 (base_lr=5e-05, assignment_lr=0.0005)
Epoch [1/200], Average Loss: 0.653973
  Diagnostics: H_ent_norm=0.7630, H_maxp=0.2632, pi_ent_norm=0.9927, pi_std=0.007425, effC=27.33, Lvar=0.000001, Lvar_active=0.0002, scale/adh_std=1
Epoch [10/200], Average Loss: 0.439992
  Diagnostics: H_ent_norm=0.6153, H_maxp=0.4211, pi_ent_norm=0.9272, pi_std=0.024538, effC=22.25, Lvar=0.000001, Lvar_active=0.0002, scale/adh_std=1
Epoch [20/200], Average Loss: 0.365711
  Diagnostics: H_ent_norm=0.5676, H_maxp=0.4755, pi_ent_norm=0.8874, pi_std=0.033232, effC=19.74, Lvar=0.000001, Lvar_active=0.0002, scale/adh_std=1
Epoch [30/200], Average Loss: 0.317879
  Diagnostics: H_ent_norm=0.5520, H_maxp=0.5003, pi_ent_norm=0.8626, pi_std=0.041174, effC=18.19, Lvar=0.000002, Lvar_active=0.0002, scale/adh_std=1
Epoch [40/200], Average Loss: 0.240241
  Diagnostics: H_ent_norm=0.4986, H_maxp=0.5699, pi_ent_norm=0.7900, pi_std=0.061263, effC=14.07, Lvar=0.000002, Lvar_active=0.0002, scale/adh_std=1
Epoch [50/200], Average Loss: 0.195291
  Diagnostics: H_ent_norm=0.4498, H_maxp=0.6234, pi_ent_norm=0.7164, pi_std=0.077216, effC=11.01, Lvar=0.000003, Lvar_active=0.0002, scale/adh_std=1
Epoch [60/200], Average Loss: 0.169997
  Diagnostics: H_ent_norm=0.4349, H_maxp=0.6405, pi_ent_norm=0.6858, pi_std=0.082716, effC=9.98, Lvar=0.000003, Lvar_active=0.0002, scale/adh_std=1
Epoch [70/200], Average Loss: 0.158078
  Diagnostics: H_ent_norm=0.4329, H_maxp=0.6447, pi_ent_norm=0.6754, pi_std=0.084664, effC=9.65, Lvar=0.000003, Lvar_active=0.0002, scale/adh_std=1
Epoch [80/200], Average Loss: 0.145993
  Diagnostics: H_ent_norm=0.4319, H_maxp=0.6473, pi_ent_norm=0.6681, pi_std=0.085935, effC=9.41, Lvar=0.000003, Lvar_active=0.0002, scale/adh_std=1
Epoch [90/200], Average Loss: 0.138702
  Diagnostics: H_ent_norm=0.4332, H_maxp=0.6474, pi_ent_norm=0.6650, pi_std=0.086406, effC=9.31, Lvar=0.000003, Lvar_active=0.0002, scale/adh_std=1
Epoch [100/200], Average Loss: 0.131870
  Diagnostics: H_ent_norm=0.4331, H_maxp=0.6474, pi_ent_norm=0.6639, pi_std=0.086691, effC=9.27, Lvar=0.000003, Lvar_active=0.0002, scale/adh_std=1
Epoch [110/200], Average Loss: 0.126601
  Diagnostics: H_ent_norm=0.4380, H_maxp=0.6426, pi_ent_norm=0.6670, pi_std=0.086376, effC=9.36, Lvar=0.000003, Lvar_active=0.0002, scale/adh_std=1
Epoch [120/200], Average Loss: 0.122718
  Diagnostics: H_ent_norm=0.4302, H_maxp=0.6487, pi_ent_norm=0.6603, pi_std=0.087558, effC=9.15, Lvar=0.000004, Lvar_active=0.0002, scale/adh_std=1
Epoch [130/200], Average Loss: 0.117775
  Diagnostics: H_ent_norm=0.4408, H_maxp=0.6374, pi_ent_norm=0.6690, pi_std=0.086357, effC=9.40, Lvar=0.000004, Lvar_active=0.0002, scale/adh_std=1
Epoch [140/200], Average Loss: 0.114330
  Diagnostics: H_ent_norm=0.4337, H_maxp=0.6444, pi_ent_norm=0.6627, pi_std=0.087131, effC=9.21, Lvar=0.000004, Lvar_active=0.0002, scale/adh_std=1
Epoch [150/200], Average Loss: 0.110199
  Diagnostics: H_ent_norm=0.4349, H_maxp=0.6411, pi_ent_norm=0.6636, pi_std=0.087142, effC=9.23, Lvar=0.000004, Lvar_active=0.0002, scale/adh_std=1
Epoch [160/200], Average Loss: 0.107300
  Diagnostics: H_ent_norm=0.4403, H_maxp=0.6287, pi_ent_norm=0.6683, pi_std=0.086326, effC=9.37, Lvar=0.000004, Lvar_active=0.0002, scale/adh_std=1
Epoch [170/200], Average Loss: 0.102648
  Diagnostics: H_ent_norm=0.4380, H_maxp=0.6189, pi_ent_norm=0.6658, pi_std=0.086389, effC=9.29, Lvar=0.000004, Lvar_active=0.0002, scale/adh_std=1
Epoch [180/200], Average Loss: 0.098811
  Diagnostics: H_ent_norm=0.4358, H_maxp=0.6031, pi_ent_norm=0.6623, pi_std=0.086993, effC=9.19, Lvar=0.000004, Lvar_active=0.0002, scale/adh_std=1
Epoch [190/200], Average Loss: 0.094531
  Diagnostics: H_ent_norm=0.4428, H_maxp=0.6006, pi_ent_norm=0.6674, pi_std=0.086590, effC=9.34, Lvar=0.000004, Lvar_active=0.0002, scale/adh_std=1
Epoch [200/200], Average Loss: 0.091592
  Diagnostics: H_ent_norm=0.4432, H_maxp=0.5924, pi_ent_norm=0.6669, pi_std=0.086756, effC=9.33, Lvar=0.000004, Lvar_active=0.0002, scale/adh_std=1
训练完成！实际训练 200 个epochs

--- 评估阶段 ---
  Facebook: AUROC=0.5747, AUPRC=0.0344
  cora: AUROC=0.8180, AUPRC=0.3078
  citeseer: AUROC=0.8868, AUPRC=0.3578
  ACM: AUROC=0.7755, AUPRC=0.3614
  BlogCatalog: AUROC=0.7267, AUPRC=0.3217
  weibo: AUROC=0.7784, AUPRC=0.3261
  Reddit: AUROC=0.5735, AUPRC=0.0450
  Amazon: AUROC=0.7289, AUPRC=0.1329

--- 保存模型 ---
检查点已保存到: /autodl-fs/data/recap/tuning_hyperparams/interaction_tuning/results/interaction_entropy_v1/checkpoints/comm__gain2_hard_assign/recap/trial_1/model.pt
模型已保存到: /autodl-fs/data/recap/tuning_hyperparams/interaction_tuning/results/interaction_entropy_v1/checkpoints/comm__gain2_hard_assign/recap/trial_1/model.pt

======================================================================
Trial 2 开始训练 (seed=2)
======================================================================
🔧 模型初始化视图数: 1 (单视图模式)

--- 训练阶段 ---
开始训练，共 200 个epochs...
关闭early stopping，训练将跑满设定epochs
🔧 Assignment layer LR multiplier: 10 (base_lr=5e-05, assignment_lr=0.0005)
Epoch [1/200], Average Loss: 0.642984
  Diagnostics: H_ent_norm=0.7699, H_maxp=0.2615, pi_ent_norm=0.9880, pi_std=0.009556, effC=26.91, Lvar=0.000000, Lvar_active=0.0000, scale/adh_std=1
Epoch [10/200], Average Loss: 0.423485
  Diagnostics: H_ent_norm=0.6036, H_maxp=0.4341, pi_ent_norm=0.9088, pi_std=0.028019, effC=21.04, Lvar=0.000000, Lvar_active=0.0000, scale/adh_std=1
Epoch [20/200], Average Loss: 0.367367
  Diagnostics: H_ent_norm=0.5614, H_maxp=0.4805, pi_ent_norm=0.8791, pi_std=0.034545, effC=19.27, Lvar=0.000000, Lvar_active=0.0000, scale/adh_std=1
Epoch [30/200], Average Loss: 0.329688
  Diagnostics: H_ent_norm=0.5430, H_maxp=0.5073, pi_ent_norm=0.8604, pi_std=0.039759, effC=18.14, Lvar=0.000000, Lvar_active=0.0000, scale/adh_std=1
Epoch [40/200], Average Loss: 0.256356
  Diagnostics: H_ent_norm=0.4969, H_maxp=0.5687, pi_ent_norm=0.8103, pi_std=0.055452, effC=15.01, Lvar=0.000000, Lvar_active=0.0000, scale/adh_std=1
Epoch [50/200], Average Loss: 0.215083
  Diagnostics: H_ent_norm=0.4528, H_maxp=0.6168, pi_ent_norm=0.7477, pi_std=0.071250, effC=12.11, Lvar=0.000000, Lvar_active=0.0000, scale/adh_std=1
Epoch [60/200], Average Loss: 0.183850
  Diagnostics: H_ent_norm=0.4349, H_maxp=0.6319, pi_ent_norm=0.7051, pi_std=0.081206, effC=10.59, Lvar=0.000000, Lvar_active=0.0000, scale/adh_std=1
Epoch [70/200], Average Loss: 0.164189
  Diagnostics: H_ent_norm=0.4276, H_maxp=0.6401, pi_ent_norm=0.6805, pi_std=0.085369, effC=9.71, Lvar=0.000000, Lvar_active=0.0000, scale/adh_std=1
Epoch [80/200], Average Loss: 0.146221
  Diagnostics: H_ent_norm=0.4230, H_maxp=0.6449, pi_ent_norm=0.6624, pi_std=0.088195, effC=9.13, Lvar=0.000000, Lvar_active=0.0000, scale/adh_std=1
Epoch [90/200], Average Loss: 0.137196
  Diagnostics: H_ent_norm=0.4223, H_maxp=0.6480, pi_ent_norm=0.6543, pi_std=0.089451, effC=8.88, Lvar=0.000000, Lvar_active=0.0000, scale/adh_std=1
Epoch [100/200], Average Loss: 0.129427
  Diagnostics: H_ent_norm=0.4260, H_maxp=0.6446, pi_ent_norm=0.6542, pi_std=0.089832, effC=8.87, Lvar=0.000000, Lvar_active=0.0000, scale/adh_std=1
Epoch [110/200], Average Loss: 0.124779
  Diagnostics: H_ent_norm=0.4283, H_maxp=0.6425, pi_ent_norm=0.6549, pi_std=0.089892, effC=8.89, Lvar=0.000000, Lvar_active=0.0000, scale/adh_std=1
Epoch [120/200], Average Loss: 0.118571
  Diagnostics: H_ent_norm=0.4252, H_maxp=0.6451, pi_ent_norm=0.6518, pi_std=0.090379, effC=8.80, Lvar=0.000000, Lvar_active=0.0000, scale/adh_std=1
Epoch [130/200], Average Loss: 0.114405
  Diagnostics: H_ent_norm=0.4265, H_maxp=0.6439, pi_ent_norm=0.6526, pi_std=0.090194, effC=8.82, Lvar=0.000000, Lvar_active=0.0000, scale/adh_std=1
Epoch [140/200], Average Loss: 0.112282
  Diagnostics: H_ent_norm=0.4352, H_maxp=0.6343, pi_ent_norm=0.6591, pi_std=0.089549, effC=9.01, Lvar=0.000000, Lvar_active=0.0000, scale/adh_std=1
Epoch [150/200], Average Loss: 0.107644
  Diagnostics: H_ent_norm=0.4267, H_maxp=0.6428, pi_ent_norm=0.6518, pi_std=0.090332, effC=8.80, Lvar=0.000000, Lvar_active=0.0000, scale/adh_std=1
Epoch [160/200], Average Loss: 0.104762
  Diagnostics: H_ent_norm=0.4373, H_maxp=0.6315, pi_ent_norm=0.6604, pi_std=0.089382, effC=9.05, Lvar=0.000000, Lvar_active=0.0000, scale/adh_std=1
Epoch [170/200], Average Loss: 0.102655
  Diagnostics: H_ent_norm=0.4469, H_maxp=0.6184, pi_ent_norm=0.6671, pi_std=0.088930, effC=9.26, Lvar=0.000000, Lvar_active=0.0000, scale/adh_std=1
Epoch [180/200], Average Loss: 0.098298
  Diagnostics: H_ent_norm=0.4474, H_maxp=0.6106, pi_ent_norm=0.6677, pi_std=0.088871, effC=9.28, Lvar=0.000000, Lvar_active=0.0000, scale/adh_std=1
Epoch [190/200], Average Loss: 0.090759
  Diagnostics: H_ent_norm=0.4801, H_maxp=0.5586, pi_ent_norm=0.6879, pi_std=0.087413, effC=9.97, Lvar=0.000000, Lvar_active=0.0000, scale/adh_std=1
Epoch [200/200], Average Loss: 0.083482
  Diagnostics: H_ent_norm=0.4925, H_maxp=0.5429, pi_ent_norm=0.6915, pi_std=0.087410, effC=10.11, Lvar=0.000000, Lvar_active=0.0000, scale/adh_std=1
训练完成！实际训练 200 个epochs

--- 评估阶段 ---
  Facebook: AUROC=0.5763, AUPRC=0.0352
  cora: AUROC=0.8056, AUPRC=0.2815
  citeseer: AUROC=0.8931, AUPRC=0.3950
  ACM: AUROC=0.7709, AUPRC=0.3568
  BlogCatalog: AUROC=0.7190, AUPRC=0.3113
  weibo: AUROC=0.7500, AUPRC=0.3107
  Reddit: AUROC=0.5886, AUPRC=0.0452
  Amazon: AUROC=0.7398, AUPRC=0.1367

--- 保存模型 ---
检查点已保存到: /autodl-fs/data/recap/tuning_hyperparams/interaction_tuning/results/interaction_entropy_v1/checkpoints/comm__gain2_hard_assign/recap/trial_2/model.pt
模型已保存到: /autodl-fs/data/recap/tuning_hyperparams/interaction_tuning/results/interaction_entropy_v1/checkpoints/comm__gain2_hard_assign/recap/trial_2/model.pt

======================================================================
聚合 3 次试验的结果
======================================================================

------------------------- Facebook -------------------------
AUROC: 0.5748 ± 0.0012
AUPRC: 0.0341 ± 0.0011

------------------------- cora -------------------------
AUROC: 0.8123 ± 0.0051
AUPRC: 0.3056 ± 0.0188

------------------------- citeseer -------------------------
AUROC: 0.8910 ± 0.0030
AUPRC: 0.3635 ± 0.0238

------------------------- ACM -------------------------
AUROC: 0.7763 ± 0.0048
AUPRC: 0.3592 ± 0.0019

------------------------- BlogCatalog -------------------------
AUROC: 0.7262 ± 0.0057
AUPRC: 0.3161 ± 0.0043

------------------------- weibo -------------------------
AUROC: 0.7492 ± 0.0241
AUPRC: 0.3190 ± 0.0063

------------------------- Reddit -------------------------
AUROC: 0.5812 ± 0.0062
AUPRC: 0.0455 ± 0.0005

------------------------- Amazon -------------------------
AUROC: 0.7396 ± 0.0087
AUPRC: 0.1368 ± 0.0032


======================================================================
训练完成！
所有模型已保存到: /autodl-fs/data/recap/tuning_hyperparams/interaction_tuning/results/interaction_entropy_v1/checkpoints/comm__gain2_hard_assign/recap/
======================================================================

