/root/miniconda3/lib/python3.12/site-packages/torch_geometric/__init__.py:4: UserWarning: An issue occurred while importing 'torch-scatter'. Disabling its usage. Stacktrace: Could not load this library: /root/miniconda3/lib/python3.12/site-packages/torch_scatter/_version_cuda.so
  import torch_geometric.typing
/root/miniconda3/lib/python3.12/site-packages/torch_geometric/__init__.py:4: UserWarning: An issue occurred while importing 'torch-cluster'. Disabling its usage. Stacktrace: Could not load this library: /root/miniconda3/lib/python3.12/site-packages/torch_cluster/_version_cuda.so
  import torch_geometric.typing
/root/miniconda3/lib/python3.12/site-packages/torch_geometric/__init__.py:4: UserWarning: An issue occurred while importing 'torch-spline-conv'. Disabling its usage. Stacktrace: Could not load this library: /root/miniconda3/lib/python3.12/site-packages/torch_spline_conv/_version_cuda.so
  import torch_geometric.typing
/root/miniconda3/lib/python3.12/site-packages/torch_geometric/__init__.py:4: UserWarning: An issue occurred while importing 'torch-sparse'. Disabling its usage. Stacktrace: Could not load this library: /root/miniconda3/lib/python3.12/site-packages/torch_sparse/_version_cuda.so
  import torch_geometric.typing
使用保存的最佳模型配置

======================================================================
recap 异常检测模型训练
======================================================================

📋 训练配置:
  device: cuda:0
  epochs: 200
  trials: 3
  seed: 0
  output_dir: /autodl-fs/data/recap/tuning_hyperparams/interaction_tuning/results/interaction_entropy_v1/checkpoints/ctrl__lE0p05
  save_checkpoint: True
  early_stop: False
  patience: 30
  log_diagnostics: True
  diagnostics_interval: 10

🔧 模型配置:
  model: recap
  lr: 5e-05
  dropout_rate: 0.2
  h_feats: 256
  num_hops: 4
  weight_decay: 5e-05
  dims: 32
  num_layers: 2
  activation: ELU
  num_views: 1
  num_clusters: 28
  knn_k: 20
  cluster_lr_multiplier: 10.0
  tau_s: 0.05
  tau_c: 0.3
  cluster_init_gain: 2.0
  sim_block_size: 256
  knn_cache_enabled: True
  knn_cache_dir: /autodl-fs/data/recap/knn_cache
  knn_search_dtype: auto
  lambda_H: 0.35
  lambda_bal: 0.0
  lambda_E: 0.05
  lambda_usage_entropy: 0.5
  assignment_entropy_lower: 0.45
  assignment_entropy_upper: 0.85
  usage_entropy_lower: 0.65
  usage_entropy_upper: 0.9
  gamma: 0.1
  tau_e: 1.0
  beta: 0.02
  eps: 1e-08
  lambda_ortho: 0.35
  lambda_min_usage: 0.0
  lambda_diversity: 0.05
  min_cluster_ratio: 0.1

💾 保存设置:
  保存目录：/autodl-fs/data/recap/tuning_hyperparams/interaction_tuning/results/interaction_entropy_v1/checkpoints/ctrl__lE0p05
  保存检查点：True
======================================================================


📊 使用指定的训练数据集: ['pubmed', 'Flickr', 'questions', 'YelpChi']

📊 使用指定的测试数据集: ['Facebook', 'cora', 'citeseer', 'ACM', 'BlogCatalog', 'weibo', 'Reddit', 'Amazon']
加载 4 个训练数据集: ['pubmed', 'Flickr', 'questions', 'YelpChi']
加载 8 个测试数据集: ['Facebook', 'cora', 'citeseer', 'ACM', 'BlogCatalog', 'weibo', 'Reddit', 'Amazon']
进行 4 跳特征传播...

======================================================================
Trial 0 开始训练 (seed=0)
======================================================================
🔧 模型初始化视图数: 1 (单视图模式)

--- 训练阶段 ---
开始训练，共 200 个epochs...
关闭early stopping，训练将跑满设定epochs
🔧 Assignment layer LR multiplier: 10 (base_lr=5e-05, assignment_lr=0.0005)
Epoch [1/200], Average Loss: 0.633948
  Diagnostics: H_ent_norm=0.7640, H_maxp=0.2673, pi_ent_norm=0.9869, pi_std=0.010177, effC=26.81, Lvar=0.000000, Lvar_active=0.0000, scale/adh_std=1
Epoch [10/200], Average Loss: 0.397545
  Diagnostics: H_ent_norm=0.5987, H_maxp=0.4544, pi_ent_norm=0.8762, pi_std=0.036876, effC=19.13, Lvar=0.000000, Lvar_active=0.0000, scale/adh_std=1
Epoch [20/200], Average Loss: 0.330299
  Diagnostics: H_ent_norm=0.5996, H_maxp=0.4668, pi_ent_norm=0.8530, pi_std=0.041966, effC=17.86, Lvar=0.000000, Lvar_active=0.0000, scale/adh_std=1
Epoch [30/200], Average Loss: 0.295131
  Diagnostics: H_ent_norm=0.6008, H_maxp=0.4745, pi_ent_norm=0.8428, pi_std=0.044592, effC=17.25, Lvar=0.000000, Lvar_active=0.0000, scale/adh_std=1
Epoch [40/200], Average Loss: 0.253158
  Diagnostics: H_ent_norm=0.5854, H_maxp=0.4983, pi_ent_norm=0.8252, pi_std=0.050145, effC=16.08, Lvar=0.000000, Lvar_active=0.0000, scale/adh_std=1
Epoch [50/200], Average Loss: 0.221321
  Diagnostics: H_ent_norm=0.5637, H_maxp=0.5276, pi_ent_norm=0.7982, pi_std=0.058350, effC=14.48, Lvar=0.000000, Lvar_active=0.0000, scale/adh_std=1
Epoch [60/200], Average Loss: 0.197557
  Diagnostics: H_ent_norm=0.5438, H_maxp=0.5505, pi_ent_norm=0.7695, pi_std=0.066685, effC=13.04, Lvar=0.000000, Lvar_active=0.0000, scale/adh_std=1
Epoch [70/200], Average Loss: 0.170184
  Diagnostics: H_ent_norm=0.5128, H_maxp=0.5768, pi_ent_norm=0.7315, pi_std=0.076536, effC=11.52, Lvar=0.000000, Lvar_active=0.0000, scale/adh_std=1
Epoch [80/200], Average Loss: 0.152219
  Diagnostics: H_ent_norm=0.4953, H_maxp=0.5914, pi_ent_norm=0.7105, pi_std=0.080808, effC=10.78, Lvar=0.000000, Lvar_active=0.0000, scale/adh_std=1
Epoch [90/200], Average Loss: 0.141091
  Diagnostics: H_ent_norm=0.4923, H_maxp=0.5931, pi_ent_norm=0.7045, pi_std=0.082341, effC=10.56, Lvar=0.000000, Lvar_active=0.0000, scale/adh_std=1
Epoch [100/200], Average Loss: 0.133072
  Diagnostics: H_ent_norm=0.5175, H_maxp=0.5604, pi_ent_norm=0.7176, pi_std=0.082189, effC=11.07, Lvar=0.000000, Lvar_active=0.0000, scale/adh_std=1
Epoch [110/200], Average Loss: 0.121458
  Diagnostics: H_ent_norm=0.5283, H_maxp=0.5407, pi_ent_norm=0.7205, pi_std=0.083046, effC=11.18, Lvar=0.000000, Lvar_active=0.0000, scale/adh_std=1
Epoch [120/200], Average Loss: 0.112914
  Diagnostics: H_ent_norm=0.5314, H_maxp=0.5363, pi_ent_norm=0.7180, pi_std=0.084077, effC=11.08, Lvar=0.000000, Lvar_active=0.0000, scale/adh_std=1
Epoch [130/200], Average Loss: 0.106689
  Diagnostics: H_ent_norm=0.5311, H_maxp=0.5362, pi_ent_norm=0.7152, pi_std=0.084843, effC=10.96, Lvar=0.000000, Lvar_active=0.0000, scale/adh_std=1
Epoch [140/200], Average Loss: 0.100781
  Diagnostics: H_ent_norm=0.5290, H_maxp=0.5368, pi_ent_norm=0.7112, pi_std=0.085760, effC=10.82, Lvar=0.000000, Lvar_active=0.0000, scale/adh_std=1
Epoch [150/200], Average Loss: 0.096041
  Diagnostics: H_ent_norm=0.5333, H_maxp=0.5305, pi_ent_norm=0.7124, pi_std=0.085590, effC=10.85, Lvar=0.000000, Lvar_active=0.0000, scale/adh_std=1
Epoch [160/200], Average Loss: 0.091420
  Diagnostics: H_ent_norm=0.5325, H_maxp=0.5310, pi_ent_norm=0.7100, pi_std=0.086170, effC=10.77, Lvar=0.000000, Lvar_active=0.0000, scale/adh_std=1
Epoch [170/200], Average Loss: 0.087485
  Diagnostics: H_ent_norm=0.5359, H_maxp=0.5285, pi_ent_norm=0.7120, pi_std=0.085846, effC=10.82, Lvar=0.000000, Lvar_active=0.0000, scale/adh_std=1
Epoch [180/200], Average Loss: 0.084131
  Diagnostics: H_ent_norm=0.5336, H_maxp=0.5300, pi_ent_norm=0.7095, pi_std=0.086392, effC=10.74, Lvar=0.000000, Lvar_active=0.0000, scale/adh_std=1
Epoch [190/200], Average Loss: 0.081599
  Diagnostics: H_ent_norm=0.5332, H_maxp=0.5302, pi_ent_norm=0.7085, pi_std=0.086603, effC=10.71, Lvar=0.000000, Lvar_active=0.0000, scale/adh_std=1
Epoch [200/200], Average Loss: 0.078555
  Diagnostics: H_ent_norm=0.5348, H_maxp=0.5284, pi_ent_norm=0.7088, pi_std=0.086657, effC=10.72, Lvar=0.000000, Lvar_active=0.0000, scale/adh_std=1
训练完成！实际训练 200 个epochs

--- 评估阶段 ---
  Facebook: AUROC=0.5822, AUPRC=0.0335
  cora: AUROC=0.8098, AUPRC=0.3281
  citeseer: AUROC=0.8881, AUPRC=0.3304
  ACM: AUROC=0.7808, AUPRC=0.3605
  BlogCatalog: AUROC=0.7321, AUPRC=0.3197
  weibo: AUROC=0.7122, AUPRC=0.3231
  Reddit: AUROC=0.5832, AUPRC=0.0463
  Amazon: AUROC=0.7403, AUPRC=0.1358

--- 保存模型 ---
检查点已保存到: /autodl-fs/data/recap/tuning_hyperparams/interaction_tuning/results/interaction_entropy_v1/checkpoints/ctrl__lE0p05/recap/trial_0/model.pt
模型已保存到: /autodl-fs/data/recap/tuning_hyperparams/interaction_tuning/results/interaction_entropy_v1/checkpoints/ctrl__lE0p05/recap/trial_0/model.pt

======================================================================
Trial 1 开始训练 (seed=1)
======================================================================
🔧 模型初始化视图数: 1 (单视图模式)

--- 训练阶段 ---
开始训练，共 200 个epochs...
关闭early stopping，训练将跑满设定epochs
🔧 Assignment layer LR multiplier: 10 (base_lr=5e-05, assignment_lr=0.0005)
Epoch [1/200], Average Loss: 0.639395
  Diagnostics: H_ent_norm=0.7630, H_maxp=0.2632, pi_ent_norm=0.9927, pi_std=0.007425, effC=27.33, Lvar=0.000001, Lvar_active=0.0002, scale/adh_std=1
Epoch [10/200], Average Loss: 0.443490
  Diagnostics: H_ent_norm=0.6351, H_maxp=0.4031, pi_ent_norm=0.9349, pi_std=0.023340, effC=22.76, Lvar=0.000001, Lvar_active=0.0002, scale/adh_std=1
Epoch [20/200], Average Loss: 0.368857
  Diagnostics: H_ent_norm=0.6021, H_maxp=0.4468, pi_ent_norm=0.8980, pi_std=0.032351, effC=20.34, Lvar=0.000001, Lvar_active=0.0002, scale/adh_std=1
Epoch [30/200], Average Loss: 0.309675
  Diagnostics: H_ent_norm=0.6043, H_maxp=0.4570, pi_ent_norm=0.8758, pi_std=0.040751, effC=18.89, Lvar=0.000002, Lvar_active=0.0002, scale/adh_std=1
Epoch [40/200], Average Loss: 0.239288
  Diagnostics: H_ent_norm=0.5823, H_maxp=0.4982, pi_ent_norm=0.8228, pi_std=0.055819, effC=15.71, Lvar=0.000002, Lvar_active=0.0002, scale/adh_std=1
Epoch [50/200], Average Loss: 0.202217
  Diagnostics: H_ent_norm=0.5548, H_maxp=0.5324, pi_ent_norm=0.7810, pi_std=0.066286, effC=13.56, Lvar=0.000003, Lvar_active=0.0002, scale/adh_std=1
Epoch [60/200], Average Loss: 0.174329
  Diagnostics: H_ent_norm=0.5233, H_maxp=0.5589, pi_ent_norm=0.7437, pi_std=0.075359, effC=12.10, Lvar=0.000003, Lvar_active=0.0002, scale/adh_std=1
Epoch [70/200], Average Loss: 0.158736
  Diagnostics: H_ent_norm=0.5087, H_maxp=0.5711, pi_ent_norm=0.7274, pi_std=0.078959, effC=11.51, Lvar=0.000003, Lvar_active=0.0002, scale/adh_std=1
Epoch [80/200], Average Loss: 0.148185
  Diagnostics: H_ent_norm=0.5045, H_maxp=0.5741, pi_ent_norm=0.7215, pi_std=0.080391, effC=11.28, Lvar=0.000003, Lvar_active=0.0002, scale/adh_std=1
Epoch [90/200], Average Loss: 0.139831
  Diagnostics: H_ent_norm=0.5109, H_maxp=0.5648, pi_ent_norm=0.7232, pi_std=0.080892, effC=11.33, Lvar=0.000003, Lvar_active=0.0002, scale/adh_std=1
Epoch [100/200], Average Loss: 0.130430
  Diagnostics: H_ent_norm=0.5165, H_maxp=0.5563, pi_ent_norm=0.7235, pi_std=0.081669, effC=11.32, Lvar=0.000004, Lvar_active=0.0002, scale/adh_std=1
Epoch [110/200], Average Loss: 0.123071
  Diagnostics: H_ent_norm=0.5163, H_maxp=0.5536, pi_ent_norm=0.7183, pi_std=0.083412, effC=11.14, Lvar=0.000004, Lvar_active=0.0002, scale/adh_std=1
Epoch [120/200], Average Loss: 0.115376
  Diagnostics: H_ent_norm=0.5201, H_maxp=0.5508, pi_ent_norm=0.7181, pi_std=0.083768, effC=11.10, Lvar=0.000004, Lvar_active=0.0002, scale/adh_std=1
Epoch [130/200], Average Loss: 0.111561
  Diagnostics: H_ent_norm=0.5159, H_maxp=0.5535, pi_ent_norm=0.7133, pi_std=0.084807, effC=10.94, Lvar=0.000004, Lvar_active=0.0002, scale/adh_std=1
Epoch [140/200], Average Loss: 0.105229
  Diagnostics: H_ent_norm=0.5187, H_maxp=0.5511, pi_ent_norm=0.7146, pi_std=0.084638, effC=10.97, Lvar=0.000004, Lvar_active=0.0002, scale/adh_std=1
Epoch [150/200], Average Loss: 0.101308
  Diagnostics: H_ent_norm=0.5201, H_maxp=0.5497, pi_ent_norm=0.7146, pi_std=0.084735, effC=10.95, Lvar=0.000004, Lvar_active=0.0002, scale/adh_std=1
Epoch [160/200], Average Loss: 0.097750
  Diagnostics: H_ent_norm=0.5188, H_maxp=0.5505, pi_ent_norm=0.7126, pi_std=0.085194, effC=10.88, Lvar=0.000004, Lvar_active=0.0002, scale/adh_std=1
Epoch [170/200], Average Loss: 0.094479
  Diagnostics: H_ent_norm=0.5206, H_maxp=0.5493, pi_ent_norm=0.7136, pi_std=0.085032, effC=10.91, Lvar=0.000004, Lvar_active=0.0002, scale/adh_std=1
Epoch [180/200], Average Loss: 0.090812
  Diagnostics: H_ent_norm=0.5199, H_maxp=0.5492, pi_ent_norm=0.7121, pi_std=0.085357, effC=10.86, Lvar=0.000004, Lvar_active=0.0002, scale/adh_std=1
Epoch [190/200], Average Loss: 0.088129
  Diagnostics: H_ent_norm=0.5186, H_maxp=0.5500, pi_ent_norm=0.7093, pi_std=0.086051, effC=10.78, Lvar=0.000004, Lvar_active=0.0002, scale/adh_std=1
Epoch [200/200], Average Loss: 0.085476
  Diagnostics: H_ent_norm=0.5226, H_maxp=0.5453, pi_ent_norm=0.7106, pi_std=0.085900, effC=10.81, Lvar=0.000004, Lvar_active=0.0002, scale/adh_std=1
训练完成！实际训练 200 个epochs

--- 评估阶段 ---
  Facebook: AUROC=0.5711, AUPRC=0.0347
  cora: AUROC=0.8206, AUPRC=0.3174
  citeseer: AUROC=0.8797, AUPRC=0.3444
  ACM: AUROC=0.7778, AUPRC=0.3607
  BlogCatalog: AUROC=0.7251, AUPRC=0.3134
  weibo: AUROC=0.7047, AUPRC=0.3129
  Reddit: AUROC=0.5747, AUPRC=0.0453
  Amazon: AUROC=0.7420, AUPRC=0.1396

--- 保存模型 ---
检查点已保存到: /autodl-fs/data/recap/tuning_hyperparams/interaction_tuning/results/interaction_entropy_v1/checkpoints/ctrl__lE0p05/recap/trial_1/model.pt
模型已保存到: /autodl-fs/data/recap/tuning_hyperparams/interaction_tuning/results/interaction_entropy_v1/checkpoints/ctrl__lE0p05/recap/trial_1/model.pt

======================================================================
Trial 2 开始训练 (seed=2)
======================================================================
🔧 模型初始化视图数: 1 (单视图模式)

--- 训练阶段 ---
开始训练，共 200 个epochs...
关闭early stopping，训练将跑满设定epochs
🔧 Assignment layer LR multiplier: 10 (base_lr=5e-05, assignment_lr=0.0005)
Epoch [1/200], Average Loss: 0.628406
  Diagnostics: H_ent_norm=0.7699, H_maxp=0.2615, pi_ent_norm=0.9880, pi_std=0.009556, effC=26.91, Lvar=0.000000, Lvar_active=0.0000, scale/adh_std=1
Epoch [10/200], Average Loss: 0.426922
  Diagnostics: H_ent_norm=0.6190, H_maxp=0.4205, pi_ent_norm=0.9152, pi_std=0.027106, effC=21.44, Lvar=0.000000, Lvar_active=0.0000, scale/adh_std=1
Epoch [20/200], Average Loss: 0.368305
  Diagnostics: H_ent_norm=0.6137, H_maxp=0.4354, pi_ent_norm=0.9006, pi_std=0.031607, effC=20.50, Lvar=0.000000, Lvar_active=0.0000, scale/adh_std=1
Epoch [30/200], Average Loss: 0.327499
  Diagnostics: H_ent_norm=0.6228, H_maxp=0.4347, pi_ent_norm=0.8980, pi_std=0.033155, effC=20.30, Lvar=0.000000, Lvar_active=0.0000, scale/adh_std=1
Epoch [40/200], Average Loss: 0.296745
  Diagnostics: H_ent_norm=0.6148, H_maxp=0.4504, pi_ent_norm=0.8847, pi_std=0.037147, effC=19.45, Lvar=0.000000, Lvar_active=0.0000, scale/adh_std=1
Epoch [50/200], Average Loss: 0.256301
  Diagnostics: H_ent_norm=0.5948, H_maxp=0.4826, pi_ent_norm=0.8557, pi_std=0.047389, effC=17.51, Lvar=0.000000, Lvar_active=0.0000, scale/adh_std=1
Epoch [60/200], Average Loss: 0.210043
  Diagnostics: H_ent_norm=0.5528, H_maxp=0.5306, pi_ent_norm=0.7978, pi_std=0.063125, effC=14.29, Lvar=0.000000, Lvar_active=0.0000, scale/adh_std=1
Epoch [70/200], Average Loss: 0.176345
  Diagnostics: H_ent_norm=0.5213, H_maxp=0.5561, pi_ent_norm=0.7488, pi_std=0.074888, effC=12.19, Lvar=0.000000, Lvar_active=0.0000, scale/adh_std=1
Epoch [80/200], Average Loss: 0.152779
  Diagnostics: H_ent_norm=0.5177, H_maxp=0.5520, pi_ent_norm=0.7312, pi_std=0.079584, effC=11.58, Lvar=0.000000, Lvar_active=0.0000, scale/adh_std=1
Epoch [90/200], Average Loss: 0.139844
  Diagnostics: H_ent_norm=0.5133, H_maxp=0.5543, pi_ent_norm=0.7228, pi_std=0.081741, effC=11.26, Lvar=0.000000, Lvar_active=0.0000, scale/adh_std=1
Epoch [100/200], Average Loss: 0.129092
  Diagnostics: H_ent_norm=0.5131, H_maxp=0.5528, pi_ent_norm=0.7185, pi_std=0.083008, effC=11.08, Lvar=0.000000, Lvar_active=0.0000, scale/adh_std=1
Epoch [110/200], Average Loss: 0.120385
  Diagnostics: H_ent_norm=0.5107, H_maxp=0.5529, pi_ent_norm=0.7119, pi_std=0.084624, effC=10.85, Lvar=0.000000, Lvar_active=0.0000, scale/adh_std=1
Epoch [120/200], Average Loss: 0.112691
  Diagnostics: H_ent_norm=0.5097, H_maxp=0.5524, pi_ent_norm=0.7074, pi_std=0.085754, effC=10.69, Lvar=0.000000, Lvar_active=0.0000, scale/adh_std=1
Epoch [130/200], Average Loss: 0.107085
  Diagnostics: H_ent_norm=0.5198, H_maxp=0.5430, pi_ent_norm=0.7122, pi_std=0.085097, effC=10.84, Lvar=0.000000, Lvar_active=0.0000, scale/adh_std=1
Epoch [140/200], Average Loss: 0.101334
  Diagnostics: H_ent_norm=0.5193, H_maxp=0.5405, pi_ent_norm=0.7092, pi_std=0.085945, effC=10.74, Lvar=0.000000, Lvar_active=0.0000, scale/adh_std=1
Epoch [150/200], Average Loss: 0.095263
  Diagnostics: H_ent_norm=0.5189, H_maxp=0.5388, pi_ent_norm=0.7079, pi_std=0.086201, effC=10.69, Lvar=0.000000, Lvar_active=0.0000, scale/adh_std=1
Epoch [160/200], Average Loss: 0.090422
  Diagnostics: H_ent_norm=0.5167, H_maxp=0.5406, pi_ent_norm=0.7059, pi_std=0.086661, effC=10.62, Lvar=0.000000, Lvar_active=0.0000, scale/adh_std=1
Epoch [170/200], Average Loss: 0.088071
  Diagnostics: H_ent_norm=0.5160, H_maxp=0.5407, pi_ent_norm=0.7055, pi_std=0.086742, effC=10.61, Lvar=0.000000, Lvar_active=0.0000, scale/adh_std=1
Epoch [180/200], Average Loss: 0.083606
  Diagnostics: H_ent_norm=0.5132, H_maxp=0.5420, pi_ent_norm=0.7026, pi_std=0.087289, effC=10.51, Lvar=0.000000, Lvar_active=0.0000, scale/adh_std=1
Epoch [190/200], Average Loss: 0.081446
  Diagnostics: H_ent_norm=0.5134, H_maxp=0.5414, pi_ent_norm=0.7026, pi_std=0.087305, effC=10.51, Lvar=0.000000, Lvar_active=0.0000, scale/adh_std=1
Epoch [200/200], Average Loss: 0.078428
  Diagnostics: H_ent_norm=0.5138, H_maxp=0.5404, pi_ent_norm=0.7028, pi_std=0.087243, effC=10.52, Lvar=0.000000, Lvar_active=0.0000, scale/adh_std=1
训练完成！实际训练 200 个epochs

--- 评估阶段 ---
  Facebook: AUROC=0.5698, AUPRC=0.0368
  cora: AUROC=0.8020, AUPRC=0.2728
  citeseer: AUROC=0.8932, AUPRC=0.3975
  ACM: AUROC=0.7695, AUPRC=0.3560
  BlogCatalog: AUROC=0.7089, AUPRC=0.3074
  weibo: AUROC=0.7291, AUPRC=0.3087
  Reddit: AUROC=0.5913, AUPRC=0.0453
  Amazon: AUROC=0.7293, AUPRC=0.1325

--- 保存模型 ---
检查点已保存到: /autodl-fs/data/recap/tuning_hyperparams/interaction_tuning/results/interaction_entropy_v1/checkpoints/ctrl__lE0p05/recap/trial_2/model.pt
模型已保存到: /autodl-fs/data/recap/tuning_hyperparams/interaction_tuning/results/interaction_entropy_v1/checkpoints/ctrl__lE0p05/recap/trial_2/model.pt

======================================================================
聚合 3 次试验的结果
======================================================================

------------------------- Facebook -------------------------
AUROC: 0.5744 ± 0.0055
AUPRC: 0.0350 ± 0.0014

------------------------- cora -------------------------
AUROC: 0.8108 ± 0.0076
AUPRC: 0.3061 ± 0.0239

------------------------- citeseer -------------------------
AUROC: 0.8870 ± 0.0056
AUPRC: 0.3574 ± 0.0289

------------------------- ACM -------------------------
AUROC: 0.7760 ± 0.0048
AUPRC: 0.3591 ± 0.0022

------------------------- BlogCatalog -------------------------
AUROC: 0.7220 ± 0.0097
AUPRC: 0.3135 ± 0.0050

------------------------- weibo -------------------------
AUROC: 0.7154 ± 0.0102
AUPRC: 0.3149 ± 0.0060

------------------------- Reddit -------------------------
AUROC: 0.5831 ± 0.0068
AUPRC: 0.0456 ± 0.0005

------------------------- Amazon -------------------------
AUROC: 0.7372 ± 0.0056
AUPRC: 0.1359 ± 0.0029


======================================================================
训练完成！
所有模型已保存到: /autodl-fs/data/recap/tuning_hyperparams/interaction_tuning/results/interaction_entropy_v1/checkpoints/ctrl__lE0p05/recap/
======================================================================

